Starting SimultaneousPodIPControllerstarted: (0/1/1) "[Serial] [sig-auth][Feature:OAuthServer] [RequestHeaders] [IdP] test RequestHeaders IdP [Suite:openshift/conformance/serial]"

May 25 17:22:32.316: INFO: #### replacing uid/3e35f847-3337-4a20-9a68-71a24c9ad731 pod/console-8659799f66-4f7jr ns/openshift-console resourceVersion/%!v(MISSING)

May 25 17:22:32.316: INFO: #### replacing uid/2cb74acc-8464-4159-9e94-0071fa2574a4 pod/kube-apiserver-ip-10-0-194-125.eu-central-1.compute.internal ns/openshift-kube-apiserver resourceVersion/%!v(MISSING)

May 25 17:22:32.317: INFO: #### replacing uid/4fe3818a-d8ae-48d1-8556-0b27bcbe6bfb pod/node-resolver-6gnnm ns/openshift-dns resourceVersion/%!v(MISSING)

May 25 17:22:32.317: INFO: #### replacing uid/a6d5cfaa-8cf2-4d11-bf33-7ae53a8580c0 pod/image-registry-858f6d8c78-4ldvc ns/openshift-image-registry resourceVersion/%!v(MISSING)

May 25 17:22:32.317: INFO: #### replacing uid/17184c47-3480-4b70-8ef9-66ddbb23f60f pod/revision-pruner-10-ip-10-0-136-137.eu-central-1.compute.internal ns/openshift-kube-apiserver resourceVersion/%!v(MISSING)

May 25 17:22:32.317: INFO: #### replacing uid/3805d385-8803-428e-b8d2-43a12d75a533 pod/csi-snapshot-controller-operator-7cf88dff6c-jmjcm ns/openshift-cluster-storage-operator resourceVersion/%!v(MISSING)

May 25 17:22:32.317: INFO: #### replacing uid/ad1e6e47-9978-4be2-acc9-7464aa220921 pod/installer-3-ip-10-0-194-125.eu-central-1.compute.internal ns/openshift-etcd resourceVersion/%!v(MISSING)

May 25 17:22:32.317: INFO: #### replacing uid/39aa99ac-bff6-4e91-a0c1-b0c9eb9d65ff pod/insights-operator-7d4bd6d7f8-jdmdx ns/openshift-insights resourceVersion/%!v(MISSING)

May 25 17:22:32.317: INFO: #### replacing uid/5330878f-6104-4e7d-aca7-2c912f46f184 pod/revision-pruner-12-ip-10-0-194-125.eu-central-1.compute.internal ns/openshift-kube-apiserver resourceVersion/%!v(MISSING)

May 25 17:22:32.317: INFO: #### replacing uid/4d9ae618-77c7-41a4-84d0-5415c906c089 pod/prometheus-adapter-84d8b54d77-85968 ns/openshift-monitoring resourceVersion/%!v(MISSING)

May 25 17:22:32.317: INFO: #### replacing uid/12427cd9-3735-48da-863d-feb97c706dd8 pod/dns-default-ntvrf ns/openshift-dns resourceVersion/%!v(MISSING)

May 25 17:22:32.317: INFO: #### replacing uid/4b6b9e0f-b2e8-48fb-8110-b58f9ed79be1 pod/installer-10-ip-10-0-174-32.eu-central-1.compute.internal ns/openshift-kube-apiserver resourceVersion/%!v(MISSING)

May 25 17:22:32.317: INFO: #### replacing uid/bb6d9c2b-d306-4983-aba9-1b904242f59c pod/revision-pruner-12-ip-10-0-136-137.eu-central-1.compute.internal ns/openshift-kube-apiserver resourceVersion/%!v(MISSING)

May 25 17:22:32.317: INFO: #### replacing uid/782e46a3-0cf6-4c9a-a170-853ff604cb87 pod/multus-skf9q ns/openshift-multus resourceVersion/%!v(MISSING)

May 25 17:22:32.317: INFO: #### replacing uid/e0507523-fd0e-4037-a09e-aa59a12c3c1a pod/network-metrics-daemon-g7fn6 ns/openshift-multus resourceVersion/%!v(MISSING)

May 25 17:22:32.317: INFO: #### replacing uid/3a8a3381-5768-4b2c-8aa3-07bcc864d202 pod/apiserver-68bb6bf5d-96gk4 ns/openshift-apiserver resourceVersion/%!v(MISSING)

May 25 17:22:32.317: INFO: #### replacing uid/7294b293-1b11-4680-81e2-3447022d9c63 pod/kube-apiserver-guard-ip-10-0-136-137.eu-central-1.compute.internal ns/openshift-kube-apiserver resourceVersion/%!v(MISSING)

May 25 17:22:32.317: INFO: #### replacing uid/d6caef07-56ff-4cee-a61f-195f6c76c221 pod/network-check-target-f78jv ns/openshift-network-diagnostics resourceVersion/%!v(MISSING)

May 25 17:22:32.317: INFO: #### replacing uid/8f34bd54-1aa5-42f6-b6c0-4815e1bd62ae pod/pod-identity-webhook-78c957cd9-nrtjz ns/openshift-cloud-credential-operator resourceVersion/%!v(MISSING)

May 25 17:22:32.317: INFO: #### replacing uid/228a12ea-e18b-4d8c-af1d-d96686a87a2d pod/tuned-pql8w ns/openshift-cluster-node-tuning-operator resourceVersion/%!v(MISSING)

May 25 17:22:32.317: INFO: #### replacing uid/77fa21f5-643b-4116-aee1-104072db91e8 pod/node-resolver-slh2n ns/openshift-dns resourceVersion/%!v(MISSING)

May 25 17:22:32.317: INFO: #### replacing uid/a3c1dcdb-2fa9-4b32-bf88-549d190354c6 pod/kube-controller-manager-guard-ip-10-0-174-32.eu-central-1.compute.internal ns/openshift-kube-controller-manager resourceVersion/%!v(MISSING)

May 25 17:22:32.317: INFO: #### replacing uid/9b0b7c7b-9622-4b8c-9438-c48d001b3c2a pod/node-exporter-k472j ns/openshift-monitoring resourceVersion/%!v(MISSING)

May 25 17:22:32.317: INFO: #### replacing uid/f4d4ea2d-0179-482c-a7bd-cc5927a562c4 pod/sdn-tnj2l ns/openshift-sdn resourceVersion/%!v(MISSING)

May 25 17:22:32.317: INFO: #### replacing uid/cb2c2c9a-8749-4901-a962-baf6fb3a2896 pod/marketplace-operator-67dbd44ff-9rsxr ns/openshift-marketplace resourceVersion/%!v(MISSING)

May 25 17:22:32.317: INFO: #### replacing uid/ca760cf6-155a-44bb-b84e-6a702f7240e1 pod/prometheus-operator-9b6df5f-flbtf ns/openshift-monitoring resourceVersion/%!v(MISSING)

May 25 17:22:32.317: INFO: #### replacing uid/54a2abfe-aba3-45f2-9a31-b2cdf072dc12 pod/cloud-credential-operator-7fd64bcb56-cvdzm ns/openshift-cloud-credential-operator resourceVersion/%!v(MISSING)

May 25 17:22:32.317: INFO: #### replacing uid/a8bb34ce-6a0d-4a24-8c16-9b7d2507c377 pod/downloads-5f948684f-h7ss7 ns/openshift-console resourceVersion/%!v(MISSING)

May 25 17:22:32.317: INFO: #### replacing uid/d514c8b4-ea3c-410a-9ac9-b495fca9502e pod/dns-operator-7c5c7699f7-h7dtj ns/openshift-dns-operator resourceVersion/%!v(MISSING)

May 25 17:22:32.317: INFO: #### replacing uid/6b20a52a-24bd-4335-8b72-b3b0dfd1567d pod/revision-pruner-6-ip-10-0-194-125.eu-central-1.compute.internal ns/openshift-kube-scheduler resourceVersion/%!v(MISSING)

May 25 17:22:32.317: INFO: #### replacing uid/0ead3ee0-9744-4db4-b1a3-411483f35a9b pod/csi-snapshot-webhook-847bd94699-6rwh2 ns/openshift-cluster-storage-operator resourceVersion/%!v(MISSING)

May 25 17:22:32.317: INFO: #### replacing uid/8801de45-e70d-4fec-bbef-436df967a55c pod/cluster-image-registry-operator-66cb4557c5-dflq4 ns/openshift-image-registry resourceVersion/%!v(MISSING)

May 25 17:22:32.317: INFO: #### replacing uid/6af09367-97ea-47f7-9632-3f44ac23a078 pod/openshift-kube-scheduler-operator-7fd8dd7bb4-kqxr8 ns/openshift-kube-scheduler-operator resourceVersion/%!v(MISSING)

May 25 17:22:32.317: INFO: #### replacing uid/2809f483-fcc3-49f4-97f5-17de9733d623 pod/certified-operators-hzbwn ns/openshift-marketplace resourceVersion/%!v(MISSING)

May 25 17:22:32.317: INFO: #### replacing uid/dd06037b-18c5-45e6-9a13-7ea3aefe3787 pod/alertmanager-main-1 ns/openshift-monitoring resourceVersion/%!v(MISSING)

May 25 17:22:32.317: INFO: #### replacing uid/1028ea85-61ba-4753-b64a-fe037860f051 pod/multus-lz6qc ns/openshift-multus resourceVersion/%!v(MISSING)

May 25 17:22:32.317: INFO: #### replacing uid/19aebab6-5f89-4162-b5ec-969f3ac46af4 pod/collect-profiles-27558180-vj5gq ns/openshift-operator-lifecycle-manager resourceVersion/%!v(MISSING)

May 25 17:22:32.317: INFO: #### replacing uid/2c82b414-adee-4349-8eb7-792561495cbf pod/aws-ebs-csi-driver-node-jcfmh ns/openshift-cluster-csi-drivers resourceVersion/%!v(MISSING)

May 25 17:22:32.317: INFO: #### replacing uid/7965a56a-68c5-4a04-b23e-3904c3ed5ebc pod/cluster-samples-operator-78d4456668-45nqx ns/openshift-cluster-samples-operator resourceVersion/%!v(MISSING)

May 25 17:22:32.317: INFO: #### replacing uid/30afe82d-d58e-4d48-959d-201db141b47a pod/kube-apiserver-ip-10-0-174-32.eu-central-1.compute.internal ns/openshift-kube-apiserver resourceVersion/%!v(MISSING)

May 25 17:22:32.317: INFO: #### replacing uid/bb5f189a-958b-49c0-b877-74fc0444f195 pod/openshift-kube-scheduler-ip-10-0-136-137.eu-central-1.compute.internal ns/openshift-kube-scheduler resourceVersion/%!v(MISSING)

May 25 17:22:32.317: INFO: #### replacing uid/4deae21c-3479-4fe3-9f77-3838dd406b3d pod/cluster-monitoring-operator-857764879-x7xrs ns/openshift-monitoring resourceVersion/%!v(MISSING)

May 25 17:22:32.317: INFO: #### replacing uid/9223fb9c-1e3b-43ee-b871-94272f057cb6 pod/network-metrics-daemon-pp7qb ns/openshift-multus resourceVersion/%!v(MISSING)

May 25 17:22:32.317: INFO: #### replacing uid/42b79431-e4a7-4ac7-ba3f-08f7ca95256c pod/controller-manager-dldpv ns/openshift-controller-manager resourceVersion/%!v(MISSING)

May 25 17:22:32.317: INFO: #### replacing uid/864f6c77-ad69-4d9b-91a8-8bde7b146df6 pod/router-default-6f6fcdcfbf-f7rjg ns/openshift-ingress resourceVersion/%!v(MISSING)

May 25 17:22:32.317: INFO: #### replacing uid/67ee92cd-c558-4032-89d1-29b66d664d61 pod/revision-pruner-12-ip-10-0-174-32.eu-central-1.compute.internal ns/openshift-kube-apiserver resourceVersion/%!v(MISSING)

May 25 17:22:32.317: INFO: #### replacing uid/31d65485-a318-40d8-95b3-1b16b3610d26 pod/multus-n59gm ns/openshift-multus resourceVersion/%!v(MISSING)

May 25 17:22:32.317: INFO: #### replacing uid/1ee791e1-9b9d-428a-8331-cefebf46b2b2 pod/sdn-controller-jwqs9 ns/openshift-sdn resourceVersion/%!v(MISSING)

May 25 17:22:32.317: INFO: #### replacing uid/efb1ea98-f145-467a-b2ee-9c9815a01f00 pod/tuned-kj4vz ns/openshift-cluster-node-tuning-operator resourceVersion/%!v(MISSING)

May 25 17:22:32.317: INFO: #### replacing uid/51343b05-a7ce-440b-9093-a407692f3133 pod/revision-pruner-6-ip-10-0-174-32.eu-central-1.compute.internal ns/openshift-etcd resourceVersion/%!v(MISSING)

May 25 17:22:32.317: INFO: #### replacing uid/47c07217-3277-458d-adf8-7fdb480d624c pod/revision-pruner-13-ip-10-0-194-125.eu-central-1.compute.internal ns/openshift-kube-apiserver resourceVersion/%!v(MISSING)

May 25 17:22:32.317: INFO: #### replacing uid/d8b68cc3-ca53-4df2-ae76-60af42c8acac pod/catalog-operator-686dd89d4b-4b5jx ns/openshift-operator-lifecycle-manager resourceVersion/%!v(MISSING)

May 25 17:22:32.317: INFO: #### replacing uid/816b7a38-f99b-409c-ae02-8d42b7c4c359 pod/installer-5-ip-10-0-194-125.eu-central-1.compute.internal ns/openshift-kube-controller-manager resourceVersion/%!v(MISSING)

May 25 17:22:32.317: INFO: #### replacing uid/a4ac3da1-06de-4361-b6c2-b24db05b5471 pod/multus-nhsm9 ns/openshift-multus resourceVersion/%!v(MISSING)

May 25 17:22:32.317: INFO: #### replacing uid/9ba3800c-c001-44ff-b6f4-c0d77e8add1e pod/installer-5-ip-10-0-136-137.eu-central-1.compute.internal ns/openshift-etcd resourceVersion/%!v(MISSING)

May 25 17:22:32.317: INFO: #### replacing uid/30564b62-6879-4e20-96d5-de2e0901325f pod/installer-6-ip-10-0-194-125.eu-central-1.compute.internal ns/openshift-etcd resourceVersion/%!v(MISSING)

May 25 17:22:32.317: INFO: #### replacing uid/bfc13943-0512-49b2-a365-5d443fe5e990 pod/csi-snapshot-webhook-847bd94699-78jgl ns/openshift-cluster-storage-operator resourceVersion/%!v(MISSING)

May 25 17:22:32.317: INFO: #### replacing uid/2e637864-8ab3-46c0-9227-66784ab329a8 pod/dns-default-bwppd ns/openshift-dns resourceVersion/%!v(MISSING)

May 25 17:22:32.317: INFO: #### replacing uid/0deb1653-7159-4084-a2e0-4ffdec8a3633 pod/machine-config-daemon-k65bl ns/openshift-machine-config-operator resourceVersion/%!v(MISSING)

May 25 17:22:32.317: INFO: #### replacing uid/d1c4bb12-aa84-4d8c-a17a-a66f2acc212b pod/multus-admission-controller-r92fx ns/openshift-multus resourceVersion/%!v(MISSING)

May 25 17:22:32.317: INFO: #### replacing uid/a264ba34-33f7-46db-903c-6a80d3452a0e pod/multus-h8xg4 ns/openshift-multus resourceVersion/%!v(MISSING)

May 25 17:22:32.318: INFO: #### replacing uid/09a310ed-a0c4-4381-9d5a-055aa640bef9 pod/olm-operator-5b65fd9764-f6njs ns/openshift-operator-lifecycle-manager resourceVersion/%!v(MISSING)

May 25 17:22:32.318: INFO: #### replacing uid/30cffdc2-e276-4446-88af-04c282b05a5f pod/installer-9-ip-10-0-136-137.eu-central-1.compute.internal ns/openshift-kube-apiserver resourceVersion/%!v(MISSING)

May 25 17:22:32.318: INFO: #### replacing uid/9c570afb-f725-417c-9e6b-4f6853492cfb pod/revision-pruner-9-ip-10-0-174-32.eu-central-1.compute.internal ns/openshift-kube-apiserver resourceVersion/%!v(MISSING)

May 25 17:22:32.318: INFO: #### replacing uid/6220cfc2-fb76-43c3-aff7-f1c36c8d935e pod/migrator-999c58497-h9qnp ns/openshift-kube-storage-version-migrator resourceVersion/%!v(MISSING)

May 25 17:22:32.318: INFO: #### replacing uid/7e671292-f171-4caa-bb21-633ebe7679c9 pod/network-metrics-daemon-jsfgw ns/openshift-multus resourceVersion/%!v(MISSING)

May 25 17:22:32.318: INFO: #### replacing uid/3c6f587d-392a-4ea5-82e4-1496a58fa80b pod/network-check-target-fnpnz ns/openshift-network-diagnostics resourceVersion/%!v(MISSING)

May 25 17:22:32.318: INFO: #### replacing uid/5423284b-0aef-42cf-a160-21ff3589e300 pod/aws-ebs-csi-driver-operator-6d5d78bd4c-ntp2m ns/openshift-cluster-csi-drivers resourceVersion/%!v(MISSING)

May 25 17:22:32.318: INFO: #### replacing uid/82ad5a5f-7478-4a60-9b1e-dcf0b759ca58 pod/tuned-dcbqs ns/openshift-cluster-node-tuning-operator resourceVersion/%!v(MISSING)

May 25 17:22:32.318: INFO: #### replacing uid/b7cd65fe-9f2a-4882-a509-b2c4d33f3719 pod/dns-default-fxlv9 ns/openshift-dns resourceVersion/%!v(MISSING)

May 25 17:22:32.318: INFO: #### replacing uid/0fbba3e2-33e5-404a-a18e-655583e66685 pod/node-resolver-fz57f ns/openshift-dns resourceVersion/%!v(MISSING)

May 25 17:22:32.318: INFO: #### replacing uid/bee7cb3e-00bc-4699-b08e-0f393cafdb1a pod/etcd-operator-78df884ff7-tjcbp ns/openshift-etcd-operator resourceVersion/%!v(MISSING)

May 25 17:22:32.318: INFO: #### replacing uid/e3b39344-51bd-4352-ae47-31a623196720 pod/installer-7-ip-10-0-194-125.eu-central-1.compute.internal ns/openshift-etcd resourceVersion/%!v(MISSING)

May 25 17:22:32.318: INFO: #### replacing uid/c4ad4881-caec-4734-8599-c24cd56600bb pod/multus-additional-cni-plugins-c7zl6 ns/openshift-multus resourceVersion/%!v(MISSING)

May 25 17:22:32.318: INFO: #### replacing uid/d0be3581-16d9-4fa1-bc84-a71d23dd467b pod/collect-profiles-27558165-95975 ns/openshift-operator-lifecycle-manager resourceVersion/%!v(MISSING)

May 25 17:22:32.318: INFO: #### replacing uid/61bb5333-fc0a-427c-bf5a-f80e3b1f4a1c pod/installer-12-ip-10-0-174-32.eu-central-1.compute.internal ns/openshift-kube-apiserver resourceVersion/%!v(MISSING)

May 25 17:22:32.318: INFO: #### replacing uid/5091c0c7-632f-45c9-a9d1-f0986bb8cbb3 pod/network-check-target-mz2wm ns/openshift-network-diagnostics resourceVersion/%!v(MISSING)

May 25 17:22:32.318: INFO: #### replacing uid/3a9d7fd7-d52b-4ea9-8e13-c5e7e4bee326 pod/ingress-canary-g27x8 ns/openshift-ingress-canary resourceVersion/%!v(MISSING)

May 25 17:22:32.318: INFO: #### replacing uid/b52c58af-5fc1-480d-8c02-869b55953014 pod/openshift-kube-scheduler-guard-ip-10-0-174-32.eu-central-1.compute.internal ns/openshift-kube-scheduler resourceVersion/%!v(MISSING)

May 25 17:22:32.318: INFO: #### replacing uid/c5c826c2-d0d0-4010-8c2d-39b056302f2a pod/installer-11-ip-10-0-174-32.eu-central-1.compute.internal ns/openshift-kube-apiserver resourceVersion/%!v(MISSING)

May 25 17:22:32.318: INFO: #### replacing uid/2aff2036-3f35-4bca-9d6d-42385f8c771d pod/machine-config-daemon-654mn ns/openshift-machine-config-operator resourceVersion/%!v(MISSING)

May 25 17:22:32.318: INFO: #### replacing uid/6131259c-d958-4e80-b640-30ab6a365fc3 pod/apiserver-55cd9c6c66-kxknz ns/openshift-oauth-apiserver resourceVersion/%!v(MISSING)

May 25 17:22:32.318: INFO: #### replacing uid/53a9581b-93c5-4b29-82e9-2a09aa31cbdd pod/installer-13-ip-10-0-136-137.eu-central-1.compute.internal ns/openshift-kube-apiserver resourceVersion/%!v(MISSING)

May 25 17:22:32.318: INFO: #### replacing uid/06045669-3112-401e-b439-45984bd11a54 pod/authentication-operator-5d9d849d64-92lb4 ns/openshift-authentication-operator resourceVersion/%!v(MISSING)

May 25 17:22:32.318: INFO: #### replacing uid/716680f6-706d-4333-96eb-6e1fd50c074b pod/cloud-network-config-controller-6fc686dc98-mv2qj ns/openshift-cloud-network-config-controller resourceVersion/%!v(MISSING)

May 25 17:22:32.318: INFO: #### replacing uid/37c0fa90-8bfd-4c9b-a41e-b51e7607f998 pod/installer-6-ip-10-0-136-137.eu-central-1.compute.internal ns/openshift-etcd resourceVersion/%!v(MISSING)

May 25 17:22:32.318: INFO: #### replacing uid/331ca9f9-a418-4354-bbeb-de95197a9509 pod/node-exporter-rgxpk ns/openshift-monitoring resourceVersion/%!v(MISSING)

May 25 17:22:32.318: INFO: #### replacing uid/708be96a-2cf8-485d-a79d-5f343c8932d7 pod/prometheus-k8s-0 ns/openshift-monitoring resourceVersion/%!v(MISSING)

May 25 17:22:32.318: INFO: #### replacing uid/e5e5f1fc-3ad5-4cc9-8e32-2adf31832ff6 pod/network-metrics-daemon-q2mkr ns/openshift-multus resourceVersion/%!v(MISSING)

May 25 17:22:32.318: INFO: #### replacing uid/3e60af25-8373-43c7-aa1d-0993c3a1004e pod/etcd-guard-ip-10-0-136-137.eu-central-1.compute.internal ns/openshift-etcd resourceVersion/%!v(MISSING)

May 25 17:22:32.318: INFO: #### replacing uid/9bf024b9-8773-46e6-826f-b2295d4015be pod/node-ca-kjqxv ns/openshift-image-registry resourceVersion/%!v(MISSING)

May 25 17:22:32.318: INFO: #### replacing uid/64594385-67a2-40ac-9376-81d3175573dd pod/prometheus-operator-admission-webhook-587f88cbb-ll7l4 ns/openshift-monitoring resourceVersion/%!v(MISSING)

May 25 17:22:32.318: INFO: #### replacing uid/6ee93a86-dd1e-4dbf-9502-f7b685e45a9a pod/network-check-target-rxslq ns/openshift-network-diagnostics resourceVersion/%!v(MISSING)

May 25 17:22:32.318: INFO: #### replacing uid/9f928ea5-3264-4835-accc-fe145a933727 pod/csi-snapshot-controller-d5dcd7668-h9dnn ns/openshift-cluster-storage-operator resourceVersion/%!v(MISSING)

May 25 17:22:32.318: INFO: #### replacing uid/c6ac3192-b6e5-44af-85d7-14bcb3e05883 pod/installer-9-ip-10-0-194-125.eu-central-1.compute.internal ns/openshift-kube-apiserver resourceVersion/%!v(MISSING)

May 25 17:22:32.318: INFO: #### replacing uid/60322e7e-76e8-44af-af3a-4fbb89b85777 pod/machine-api-operator-74f886c87-rrtsm ns/openshift-machine-api resourceVersion/%!v(MISSING)

May 25 17:22:32.318: INFO: #### replacing uid/c2dac379-2367-42c2-823d-56425d22dd5a pod/network-check-target-cclmq ns/openshift-network-diagnostics resourceVersion/%!v(MISSING)

May 25 17:22:32.318: INFO: #### replacing uid/0ff75d6c-faf7-42e0-aba1-c5487efe39b4 pod/aws-ebs-csi-driver-controller-778f667485-64vl2 ns/openshift-cluster-csi-drivers resourceVersion/%!v(MISSING)

May 25 17:22:32.318: INFO: #### replacing uid/9a8db5a0-7906-4c3a-9b5d-6a51a488218f pod/tuned-tp6q7 ns/openshift-cluster-node-tuning-operator resourceVersion/%!v(MISSING)

May 25 17:22:32.318: INFO: #### replacing uid/e5a925c6-0b97-4c81-a768-ddeafb9615c2 pod/installer-6-ip-10-0-174-32.eu-central-1.compute.internal ns/openshift-etcd resourceVersion/%!v(MISSING)

May 25 17:22:32.318: INFO: #### replacing uid/1560b0ef-cd34-4dbd-bbca-6824be4ad766 pod/kube-apiserver-guard-ip-10-0-194-125.eu-central-1.compute.internal ns/openshift-kube-apiserver resourceVersion/%!v(MISSING)

May 25 17:22:32.318: INFO: #### replacing uid/5bffd21c-5820-4eb9-affd-faf8fbd721c7 pod/package-server-manager-8b64d79cf-ntrft ns/openshift-operator-lifecycle-manager resourceVersion/%!v(MISSING)

May 25 17:22:32.318: INFO: #### replacing uid/76939e88-365a-4651-8ac9-c3f348fb3e3b pod/installer-12-ip-10-0-194-125.eu-central-1.compute.internal ns/openshift-kube-apiserver resourceVersion/%!v(MISSING)

May 25 17:22:32.318: INFO: #### replacing uid/b58f64a1-6a68-4284-bb8d-dae05d1788c4 pod/revision-pruner-13-ip-10-0-136-137.eu-central-1.compute.internal ns/openshift-kube-apiserver resourceVersion/%!v(MISSING)

May 25 17:22:32.318: INFO: #### replacing uid/b00bc6df-4346-405c-af38-7cc14fbfd80c pod/node-exporter-hpbmc ns/openshift-monitoring resourceVersion/%!v(MISSING)

May 25 17:22:32.318: INFO: #### replacing uid/bae8a670-0a0b-49d8-8948-475d0e473bfc pod/oauth-openshift-67bbb54f68-66kcc ns/openshift-authentication resourceVersion/%!v(MISSING)

May 25 17:22:32.318: INFO: #### replacing uid/dfc34549-b932-49b7-a962-3fc149430efb pod/tuned-rxg46 ns/openshift-cluster-node-tuning-operator resourceVersion/%!v(MISSING)

May 25 17:22:32.318: INFO: #### replacing uid/407c49c4-cdf0-440d-aca1-841a6183878d pod/revision-pruner-7-ip-10-0-174-32.eu-central-1.compute.internal ns/openshift-etcd resourceVersion/%!v(MISSING)

May 25 17:22:32.318: INFO: #### replacing uid/355425b5-3b86-40f1-91e9-b6e2ca627e38 pod/installer-6-ip-10-0-174-32.eu-central-1.compute.internal ns/openshift-kube-scheduler resourceVersion/%!v(MISSING)

May 25 17:22:32.318: INFO: #### replacing uid/2f175ff0-b33a-47b4-964b-2baa4c181c08 pod/openshift-kube-scheduler-guard-ip-10-0-194-125.eu-central-1.compute.internal ns/openshift-kube-scheduler resourceVersion/%!v(MISSING)

May 25 17:22:32.318: INFO: #### replacing uid/1cac330c-7ff4-4801-86a3-acb9747a8448 pod/multus-admission-controller-5b522 ns/openshift-multus resourceVersion/%!v(MISSING)

May 25 17:22:32.318: INFO: #### replacing uid/dcf9cf66-2f80-4424-a90e-15e7eb47e659 pod/network-metrics-daemon-lgqhk ns/openshift-multus resourceVersion/%!v(MISSING)

May 25 17:22:32.318: INFO: #### replacing uid/1ebe4302-45ea-456f-92ef-c7ba6a3e6671 pod/openshift-controller-manager-operator-84dddf5fd5-mddbg ns/openshift-controller-manager-operator resourceVersion/%!v(MISSING)

May 25 17:22:32.318: INFO: #### replacing uid/5514c145-89aa-4e34-89c2-433db43ad4d4 pod/packageserver-745fd66bcc-wjdbk ns/openshift-operator-lifecycle-manager resourceVersion/%!v(MISSING)

May 25 17:22:32.318: INFO: #### replacing uid/c2c9f8c7-b631-4284-93a4-87f23c96f1f4 pod/openshift-apiserver-operator-74f4c55bb7-h85x9 ns/openshift-apiserver-operator resourceVersion/%!v(MISSING)

May 25 17:22:32.318: INFO: #### replacing uid/3f444a7b-0c2a-4ecf-b009-a0fc1e4444b9 pod/ingress-canary-tvxkg ns/openshift-ingress-canary resourceVersion/%!v(MISSING)

May 25 17:22:32.318: INFO: #### replacing uid/420e9647-f0a2-4701-a22b-719f91bf099b pod/installer-6-ip-10-0-136-137.eu-central-1.compute.internal ns/openshift-kube-controller-manager resourceVersion/%!v(MISSING)

May 25 17:22:32.318: INFO: #### replacing uid/2e2c69dd-5806-418c-bfae-9c2cfebd1a6a pod/revision-pruner-6-ip-10-0-174-32.eu-central-1.compute.internal ns/openshift-kube-scheduler resourceVersion/%!v(MISSING)

May 25 17:22:32.318: INFO: #### replacing uid/d7dff2b4-8bb6-4429-95e0-e17b9d5c023c pod/redhat-operators-xc72n ns/openshift-marketplace resourceVersion/%!v(MISSING)

May 25 17:22:32.318: INFO: #### replacing uid/e85c46bb-243c-4ae2-882f-ce19440f781d pod/installer-12-ip-10-0-136-137.eu-central-1.compute.internal ns/openshift-kube-apiserver resourceVersion/%!v(MISSING)

May 25 17:22:32.318: INFO: #### replacing uid/ff8c5375-be40-4d7a-97f7-37ad999d4fff pod/installer-13-ip-10-0-174-32.eu-central-1.compute.internal ns/openshift-kube-apiserver resourceVersion/%!v(MISSING)

May 25 17:22:32.319: INFO: #### replacing uid/7914093c-b969-4e9d-aa47-f236b833b4c9 pod/apiserver-68bb6bf5d-9s9w6 ns/openshift-apiserver resourceVersion/%!v(MISSING)

May 25 17:22:32.319: INFO: #### replacing uid/e5f7acb3-d5ba-45ef-9fad-64b65b07f102 pod/csi-snapshot-controller-d5dcd7668-dpzgb ns/openshift-cluster-storage-operator resourceVersion/%!v(MISSING)

May 25 17:22:32.319: INFO: #### replacing uid/17691205-49c3-4243-a857-8b826972a45d pod/revision-pruner-7-ip-10-0-174-32.eu-central-1.compute.internal ns/openshift-kube-controller-manager resourceVersion/%!v(MISSING)

May 25 17:22:32.319: INFO: #### replacing uid/76a73abe-4873-4c36-99fb-9c4b99b2f38a pod/console-8659799f66-8j75l ns/openshift-console resourceVersion/%!v(MISSING)

May 25 17:22:32.319: INFO: #### replacing uid/125f7b53-631b-45fa-9600-c0b6d27a24e2 pod/node-ca-lc8k7 ns/openshift-image-registry resourceVersion/%!v(MISSING)

May 25 17:22:32.319: INFO: #### replacing uid/5ad7f15d-59cc-4605-b81b-a2fd50294f3b pod/installer-5-ip-10-0-194-125.eu-central-1.compute.internal ns/openshift-kube-scheduler resourceVersion/%!v(MISSING)

May 25 17:22:32.319: INFO: #### replacing uid/d3f7d397-7071-4c50-9c30-8fd2344db17f pod/multus-admission-controller-5lwfq ns/openshift-multus resourceVersion/%!v(MISSING)

May 25 17:22:32.319: INFO: #### replacing uid/b3d2e79f-4261-42b1-8599-a1325a4ec7dc pod/network-check-source-74b5696f69-p5wnt ns/openshift-network-diagnostics resourceVersion/%!v(MISSING)

May 25 17:22:32.319: INFO: #### replacing uid/b5121808-546c-4cfe-b6ae-e33b19eaeea8 pod/collect-profiles-27558195-bpmcv ns/openshift-operator-lifecycle-manager resourceVersion/%!v(MISSING)

May 25 17:22:32.319: INFO: #### replacing uid/0c899937-1095-4812-a64e-0ea24ab0754d pod/cluster-cloud-controller-manager-operator-76c598d447-59l5b ns/openshift-cloud-controller-manager-operator resourceVersion/%!v(MISSING)

May 25 17:22:32.319: INFO: #### replacing uid/140e1287-9117-4f4a-bcf2-d7c72154cad2 pod/installer-11-ip-10-0-194-125.eu-central-1.compute.internal ns/openshift-kube-apiserver resourceVersion/%!v(MISSING)

May 25 17:22:32.319: INFO: #### replacing uid/5de29ae8-5d96-476e-8e48-d390bcdbd379 pod/revision-pruner-7-ip-10-0-194-125.eu-central-1.compute.internal ns/openshift-kube-controller-manager resourceVersion/%!v(MISSING)

May 25 17:22:32.319: INFO: #### replacing uid/2eb7fbd0-f748-4365-b59a-d806236f9895 pod/openshift-kube-scheduler-guard-ip-10-0-136-137.eu-central-1.compute.internal ns/openshift-kube-scheduler resourceVersion/%!v(MISSING)

May 25 17:22:32.319: INFO: #### replacing uid/133132d6-06d3-46a0-813e-02d84f33cd23 pod/node-exporter-25jqm ns/openshift-monitoring resourceVersion/%!v(MISSING)

May 25 17:22:32.319: INFO: #### replacing uid/27fe04a4-5cc8-45fb-b234-9df1a7d034e1 pod/installer-5-ip-10-0-174-32.eu-central-1.compute.internal ns/openshift-kube-scheduler resourceVersion/%!v(MISSING)

May 25 17:22:32.319: INFO: #### replacing uid/f062f376-7577-48a6-ac32-436eab5125ac pod/machine-api-controllers-796fcb7bbf-6zpd9 ns/openshift-machine-api resourceVersion/%!v(MISSING)

May 25 17:22:32.319: INFO: #### replacing uid/19197486-4f00-415e-a8c7-7be05d8be85e pod/machine-config-controller-cb944b7cc-ngplx ns/openshift-machine-config-operator resourceVersion/%!v(MISSING)

May 25 17:22:32.319: INFO: #### replacing uid/925f7eee-a883-4536-89d3-19cde6cc3a0b pod/thanos-querier-6947f98d5b-kw6d2 ns/openshift-monitoring resourceVersion/%!v(MISSING)

May 25 17:22:32.319: INFO: #### replacing uid/18ccc14d-fd72-4587-9b09-c88e88a4ddd9 pod/multus-additional-cni-plugins-s455f ns/openshift-multus resourceVersion/%!v(MISSING)

May 25 17:22:32.319: INFO: #### replacing uid/a5dd4e10-2e60-41f9-a695-c56466d933f4 pod/packageserver-745fd66bcc-6xk5g ns/openshift-operator-lifecycle-manager resourceVersion/%!v(MISSING)

May 25 17:22:32.319: INFO: #### replacing uid/34bebe14-42ce-4363-9c68-8b97021d2fb2 pod/tuned-pk2x4 ns/openshift-cluster-node-tuning-operator resourceVersion/%!v(MISSING)

May 25 17:22:32.319: INFO: #### replacing uid/2a368bde-7f86-4421-a164-db6ba894ebc6 pod/installer-7-ip-10-0-174-32.eu-central-1.compute.internal ns/openshift-etcd resourceVersion/%!v(MISSING)

May 25 17:22:32.319: INFO: #### replacing uid/9475299b-1920-4211-b214-bfab85f27460 pod/installer-6-ip-10-0-174-32.eu-central-1.compute.internal ns/openshift-kube-controller-manager resourceVersion/%!v(MISSING)

May 25 17:22:32.319: INFO: #### replacing uid/b9dcab0d-6a24-4cdd-9eaf-d544911150f7 pod/network-check-target-jvtjp ns/openshift-network-diagnostics resourceVersion/%!v(MISSING)

May 25 17:22:32.319: INFO: #### replacing uid/3f668a9b-ef25-4b6a-b6cc-2936c85637cb pod/apiserver-68bb6bf5d-lhn8s ns/openshift-apiserver resourceVersion/%!v(MISSING)

May 25 17:22:32.319: INFO: #### replacing uid/cd48b5ad-bfd6-4d49-a553-a7e84e756233 pod/aws-ebs-csi-driver-node-qjwtm ns/openshift-cluster-csi-drivers resourceVersion/%!v(MISSING)

May 25 17:22:32.319: INFO: #### replacing uid/50e8d3f2-0504-47cf-aee2-984db3390068 pod/downloads-5f948684f-nrc7s ns/openshift-console resourceVersion/%!v(MISSING)

May 25 17:22:32.319: INFO: #### replacing uid/5150ba0b-b857-4851-832e-b15a4993163e pod/node-ca-9hzrv ns/openshift-image-registry resourceVersion/%!v(MISSING)

May 25 17:22:32.319: INFO: #### replacing uid/985f0889-dac5-4b57-89cf-d8ce56dd539e pod/kube-apiserver-operator-765b885666-tlrfh ns/openshift-kube-apiserver-operator resourceVersion/%!v(MISSING)

May 25 17:22:32.319: INFO: #### replacing uid/ea848f81-6c7d-4c85-b439-4a18f553d136 pod/installer-6-ip-10-0-136-137.eu-central-1.compute.internal ns/openshift-kube-scheduler resourceVersion/%!v(MISSING)

May 25 17:22:32.319: INFO: #### replacing uid/7f6ca60a-ebc7-45a0-ad59-a4e45d96670e pod/multus-rg89x ns/openshift-multus resourceVersion/%!v(MISSING)

May 25 17:22:32.319: INFO: #### replacing uid/c8669bfa-e61a-4de3-8dcb-d5b493fa8980 pod/prometheus-adapter-84d8b54d77-xhbk6 ns/openshift-monitoring resourceVersion/%!v(MISSING)

May 25 17:22:32.319: INFO: #### replacing uid/80349239-3cbc-4a54-b975-de61d43e45a7 pod/dns-default-8kvnb ns/openshift-dns resourceVersion/%!v(MISSING)

May 25 17:22:32.319: INFO: #### replacing uid/4408018a-707d-4c71-9425-bb1e82b0126d pod/etcd-ip-10-0-136-137.eu-central-1.compute.internal ns/openshift-etcd resourceVersion/%!v(MISSING)

May 25 17:22:32.319: INFO: #### replacing uid/b079e17c-502d-42b9-a06f-751b957af78e pod/router-default-6f6fcdcfbf-ppjzn ns/openshift-ingress resourceVersion/%!v(MISSING)

May 25 17:22:32.319: INFO: #### replacing uid/17876a32-4c17-4863-90f5-510b30ac53a7 pod/installer-9-ip-10-0-174-32.eu-central-1.compute.internal ns/openshift-kube-apiserver resourceVersion/%!v(MISSING)

May 25 17:22:32.319: INFO: #### replacing uid/5b660358-fe07-4210-b8ec-722862cc33c7 pod/kube-controller-manager-operator-f694d7bcb-sfd9s ns/openshift-kube-controller-manager-operator resourceVersion/%!v(MISSING)

May 25 17:22:32.319: INFO: #### replacing uid/034ddd64-4e4f-4ed7-826d-47b95da2f09a pod/oauth-openshift-67bbb54f68-kzl2f ns/openshift-authentication resourceVersion/%!v(MISSING)

May 25 17:22:32.319: INFO: #### replacing uid/eab1bfab-72dd-404d-bc67-6700cbd88e10 pod/installer-7-ip-10-0-174-32.eu-central-1.compute.internal ns/openshift-kube-controller-manager resourceVersion/%!v(MISSING)

May 25 17:22:32.319: INFO: #### replacing uid/539b664d-e996-4698-a920-7f6aa34dc162 pod/aws-ebs-csi-driver-controller-778f667485-nb6nl ns/openshift-cluster-csi-drivers resourceVersion/%!v(MISSING)

May 25 17:22:32.319: INFO: #### replacing uid/78f026ed-80c4-4bfa-91f7-8b8614fbbbce pod/node-resolver-tr7ng ns/openshift-dns resourceVersion/%!v(MISSING)

May 25 17:22:32.319: INFO: #### replacing uid/029c045f-63f0-47e3-a1df-edec78f5f2e7 pod/cluster-version-operator-6cfd5fdfdd-6pmxd ns/openshift-cluster-version resourceVersion/%!v(MISSING)

May 25 17:22:32.319: INFO: #### replacing uid/019a9e70-cd98-4495-b3b1-d755d1fa0663 pod/node-ca-5zdrp ns/openshift-image-registry resourceVersion/%!v(MISSING)

May 25 17:22:32.319: INFO: #### replacing uid/ac6ef33d-ff98-4022-b9ba-1bc408a41c3d pod/installer-7-ip-10-0-194-125.eu-central-1.compute.internal ns/openshift-kube-controller-manager resourceVersion/%!v(MISSING)

May 25 17:22:32.319: INFO: #### replacing uid/57ef71eb-34fc-478a-9bb6-45aae072f413 pod/console-operator-5ddbdb69c4-nf47x ns/openshift-console-operator resourceVersion/%!v(MISSING)

May 25 17:22:32.319: INFO: #### replacing uid/5c0d717a-8cad-4771-b6ad-0dd3b3f43772 pod/installer-11-ip-10-0-136-137.eu-central-1.compute.internal ns/openshift-kube-apiserver resourceVersion/%!v(MISSING)

May 25 17:22:32.319: INFO: #### replacing uid/6a941900-a0df-4fd1-afae-dcc02c77d861 pod/kube-controller-manager-ip-10-0-136-137.eu-central-1.compute.internal ns/openshift-kube-controller-manager resourceVersion/%!v(MISSING)

May 25 17:22:32.319: INFO: #### replacing uid/4e2cc56d-d4b8-444c-a6b9-fd84d48b3b2b pod/prometheus-operator-admission-webhook-587f88cbb-tlqk4 ns/openshift-monitoring resourceVersion/%!v(MISSING)

May 25 17:22:32.319: INFO: #### replacing uid/4fc1e3ef-327d-4e7a-b29d-483cbf60b9d6 pod/multus-additional-cni-plugins-cwkg8 ns/openshift-multus resourceVersion/%!v(MISSING)

May 25 17:22:32.319: INFO: #### replacing uid/e47d6e77-6372-4904-b1d5-6cde674b528b pod/aws-ebs-csi-driver-node-8wd9g ns/openshift-cluster-csi-drivers resourceVersion/%!v(MISSING)

May 25 17:22:32.319: INFO: #### replacing uid/2a2264b1-aa90-41de-b514-26f2d4a7ffb8 pod/cluster-node-tuning-operator-c77757cb7-s8qvt ns/openshift-cluster-node-tuning-operator resourceVersion/%!v(MISSING)

May 25 17:22:32.319: INFO: #### replacing uid/ffaeac8a-c3db-465d-bdfd-ffd5826f37a2 pod/controller-manager-bcnhg ns/openshift-controller-manager resourceVersion/%!v(MISSING)

May 25 17:22:32.319: INFO: #### replacing uid/2ee088da-ab91-45f2-bdfc-e60997e259ea pod/node-ca-8fq85 ns/openshift-image-registry resourceVersion/%!v(MISSING)

May 25 17:22:32.319: INFO: #### replacing uid/17ac3364-8c37-4b49-beba-c4a7a4d1c553 pod/alertmanager-main-0 ns/openshift-monitoring resourceVersion/%!v(MISSING)

May 25 17:22:32.319: INFO: #### replacing uid/7a6e55fe-acc2-47ad-86cb-9f1faa2b5802 pod/revision-pruner-7-ip-10-0-136-137.eu-central-1.compute.internal ns/openshift-etcd resourceVersion/%!v(MISSING)

May 25 17:22:32.319: INFO: #### replacing uid/97f5ade1-7a8e-4ad2-8628-aceb66d8c80f pod/revision-pruner-11-ip-10-0-194-125.eu-central-1.compute.internal ns/openshift-kube-apiserver resourceVersion/%!v(MISSING)

May 25 17:22:32.319: INFO: #### replacing uid/96ecc531-3056-4528-801b-d20843cc47bc pod/machine-config-daemon-ftqz7 ns/openshift-machine-config-operator resourceVersion/%!v(MISSING)

May 25 17:22:32.319: INFO: #### replacing uid/7ba72709-744b-4298-9b45-9d2ab245ad9d pod/sdn-dh6fr ns/openshift-sdn resourceVersion/%!v(MISSING)

May 25 17:22:32.320: INFO: #### replacing uid/460d4317-e909-4e61-aa82-400c3563131e pod/cluster-autoscaler-operator-7d8db9f945-xx4mv ns/openshift-machine-api resourceVersion/%!v(MISSING)

May 25 17:22:32.320: INFO: #### replacing uid/3c78740b-2f95-435e-8b30-ba106422bd6d pod/machine-config-server-xsmzh ns/openshift-machine-config-operator resourceVersion/%!v(MISSING)

May 25 17:22:32.320: INFO: #### replacing uid/548d6dae-e049-4e31-88e7-d87e12b367f1 pod/sdn-controller-j86dp ns/openshift-sdn resourceVersion/%!v(MISSING)

May 25 17:22:32.320: INFO: #### replacing uid/616fb3bf-e4ae-4ef5-af35-761f62d2d4db pod/sdn-controller-wv7lg ns/openshift-sdn resourceVersion/%!v(MISSING)

May 25 17:22:32.320: INFO: #### replacing uid/132c3cac-62a0-412f-942c-7da22391be10 pod/kube-apiserver-guard-ip-10-0-174-32.eu-central-1.compute.internal ns/openshift-kube-apiserver resourceVersion/%!v(MISSING)

May 25 17:22:32.320: INFO: #### replacing uid/dbf35960-0c19-49b2-83a8-0b296d7a4202 pod/revision-pruner-11-ip-10-0-174-32.eu-central-1.compute.internal ns/openshift-kube-apiserver resourceVersion/%!v(MISSING)

May 25 17:22:32.320: INFO: #### replacing uid/d69d46c5-bebf-4b55-bf4d-8cac0ca8c843 pod/machine-config-server-tfqhm ns/openshift-machine-config-operator resourceVersion/%!v(MISSING)

May 25 17:22:32.320: INFO: #### replacing uid/84f6c132-6d9c-48d4-b744-03142f088c4c pod/thanos-querier-6947f98d5b-4b4sh ns/openshift-monitoring resourceVersion/%!v(MISSING)

May 25 17:22:32.320: INFO: #### replacing uid/ddc21fe5-bb2d-4c35-a9af-53696852301c pod/service-ca-operator-8544744867-99s28 ns/openshift-service-ca-operator resourceVersion/%!v(MISSING)

May 25 17:22:32.320: INFO: #### replacing uid/3e230a7b-ad8a-4cf4-b9ec-c978e3fa9f1a pod/community-operators-qz9gl ns/openshift-marketplace resourceVersion/%!v(MISSING)

May 25 17:22:32.320: INFO: #### replacing uid/c8925037-542f-465b-98c9-f4b1d77c6e34 pod/aws-ebs-csi-driver-node-mdzbs ns/openshift-cluster-csi-drivers resourceVersion/%!v(MISSING)

May 25 17:22:32.320: INFO: #### replacing uid/7524a13f-982d-416e-bc15-eb04d95744d6 pod/etcd-ip-10-0-194-125.eu-central-1.compute.internal ns/openshift-etcd resourceVersion/%!v(MISSING)

May 25 17:22:32.320: INFO: #### replacing uid/007dea96-137b-406b-b405-9315de825bbf pod/revision-pruner-6-ip-10-0-194-125.eu-central-1.compute.internal ns/openshift-etcd resourceVersion/%!v(MISSING)

May 25 17:22:32.320: INFO: #### replacing uid/352d2212-ad0e-4591-8578-3c7e19a8e12d pod/kube-controller-manager-guard-ip-10-0-136-137.eu-central-1.compute.internal ns/openshift-kube-controller-manager resourceVersion/%!v(MISSING)

May 25 17:22:32.320: INFO: #### replacing uid/305143d4-64be-44e8-abf3-910c907c4c04 pod/kube-controller-manager-ip-10-0-174-32.eu-central-1.compute.internal ns/openshift-kube-controller-manager resourceVersion/%!v(MISSING)

May 25 17:22:32.320: INFO: #### replacing uid/988202af-369c-4f05-8586-9ad5aff7c899 pod/aws-ebs-csi-driver-node-c5gww ns/openshift-cluster-csi-drivers resourceVersion/%!v(MISSING)

May 25 17:22:32.320: INFO: #### replacing uid/f90ced6f-14fd-47f8-983a-5c61497d147f pod/dns-default-2slbl ns/openshift-dns resourceVersion/%!v(MISSING)

May 25 17:22:32.320: INFO: #### replacing uid/4e7cadf2-d590-4358-b1cd-e5895132bb2b pod/etcd-ip-10-0-174-32.eu-central-1.compute.internal ns/openshift-etcd resourceVersion/%!v(MISSING)

May 25 17:22:32.320: INFO: #### replacing uid/9ebe45be-5b9c-4fcb-abe2-1263ad49d972 pod/revision-pruner-10-ip-10-0-194-125.eu-central-1.compute.internal ns/openshift-kube-apiserver resourceVersion/%!v(MISSING)

May 25 17:22:32.320: INFO: #### replacing uid/150051cc-063b-4e8f-bd1f-975b764a41c8 pod/revision-pruner-9-ip-10-0-194-125.eu-central-1.compute.internal ns/openshift-kube-apiserver resourceVersion/%!v(MISSING)

May 25 17:22:32.320: INFO: #### replacing uid/2c272589-883a-424b-8fe7-7a4a6b120692 pod/telemeter-client-76b89b5b56-79d2b ns/openshift-monitoring resourceVersion/%!v(MISSING)

May 25 17:22:32.320: INFO: #### replacing uid/31519a24-4b75-4998-a344-70d56020d0bc pod/cluster-storage-operator-5868dc659d-gpm2m ns/openshift-cluster-storage-operator resourceVersion/%!v(MISSING)

May 25 17:22:32.320: INFO: #### replacing uid/cffbe512-0752-4b7d-a7d1-316efc147434 pod/revision-pruner-6-ip-10-0-136-137.eu-central-1.compute.internal ns/openshift-kube-scheduler resourceVersion/%!v(MISSING)

May 25 17:22:32.320: INFO: #### replacing uid/fe61ee9b-77b8-4d6f-a64b-6d09e8cd18c5 pod/installer-5-ip-10-0-174-32.eu-central-1.compute.internal ns/openshift-kube-controller-manager resourceVersion/%!v(MISSING)

May 25 17:22:32.320: INFO: #### replacing uid/2c541dc3-daf2-4943-9736-6d7230939d99 pod/kube-controller-manager-guard-ip-10-0-194-125.eu-central-1.compute.internal ns/openshift-kube-controller-manager resourceVersion/%!v(MISSING)

May 25 17:22:32.320: INFO: #### replacing uid/4658d68e-9916-46f5-9556-07723356b4bc pod/machine-approver-b4468db55-4jkdg ns/openshift-cluster-machine-approver resourceVersion/%!v(MISSING)

May 25 17:22:32.320: INFO: #### replacing uid/5bacc249-2423-468f-b12c-3a04a8ad8dd6 pod/kube-apiserver-ip-10-0-136-137.eu-central-1.compute.internal ns/openshift-kube-apiserver resourceVersion/%!v(MISSING)

May 25 17:22:32.320: INFO: #### replacing uid/d4c40da9-9f2c-495b-87c4-0fea5080f447 pod/machine-config-daemon-kqp76 ns/openshift-machine-config-operator resourceVersion/%!v(MISSING)

May 25 17:22:32.320: INFO: #### replacing uid/03bdbdc6-1efd-4b8d-835d-bfec160071bf pod/machine-config-daemon-wlm5k ns/openshift-machine-config-operator resourceVersion/%!v(MISSING)

May 25 17:22:32.320: INFO: #### replacing uid/61195f29-2bb7-4687-95c2-1e2b07ffdb53 pod/service-ca-679bcff8cf-7mqwh ns/openshift-service-ca resourceVersion/%!v(MISSING)

May 25 17:22:32.320: INFO: #### replacing uid/71491523-da19-4ed5-9682-d68fa705afe2 pod/installer-7-ip-10-0-136-137.eu-central-1.compute.internal ns/openshift-etcd resourceVersion/%!v(MISSING)

May 25 17:22:32.320: INFO: #### replacing uid/5d24ba88-69a4-4769-b7eb-dcd0b58cbc34 pod/revision-pruner-7-ip-10-0-194-125.eu-central-1.compute.internal ns/openshift-etcd resourceVersion/%!v(MISSING)

May 25 17:22:32.320: INFO: #### replacing uid/e5408efd-ea9a-433c-beb6-ee14b93e297b pod/node-ca-nkzzn ns/openshift-image-registry resourceVersion/%!v(MISSING)

May 25 17:22:32.320: INFO: #### replacing uid/ef382f26-632a-4b14-a03f-8f93be2275e7 pod/revision-pruner-9-ip-10-0-136-137.eu-central-1.compute.internal ns/openshift-kube-apiserver resourceVersion/%!v(MISSING)

May 25 17:22:32.320: INFO: #### replacing uid/2821d192-d1c0-4f7e-89cf-a807c24246b7 pod/multus-additional-cni-plugins-dx6mj ns/openshift-multus resourceVersion/%!v(MISSING)

May 25 17:22:32.320: INFO: #### replacing uid/6d601c3d-b9d5-4099-9bd2-7d66db5a7f28 pod/network-operator-7978bcf596-9vpls ns/openshift-network-operator resourceVersion/%!v(MISSING)

May 25 17:22:32.320: INFO: #### replacing uid/b0b162f9-f3ef-48e6-b197-a95cb4fd14d9 pod/image-pruner-27557280-2kjps ns/openshift-image-registry resourceVersion/%!v(MISSING)

May 25 17:22:32.320: INFO: #### replacing uid/228cddca-4d1e-406d-a2cb-39d4aed645ea pod/revision-pruner-11-ip-10-0-136-137.eu-central-1.compute.internal ns/openshift-kube-apiserver resourceVersion/%!v(MISSING)

May 25 17:22:32.320: INFO: #### replacing uid/002e57d4-71be-4af7-950e-5db59395941c pod/kube-storage-version-migrator-operator-f6d9d5d6f-dbjz7 ns/openshift-kube-storage-version-migrator-operator resourceVersion/%!v(MISSING)

May 25 17:22:32.320: INFO: #### replacing uid/8f1e32c4-8163-4867-a88c-c41010a6a4bf pod/machine-config-server-5cznc ns/openshift-machine-config-operator resourceVersion/%!v(MISSING)

May 25 17:22:32.320: INFO: #### replacing uid/92c101a1-1e3f-4a81-999f-02ccaf012925 pod/multus-additional-cni-plugins-7gjwc ns/openshift-multus resourceVersion/%!v(MISSING)

May 25 17:22:32.320: INFO: #### replacing uid/79b97b2d-1090-4d0f-b9ce-2a5ea64cafc6 pod/apiserver-55cd9c6c66-vfwjm ns/openshift-oauth-apiserver resourceVersion/%!v(MISSING)

May 25 17:22:32.320: INFO: #### replacing uid/31ea151c-b002-447d-95a5-2c96de183a95 pod/sdn-rknx2 ns/openshift-sdn resourceVersion/%!v(MISSING)

May 25 17:22:32.320: INFO: #### replacing uid/c7cf346c-1f07-4c2a-b4c6-b32854bee2a2 pod/openshift-config-operator-55b86f9cc9-nmfml ns/openshift-config-operator resourceVersion/%!v(MISSING)

May 25 17:22:32.320: INFO: #### replacing uid/c0534573-f2a6-4cda-8938-2d232a2aa26e pod/installer-10-ip-10-0-194-125.eu-central-1.compute.internal ns/openshift-kube-apiserver resourceVersion/%!v(MISSING)

May 25 17:22:32.320: INFO: #### replacing uid/a3268639-1053-4a54-adda-9ebf1b2ea980 pod/installer-7-ip-10-0-136-137.eu-central-1.compute.internal ns/openshift-kube-controller-manager resourceVersion/%!v(MISSING)

May 25 17:22:32.320: INFO: #### replacing uid/d4378f05-caa1-4938-ae15-5d6246582432 pod/machine-config-daemon-s7vv7 ns/openshift-machine-config-operator resourceVersion/%!v(MISSING)

May 25 17:22:32.320: INFO: #### replacing uid/e5db8b5c-0c9a-4e68-8d41-d790aa48cc53 pod/kube-controller-manager-ip-10-0-194-125.eu-central-1.compute.internal ns/openshift-kube-controller-manager resourceVersion/%!v(MISSING)

May 25 17:22:32.320: INFO: #### replacing uid/0b1cdf63-2be1-4539-a16b-f3534af25728 pod/prometheus-k8s-1 ns/openshift-monitoring resourceVersion/%!v(MISSING)

May 25 17:22:32.320: INFO: #### replacing uid/c7a4eda9-773a-4d7b-a6ef-0479ebf99e60 pod/sdn-z5cmh ns/openshift-sdn resourceVersion/%!v(MISSING)

May 25 17:22:32.320: INFO: #### replacing uid/b3edc648-179c-4f47-bd97-718c4ed9749e pod/controller-manager-d8frv ns/openshift-controller-manager resourceVersion/%!v(MISSING)

May 25 17:22:32.320: INFO: #### replacing uid/2cbc837e-41da-4da7-b835-bce7f6ec043c pod/node-resolver-nrr2n ns/openshift-dns resourceVersion/%!v(MISSING)

May 25 17:22:32.320: INFO: #### replacing uid/dee4dc6e-935c-4a28-b150-b1f0a93570ce pod/cluster-baremetal-operator-95767655-8flhf ns/openshift-machine-api resourceVersion/%!v(MISSING)

May 25 17:22:32.321: INFO: #### replacing uid/0c1c40d3-9728-4632-8f19-757e5b2a862f pod/node-resolver-678fb ns/openshift-dns resourceVersion/%!v(MISSING)

May 25 17:22:32.321: INFO: #### replacing uid/7f602498-c6bf-40ef-afea-4a761083ae9a pod/revision-pruner-6-ip-10-0-136-137.eu-central-1.compute.internal ns/openshift-etcd resourceVersion/%!v(MISSING)

May 25 17:22:32.321: INFO: #### replacing uid/b2fdf9eb-d1ed-49cd-ac6f-586d366bcef3 pod/ingress-operator-d95cc7455-bmbs6 ns/openshift-ingress-operator resourceVersion/%!v(MISSING)

May 25 17:22:32.321: INFO: #### replacing uid/5248548d-c881-4d4c-a5fe-6f492f389291 pod/revision-pruner-10-ip-10-0-174-32.eu-central-1.compute.internal ns/openshift-kube-apiserver resourceVersion/%!v(MISSING)

May 25 17:22:32.321: INFO: #### replacing uid/58f3c220-edf6-4d6a-bc93-b4bcda5585b0 pod/openshift-kube-scheduler-ip-10-0-194-125.eu-central-1.compute.internal ns/openshift-kube-scheduler resourceVersion/%!v(MISSING)

May 25 17:22:32.321: INFO: #### replacing uid/5357f948-b25f-446d-bd50-170f4dd33187 pod/network-metrics-daemon-2cghf ns/openshift-multus resourceVersion/%!v(MISSING)

May 25 17:22:32.321: INFO: #### replacing uid/529da17c-9f2a-483f-abcb-31b598ba40e3 pod/apiserver-55cd9c6c66-2mkth ns/openshift-oauth-apiserver resourceVersion/%!v(MISSING)

May 25 17:22:32.321: INFO: #### replacing uid/30eb076e-11ad-441e-befe-ade9506a6d4e pod/redhat-marketplace-snf5c ns/openshift-marketplace resourceVersion/%!v(MISSING)

May 25 17:22:32.321: INFO: #### replacing uid/b4b48372-1269-4a9e-bcc5-a06b21deb066 pod/sdn-hpp8s ns/openshift-sdn resourceVersion/%!v(MISSING)

May 25 17:22:32.321: INFO: #### replacing uid/15ec49bc-2687-4907-974b-4284d7aa98ba pod/ingress-canary-4tkkv ns/openshift-ingress-canary resourceVersion/%!v(MISSING)

May 25 17:22:32.321: INFO: #### replacing uid/228bc0a4-1a3e-40b3-968f-cd7d392c6b16 pod/node-exporter-7kpmh ns/openshift-monitoring resourceVersion/%!v(MISSING)

May 25 17:22:32.321: INFO: #### replacing uid/6fb5f689-017d-462b-8398-ace27122a646 pod/openshift-state-metrics-5d6b54c8c9-5gdhx ns/openshift-monitoring resourceVersion/%!v(MISSING)

May 25 17:22:32.321: INFO: #### replacing uid/ca5947dd-80e1-4019-a8e1-cf3ad1d4af25 pod/sdn-hngtd ns/openshift-sdn resourceVersion/%!v(MISSING)

May 25 17:22:32.321: INFO: #### replacing uid/26578a68-d4ba-4aea-a431-fb3efd93f43b pod/dns-default-hjrsb ns/openshift-dns resourceVersion/%!v(MISSING)

May 25 17:22:32.321: INFO: #### replacing uid/7c902997-a27d-477f-95ac-2e2fae1ac0ec pod/etcd-guard-ip-10-0-174-32.eu-central-1.compute.internal ns/openshift-etcd resourceVersion/%!v(MISSING)

May 25 17:22:32.321: INFO: #### replacing uid/2836a807-214c-4fa9-9ef9-b70fcbbe3d18 pod/image-registry-858f6d8c78-x7bcn ns/openshift-image-registry resourceVersion/%!v(MISSING)

May 25 17:22:32.321: INFO: #### replacing uid/fbb69262-603b-438b-a61b-081c83312632 pod/revision-pruner-13-ip-10-0-174-32.eu-central-1.compute.internal ns/openshift-kube-apiserver resourceVersion/%!v(MISSING)

May 25 17:22:32.321: INFO: #### replacing uid/51a4f2db-327c-4603-a24a-f537359f42a7 pod/openshift-kube-scheduler-ip-10-0-174-32.eu-central-1.compute.internal ns/openshift-kube-scheduler resourceVersion/%!v(MISSING)

May 25 17:22:32.321: INFO: #### replacing uid/862cf6ce-de3c-4425-b5cf-c1d1978be7ac pod/kube-state-metrics-5bc9567c98-ndmdd ns/openshift-monitoring resourceVersion/%!v(MISSING)

May 25 17:22:32.321: INFO: #### replacing uid/7ce4f040-aa66-4d43-944c-a7053176a6a7 pod/installer-13-ip-10-0-194-125.eu-central-1.compute.internal ns/openshift-kube-apiserver resourceVersion/%!v(MISSING)

May 25 17:22:32.321: INFO: #### replacing uid/eb0524d0-ee7b-4dc1-906d-4a328d7deb97 pod/installer-6-ip-10-0-194-125.eu-central-1.compute.internal ns/openshift-kube-scheduler resourceVersion/%!v(MISSING)

May 25 17:22:32.321: INFO: #### replacing uid/4d48f8b4-46e0-4891-954b-0735ae482d21 pod/multus-additional-cni-plugins-t74qg ns/openshift-multus resourceVersion/%!v(MISSING)

May 25 17:22:32.321: INFO: #### replacing uid/b46a639e-f490-40d8-8a23-563b94f1eda6 pod/aws-ebs-csi-driver-node-xvtj5 ns/openshift-cluster-csi-drivers resourceVersion/%!v(MISSING)

May 25 17:22:32.321: INFO: #### replacing uid/ffb3ee53-924b-4c0f-b7d4-69a119994faf pod/etcd-guard-ip-10-0-194-125.eu-central-1.compute.internal ns/openshift-etcd resourceVersion/%!v(MISSING)

May 25 17:22:32.321: INFO: #### replacing uid/568621a4-45e6-436f-8427-a7bb95b6350b pod/oauth-openshift-67bbb54f68-fmq6b ns/openshift-authentication resourceVersion/%!v(MISSING)

May 25 17:22:32.321: INFO: #### replacing uid/63b68a2a-2471-43f7-bf18-75716a5a88c8 pod/revision-pruner-7-ip-10-0-136-137.eu-central-1.compute.internal ns/openshift-kube-controller-manager resourceVersion/%!v(MISSING)

May 25 17:22:32.321: INFO: #### replacing uid/412af165-90c0-434a-8474-db341fab0703 pod/machine-config-operator-5d45585dcd-vvws4 ns/openshift-machine-config-operator resourceVersion/%!v(MISSING)

May 25 17:22:32.321: INFO: #### replacing uid/6b1c6f78-882a-45ff-8e0b-3638f9a0cbb5 pod/node-exporter-rklxg ns/openshift-monitoring resourceVersion/%!v(MISSING)

May 25 17:22:32.952: INFO: disruption/oauth-api connection/new started responding to GET requests over new connections
May 25 17:22:32.952: INFO: disruption/kube-api connection/new started responding to GET requests over new connections
May 25 17:22:32.952: INFO: disruption/cache-openshift-api connection/new started responding to GET requests over new connections
May 25 17:22:32.952: INFO: disruption/openshift-api connection/new started responding to GET requests over new connections
May 25 17:22:32.952: INFO: disruption/cache-kube-api connection/new started responding to GET requests over new connections
May 25 17:22:32.952: INFO: disruption/cache-oauth-api connection/new started responding to GET requests over new connections
May 25 17:22:32.952: INFO: disruption/cache-kube-api connection/reused started responding to GET requests over reused connections
May 25 17:22:32.952: INFO: disruption/kube-api connection/reused started responding to GET requests over reused connections
May 25 17:22:32.952: INFO: disruption/openshift-api connection/reused started responding to GET requests over reused connections
May 25 17:22:32.952: INFO: disruption/cache-openshift-api connection/reused started responding to GET requests over reused connections
May 25 17:22:32.952: INFO: disruption/oauth-api connection/reused started responding to GET requests over reused connections
May 25 17:22:32.952: INFO: disruption/cache-oauth-api connection/reused started responding to GET requests over reused connections
May 25 17:22:32.954: INFO: ns/openshift-authentication route/oauth-openshift disruption/ingress-to-oauth-server connection/reused started responding to GET requests over reused connections
May 25 17:22:32.954: INFO: ns/openshift-authentication route/oauth-openshift disruption/ingress-to-oauth-server connection/new started responding to GET requests over new connections
May 25 17:22:32.954: INFO: ns/openshift-console route/console disruption/ingress-to-console connection/new started responding to GET requests over new connections
May 25 17:22:32.955: INFO: ns/openshift-console route/console disruption/ingress-to-console connection/reused started responding to GET requests over reused connections
[BeforeEach] [Top Level]
  github.com/openshift/origin/test/extended/util/framework.go:1496
[BeforeEach] [Top Level]
  github.com/openshift/origin/test/extended/util/framework.go:1496
[BeforeEach] [Top Level]
  github.com/openshift/origin/test/extended/util/test.go:61
[BeforeEach] [Serial] [sig-auth][Feature:OAuthServer] [RequestHeaders] [IdP]
  github.com/openshift/origin/test/extended/util/client.go:153
STEP: Creating a kubernetes client
[BeforeEach] [Serial] [sig-auth][Feature:OAuthServer] [RequestHeaders] [IdP]
  github.com/openshift/origin/test/extended/util/client.go:127
May 25 17:22:32.865: INFO: configPath is now "/tmp/configfile3559340956"
May 25 17:22:32.865: INFO: The user is now "e2e-test-request-headers-np7qr-user"
May 25 17:22:32.865: INFO: Creating project "e2e-test-request-headers-np7qr"
May 25 17:22:32.978: INFO: Waiting on permissions in project "e2e-test-request-headers-np7qr" ...
May 25 17:22:33.105: INFO: Waiting for ServiceAccount "default" to be provisioned...
May 25 17:22:33.236: INFO: Waiting for ServiceAccount "deployer" to be provisioned...
May 25 17:22:33.370: INFO: Waiting for ServiceAccount "builder" to be provisioned...
May 25 17:22:33.501: INFO: Waiting for RoleBinding "system:image-pullers" to be provisioned...
May 25 17:22:33.576: INFO: Waiting for RoleBinding "system:image-builders" to be provisioned...
May 25 17:22:33.652: INFO: Waiting for RoleBinding "system:deployers" to be provisioned...
May 25 17:22:34.266: INFO: Project "e2e-test-request-headers-np7qr" has been fully provisioned.
[It] test RequestHeaders IdP [Suite:openshift/conformance/serial]
  github.com/openshift/origin/test/extended/oauth/requestheaders.go:67
May 25 17:22:34.266: INFO: Ensuring CAO is available==True, progressing==False, degraded==False
[AfterEach] [Serial] [sig-auth][Feature:OAuthServer] [RequestHeaders] [IdP]
  github.com/openshift/origin/test/extended/util/client.go:151
STEP: Collecting events from namespace "e2e-test-request-headers-np7qr".
STEP: Found 0 events.
May 25 17:22:34.650: INFO: POD  NODE  PHASE  GRACE  CONDITIONS
May 25 17:22:34.650: INFO: 
May 25 17:22:34.726: INFO: skipping dumping cluster info - cluster too large
May 25 17:22:34.766: INFO: Deleted {user.openshift.io/v1, Resource=users  e2e-test-request-headers-np7qr-user}, err: <nil>
May 25 17:22:34.809: INFO: Deleted {oauth.openshift.io/v1, Resource=oauthclients  e2e-client-e2e-test-request-headers-np7qr}, err: <nil>
May 25 17:22:34.856: INFO: Deleted {oauth.openshift.io/v1, Resource=oauthaccesstokens  sha256~-Nva0r5JbSEcGTB6TC2vQdoNYRAjd2FxtutS0-Ieytw}, err: <nil>
[AfterEach] [Serial] [sig-auth][Feature:OAuthServer] [RequestHeaders] [IdP]
  github.com/openshift/origin/test/extended/util/client.go:152
STEP: Destroying namespace "e2e-test-request-headers-np7qr" for this suite.
fail [github.com/openshift/origin/test/extended/oauth/requestheaders.go:380]: Unexpected error:
    <*errors.StatusError | 0xc002094e60>: {
        ErrStatus: {
            TypeMeta: {Kind: "", APIVersion: ""},
            ListMeta: {
                SelfLink: "",
                ResourceVersion: "",
                Continue: "",
                RemainingItemCount: nil,
            },
            Status: "Failure",
            Message: "configmaps \"test-client-ca\" already exists",
            Reason: "AlreadyExists",
            Details: {
                Name: "test-client-ca",
                Group: "",
                Kind: "configmaps",
                UID: "",
                Causes: nil,
                RetryAfterSeconds: 0,
            },
            Code: 409,
        },
    }
    configmaps "test-client-ca" already exists
occurred

failed: (2.9s) 2022-05-25T15:22:34 "[Serial] [sig-auth][Feature:OAuthServer] [RequestHeaders] [IdP] test RequestHeaders IdP [Suite:openshift/conformance/serial]"


Timeline:

May 24 15:18:23.000 - 93849s I ns/openshift-cluster-version pod/cluster-version-operator-6cfd5fdfdd-6pmxd uid/029c045f-63f0-47e3-a1df-edec78f5f2e7 constructed/true reason/Created 
May 24 15:18:23.000 - 93849s I ns/openshift-cluster-version pod/cluster-version-operator-6cfd5fdfdd-6pmxd uid/029c045f-63f0-47e3-a1df-edec78f5f2e7 container/cluster-version-operator constructed/true reason/ContainerWait missed real "ContainerWait"
May 24 15:18:36.000 - 93836s I ns/openshift-network-operator pod/network-operator-7978bcf596-9vpls uid/6d601c3d-b9d5-4099-9bd2-7d66db5a7f28 constructed/true reason/Created 
May 24 15:18:36.000 - 93836s I ns/openshift-network-operator pod/network-operator-7978bcf596-9vpls uid/6d601c3d-b9d5-4099-9bd2-7d66db5a7f28 container/network-operator constructed/true reason/ContainerWait missed real "ContainerWait"
May 24 15:18:38.000 - 93834s I ns/openshift-dns-operator pod/dns-operator-7c5c7699f7-h7dtj uid/d514c8b4-ea3c-410a-9ac9-b495fca9502e constructed/true reason/Created 
May 24 15:18:38.000 - 93834s I ns/openshift-dns-operator pod/dns-operator-7c5c7699f7-h7dtj uid/d514c8b4-ea3c-410a-9ac9-b495fca9502e container/dns-operator constructed/true reason/ContainerWait missed real "ContainerWait"
May 24 15:18:38.000 - 93834s I ns/openshift-dns-operator pod/dns-operator-7c5c7699f7-h7dtj uid/d514c8b4-ea3c-410a-9ac9-b495fca9502e container/kube-rbac-proxy constructed/true reason/ContainerWait missed real "ContainerWait"
May 24 15:18:38.000 - 93834s I ns/openshift-kube-scheduler-operator pod/openshift-kube-scheduler-operator-7fd8dd7bb4-kqxr8 uid/6af09367-97ea-47f7-9632-3f44ac23a078 constructed/true reason/Created 
May 24 15:18:38.000 - 93834s I ns/openshift-kube-scheduler-operator pod/openshift-kube-scheduler-operator-7fd8dd7bb4-kqxr8 uid/6af09367-97ea-47f7-9632-3f44ac23a078 container/kube-scheduler-operator-container constructed/true reason/ContainerWait missed real "ContainerWait"
May 24 15:18:38.000 - 93834s I ns/openshift-apiserver-operator pod/openshift-apiserver-operator-74f4c55bb7-h85x9 uid/c2c9f8c7-b631-4284-93a4-87f23c96f1f4 constructed/true reason/Created 
May 24 15:18:38.000 - 93834s I ns/openshift-apiserver-operator pod/openshift-apiserver-operator-74f4c55bb7-h85x9 uid/c2c9f8c7-b631-4284-93a4-87f23c96f1f4 container/openshift-apiserver-operator constructed/true reason/ContainerWait missed real "ContainerWait"
May 24 15:18:38.000 - 93834s I ns/openshift-kube-controller-manager-operator pod/kube-controller-manager-operator-f694d7bcb-sfd9s uid/5b660358-fe07-4210-b8ec-722862cc33c7 constructed/true reason/Created 
May 24 15:18:38.000 - 93834s I ns/openshift-kube-controller-manager-operator pod/kube-controller-manager-operator-f694d7bcb-sfd9s uid/5b660358-fe07-4210-b8ec-722862cc33c7 container/kube-controller-manager-operator constructed/true reason/ContainerWait missed real "ContainerWait"
May 24 15:18:40.000 - 93832s I ns/openshift-controller-manager-operator pod/openshift-controller-manager-operator-84dddf5fd5-mddbg uid/1ebe4302-45ea-456f-92ef-c7ba6a3e6671 constructed/true reason/Created 
May 24 15:18:40.000 - 93832s I ns/openshift-controller-manager-operator pod/openshift-controller-manager-operator-84dddf5fd5-mddbg uid/1ebe4302-45ea-456f-92ef-c7ba6a3e6671 container/openshift-controller-manager-operator constructed/true reason/ContainerWait missed real "ContainerWait"
May 24 15:18:40.000 - 93832s I ns/openshift-service-ca-operator pod/service-ca-operator-8544744867-99s28 uid/ddc21fe5-bb2d-4c35-a9af-53696852301c constructed/true reason/Created 
May 24 15:18:40.000 - 93832s I ns/openshift-service-ca-operator pod/service-ca-operator-8544744867-99s28 uid/ddc21fe5-bb2d-4c35-a9af-53696852301c container/service-ca-operator constructed/true reason/ContainerWait missed real "ContainerWait"
May 24 15:18:40.000 - 93832s I ns/openshift-kube-storage-version-migrator-operator pod/kube-storage-version-migrator-operator-f6d9d5d6f-dbjz7 uid/002e57d4-71be-4af7-950e-5db59395941c constructed/true reason/Created 
May 24 15:18:40.000 - 93832s I ns/openshift-kube-storage-version-migrator-operator pod/kube-storage-version-migrator-operator-f6d9d5d6f-dbjz7 uid/002e57d4-71be-4af7-950e-5db59395941c container/kube-storage-version-migrator-operator constructed/true reason/ContainerWait missed real "ContainerWait"
May 24 15:18:41.000 - 93831s I ns/openshift-marketplace pod/marketplace-operator-67dbd44ff-9rsxr uid/cb2c2c9a-8749-4901-a962-baf6fb3a2896 constructed/true reason/Created 
May 24 15:18:41.000 - 93831s I ns/openshift-marketplace pod/marketplace-operator-67dbd44ff-9rsxr uid/cb2c2c9a-8749-4901-a962-baf6fb3a2896 container/marketplace-operator constructed/true reason/ContainerWait missed real "ContainerWait"
May 24 15:18:43.000 - 93829s I ns/openshift-etcd-operator pod/etcd-operator-78df884ff7-tjcbp uid/bee7cb3e-00bc-4699-b08e-0f393cafdb1a constructed/true reason/Created 
May 24 15:18:43.000 - 93829s I ns/openshift-etcd-operator pod/etcd-operator-78df884ff7-tjcbp uid/bee7cb3e-00bc-4699-b08e-0f393cafdb1a container/etcd-operator constructed/true reason/ContainerWait missed real "ContainerWait"
May 24 15:18:43.000 - 93829s I ns/openshift-authentication-operator pod/authentication-operator-5d9d849d64-92lb4 uid/06045669-3112-401e-b439-45984bd11a54 constructed/true reason/Created 
May 24 15:18:43.000 - 93829s I ns/openshift-authentication-operator pod/authentication-operator-5d9d849d64-92lb4 uid/06045669-3112-401e-b439-45984bd11a54 container/authentication-operator constructed/true reason/ContainerWait missed real "ContainerWait"
May 24 15:18:46.000 - 93826s I ns/openshift-cloud-credential-operator pod/cloud-credential-operator-7fd64bcb56-cvdzm uid/54a2abfe-aba3-45f2-9a31-b2cdf072dc12 constructed/true reason/Created 
May 24 15:18:46.000 - 93826s I ns/openshift-cloud-credential-operator pod/cloud-credential-operator-7fd64bcb56-cvdzm uid/54a2abfe-aba3-45f2-9a31-b2cdf072dc12 container/kube-rbac-proxy constructed/true reason/ContainerWait missed real "ContainerWait"
May 24 15:18:46.000 - 93826s I ns/openshift-cloud-credential-operator pod/cloud-credential-operator-7fd64bcb56-cvdzm uid/54a2abfe-aba3-45f2-9a31-b2cdf072dc12 container/cloud-credential-operator constructed/true reason/ContainerWait missed real "ContainerWait"
May 24 15:18:54.000 - 93818s I ns/openshift-cluster-storage-operator pod/csi-snapshot-controller-operator-7cf88dff6c-jmjcm uid/3805d385-8803-428e-b8d2-43a12d75a533 constructed/true reason/Created 
May 24 15:18:54.000 - 93818s I ns/openshift-cluster-storage-operator pod/csi-snapshot-controller-operator-7cf88dff6c-jmjcm uid/3805d385-8803-428e-b8d2-43a12d75a533 container/csi-snapshot-controller-operator constructed/true reason/ContainerWait missed real "ContainerWait"
May 24 15:18:55.000 - 93817s I ns/openshift-config-operator pod/openshift-config-operator-55b86f9cc9-nmfml uid/c7cf346c-1f07-4c2a-b4c6-b32854bee2a2 constructed/true reason/Created 
May 24 15:18:55.000 - 93817s I ns/openshift-config-operator pod/openshift-config-operator-55b86f9cc9-nmfml uid/c7cf346c-1f07-4c2a-b4c6-b32854bee2a2 container/openshift-config-operator constructed/true reason/ContainerWait missed real "ContainerWait"
May 24 15:18:55.000 - 93817s I ns/openshift-machine-config-operator pod/machine-config-operator-5d45585dcd-vvws4 uid/412af165-90c0-434a-8474-db341fab0703 constructed/true reason/Created 
May 24 15:18:55.000 - 93817s I ns/openshift-machine-config-operator pod/machine-config-operator-5d45585dcd-vvws4 uid/412af165-90c0-434a-8474-db341fab0703 container/machine-config-operator constructed/true reason/ContainerWait missed real "ContainerWait"
May 24 15:18:58.000 - 93814s I ns/openshift-monitoring pod/cluster-monitoring-operator-857764879-x7xrs uid/4deae21c-3479-4fe3-9f77-3838dd406b3d constructed/true reason/Created 
May 24 15:18:58.000 - 93814s I ns/openshift-monitoring pod/cluster-monitoring-operator-857764879-x7xrs uid/4deae21c-3479-4fe3-9f77-3838dd406b3d container/cluster-monitoring-operator constructed/true reason/ContainerWait missed real "ContainerWait"
May 24 15:18:58.000 - 93814s I ns/openshift-monitoring pod/cluster-monitoring-operator-857764879-x7xrs uid/4deae21c-3479-4fe3-9f77-3838dd406b3d container/kube-rbac-proxy constructed/true reason/ContainerWait missed real "ContainerWait"
May 24 15:19:02.000 - 93810s I ns/openshift-cluster-machine-approver pod/machine-approver-b4468db55-4jkdg uid/4658d68e-9916-46f5-9556-07723356b4bc constructed/true reason/Created 
May 24 15:19:02.000 - 93810s I ns/openshift-cluster-machine-approver pod/machine-approver-b4468db55-4jkdg uid/4658d68e-9916-46f5-9556-07723356b4bc container/machine-approver-controller constructed/true reason/ContainerWait missed real "ContainerWait"
May 24 15:19:02.000 - 93810s I ns/openshift-cluster-machine-approver pod/machine-approver-b4468db55-4jkdg uid/4658d68e-9916-46f5-9556-07723356b4bc container/kube-rbac-proxy constructed/true reason/ContainerWait missed real "ContainerWait"
May 24 15:19:05.000 - 93807s I ns/openshift-ingress-operator pod/ingress-operator-d95cc7455-bmbs6 uid/b2fdf9eb-d1ed-49cd-ac6f-586d366bcef3 constructed/true reason/Created 
May 24 15:19:05.000 - 93807s I ns/openshift-ingress-operator pod/ingress-operator-d95cc7455-bmbs6 uid/b2fdf9eb-d1ed-49cd-ac6f-586d366bcef3 container/ingress-operator constructed/true reason/ContainerWait missed real "ContainerWait"
May 24 15:19:05.000 - 93807s I ns/openshift-ingress-operator pod/ingress-operator-d95cc7455-bmbs6 uid/b2fdf9eb-d1ed-49cd-ac6f-586d366bcef3 container/kube-rbac-proxy constructed/true reason/ContainerWait missed real "ContainerWait"
May 24 15:19:06.000 - 93806s I ns/openshift-cluster-node-tuning-operator pod/cluster-node-tuning-operator-c77757cb7-s8qvt uid/2a2264b1-aa90-41de-b514-26f2d4a7ffb8 constructed/true reason/Created 
May 24 15:19:06.000 - 93806s I ns/openshift-cluster-node-tuning-operator pod/cluster-node-tuning-operator-c77757cb7-s8qvt uid/2a2264b1-aa90-41de-b514-26f2d4a7ffb8 container/cluster-node-tuning-operator constructed/true reason/ContainerWait missed real "ContainerWait"
May 24 15:19:09.000 - 93803s I ns/openshift-kube-apiserver-operator pod/kube-apiserver-operator-765b885666-tlrfh uid/985f0889-dac5-4b57-89cf-d8ce56dd539e constructed/true reason/Created 
May 24 15:19:09.000 - 93803s I ns/openshift-kube-apiserver-operator pod/kube-apiserver-operator-765b885666-tlrfh uid/985f0889-dac5-4b57-89cf-d8ce56dd539e container/kube-apiserver-operator constructed/true reason/ContainerWait missed real "ContainerWait"
May 24 15:19:10.000 - 93802s I ns/openshift-operator-lifecycle-manager pod/package-server-manager-8b64d79cf-ntrft uid/5bffd21c-5820-4eb9-affd-faf8fbd721c7 constructed/true reason/Created 
May 24 15:19:10.000 - 93802s I ns/openshift-operator-lifecycle-manager pod/package-server-manager-8b64d79cf-ntrft uid/5bffd21c-5820-4eb9-affd-faf8fbd721c7 container/package-server-manager constructed/true reason/ContainerWait missed real "ContainerWait"
May 24 15:19:11.000 - 93801s I ns/openshift-image-registry pod/cluster-image-registry-operator-66cb4557c5-dflq4 uid/8801de45-e70d-4fec-bbef-436df967a55c constructed/true reason/Created 
May 24 15:19:11.000 - 93801s I ns/openshift-image-registry pod/cluster-image-registry-operator-66cb4557c5-dflq4 uid/8801de45-e70d-4fec-bbef-436df967a55c container/cluster-image-registry-operator constructed/true reason/ContainerWait missed real "ContainerWait"
May 24 15:19:11.000 - 93801s I ns/openshift-operator-lifecycle-manager pod/olm-operator-5b65fd9764-f6njs uid/09a310ed-a0c4-4381-9d5a-055aa640bef9 constructed/true reason/Created 
May 24 15:19:11.000 - 93801s I ns/openshift-operator-lifecycle-manager pod/olm-operator-5b65fd9764-f6njs uid/09a310ed-a0c4-4381-9d5a-055aa640bef9 container/olm-operator constructed/true reason/ContainerWait missed real "ContainerWait"
May 24 15:19:12.000 - 93800s I ns/openshift-insights pod/insights-operator-7d4bd6d7f8-jdmdx uid/39aa99ac-bff6-4e91-a0c1-b0c9eb9d65ff constructed/true reason/Created 
May 24 15:19:12.000 - 93800s I ns/openshift-insights pod/insights-operator-7d4bd6d7f8-jdmdx uid/39aa99ac-bff6-4e91-a0c1-b0c9eb9d65ff container/insights-operator constructed/true reason/ContainerWait missed real "ContainerWait"
May 24 15:19:12.000 - 93800s I ns/openshift-operator-lifecycle-manager pod/catalog-operator-686dd89d4b-4b5jx uid/d8b68cc3-ca53-4df2-ae76-60af42c8acac constructed/true reason/Created 
May 24 15:19:12.000 - 93800s I ns/openshift-operator-lifecycle-manager pod/catalog-operator-686dd89d4b-4b5jx uid/d8b68cc3-ca53-4df2-ae76-60af42c8acac container/catalog-operator constructed/true reason/ContainerWait missed real "ContainerWait"
May 24 15:19:12.000 - 93800s I ns/openshift-cluster-storage-operator pod/cluster-storage-operator-5868dc659d-gpm2m uid/31519a24-4b75-4998-a344-70d56020d0bc constructed/true reason/Created 
May 24 15:19:12.000 - 93800s I ns/openshift-cluster-storage-operator pod/cluster-storage-operator-5868dc659d-gpm2m uid/31519a24-4b75-4998-a344-70d56020d0bc container/cluster-storage-operator constructed/true reason/ContainerWait missed real "ContainerWait"
May 24 15:19:13.000 - 93799s I ns/openshift-cloud-controller-manager-operator pod/cluster-cloud-controller-manager-operator-76c598d447-59l5b uid/0c899937-1095-4812-a64e-0ea24ab0754d constructed/true reason/Created 
May 24 15:19:13.000 - 93799s I ns/openshift-cloud-controller-manager-operator pod/cluster-cloud-controller-manager-operator-76c598d447-59l5b uid/0c899937-1095-4812-a64e-0ea24ab0754d container/cluster-cloud-controller-manager constructed/true reason/ContainerWait missed real "ContainerWait"
May 24 15:19:13.000 - 93799s I ns/openshift-cloud-controller-manager-operator pod/cluster-cloud-controller-manager-operator-76c598d447-59l5b uid/0c899937-1095-4812-a64e-0ea24ab0754d container/config-sync-controllers constructed/true reason/ContainerWait missed real "ContainerWait"
May 24 15:19:13.000 - 93799s I ns/openshift-machine-api pod/cluster-autoscaler-operator-7d8db9f945-xx4mv uid/460d4317-e909-4e61-aa82-400c3563131e constructed/true reason/Created 
May 24 15:19:13.000 - 93799s I ns/openshift-machine-api pod/cluster-autoscaler-operator-7d8db9f945-xx4mv uid/460d4317-e909-4e61-aa82-400c3563131e container/cluster-autoscaler-operator constructed/true reason/ContainerWait missed real "ContainerWait"
May 24 15:19:13.000 - 93799s I ns/openshift-machine-api pod/cluster-autoscaler-operator-7d8db9f945-xx4mv uid/460d4317-e909-4e61-aa82-400c3563131e container/kube-rbac-proxy constructed/true reason/ContainerWait missed real "ContainerWait"
May 24 15:19:13.000 - 93799s I ns/openshift-machine-api pod/cluster-baremetal-operator-95767655-8flhf uid/dee4dc6e-935c-4a28-b150-b1f0a93570ce constructed/true reason/Created 
May 24 15:19:13.000 - 93799s I ns/openshift-machine-api pod/cluster-baremetal-operator-95767655-8flhf uid/dee4dc6e-935c-4a28-b150-b1f0a93570ce container/kube-rbac-proxy constructed/true reason/ContainerWait missed real "ContainerWait"
May 24 15:19:13.000 - 93799s I ns/openshift-machine-api pod/cluster-baremetal-operator-95767655-8flhf uid/dee4dc6e-935c-4a28-b150-b1f0a93570ce container/cluster-baremetal-operator constructed/true reason/ContainerWait missed real "ContainerWait"
May 24 15:19:16.000 - 93796s I ns/openshift-machine-api pod/machine-api-operator-74f886c87-rrtsm uid/60322e7e-76e8-44af-af3a-4fbb89b85777 constructed/true reason/Created 
May 24 15:19:16.000 - 93796s I ns/openshift-machine-api pod/machine-api-operator-74f886c87-rrtsm uid/60322e7e-76e8-44af-af3a-4fbb89b85777 container/machine-api-operator constructed/true reason/ContainerWait missed real "ContainerWait"
May 24 15:19:16.000 - 93796s I ns/openshift-machine-api pod/machine-api-operator-74f886c87-rrtsm uid/60322e7e-76e8-44af-af3a-4fbb89b85777 container/kube-rbac-proxy constructed/true reason/ContainerWait missed real "ContainerWait"
May 24 15:19:39.000 - 93773s I ns/openshift-cloud-network-config-controller pod/cloud-network-config-controller-6fc686dc98-mv2qj uid/716680f6-706d-4333-96eb-6e1fd50c074b constructed/true reason/Created 
May 24 15:19:39.000 - 93773s I ns/openshift-cloud-network-config-controller pod/cloud-network-config-controller-6fc686dc98-mv2qj uid/716680f6-706d-4333-96eb-6e1fd50c074b container/controller constructed/true reason/ContainerWait missed real "ContainerWait"
May 24 15:19:42.000 - 93770s I ns/openshift-multus pod/multus-nhsm9 uid/a4ac3da1-06de-4361-b6c2-b24db05b5471 constructed/true reason/Created 
May 24 15:19:42.000 - 93770s I ns/openshift-multus pod/multus-nhsm9 uid/a4ac3da1-06de-4361-b6c2-b24db05b5471 container/kube-multus constructed/true reason/ContainerWait missed real "ContainerWait"
May 24 15:19:42.000 - 93770s I ns/openshift-multus pod/multus-h8xg4 uid/a264ba34-33f7-46db-903c-6a80d3452a0e constructed/true reason/Created 
May 24 15:19:42.000 - 93770s I ns/openshift-multus pod/multus-h8xg4 uid/a264ba34-33f7-46db-903c-6a80d3452a0e container/kube-multus constructed/true reason/ContainerWait missed real "ContainerWait"
May 24 15:19:43.000 - 7s    I ns/openshift-multus pod/multus-additional-cni-plugins-t74qg uid/4d48f8b4-46e0-4891-954b-0735ae482d21 container/egress-router-binary-copy constructed/true reason/NotReady missed real "NotReady"
May 24 15:19:43.000 - 11s   I ns/openshift-multus pod/multus-additional-cni-plugins-7gjwc uid/92c101a1-1e3f-4a81-999f-02ccaf012925 container/egress-router-binary-copy constructed/true reason/NotReady missed real "NotReady"
May 24 15:19:43.000 - 21s   I ns/openshift-multus pod/multus-additional-cni-plugins-t74qg uid/4d48f8b4-46e0-4891-954b-0735ae482d21 container/cni-plugins constructed/true reason/NotReady missed real "NotReady"
May 24 15:19:43.000 - 24s   I ns/openshift-multus pod/multus-additional-cni-plugins-7gjwc uid/92c101a1-1e3f-4a81-999f-02ccaf012925 container/cni-plugins constructed/true reason/NotReady missed real "NotReady"
May 24 15:19:43.000 - 27s   I ns/openshift-multus pod/multus-additional-cni-plugins-t74qg uid/4d48f8b4-46e0-4891-954b-0735ae482d21 container/bond-cni-plugin constructed/true reason/NotReady missed real "NotReady"
May 24 15:19:43.000 - 30s   I ns/openshift-multus pod/multus-additional-cni-plugins-7gjwc uid/92c101a1-1e3f-4a81-999f-02ccaf012925 container/bond-cni-plugin constructed/true reason/NotReady missed real "NotReady"
May 24 15:19:43.000 - 32s   I ns/openshift-multus pod/multus-additional-cni-plugins-t74qg uid/4d48f8b4-46e0-4891-954b-0735ae482d21 container/routeoverride-cni constructed/true reason/NotReady missed real "NotReady"
May 24 15:19:43.000 - 35s   I ns/openshift-multus pod/multus-additional-cni-plugins-7gjwc uid/92c101a1-1e3f-4a81-999f-02ccaf012925 container/routeoverride-cni constructed/true reason/NotReady missed real "NotReady"
May 24 15:19:43.000 - 45s   I ns/openshift-multus pod/multus-additional-cni-plugins-7gjwc uid/92c101a1-1e3f-4a81-999f-02ccaf012925 container/whereabouts-cni-bincopy constructed/true reason/NotReady missed real "NotReady"
May 24 15:19:43.000 - 45s   I ns/openshift-multus pod/multus-additional-cni-plugins-7gjwc uid/92c101a1-1e3f-4a81-999f-02ccaf012925 container/whereabouts-cni constructed/true reason/NotReady missed real "NotReady"
May 24 15:19:43.000 - 52s   I ns/openshift-multus pod/multus-additional-cni-plugins-t74qg uid/4d48f8b4-46e0-4891-954b-0735ae482d21 container/whereabouts-cni-bincopy constructed/true reason/NotReady missed real "NotReady"
May 24 15:19:43.000 - 54s   I ns/openshift-multus pod/multus-additional-cni-plugins-t74qg uid/4d48f8b4-46e0-4891-954b-0735ae482d21 container/whereabouts-cni constructed/true reason/NotReady missed real "NotReady"
May 24 15:19:43.000 - 93769s I ns/openshift-multus pod/network-metrics-daemon-g7fn6 uid/e0507523-fd0e-4037-a09e-aa59a12c3c1a constructed/true reason/Created 
May 24 15:19:43.000 - 93769s I ns/openshift-multus pod/network-metrics-daemon-g7fn6 uid/e0507523-fd0e-4037-a09e-aa59a12c3c1a container/kube-rbac-proxy constructed/true reason/ContainerWait missed real "ContainerWait"
May 24 15:19:43.000 - 93769s I ns/openshift-multus pod/network-metrics-daemon-g7fn6 uid/e0507523-fd0e-4037-a09e-aa59a12c3c1a container/network-metrics-daemon constructed/true reason/ContainerWait missed real "ContainerWait"
May 24 15:19:43.000 - 93769s I ns/openshift-multus pod/multus-additional-cni-plugins-7gjwc uid/92c101a1-1e3f-4a81-999f-02ccaf012925 constructed/true reason/Created 
May 24 15:19:43.000 - 93769s I ns/openshift-multus pod/multus-additional-cni-plugins-7gjwc uid/92c101a1-1e3f-4a81-999f-02ccaf012925 container/kube-multus-additional-cni-plugins constructed/true reason/ContainerWait missed real "ContainerWait"
May 24 15:19:43.000 - 93769s I ns/openshift-multus pod/network-metrics-daemon-2cghf uid/5357f948-b25f-446d-bd50-170f4dd33187 constructed/true reason/Created 
May 24 15:19:43.000 - 93769s I ns/openshift-multus pod/network-metrics-daemon-2cghf uid/5357f948-b25f-446d-bd50-170f4dd33187 container/network-metrics-daemon constructed/true reason/ContainerWait missed real "ContainerWait"
May 24 15:19:43.000 - 93769s I ns/openshift-multus pod/network-metrics-daemon-2cghf uid/5357f948-b25f-446d-bd50-170f4dd33187 container/kube-rbac-proxy constructed/true reason/ContainerWait missed real "ContainerWait"
May 24 15:19:43.000 - 93769s I ns/openshift-multus pod/multus-additional-cni-plugins-t74qg uid/4d48f8b4-46e0-4891-954b-0735ae482d21 constructed/true reason/Created 
May 24 15:19:43.000 - 93769s I ns/openshift-multus pod/multus-additional-cni-plugins-t74qg uid/4d48f8b4-46e0-4891-954b-0735ae482d21 container/kube-multus-additional-cni-plugins constructed/true reason/ContainerWait missed real "ContainerWait"
May 24 15:19:50.000 I ns/openshift-multus pod/multus-additional-cni-plugins-t74qg uid/4d48f8b4-46e0-4891-954b-0735ae482d21 container/egress-router-binary-copy constructed/true reason/Ready 
May 24 15:19:51.000 - 93761s I ns/openshift-sdn pod/sdn-controller-jwqs9 uid/1ee791e1-9b9d-428a-8331-cefebf46b2b2 constructed/true reason/Created 
May 24 15:19:51.000 - 93761s I ns/openshift-sdn pod/sdn-controller-jwqs9 uid/1ee791e1-9b9d-428a-8331-cefebf46b2b2 container/sdn-controller constructed/true reason/ContainerWait missed real "ContainerWait"
May 24 15:19:51.000 - 93761s I ns/openshift-sdn pod/sdn-controller-jwqs9 uid/1ee791e1-9b9d-428a-8331-cefebf46b2b2 container/kube-rbac-proxy constructed/true reason/ContainerWait missed real "ContainerWait"
May 24 15:19:51.000 - 93761s I ns/openshift-sdn pod/sdn-controller-j86dp uid/548d6dae-e049-4e31-88e7-d87e12b367f1 constructed/true reason/Created 
May 24 15:19:51.000 - 93761s I ns/openshift-sdn pod/sdn-controller-j86dp uid/548d6dae-e049-4e31-88e7-d87e12b367f1 container/kube-rbac-proxy constructed/true reason/ContainerWait missed real "ContainerWait"
May 24 15:19:51.000 - 93761s I ns/openshift-sdn pod/sdn-controller-j86dp uid/548d6dae-e049-4e31-88e7-d87e12b367f1 container/sdn-controller constructed/true reason/ContainerWait missed real "ContainerWait"
May 24 15:19:52.000 - 93760s I ns/openshift-sdn pod/sdn-dh6fr uid/7ba72709-744b-4298-9b45-9d2ab245ad9d constructed/true reason/Created 
May 24 15:19:52.000 - 93760s I ns/openshift-sdn pod/sdn-dh6fr uid/7ba72709-744b-4298-9b45-9d2ab245ad9d container/sdn constructed/true reason/ContainerWait missed real "ContainerWait"
May 24 15:19:52.000 - 93760s I ns/openshift-sdn pod/sdn-dh6fr uid/7ba72709-744b-4298-9b45-9d2ab245ad9d container/kube-rbac-proxy constructed/true reason/ContainerWait missed real "ContainerWait"
May 24 15:19:52.000 - 93760s I ns/openshift-sdn pod/sdn-hngtd uid/ca5947dd-80e1-4019-a8e1-cf3ad1d4af25 constructed/true reason/Created 
May 24 15:19:52.000 - 93760s I ns/openshift-sdn pod/sdn-hngtd uid/ca5947dd-80e1-4019-a8e1-cf3ad1d4af25 container/kube-rbac-proxy constructed/true reason/ContainerWait missed real "ContainerWait"
May 24 15:19:52.000 - 93760s I ns/openshift-sdn pod/sdn-hngtd uid/ca5947dd-80e1-4019-a8e1-cf3ad1d4af25 container/sdn constructed/true reason/ContainerWait missed real "ContainerWait"
May 24 15:19:53.000 - 93759s I ns/openshift-network-diagnostics pod/network-check-source-74b5696f69-p5wnt uid/b3d2e79f-4261-42b1-8599-a1325a4ec7dc constructed/true reason/Created 
May 24 15:19:53.000 - 93759s I ns/openshift-network-diagnostics pod/network-check-source-74b5696f69-p5wnt uid/b3d2e79f-4261-42b1-8599-a1325a4ec7dc container/check-endpoints constructed/true reason/ContainerWait missed real "ContainerWait"
May 24 15:19:54.000 I ns/openshift-multus pod/multus-additional-cni-plugins-7gjwc uid/92c101a1-1e3f-4a81-999f-02ccaf012925 container/egress-router-binary-copy constructed/true reason/Ready 
May 24 15:19:54.000 - 93758s I ns/openshift-network-diagnostics pod/network-check-target-fnpnz uid/3c6f587d-392a-4ea5-82e4-1496a58fa80b constructed/true reason/Created 
May 24 15:19:54.000 - 93758s I ns/openshift-network-diagnostics pod/network-check-target-fnpnz uid/3c6f587d-392a-4ea5-82e4-1496a58fa80b container/network-check-target-container constructed/true reason/ContainerWait missed real "ContainerWait"
May 24 15:19:54.000 - 93758s I ns/openshift-network-diagnostics pod/network-check-target-rxslq uid/6ee93a86-dd1e-4dbf-9502-f7b685e45a9a constructed/true reason/Created 
May 24 15:19:54.000 - 93758s I ns/openshift-network-diagnostics pod/network-check-target-rxslq uid/6ee93a86-dd1e-4dbf-9502-f7b685e45a9a container/network-check-target-container constructed/true reason/ContainerWait missed real "ContainerWait"
May 24 15:20:04.000 I ns/openshift-multus pod/multus-additional-cni-plugins-t74qg uid/4d48f8b4-46e0-4891-954b-0735ae482d21 container/cni-plugins constructed/true reason/Ready 
May 24 15:20:07.000 I ns/openshift-multus pod/multus-additional-cni-plugins-7gjwc uid/92c101a1-1e3f-4a81-999f-02ccaf012925 container/cni-plugins constructed/true reason/Ready 
May 24 15:20:10.000 I ns/openshift-multus pod/multus-additional-cni-plugins-t74qg uid/4d48f8b4-46e0-4891-954b-0735ae482d21 container/bond-cni-plugin constructed/true reason/Ready 
May 24 15:20:10.000 - 93742s I ns/openshift-multus pod/multus-admission-controller-5b522 uid/1cac330c-7ff4-4801-86a3-acb9747a8448 constructed/true reason/Created 
May 24 15:20:10.000 - 93742s I ns/openshift-multus pod/multus-admission-controller-5b522 uid/1cac330c-7ff4-4801-86a3-acb9747a8448 container/multus-admission-controller constructed/true reason/ContainerWait missed real "ContainerWait"
May 24 15:20:10.000 - 93742s I ns/openshift-multus pod/multus-admission-controller-5b522 uid/1cac330c-7ff4-4801-86a3-acb9747a8448 container/kube-rbac-proxy constructed/true reason/ContainerWait missed real "ContainerWait"
May 24 15:20:12.000 - 93740s I ns/openshift-multus pod/multus-admission-controller-5lwfq uid/d3f7d397-7071-4c50-9c30-8fd2344db17f constructed/true reason/Created 
May 24 15:20:12.000 - 93740s I ns/openshift-multus pod/multus-admission-controller-5lwfq uid/d3f7d397-7071-4c50-9c30-8fd2344db17f container/multus-admission-controller constructed/true reason/ContainerWait missed real "ContainerWait"
May 24 15:20:12.000 - 93740s I ns/openshift-multus pod/multus-admission-controller-5lwfq uid/d3f7d397-7071-4c50-9c30-8fd2344db17f container/kube-rbac-proxy constructed/true reason/ContainerWait missed real "ContainerWait"
May 24 15:20:13.000 I ns/openshift-multus pod/multus-additional-cni-plugins-7gjwc uid/92c101a1-1e3f-4a81-999f-02ccaf012925 container/bond-cni-plugin constructed/true reason/Ready 
May 24 15:20:15.000 I ns/openshift-multus pod/multus-additional-cni-plugins-t74qg uid/4d48f8b4-46e0-4891-954b-0735ae482d21 container/routeoverride-cni constructed/true reason/Ready 
May 24 15:20:16.000 - 93736s I ns/openshift-machine-config-operator pod/machine-config-daemon-k65bl uid/0deb1653-7159-4084-a2e0-4ffdec8a3633 constructed/true reason/Created 
May 24 15:20:16.000 - 93736s I ns/openshift-machine-config-operator pod/machine-config-daemon-k65bl uid/0deb1653-7159-4084-a2e0-4ffdec8a3633 container/machine-config-daemon constructed/true reason/ContainerWait missed real "ContainerWait"
May 24 15:20:16.000 - 93736s I ns/openshift-machine-config-operator pod/machine-config-daemon-k65bl uid/0deb1653-7159-4084-a2e0-4ffdec8a3633 container/oauth-proxy constructed/true reason/ContainerWait missed real "ContainerWait"
May 24 15:20:16.000 - 93736s I ns/openshift-machine-config-operator pod/machine-config-daemon-654mn uid/2aff2036-3f35-4bca-9d6d-42385f8c771d constructed/true reason/Created 
May 24 15:20:16.000 - 93736s I ns/openshift-machine-config-operator pod/machine-config-daemon-654mn uid/2aff2036-3f35-4bca-9d6d-42385f8c771d container/machine-config-daemon constructed/true reason/ContainerWait missed real "ContainerWait"
May 24 15:20:16.000 - 93736s I ns/openshift-machine-config-operator pod/machine-config-daemon-654mn uid/2aff2036-3f35-4bca-9d6d-42385f8c771d container/oauth-proxy constructed/true reason/ContainerWait missed real "ContainerWait"
May 24 15:20:18.000 I ns/openshift-multus pod/multus-additional-cni-plugins-7gjwc uid/92c101a1-1e3f-4a81-999f-02ccaf012925 container/routeoverride-cni constructed/true reason/Ready 
May 24 15:20:28.000 I ns/openshift-multus pod/multus-additional-cni-plugins-7gjwc uid/92c101a1-1e3f-4a81-999f-02ccaf012925 container/whereabouts-cni-bincopy constructed/true reason/Ready 
May 24 15:20:28.000 I ns/openshift-multus pod/multus-additional-cni-plugins-7gjwc uid/92c101a1-1e3f-4a81-999f-02ccaf012925 container/whereabouts-cni constructed/true reason/Ready 
May 24 15:20:35.000 I ns/openshift-multus pod/multus-additional-cni-plugins-t74qg uid/4d48f8b4-46e0-4891-954b-0735ae482d21 container/whereabouts-cni-bincopy constructed/true reason/Ready 
May 24 15:20:37.000 I ns/openshift-multus pod/multus-additional-cni-plugins-t74qg uid/4d48f8b4-46e0-4891-954b-0735ae482d21 container/whereabouts-cni constructed/true reason/Ready 
May 24 15:20:38.000 - 93714s I ns/openshift-cluster-storage-operator pod/csi-snapshot-webhook-847bd94699-6rwh2 uid/0ead3ee0-9744-4db4-b1a3-411483f35a9b constructed/true reason/Created 
May 24 15:20:38.000 - 93714s I ns/openshift-cluster-storage-operator pod/csi-snapshot-webhook-847bd94699-6rwh2 uid/0ead3ee0-9744-4db4-b1a3-411483f35a9b container/webhook constructed/true reason/ContainerWait missed real "ContainerWait"
May 24 15:20:38.000 - 93714s I ns/openshift-cluster-storage-operator pod/csi-snapshot-webhook-847bd94699-78jgl uid/bfc13943-0512-49b2-a365-5d443fe5e990 constructed/true reason/Created 
May 24 15:20:38.000 - 93714s I ns/openshift-cluster-storage-operator pod/csi-snapshot-webhook-847bd94699-78jgl uid/bfc13943-0512-49b2-a365-5d443fe5e990 container/webhook constructed/true reason/ContainerWait missed real "ContainerWait"
May 24 15:20:40.000 - 93712s I ns/openshift-kube-storage-version-migrator pod/migrator-999c58497-h9qnp uid/6220cfc2-fb76-43c3-aff7-f1c36c8d935e constructed/true reason/Created 
May 24 15:20:40.000 - 93712s I ns/openshift-kube-storage-version-migrator pod/migrator-999c58497-h9qnp uid/6220cfc2-fb76-43c3-aff7-f1c36c8d935e container/migrator constructed/true reason/ContainerWait missed real "ContainerWait"
May 24 15:20:42.000 - 93710s I ns/openshift-cluster-storage-operator pod/csi-snapshot-controller-d5dcd7668-h9dnn uid/9f928ea5-3264-4835-accc-fe145a933727 constructed/true reason/Created 
May 24 15:20:42.000 - 93710s I ns/openshift-cluster-storage-operator pod/csi-snapshot-controller-d5dcd7668-h9dnn uid/9f928ea5-3264-4835-accc-fe145a933727 container/snapshot-controller constructed/true reason/ContainerWait missed real "ContainerWait"
May 24 15:20:42.000 - 93710s I ns/openshift-cluster-storage-operator pod/csi-snapshot-controller-d5dcd7668-dpzgb uid/e5f7acb3-d5ba-45ef-9fad-64b65b07f102 constructed/true reason/Created 
May 24 15:20:42.000 - 93710s I ns/openshift-cluster-storage-operator pod/csi-snapshot-controller-d5dcd7668-dpzgb uid/e5f7acb3-d5ba-45ef-9fad-64b65b07f102 container/snapshot-controller constructed/true reason/ContainerWait missed real "ContainerWait"
May 24 15:20:44.000 - 93708s I ns/openshift-service-ca pod/service-ca-679bcff8cf-7mqwh uid/61195f29-2bb7-4687-95c2-1e2b07ffdb53 constructed/true reason/Created 
May 24 15:20:44.000 - 93708s I ns/openshift-service-ca pod/service-ca-679bcff8cf-7mqwh uid/61195f29-2bb7-4687-95c2-1e2b07ffdb53 container/service-ca-controller constructed/true reason/ContainerWait missed real "ContainerWait"
May 24 15:20:46.000 - 93706s I ns/openshift-cluster-csi-drivers pod/aws-ebs-csi-driver-operator-6d5d78bd4c-ntp2m uid/5423284b-0aef-42cf-a160-21ff3589e300 constructed/true reason/Created 
May 24 15:20:46.000 - 93706s I ns/openshift-cluster-csi-drivers pod/aws-ebs-csi-driver-operator-6d5d78bd4c-ntp2m uid/5423284b-0aef-42cf-a160-21ff3589e300 container/aws-ebs-csi-driver-operator constructed/true reason/ContainerWait missed real "ContainerWait"
May 24 15:20:59.000 - 93693s I ns/openshift-cluster-csi-drivers pod/aws-ebs-csi-driver-node-8wd9g uid/e47d6e77-6372-4904-b1d5-6cde674b528b constructed/true reason/Created 
May 24 15:20:59.000 - 93693s I ns/openshift-cluster-csi-drivers pod/aws-ebs-csi-driver-node-8wd9g uid/e47d6e77-6372-4904-b1d5-6cde674b528b container/csi-node-driver-registrar constructed/true reason/ContainerWait missed real "ContainerWait"
May 24 15:20:59.000 - 93693s I ns/openshift-cluster-csi-drivers pod/aws-ebs-csi-driver-node-8wd9g uid/e47d6e77-6372-4904-b1d5-6cde674b528b container/csi-liveness-probe constructed/true reason/ContainerWait missed real "ContainerWait"
May 24 15:20:59.000 - 93693s I ns/openshift-cluster-csi-drivers pod/aws-ebs-csi-driver-node-8wd9g uid/e47d6e77-6372-4904-b1d5-6cde674b528b container/csi-driver constructed/true reason/ContainerWait missed real "ContainerWait"
May 24 15:20:59.000 - 93693s I ns/openshift-cluster-csi-drivers pod/aws-ebs-csi-driver-node-mdzbs uid/c8925037-542f-465b-98c9-f4b1d77c6e34 constructed/true reason/Created 
May 24 15:20:59.000 - 93693s I ns/openshift-cluster-csi-drivers pod/aws-ebs-csi-driver-node-mdzbs uid/c8925037-542f-465b-98c9-f4b1d77c6e34 container/csi-node-driver-registrar constructed/true reason/ContainerWait missed real "ContainerWait"
May 24 15:20:59.000 - 93693s I ns/openshift-cluster-csi-drivers pod/aws-ebs-csi-driver-node-mdzbs uid/c8925037-542f-465b-98c9-f4b1d77c6e34 container/csi-driver constructed/true reason/ContainerWait missed real "ContainerWait"
May 24 15:20:59.000 - 93693s I ns/openshift-cluster-csi-drivers pod/aws-ebs-csi-driver-node-mdzbs uid/c8925037-542f-465b-98c9-f4b1d77c6e34 container/csi-liveness-probe constructed/true reason/ContainerWait missed real "ContainerWait"
May 24 15:21:01.000 - 93691s I ns/openshift-cluster-csi-drivers pod/aws-ebs-csi-driver-controller-778f667485-nb6nl uid/539b664d-e996-4698-a920-7f6aa34dc162 constructed/true reason/Created 
May 24 15:21:01.000 - 93691s I ns/openshift-cluster-csi-drivers pod/aws-ebs-csi-driver-controller-778f667485-nb6nl uid/539b664d-e996-4698-a920-7f6aa34dc162 container/csi-resizer constructed/true reason/ContainerWait missed real "ContainerWait"
May 24 15:21:01.000 - 93691s I ns/openshift-cluster-csi-drivers pod/aws-ebs-csi-driver-controller-778f667485-nb6nl uid/539b664d-e996-4698-a920-7f6aa34dc162 container/csi-attacher constructed/true reason/ContainerWait missed real "ContainerWait"
May 24 15:21:01.000 - 93691s I ns/openshift-cluster-csi-drivers pod/aws-ebs-csi-driver-controller-778f667485-nb6nl uid/539b664d-e996-4698-a920-7f6aa34dc162 container/csi-liveness-probe constructed/true reason/ContainerWait missed real "ContainerWait"
May 24 15:21:01.000 - 93691s I ns/openshift-cluster-csi-drivers pod/aws-ebs-csi-driver-controller-778f667485-nb6nl uid/539b664d-e996-4698-a920-7f6aa34dc162 container/csi-driver constructed/true reason/ContainerWait missed real "ContainerWait"
May 24 15:21:01.000 - 93691s I ns/openshift-cluster-csi-drivers pod/aws-ebs-csi-driver-controller-778f667485-nb6nl uid/539b664d-e996-4698-a920-7f6aa34dc162 container/driver-kube-rbac-proxy constructed/true reason/ContainerWait missed real "ContainerWait"
May 24 15:21:01.000 - 93691s I ns/openshift-cluster-csi-drivers pod/aws-ebs-csi-driver-controller-778f667485-nb6nl uid/539b664d-e996-4698-a920-7f6aa34dc162 container/snapshotter-kube-rbac-proxy constructed/true reason/ContainerWait missed real "ContainerWait"
May 24 15:21:01.000 - 93691s I ns/openshift-cluster-csi-drivers pod/aws-ebs-csi-driver-controller-778f667485-nb6nl uid/539b664d-e996-4698-a920-7f6aa34dc162 container/resizer-kube-rbac-proxy constructed/true reason/ContainerWait missed real "ContainerWait"
May 24 15:21:01.000 - 93691s I ns/openshift-cluster-csi-drivers pod/aws-ebs-csi-driver-controller-778f667485-nb6nl uid/539b664d-e996-4698-a920-7f6aa34dc162 container/csi-provisioner constructed/true reason/ContainerWait missed real "ContainerWait"
May 24 15:21:01.000 - 93691s I ns/openshift-cluster-csi-drivers pod/aws-ebs-csi-driver-controller-778f667485-nb6nl uid/539b664d-e996-4698-a920-7f6aa34dc162 container/provisioner-kube-rbac-proxy constructed/true reason/ContainerWait missed real "ContainerWait"
May 24 15:21:01.000 - 93691s I ns/openshift-cluster-csi-drivers pod/aws-ebs-csi-driver-controller-778f667485-nb6nl uid/539b664d-e996-4698-a920-7f6aa34dc162 container/csi-snapshotter constructed/true reason/ContainerWait missed real "ContainerWait"
May 24 15:21:01.000 - 93691s I ns/openshift-cluster-csi-drivers pod/aws-ebs-csi-driver-controller-778f667485-nb6nl uid/539b664d-e996-4698-a920-7f6aa34dc162 container/attacher-kube-rbac-proxy constructed/true reason/ContainerWait missed real "ContainerWait"
May 24 15:21:21.000 - 93671s I ns/openshift-operator-lifecycle-manager pod/packageserver-745fd66bcc-wjdbk uid/5514c145-89aa-4e34-89c2-433db43ad4d4 constructed/true reason/Created 
May 24 15:21:21.000 - 93671s I ns/openshift-operator-lifecycle-manager pod/packageserver-745fd66bcc-wjdbk uid/5514c145-89aa-4e34-89c2-433db43ad4d4 container/packageserver constructed/true reason/ContainerWait missed real "ContainerWait"
May 24 15:21:21.000 - 93671s I ns/openshift-operator-lifecycle-manager pod/packageserver-745fd66bcc-6xk5g uid/a5dd4e10-2e60-41f9-a695-c56466d933f4 constructed/true reason/Created 
May 24 15:21:21.000 - 93671s I ns/openshift-operator-lifecycle-manager pod/packageserver-745fd66bcc-6xk5g uid/a5dd4e10-2e60-41f9-a695-c56466d933f4 container/packageserver constructed/true reason/ContainerWait missed real "ContainerWait"
May 24 15:21:36.000 - 93656s I ns/openshift-monitoring pod/prometheus-operator-admission-webhook-587f88cbb-ll7l4 uid/64594385-67a2-40ac-9376-81d3175573dd constructed/true reason/Created 
May 24 15:21:36.000 - 93656s I ns/openshift-monitoring pod/prometheus-operator-admission-webhook-587f88cbb-ll7l4 uid/64594385-67a2-40ac-9376-81d3175573dd container/prometheus-operator-admission-webhook constructed/true reason/ContainerWait missed real "ContainerWait"
May 24 15:21:36.000 - 93656s I ns/openshift-monitoring pod/prometheus-operator-admission-webhook-587f88cbb-tlqk4 uid/4e2cc56d-d4b8-444c-a6b9-fd84d48b3b2b constructed/true reason/Created 
May 24 15:21:36.000 - 93656s I ns/openshift-monitoring pod/prometheus-operator-admission-webhook-587f88cbb-tlqk4 uid/4e2cc56d-d4b8-444c-a6b9-fd84d48b3b2b container/prometheus-operator-admission-webhook constructed/true reason/ContainerWait missed real "ContainerWait"
May 24 15:21:37.000 - 93655s I ns/openshift-machine-api pod/machine-api-controllers-796fcb7bbf-6zpd9 uid/f062f376-7577-48a6-ac32-436eab5125ac constructed/true reason/Created 
May 24 15:21:37.000 - 93655s I ns/openshift-machine-api pod/machine-api-controllers-796fcb7bbf-6zpd9 uid/f062f376-7577-48a6-ac32-436eab5125ac container/kube-rbac-proxy-machine-mtrc constructed/true reason/ContainerWait missed real "ContainerWait"
May 24 15:21:37.000 - 93655s I ns/openshift-machine-api pod/machine-api-controllers-796fcb7bbf-6zpd9 uid/f062f376-7577-48a6-ac32-436eab5125ac container/nodelink-controller constructed/true reason/ContainerWait missed real "ContainerWait"
May 24 15:21:37.000 - 93655s I ns/openshift-machine-api pod/machine-api-controllers-796fcb7bbf-6zpd9 uid/f062f376-7577-48a6-ac32-436eab5125ac container/kube-rbac-proxy-mhc-mtrc constructed/true reason/ContainerWait missed real "ContainerWait"
May 24 15:21:37.000 - 93655s I ns/openshift-machine-api pod/machine-api-controllers-796fcb7bbf-6zpd9 uid/f062f376-7577-48a6-ac32-436eab5125ac container/machine-controller constructed/true reason/ContainerWait missed real "ContainerWait"
May 24 15:21:37.000 - 93655s I ns/openshift-machine-api pod/machine-api-controllers-796fcb7bbf-6zpd9 uid/f062f376-7577-48a6-ac32-436eab5125ac container/kube-rbac-proxy-machineset-mtrc constructed/true reason/ContainerWait missed real "ContainerWait"
May 24 15:21:37.000 - 93655s I ns/openshift-machine-api pod/machine-api-controllers-796fcb7bbf-6zpd9 uid/f062f376-7577-48a6-ac32-436eab5125ac container/machineset-controller constructed/true reason/ContainerWait missed real "ContainerWait"
May 24 15:21:37.000 - 93655s I ns/openshift-machine-api pod/machine-api-controllers-796fcb7bbf-6zpd9 uid/f062f376-7577-48a6-ac32-436eab5125ac container/machine-healthcheck-controller constructed/true reason/ContainerWait missed real "ContainerWait"
May 24 15:21:37.000 - 93655s I ns/openshift-machine-config-operator pod/machine-config-controller-cb944b7cc-ngplx uid/19197486-4f00-415e-a8c7-7be05d8be85e constructed/true reason/Created 
May 24 15:21:37.000 - 93655s I ns/openshift-machine-config-operator pod/machine-config-controller-cb944b7cc-ngplx uid/19197486-4f00-415e-a8c7-7be05d8be85e container/machine-config-controller constructed/true reason/ContainerWait missed real "ContainerWait"
May 24 15:21:37.000 - 93655s I ns/openshift-machine-config-operator pod/machine-config-controller-cb944b7cc-ngplx uid/19197486-4f00-415e-a8c7-7be05d8be85e container/oauth-proxy constructed/true reason/ContainerWait missed real "ContainerWait"
May 24 15:21:42.000 - 93650s I ns/openshift-dns pod/dns-default-fxlv9 uid/b7cd65fe-9f2a-4882-a509-b2c4d33f3719 constructed/true reason/Created 
May 24 15:21:42.000 - 93650s I ns/openshift-dns pod/dns-default-fxlv9 uid/b7cd65fe-9f2a-4882-a509-b2c4d33f3719 container/kube-rbac-proxy constructed/true reason/ContainerWait missed real "ContainerWait"
May 24 15:21:42.000 - 93650s I ns/openshift-dns pod/dns-default-fxlv9 uid/b7cd65fe-9f2a-4882-a509-b2c4d33f3719 container/dns constructed/true reason/ContainerWait missed real "ContainerWait"
May 24 15:21:42.000 - 93650s I ns/openshift-dns pod/node-resolver-fz57f uid/0fbba3e2-33e5-404a-a18e-655583e66685 constructed/true reason/Created 
May 24 15:21:42.000 - 93650s I ns/openshift-dns pod/node-resolver-fz57f uid/0fbba3e2-33e5-404a-a18e-655583e66685 container/dns-node-resolver constructed/true reason/ContainerWait missed real "ContainerWait"
May 24 15:21:42.000 - 93650s I ns/openshift-dns pod/dns-default-2slbl uid/f90ced6f-14fd-47f8-983a-5c61497d147f constructed/true reason/Created 
May 24 15:21:42.000 - 93650s I ns/openshift-dns pod/dns-default-2slbl uid/f90ced6f-14fd-47f8-983a-5c61497d147f container/kube-rbac-proxy constructed/true reason/ContainerWait missed real "ContainerWait"
May 24 15:21:42.000 - 93650s I ns/openshift-dns pod/dns-default-2slbl uid/f90ced6f-14fd-47f8-983a-5c61497d147f container/dns constructed/true reason/ContainerWait missed real "ContainerWait"
May 24 15:21:42.000 - 93650s I ns/openshift-dns pod/node-resolver-nrr2n uid/2cbc837e-41da-4da7-b835-bce7f6ec043c constructed/true reason/Created 
May 24 15:21:42.000 - 93650s I ns/openshift-dns pod/node-resolver-nrr2n uid/2cbc837e-41da-4da7-b835-bce7f6ec043c container/dns-node-resolver constructed/true reason/ContainerWait missed real "ContainerWait"
May 24 15:21:43.000 - 93649s I ns/openshift-machine-config-operator pod/machine-config-server-xsmzh uid/3c78740b-2f95-435e-8b30-ba106422bd6d constructed/true reason/Created 
May 24 15:21:43.000 - 93649s I ns/openshift-machine-config-operator pod/machine-config-server-xsmzh uid/3c78740b-2f95-435e-8b30-ba106422bd6d container/machine-config-server constructed/true reason/ContainerWait missed real "ContainerWait"
May 24 15:21:43.000 - 93649s I ns/openshift-machine-config-operator pod/machine-config-server-tfqhm uid/d69d46c5-bebf-4b55-bf4d-8cac0ca8c843 constructed/true reason/Created 
May 24 15:21:43.000 - 93649s I ns/openshift-machine-config-operator pod/machine-config-server-tfqhm uid/d69d46c5-bebf-4b55-bf4d-8cac0ca8c843 container/machine-config-server constructed/true reason/ContainerWait missed real "ContainerWait"
May 24 15:21:45.000 - 93647s I ns/openshift-cluster-csi-drivers pod/aws-ebs-csi-driver-controller-778f667485-64vl2 uid/0ff75d6c-faf7-42e0-aba1-c5487efe39b4 constructed/true reason/Created 
May 24 15:21:45.000 - 93647s I ns/openshift-cluster-csi-drivers pod/aws-ebs-csi-driver-controller-778f667485-64vl2 uid/0ff75d6c-faf7-42e0-aba1-c5487efe39b4 container/csi-resizer constructed/true reason/ContainerWait missed real "ContainerWait"
May 24 15:21:45.000 - 93647s I ns/openshift-cluster-csi-drivers pod/aws-ebs-csi-driver-controller-778f667485-64vl2 uid/0ff75d6c-faf7-42e0-aba1-c5487efe39b4 container/csi-provisioner constructed/true reason/ContainerWait missed real "ContainerWait"
May 24 15:21:45.000 - 93647s I ns/openshift-cluster-csi-drivers pod/aws-ebs-csi-driver-controller-778f667485-64vl2 uid/0ff75d6c-faf7-42e0-aba1-c5487efe39b4 container/csi-snapshotter constructed/true reason/ContainerWait missed real "ContainerWait"
May 24 15:21:45.000 - 93647s I ns/openshift-cluster-csi-drivers pod/aws-ebs-csi-driver-controller-778f667485-64vl2 uid/0ff75d6c-faf7-42e0-aba1-c5487efe39b4 container/csi-driver constructed/true reason/ContainerWait missed real "ContainerWait"
May 24 15:21:45.000 - 93647s I ns/openshift-cluster-csi-drivers pod/aws-ebs-csi-driver-controller-778f667485-64vl2 uid/0ff75d6c-faf7-42e0-aba1-c5487efe39b4 container/csi-liveness-probe constructed/true reason/ContainerWait missed real "ContainerWait"
May 24 15:21:45.000 - 93647s I ns/openshift-cluster-csi-drivers pod/aws-ebs-csi-driver-controller-778f667485-64vl2 uid/0ff75d6c-faf7-42e0-aba1-c5487efe39b4 container/attacher-kube-rbac-proxy constructed/true reason/ContainerWait missed real "ContainerWait"
May 24 15:21:45.000 - 93647s I ns/openshift-cluster-csi-drivers pod/aws-ebs-csi-driver-controller-778f667485-64vl2 uid/0ff75d6c-faf7-42e0-aba1-c5487efe39b4 container/snapshotter-kube-rbac-proxy constructed/true reason/ContainerWait missed real "ContainerWait"
May 24 15:21:45.000 - 93647s I ns/openshift-cluster-csi-drivers pod/aws-ebs-csi-driver-controller-778f667485-64vl2 uid/0ff75d6c-faf7-42e0-aba1-c5487efe39b4 container/driver-kube-rbac-proxy constructed/true reason/ContainerWait missed real "ContainerWait"
May 24 15:21:45.000 - 93647s I ns/openshift-cluster-csi-drivers pod/aws-ebs-csi-driver-controller-778f667485-64vl2 uid/0ff75d6c-faf7-42e0-aba1-c5487efe39b4 container/provisioner-kube-rbac-proxy constructed/true reason/ContainerWait missed real "ContainerWait"
May 24 15:21:45.000 - 93647s I ns/openshift-cluster-csi-drivers pod/aws-ebs-csi-driver-controller-778f667485-64vl2 uid/0ff75d6c-faf7-42e0-aba1-c5487efe39b4 container/csi-attacher constructed/true reason/ContainerWait missed real "ContainerWait"
May 24 15:21:45.000 - 93647s I ns/openshift-cluster-csi-drivers pod/aws-ebs-csi-driver-controller-778f667485-64vl2 uid/0ff75d6c-faf7-42e0-aba1-c5487efe39b4 container/resizer-kube-rbac-proxy constructed/true reason/ContainerWait missed real "ContainerWait"
May 24 15:21:49.000 - 93643s I ns/openshift-cluster-node-tuning-operator pod/tuned-rxg46 uid/dfc34549-b932-49b7-a962-3fc149430efb constructed/true reason/Created 
May 24 15:21:49.000 - 93643s I ns/openshift-cluster-node-tuning-operator pod/tuned-rxg46 uid/dfc34549-b932-49b7-a962-3fc149430efb container/tuned constructed/true reason/ContainerWait missed real "ContainerWait"
May 24 15:21:49.000 - 93643s I ns/openshift-cluster-node-tuning-operator pod/tuned-pk2x4 uid/34bebe14-42ce-4363-9c68-8b97021d2fb2 constructed/true reason/Created 
May 24 15:21:49.000 - 93643s I ns/openshift-cluster-node-tuning-operator pod/tuned-pk2x4 uid/34bebe14-42ce-4363-9c68-8b97021d2fb2 container/tuned constructed/true reason/ContainerWait missed real "ContainerWait"
May 24 15:21:53.000 - 93639s I ns/openshift-marketplace pod/redhat-operators-xc72n uid/d7dff2b4-8bb6-4429-95e0-e17b9d5c023c constructed/true reason/Created 
May 24 15:21:53.000 - 93639s I ns/openshift-marketplace pod/redhat-operators-xc72n uid/d7dff2b4-8bb6-4429-95e0-e17b9d5c023c container/registry-server constructed/true reason/ContainerWait missed real "ContainerWait"
May 24 15:21:55.000 - 93637s I ns/openshift-ingress pod/router-default-6f6fcdcfbf-f7rjg uid/864f6c77-ad69-4d9b-91a8-8bde7b146df6 constructed/true reason/Created 
May 24 15:21:55.000 - 93637s I ns/openshift-ingress pod/router-default-6f6fcdcfbf-f7rjg uid/864f6c77-ad69-4d9b-91a8-8bde7b146df6 container/router constructed/true reason/ContainerWait missed real "ContainerWait"
May 24 15:21:55.000 - 93637s I ns/openshift-ingress pod/router-default-6f6fcdcfbf-ppjzn uid/b079e17c-502d-42b9-a06f-751b957af78e constructed/true reason/Created 
May 24 15:21:55.000 - 93637s I ns/openshift-ingress pod/router-default-6f6fcdcfbf-ppjzn uid/b079e17c-502d-42b9-a06f-751b957af78e container/router constructed/true reason/ContainerWait missed real "ContainerWait"
May 24 15:22:13.000 - 54s   I ns/openshift-kube-scheduler pod/installer-5-ip-10-0-174-32.eu-central-1.compute.internal uid/27fe04a4-5cc8-45fb-b234-9df1a7d034e1 constructed/true reason/Created 
May 24 15:22:13.000 - 54s   I ns/openshift-kube-scheduler pod/installer-5-ip-10-0-174-32.eu-central-1.compute.internal uid/27fe04a4-5cc8-45fb-b234-9df1a7d034e1 container/installer constructed/true reason/NotReady 
May 24 15:22:31.000 - 35s   I ns/openshift-kube-controller-manager pod/installer-5-ip-10-0-174-32.eu-central-1.compute.internal uid/fe61ee9b-77b8-4d6f-a64b-6d09e8cd18c5 constructed/true reason/Created 
May 24 15:22:31.000 - 35s   I ns/openshift-kube-controller-manager pod/installer-5-ip-10-0-174-32.eu-central-1.compute.internal uid/fe61ee9b-77b8-4d6f-a64b-6d09e8cd18c5 container/installer constructed/true reason/NotReady 
May 24 15:22:32.000 - 17s   I ns/openshift-multus pod/multus-additional-cni-plugins-s455f uid/18ccc14d-fd72-4587-9b09-c88e88a4ddd9 container/egress-router-binary-copy constructed/true reason/NotReady missed real "NotReady"
May 24 15:22:32.000 - 31s   I ns/openshift-multus pod/multus-additional-cni-plugins-s455f uid/18ccc14d-fd72-4587-9b09-c88e88a4ddd9 container/cni-plugins constructed/true reason/NotReady missed real "NotReady"
May 24 15:22:32.000 - 36s   I ns/openshift-multus pod/multus-additional-cni-plugins-s455f uid/18ccc14d-fd72-4587-9b09-c88e88a4ddd9 container/bond-cni-plugin constructed/true reason/NotReady missed real "NotReady"
May 24 15:22:32.000 - 42s   I ns/openshift-multus pod/multus-additional-cni-plugins-s455f uid/18ccc14d-fd72-4587-9b09-c88e88a4ddd9 container/routeoverride-cni constructed/true reason/NotReady missed real "NotReady"
May 24 15:22:32.000 - 52s   I ns/openshift-multus pod/multus-additional-cni-plugins-s455f uid/18ccc14d-fd72-4587-9b09-c88e88a4ddd9 container/whereabouts-cni-bincopy constructed/true reason/NotReady missed real "NotReady"
May 24 15:22:32.000 - 52s   I ns/openshift-multus pod/multus-additional-cni-plugins-s455f uid/18ccc14d-fd72-4587-9b09-c88e88a4ddd9 container/whereabouts-cni constructed/true reason/NotReady missed real "NotReady"
May 24 15:22:32.000 - 93600s I ns/openshift-multus pod/multus-skf9q uid/782e46a3-0cf6-4c9a-a170-853ff604cb87 constructed/true reason/Created 
May 24 15:22:32.000 - 93600s I ns/openshift-multus pod/multus-skf9q uid/782e46a3-0cf6-4c9a-a170-853ff604cb87 container/kube-multus constructed/true reason/ContainerWait missed real "ContainerWait"
May 24 15:22:32.000 - 93600s I ns/openshift-multus pod/network-metrics-daemon-pp7qb uid/9223fb9c-1e3b-43ee-b871-94272f057cb6 constructed/true reason/Created 
May 24 15:22:32.000 - 93600s I ns/openshift-multus pod/network-metrics-daemon-pp7qb uid/9223fb9c-1e3b-43ee-b871-94272f057cb6 container/kube-rbac-proxy constructed/true reason/ContainerWait missed real "ContainerWait"
May 24 15:22:32.000 - 93600s I ns/openshift-multus pod/network-metrics-daemon-pp7qb uid/9223fb9c-1e3b-43ee-b871-94272f057cb6 container/network-metrics-daemon constructed/true reason/ContainerWait missed real "ContainerWait"
May 24 15:22:32.000 - 93600s I ns/openshift-cluster-node-tuning-operator pod/tuned-kj4vz uid/efb1ea98-f145-467a-b2ee-9c9815a01f00 constructed/true reason/Created 
May 24 15:22:32.000 - 93600s I ns/openshift-cluster-node-tuning-operator pod/tuned-kj4vz uid/efb1ea98-f145-467a-b2ee-9c9815a01f00 container/tuned constructed/true reason/ContainerWait missed real "ContainerWait"
May 24 15:22:32.000 - 93600s I ns/openshift-network-diagnostics pod/network-check-target-cclmq uid/c2dac379-2367-42c2-823d-56425d22dd5a constructed/true reason/Created 
May 24 15:22:32.000 - 93600s I ns/openshift-network-diagnostics pod/network-check-target-cclmq uid/c2dac379-2367-42c2-823d-56425d22dd5a container/network-check-target-container constructed/true reason/ContainerWait missed real "ContainerWait"
May 24 15:22:32.000 - 93600s I ns/openshift-multus pod/multus-additional-cni-plugins-s455f uid/18ccc14d-fd72-4587-9b09-c88e88a4ddd9 constructed/true reason/Created 
May 24 15:22:32.000 - 93600s I ns/openshift-multus pod/multus-additional-cni-plugins-s455f uid/18ccc14d-fd72-4587-9b09-c88e88a4ddd9 container/kube-multus-additional-cni-plugins constructed/true reason/ContainerWait missed real "ContainerWait"
May 24 15:22:32.000 - 93600s I ns/openshift-cluster-csi-drivers pod/aws-ebs-csi-driver-node-qjwtm uid/cd48b5ad-bfd6-4d49-a553-a7e84e756233 constructed/true reason/Created 
May 24 15:22:32.000 - 93600s I ns/openshift-cluster-csi-drivers pod/aws-ebs-csi-driver-node-qjwtm uid/cd48b5ad-bfd6-4d49-a553-a7e84e756233 container/csi-liveness-probe constructed/true reason/ContainerWait missed real "ContainerWait"
May 24 15:22:32.000 - 93600s I ns/openshift-cluster-csi-drivers pod/aws-ebs-csi-driver-node-qjwtm uid/cd48b5ad-bfd6-4d49-a553-a7e84e756233 container/csi-node-driver-registrar constructed/true reason/ContainerWait missed real "ContainerWait"
May 24 15:22:32.000 - 93600s I ns/openshift-cluster-csi-drivers pod/aws-ebs-csi-driver-node-qjwtm uid/cd48b5ad-bfd6-4d49-a553-a7e84e756233 container/csi-driver constructed/true reason/ContainerWait missed real "ContainerWait"
May 24 15:22:32.000 - 93600s I ns/openshift-dns pod/node-resolver-tr7ng uid/78f026ed-80c4-4bfa-91f7-8b8614fbbbce constructed/true reason/Created 
May 24 15:22:32.000 - 93600s I ns/openshift-dns pod/node-resolver-tr7ng uid/78f026ed-80c4-4bfa-91f7-8b8614fbbbce container/dns-node-resolver constructed/true reason/ContainerWait missed real "ContainerWait"
May 24 15:22:32.000 - 93600s I ns/openshift-machine-config-operator pod/machine-config-daemon-ftqz7 uid/96ecc531-3056-4528-801b-d20843cc47bc constructed/true reason/Created 
May 24 15:22:32.000 - 93600s I ns/openshift-machine-config-operator pod/machine-config-daemon-ftqz7 uid/96ecc531-3056-4528-801b-d20843cc47bc container/oauth-proxy constructed/true reason/ContainerWait missed real "ContainerWait"
May 24 15:22:32.000 - 93600s I ns/openshift-machine-config-operator pod/machine-config-daemon-ftqz7 uid/96ecc531-3056-4528-801b-d20843cc47bc container/machine-config-daemon constructed/true reason/ContainerWait missed real "ContainerWait"
May 24 15:22:32.000 - 93600s I ns/openshift-sdn pod/sdn-controller-wv7lg uid/616fb3bf-e4ae-4ef5-af35-761f62d2d4db constructed/true reason/Created 
May 24 15:22:32.000 - 93600s I ns/openshift-sdn pod/sdn-controller-wv7lg uid/616fb3bf-e4ae-4ef5-af35-761f62d2d4db container/sdn-controller constructed/true reason/ContainerWait missed real "ContainerWait"
May 24 15:22:32.000 - 93600s I ns/openshift-sdn pod/sdn-controller-wv7lg uid/616fb3bf-e4ae-4ef5-af35-761f62d2d4db container/kube-rbac-proxy constructed/true reason/ContainerWait missed real "ContainerWait"
May 24 15:22:32.000 - 93600s I ns/openshift-sdn pod/sdn-z5cmh uid/c7a4eda9-773a-4d7b-a6ef-0479ebf99e60 constructed/true reason/Created 
May 24 15:22:32.000 - 93600s I ns/openshift-sdn pod/sdn-z5cmh uid/c7a4eda9-773a-4d7b-a6ef-0479ebf99e60 container/sdn constructed/true reason/ContainerWait missed real "ContainerWait"
May 24 15:22:32.000 - 93600s I ns/openshift-sdn pod/sdn-z5cmh uid/c7a4eda9-773a-4d7b-a6ef-0479ebf99e60 container/kube-rbac-proxy constructed/true reason/ContainerWait missed real "ContainerWait"
May 24 15:22:49.000 I ns/openshift-multus pod/multus-additional-cni-plugins-s455f uid/18ccc14d-fd72-4587-9b09-c88e88a4ddd9 container/egress-router-binary-copy constructed/true reason/Ready 
May 24 15:23:02.000 - 93570s I ns/openshift-dns pod/dns-default-ntvrf uid/12427cd9-3735-48da-863d-feb97c706dd8 constructed/true reason/Created 
May 24 15:23:02.000 - 93570s I ns/openshift-dns pod/dns-default-ntvrf uid/12427cd9-3735-48da-863d-feb97c706dd8 container/dns constructed/true reason/ContainerWait missed real "ContainerWait"
May 24 15:23:02.000 - 93570s I ns/openshift-dns pod/dns-default-ntvrf uid/12427cd9-3735-48da-863d-feb97c706dd8 container/kube-rbac-proxy constructed/true reason/ContainerWait missed real "ContainerWait"
May 24 15:23:02.000 - 93570s I ns/openshift-multus pod/multus-admission-controller-r92fx uid/d1c4bb12-aa84-4d8c-a17a-a66f2acc212b constructed/true reason/Created 
May 24 15:23:02.000 - 93570s I ns/openshift-multus pod/multus-admission-controller-r92fx uid/d1c4bb12-aa84-4d8c-a17a-a66f2acc212b container/multus-admission-controller constructed/true reason/ContainerWait missed real "ContainerWait"
May 24 15:23:02.000 - 93570s I ns/openshift-multus pod/multus-admission-controller-r92fx uid/d1c4bb12-aa84-4d8c-a17a-a66f2acc212b container/kube-rbac-proxy constructed/true reason/ContainerWait missed real "ContainerWait"
May 24 15:23:02.000 - 93570s I ns/openshift-machine-config-operator pod/machine-config-server-5cznc uid/8f1e32c4-8163-4867-a88c-c41010a6a4bf constructed/true reason/Created 
May 24 15:23:02.000 - 93570s I ns/openshift-machine-config-operator pod/machine-config-server-5cznc uid/8f1e32c4-8163-4867-a88c-c41010a6a4bf container/machine-config-server constructed/true reason/ContainerWait missed real "ContainerWait"
May 24 15:23:03.000 I ns/openshift-multus pod/multus-additional-cni-plugins-s455f uid/18ccc14d-fd72-4587-9b09-c88e88a4ddd9 container/cni-plugins constructed/true reason/Ready 
May 24 15:23:06.000 I ns/openshift-kube-controller-manager pod/installer-5-ip-10-0-174-32.eu-central-1.compute.internal uid/fe61ee9b-77b8-4d6f-a64b-6d09e8cd18c5 constructed/true reason/Scheduled node/ip-10-0-174-32.eu-central-1.compute.internal
May 24 15:23:07.000 I ns/openshift-kube-scheduler pod/installer-5-ip-10-0-174-32.eu-central-1.compute.internal uid/27fe04a4-5cc8-45fb-b234-9df1a7d034e1 constructed/true reason/Scheduled node/ip-10-0-174-32.eu-central-1.compute.internal
May 24 15:23:08.000 I ns/openshift-multus pod/multus-additional-cni-plugins-s455f uid/18ccc14d-fd72-4587-9b09-c88e88a4ddd9 container/bond-cni-plugin constructed/true reason/Ready 
May 24 15:23:12.000 - 93560s I ns/openshift-kube-controller-manager pod/kube-controller-manager-guard-ip-10-0-174-32.eu-central-1.compute.internal uid/a3c1dcdb-2fa9-4b32-bf88-549d190354c6 constructed/true reason/Created 
May 24 15:23:12.000 - 93560s I ns/openshift-kube-controller-manager pod/kube-controller-manager-guard-ip-10-0-174-32.eu-central-1.compute.internal uid/a3c1dcdb-2fa9-4b32-bf88-549d190354c6 container/guard constructed/true reason/ContainerWait missed real "ContainerWait"
May 24 15:23:12.000 - 93560s I ns/openshift-kube-scheduler pod/openshift-kube-scheduler-guard-ip-10-0-174-32.eu-central-1.compute.internal uid/b52c58af-5fc1-480d-8c02-869b55953014 constructed/true reason/Created 
May 24 15:23:12.000 - 93560s I ns/openshift-kube-scheduler pod/openshift-kube-scheduler-guard-ip-10-0-174-32.eu-central-1.compute.internal uid/b52c58af-5fc1-480d-8c02-869b55953014 container/guard constructed/true reason/ContainerWait missed real "ContainerWait"
May 24 15:23:14.000 I ns/openshift-multus pod/multus-additional-cni-plugins-s455f uid/18ccc14d-fd72-4587-9b09-c88e88a4ddd9 container/routeoverride-cni constructed/true reason/Ready 
May 24 15:23:23.000 - 93549s I ns/openshift-etcd pod/etcd-guard-ip-10-0-174-32.eu-central-1.compute.internal uid/7c902997-a27d-477f-95ac-2e2fae1ac0ec constructed/true reason/Created 
May 24 15:23:23.000 - 93549s I ns/openshift-etcd pod/etcd-guard-ip-10-0-174-32.eu-central-1.compute.internal uid/7c902997-a27d-477f-95ac-2e2fae1ac0ec container/guard constructed/true reason/ContainerWait missed real "ContainerWait"
May 24 15:23:24.000 I ns/openshift-multus pod/multus-additional-cni-plugins-s455f uid/18ccc14d-fd72-4587-9b09-c88e88a4ddd9 container/whereabouts-cni-bincopy constructed/true reason/Ready 
May 24 15:23:24.000 I ns/openshift-multus pod/multus-additional-cni-plugins-s455f uid/18ccc14d-fd72-4587-9b09-c88e88a4ddd9 container/whereabouts-cni constructed/true reason/Ready 
May 24 15:23:52.000 - 43s   I ns/openshift-kube-controller-manager pod/installer-5-ip-10-0-194-125.eu-central-1.compute.internal uid/816b7a38-f99b-409c-ae02-8d42b7c4c359 constructed/true reason/Created 
May 24 15:23:52.000 - 43s   I ns/openshift-kube-controller-manager pod/installer-5-ip-10-0-194-125.eu-central-1.compute.internal uid/816b7a38-f99b-409c-ae02-8d42b7c4c359 container/installer constructed/true reason/NotReady 
May 24 15:24:03.000 - 66s   I ns/openshift-etcd pod/installer-3-ip-10-0-194-125.eu-central-1.compute.internal uid/ad1e6e47-9978-4be2-acc9-7464aa220921 constructed/true reason/Created 
May 24 15:24:03.000 - 66s   I ns/openshift-etcd pod/installer-3-ip-10-0-194-125.eu-central-1.compute.internal uid/ad1e6e47-9978-4be2-acc9-7464aa220921 container/installer constructed/true reason/NotReady 
May 24 15:24:05.000 - 93507s I ns/openshift-kube-apiserver pod/kube-apiserver-guard-ip-10-0-174-32.eu-central-1.compute.internal uid/132c3cac-62a0-412f-942c-7da22391be10 constructed/true reason/Created 
May 24 15:24:05.000 - 93507s I ns/openshift-kube-apiserver pod/kube-apiserver-guard-ip-10-0-174-32.eu-central-1.compute.internal uid/132c3cac-62a0-412f-942c-7da22391be10 container/guard constructed/true reason/ContainerWait missed real "ContainerWait"
May 24 15:24:14.000 - 40s   I ns/openshift-kube-scheduler pod/installer-5-ip-10-0-194-125.eu-central-1.compute.internal uid/5ad7f15d-59cc-4605-b81b-a2fd50294f3b constructed/true reason/Created 
May 24 15:24:14.000 - 40s   I ns/openshift-kube-scheduler pod/installer-5-ip-10-0-194-125.eu-central-1.compute.internal uid/5ad7f15d-59cc-4605-b81b-a2fd50294f3b container/installer constructed/true reason/NotReady 
May 24 15:24:35.000 I ns/openshift-kube-controller-manager pod/installer-5-ip-10-0-194-125.eu-central-1.compute.internal uid/816b7a38-f99b-409c-ae02-8d42b7c4c359 constructed/true reason/Scheduled node/ip-10-0-194-125.eu-central-1.compute.internal
May 24 15:24:47.000 - 93465s I ns/openshift-kube-controller-manager pod/kube-controller-manager-guard-ip-10-0-194-125.eu-central-1.compute.internal uid/2c541dc3-daf2-4943-9736-6d7230939d99 constructed/true reason/Created 
May 24 15:24:47.000 - 93465s I ns/openshift-kube-controller-manager pod/kube-controller-manager-guard-ip-10-0-194-125.eu-central-1.compute.internal uid/2c541dc3-daf2-4943-9736-6d7230939d99 container/guard constructed/true reason/ContainerWait missed real "ContainerWait"
May 24 15:24:54.000 I ns/openshift-kube-scheduler pod/installer-5-ip-10-0-194-125.eu-central-1.compute.internal uid/5ad7f15d-59cc-4605-b81b-a2fd50294f3b constructed/true reason/Scheduled node/ip-10-0-194-125.eu-central-1.compute.internal
May 24 15:24:58.000 - 93454s I ns/openshift-kube-scheduler pod/openshift-kube-scheduler-guard-ip-10-0-194-125.eu-central-1.compute.internal uid/2f175ff0-b33a-47b4-964b-2baa4c181c08 constructed/true reason/Created 
May 24 15:24:58.000 - 93454s I ns/openshift-kube-scheduler pod/openshift-kube-scheduler-guard-ip-10-0-194-125.eu-central-1.compute.internal uid/2f175ff0-b33a-47b4-964b-2baa4c181c08 container/guard constructed/true reason/ContainerWait missed real "ContainerWait"
May 24 15:25:09.000 I ns/openshift-etcd pod/installer-3-ip-10-0-194-125.eu-central-1.compute.internal uid/ad1e6e47-9978-4be2-acc9-7464aa220921 constructed/true reason/Scheduled node/ip-10-0-194-125.eu-central-1.compute.internal
May 24 15:25:17.000 - 93435s I ns/openshift-etcd pod/etcd-guard-ip-10-0-194-125.eu-central-1.compute.internal uid/ffb3ee53-924b-4c0f-b7d4-69a119994faf constructed/true reason/Created 
May 24 15:25:17.000 - 93435s I ns/openshift-etcd pod/etcd-guard-ip-10-0-194-125.eu-central-1.compute.internal uid/ffb3ee53-924b-4c0f-b7d4-69a119994faf container/guard constructed/true reason/ContainerWait missed real "ContainerWait"
May 24 15:25:21.000 - 33s   I ns/openshift-kube-scheduler pod/installer-6-ip-10-0-194-125.eu-central-1.compute.internal uid/eb0524d0-ee7b-4dc1-906d-4a328d7deb97 constructed/true reason/Created 
May 24 15:25:21.000 - 33s   I ns/openshift-kube-scheduler pod/installer-6-ip-10-0-194-125.eu-central-1.compute.internal uid/eb0524d0-ee7b-4dc1-906d-4a328d7deb97 container/installer constructed/true reason/NotReady 
May 24 15:25:35.000 - 56s   I ns/openshift-kube-controller-manager pod/installer-6-ip-10-0-136-137.eu-central-1.compute.internal uid/420e9647-f0a2-4701-a22b-719f91bf099b constructed/true reason/Created 
May 24 15:25:35.000 - 56s   I ns/openshift-kube-controller-manager pod/installer-6-ip-10-0-136-137.eu-central-1.compute.internal uid/420e9647-f0a2-4701-a22b-719f91bf099b container/installer constructed/true reason/NotReady 
May 24 15:25:37.000 - 93415s I ns/openshift-cluster-samples-operator pod/cluster-samples-operator-78d4456668-45nqx uid/7965a56a-68c5-4a04-b23e-3904c3ed5ebc constructed/true reason/Created 
May 24 15:25:37.000 - 93415s I ns/openshift-cluster-samples-operator pod/cluster-samples-operator-78d4456668-45nqx uid/7965a56a-68c5-4a04-b23e-3904c3ed5ebc container/cluster-samples-operator-watch constructed/true reason/ContainerWait missed real "ContainerWait"
May 24 15:25:37.000 - 93415s I ns/openshift-cluster-samples-operator pod/cluster-samples-operator-78d4456668-45nqx uid/7965a56a-68c5-4a04-b23e-3904c3ed5ebc container/cluster-samples-operator constructed/true reason/ContainerWait missed real "ContainerWait"
May 24 15:25:41.000 - 93411s I ns/openshift-console-operator pod/console-operator-5ddbdb69c4-nf47x uid/57ef71eb-34fc-478a-9bb6-45aae072f413 constructed/true reason/Created 
May 24 15:25:41.000 - 93411s I ns/openshift-console-operator pod/console-operator-5ddbdb69c4-nf47x uid/57ef71eb-34fc-478a-9bb6-45aae072f413 container/console-operator constructed/true reason/ContainerWait missed real "ContainerWait"
May 24 15:25:53.000 - 93399s I ns/openshift-console pod/downloads-5f948684f-h7ss7 uid/a8bb34ce-6a0d-4a24-8c16-9b7d2507c377 constructed/true reason/Created 
May 24 15:25:53.000 - 93399s I ns/openshift-console pod/downloads-5f948684f-h7ss7 uid/a8bb34ce-6a0d-4a24-8c16-9b7d2507c377 container/download-server constructed/true reason/ContainerWait missed real "ContainerWait"
May 24 15:25:53.000 - 93399s I ns/openshift-console pod/downloads-5f948684f-nrc7s uid/50e8d3f2-0504-47cf-aee2-984db3390068 constructed/true reason/Created 
May 24 15:25:53.000 - 93399s I ns/openshift-console pod/downloads-5f948684f-nrc7s uid/50e8d3f2-0504-47cf-aee2-984db3390068 container/download-server constructed/true reason/ContainerWait missed real "ContainerWait"
May 24 13:25:53.947 - 15s   I ns/openshift-kube-scheduler pod/openshift-kube-scheduler-ip-10-0-194-125.eu-central-1.compute.internal uid/58f3c220-edf6-4d6a-bc93-b4bcda5585b0 container/wait-for-host-port constructed/true reason/NotReady missed real "NotReady"
May 24 13:25:53.947 - 93398s I ns/openshift-kube-scheduler pod/openshift-kube-scheduler-ip-10-0-194-125.eu-central-1.compute.internal uid/58f3c220-edf6-4d6a-bc93-b4bcda5585b0 constructed/true reason/Created 
May 24 13:25:53.947 - 93398s I ns/openshift-kube-scheduler pod/openshift-kube-scheduler-ip-10-0-194-125.eu-central-1.compute.internal uid/58f3c220-edf6-4d6a-bc93-b4bcda5585b0 container/kube-scheduler-cert-syncer constructed/true reason/ContainerWait missed real "ContainerWait"
May 24 13:25:53.947 - 93398s I ns/openshift-kube-scheduler pod/openshift-kube-scheduler-ip-10-0-194-125.eu-central-1.compute.internal uid/58f3c220-edf6-4d6a-bc93-b4bcda5585b0 container/kube-scheduler constructed/true reason/ContainerWait missed real "ContainerWait"
May 24 13:25:53.947 - 93398s I ns/openshift-kube-scheduler pod/openshift-kube-scheduler-ip-10-0-194-125.eu-central-1.compute.internal uid/58f3c220-edf6-4d6a-bc93-b4bcda5585b0 container/kube-scheduler-recovery-controller constructed/true reason/ContainerWait missed real "ContainerWait"
May 24 15:25:54.000 I ns/openshift-kube-scheduler pod/installer-6-ip-10-0-194-125.eu-central-1.compute.internal uid/eb0524d0-ee7b-4dc1-906d-4a328d7deb97 constructed/true reason/Scheduled node/ip-10-0-194-125.eu-central-1.compute.internal
May 24 15:25:55.000 - 35s   I ns/openshift-etcd pod/installer-5-ip-10-0-136-137.eu-central-1.compute.internal uid/9ba3800c-c001-44ff-b6f4-c0d77e8add1e constructed/true reason/Created 
May 24 15:25:55.000 - 35s   I ns/openshift-etcd pod/installer-5-ip-10-0-136-137.eu-central-1.compute.internal uid/9ba3800c-c001-44ff-b6f4-c0d77e8add1e container/installer constructed/true reason/NotReady 
May 24 15:26:09.000 I ns/openshift-kube-scheduler pod/openshift-kube-scheduler-ip-10-0-194-125.eu-central-1.compute.internal uid/58f3c220-edf6-4d6a-bc93-b4bcda5585b0 container/wait-for-host-port constructed/true reason/Ready 
May 24 15:26:30.000 I ns/openshift-etcd pod/installer-5-ip-10-0-136-137.eu-central-1.compute.internal uid/9ba3800c-c001-44ff-b6f4-c0d77e8add1e constructed/true reason/Scheduled node/ip-10-0-136-137.eu-central-1.compute.internal
May 24 15:26:31.000 I ns/openshift-kube-controller-manager pod/installer-6-ip-10-0-136-137.eu-central-1.compute.internal uid/420e9647-f0a2-4701-a22b-719f91bf099b constructed/true reason/Scheduled node/ip-10-0-136-137.eu-central-1.compute.internal
May 24 15:26:40.000 - 93352s I ns/openshift-etcd pod/etcd-guard-ip-10-0-136-137.eu-central-1.compute.internal uid/3e60af25-8373-43c7-aa1d-0993c3a1004e constructed/true reason/Created 
May 24 15:26:40.000 - 93352s I ns/openshift-etcd pod/etcd-guard-ip-10-0-136-137.eu-central-1.compute.internal uid/3e60af25-8373-43c7-aa1d-0993c3a1004e container/guard constructed/true reason/ContainerWait missed real "ContainerWait"
May 24 15:26:41.000 - 93351s I ns/openshift-kube-controller-manager pod/kube-controller-manager-guard-ip-10-0-136-137.eu-central-1.compute.internal uid/352d2212-ad0e-4591-8578-3c7e19a8e12d constructed/true reason/Created 
May 24 15:26:41.000 - 93351s I ns/openshift-kube-controller-manager pod/kube-controller-manager-guard-ip-10-0-136-137.eu-central-1.compute.internal uid/352d2212-ad0e-4591-8578-3c7e19a8e12d container/guard constructed/true reason/ContainerWait missed real "ContainerWait"
May 24 15:26:44.000 - 93348s I ns/openshift-image-registry pod/node-ca-lc8k7 uid/125f7b53-631b-45fa-9600-c0b6d27a24e2 constructed/true reason/Created 
May 24 15:26:44.000 - 93348s I ns/openshift-image-registry pod/node-ca-lc8k7 uid/125f7b53-631b-45fa-9600-c0b6d27a24e2 container/node-ca constructed/true reason/ContainerWait missed real "ContainerWait"
May 24 15:26:44.000 - 93348s I ns/openshift-image-registry pod/node-ca-9hzrv uid/5150ba0b-b857-4851-832e-b15a4993163e constructed/true reason/Created 
May 24 15:26:44.000 - 93348s I ns/openshift-image-registry pod/node-ca-9hzrv uid/5150ba0b-b857-4851-832e-b15a4993163e container/node-ca constructed/true reason/ContainerWait missed real "ContainerWait"
May 24 15:26:44.000 - 93348s I ns/openshift-image-registry pod/node-ca-nkzzn uid/e5408efd-ea9a-433c-beb6-ee14b93e297b constructed/true reason/Created 
May 24 15:26:44.000 - 93348s I ns/openshift-image-registry pod/node-ca-nkzzn uid/e5408efd-ea9a-433c-beb6-ee14b93e297b container/node-ca constructed/true reason/ContainerWait missed real "ContainerWait"
May 24 15:26:45.000 - 93347s I ns/openshift-image-registry pod/image-registry-858f6d8c78-4ldvc uid/a6d5cfaa-8cf2-4d11-bf33-7ae53a8580c0 constructed/true reason/Created 
May 24 15:26:45.000 - 93347s I ns/openshift-image-registry pod/image-registry-858f6d8c78-4ldvc uid/a6d5cfaa-8cf2-4d11-bf33-7ae53a8580c0 container/registry constructed/true reason/ContainerWait missed real "ContainerWait"
May 24 15:26:45.000 - 93347s I ns/openshift-image-registry pod/image-registry-858f6d8c78-x7bcn uid/2836a807-214c-4fa9-9ef9-b70fcbbe3d18 constructed/true reason/Created 
May 24 15:26:45.000 - 93347s I ns/openshift-image-registry pod/image-registry-858f6d8c78-x7bcn uid/2836a807-214c-4fa9-9ef9-b70fcbbe3d18 container/registry constructed/true reason/ContainerWait missed real "ContainerWait"
May 24 15:26:47.000 - 93345s I ns/openshift-cluster-csi-drivers pod/aws-ebs-csi-driver-node-jcfmh uid/2c82b414-adee-4349-8eb7-792561495cbf constructed/true reason/Created 
May 24 15:26:47.000 - 93345s I ns/openshift-cluster-csi-drivers pod/aws-ebs-csi-driver-node-jcfmh uid/2c82b414-adee-4349-8eb7-792561495cbf container/csi-liveness-probe constructed/true reason/ContainerWait missed real "ContainerWait"
May 24 15:26:47.000 - 93345s I ns/openshift-cluster-csi-drivers pod/aws-ebs-csi-driver-node-jcfmh uid/2c82b414-adee-4349-8eb7-792561495cbf container/csi-driver constructed/true reason/ContainerWait missed real "ContainerWait"
May 24 15:26:47.000 - 93345s I ns/openshift-cluster-csi-drivers pod/aws-ebs-csi-driver-node-jcfmh uid/2c82b414-adee-4349-8eb7-792561495cbf container/csi-node-driver-registrar constructed/true reason/ContainerWait missed real "ContainerWait"
May 24 15:26:47.000 - 93345s I ns/openshift-dns pod/node-resolver-678fb uid/0c1c40d3-9728-4632-8f19-757e5b2a862f constructed/true reason/Created 
May 24 15:26:47.000 - 93345s I ns/openshift-dns pod/node-resolver-678fb uid/0c1c40d3-9728-4632-8f19-757e5b2a862f container/dns-node-resolver constructed/true reason/ContainerWait missed real "ContainerWait"
May 24 15:26:48.000 - 5s    I ns/openshift-oauth-apiserver pod/apiserver-55cd9c6c66-2mkth uid/529da17c-9f2a-483f-abcb-31b598ba40e3 container/fix-audit-permissions constructed/true reason/NotReady missed real "NotReady"
May 24 15:26:48.000 - 17s   I ns/openshift-multus pod/multus-additional-cni-plugins-dx6mj uid/2821d192-d1c0-4f7e-89cf-a807c24246b7 container/egress-router-binary-copy constructed/true reason/NotReady missed real "NotReady"
May 24 15:26:48.000 - 17s   I ns/openshift-multus pod/multus-additional-cni-plugins-c7zl6 uid/c4ad4881-caec-4734-8599-c24cd56600bb container/egress-router-binary-copy constructed/true reason/NotReady missed real "NotReady"
May 24 15:26:48.000 - 31s   I ns/openshift-multus pod/multus-additional-cni-plugins-c7zl6 uid/c4ad4881-caec-4734-8599-c24cd56600bb container/cni-plugins constructed/true reason/NotReady missed real "NotReady"
May 24 15:26:48.000 - 32s   I ns/openshift-multus pod/multus-additional-cni-plugins-dx6mj uid/2821d192-d1c0-4f7e-89cf-a807c24246b7 container/cni-plugins constructed/true reason/NotReady missed real "NotReady"
May 24 15:26:48.000 - 36s   I ns/openshift-multus pod/multus-additional-cni-plugins-c7zl6 uid/c4ad4881-caec-4734-8599-c24cd56600bb container/bond-cni-plugin constructed/true reason/NotReady missed real "NotReady"
May 24 15:26:48.000 - 37s   I ns/openshift-multus pod/multus-additional-cni-plugins-dx6mj uid/2821d192-d1c0-4f7e-89cf-a807c24246b7 container/bond-cni-plugin constructed/true reason/NotReady missed real "NotReady"
May 24 15:26:48.000 - 41s   I ns/openshift-multus pod/multus-additional-cni-plugins-c7zl6 uid/c4ad4881-caec-4734-8599-c24cd56600bb container/routeoverride-cni constructed/true reason/NotReady missed real "NotReady"
May 24 15:26:48.000 - 44s   I ns/openshift-multus pod/multus-additional-cni-plugins-dx6mj uid/2821d192-d1c0-4f7e-89cf-a807c24246b7 container/routeoverride-cni constructed/true reason/NotReady missed real "NotReady"
May 24 15:26:48.000 - 52s   I ns/openshift-multus pod/multus-additional-cni-plugins-c7zl6 uid/c4ad4881-caec-4734-8599-c24cd56600bb container/whereabouts-cni-bincopy constructed/true reason/NotReady missed real "NotReady"
May 24 15:26:48.000 - 52s   I ns/openshift-multus pod/multus-additional-cni-plugins-c7zl6 uid/c4ad4881-caec-4734-8599-c24cd56600bb container/whereabouts-cni constructed/true reason/NotReady missed real "NotReady"
May 24 15:26:48.000 - 54s   I ns/openshift-multus pod/multus-additional-cni-plugins-dx6mj uid/2821d192-d1c0-4f7e-89cf-a807c24246b7 container/whereabouts-cni-bincopy constructed/true reason/NotReady missed real "NotReady"
May 24 15:26:48.000 - 55s   I ns/openshift-multus pod/multus-additional-cni-plugins-dx6mj uid/2821d192-d1c0-4f7e-89cf-a807c24246b7 container/whereabouts-cni constructed/true reason/NotReady missed real "NotReady"
May 24 15:26:48.000 - 93344s I ns/openshift-dns pod/node-resolver-6gnnm uid/4fe3818a-d8ae-48d1-8556-0b27bcbe6bfb constructed/true reason/Created 
May 24 15:26:48.000 - 93344s I ns/openshift-dns pod/node-resolver-6gnnm uid/4fe3818a-d8ae-48d1-8556-0b27bcbe6bfb container/dns-node-resolver constructed/true reason/ContainerWait missed real "ContainerWait"
May 24 15:26:48.000 - 93344s I ns/openshift-cluster-node-tuning-operator pod/tuned-pql8w uid/228a12ea-e18b-4d8c-af1d-d96686a87a2d constructed/true reason/Created 
May 24 15:26:48.000 - 93344s I ns/openshift-cluster-node-tuning-operator pod/tuned-pql8w uid/228a12ea-e18b-4d8c-af1d-d96686a87a2d container/tuned constructed/true reason/ContainerWait missed real "ContainerWait"
May 24 15:26:48.000 - 93344s I ns/openshift-sdn pod/sdn-tnj2l uid/f4d4ea2d-0179-482c-a7bd-cc5927a562c4 constructed/true reason/Created 
May 24 15:26:48.000 - 93344s I ns/openshift-sdn pod/sdn-tnj2l uid/f4d4ea2d-0179-482c-a7bd-cc5927a562c4 container/kube-rbac-proxy constructed/true reason/ContainerWait missed real "ContainerWait"
May 24 15:26:48.000 - 93344s I ns/openshift-sdn pod/sdn-tnj2l uid/f4d4ea2d-0179-482c-a7bd-cc5927a562c4 container/sdn constructed/true reason/ContainerWait missed real "ContainerWait"
May 24 15:26:48.000 - 93344s I ns/openshift-multus pod/multus-n59gm uid/31d65485-a318-40d8-95b3-1b16b3610d26 constructed/true reason/Created 
May 24 15:26:48.000 - 93344s I ns/openshift-multus pod/multus-n59gm uid/31d65485-a318-40d8-95b3-1b16b3610d26 container/kube-multus constructed/true reason/ContainerWait missed real "ContainerWait"
May 24 15:26:48.000 - 93344s I ns/openshift-multus pod/network-metrics-daemon-jsfgw uid/7e671292-f171-4caa-bb21-633ebe7679c9 constructed/true reason/Created 
May 24 15:26:48.000 - 93344s I ns/openshift-multus pod/network-metrics-daemon-jsfgw uid/7e671292-f171-4caa-bb21-633ebe7679c9 container/network-metrics-daemon constructed/true reason/ContainerWait missed real "ContainerWait"
May 24 15:26:48.000 - 93344s I ns/openshift-multus pod/network-metrics-daemon-jsfgw uid/7e671292-f171-4caa-bb21-633ebe7679c9 container/kube-rbac-proxy constructed/true reason/ContainerWait missed real "ContainerWait"
May 24 15:26:48.000 - 93344s I ns/openshift-multus pod/multus-additional-cni-plugins-c7zl6 uid/c4ad4881-caec-4734-8599-c24cd56600bb constructed/true reason/Created 
May 24 15:26:48.000 - 93344s I ns/openshift-multus pod/multus-additional-cni-plugins-c7zl6 uid/c4ad4881-caec-4734-8599-c24cd56600bb container/kube-multus-additional-cni-plugins constructed/true reason/ContainerWait missed real "ContainerWait"
May 24 15:26:48.000 - 93344s I ns/openshift-network-diagnostics pod/network-check-target-mz2wm uid/5091c0c7-632f-45c9-a9d1-f0986bb8cbb3 constructed/true reason/Created 
May 24 15:26:48.000 - 93344s I ns/openshift-network-diagnostics pod/network-check-target-mz2wm uid/5091c0c7-632f-45c9-a9d1-f0986bb8cbb3 container/network-check-target-container constructed/true reason/ContainerWait missed real "ContainerWait"
May 24 15:26:48.000 - 93344s I ns/openshift-multus pod/network-metrics-daemon-q2mkr uid/e5e5f1fc-3ad5-4cc9-8e32-2adf31832ff6 constructed/true reason/Created 
May 24 15:26:48.000 - 93344s I ns/openshift-multus pod/network-metrics-daemon-q2mkr uid/e5e5f1fc-3ad5-4cc9-8e32-2adf31832ff6 container/network-metrics-daemon constructed/true reason/ContainerWait missed real "ContainerWait"
May 24 15:26:48.000 - 93344s I ns/openshift-multus pod/network-metrics-daemon-q2mkr uid/e5e5f1fc-3ad5-4cc9-8e32-2adf31832ff6 container/kube-rbac-proxy constructed/true reason/ContainerWait missed real "ContainerWait"
May 24 15:26:48.000 - 93344s I ns/openshift-cluster-node-tuning-operator pod/tuned-tp6q7 uid/9a8db5a0-7906-4c3a-9b5d-6a51a488218f constructed/true reason/Created 
May 24 15:26:48.000 - 93344s I ns/openshift-cluster-node-tuning-operator pod/tuned-tp6q7 uid/9a8db5a0-7906-4c3a-9b5d-6a51a488218f container/tuned constructed/true reason/ContainerWait missed real "ContainerWait"
May 24 15:26:48.000 - 93344s I ns/openshift-network-diagnostics pod/network-check-target-jvtjp uid/b9dcab0d-6a24-4cdd-9eaf-d544911150f7 constructed/true reason/Created 
May 24 15:26:48.000 - 93344s I ns/openshift-network-diagnostics pod/network-check-target-jvtjp uid/b9dcab0d-6a24-4cdd-9eaf-d544911150f7 container/network-check-target-container constructed/true reason/ContainerWait missed real "ContainerWait"
May 24 15:26:48.000 - 93344s I ns/openshift-multus pod/multus-rg89x uid/7f6ca60a-ebc7-45a0-ad59-a4e45d96670e constructed/true reason/Created 
May 24 15:26:48.000 - 93344s I ns/openshift-multus pod/multus-rg89x uid/7f6ca60a-ebc7-45a0-ad59-a4e45d96670e container/kube-multus constructed/true reason/ContainerWait missed real "ContainerWait"
May 24 15:26:48.000 - 93344s I ns/openshift-image-registry pod/node-ca-5zdrp uid/019a9e70-cd98-4495-b3b1-d755d1fa0663 constructed/true reason/Created 
May 24 15:26:48.000 - 93344s I ns/openshift-image-registry pod/node-ca-5zdrp uid/019a9e70-cd98-4495-b3b1-d755d1fa0663 container/node-ca constructed/true reason/ContainerWait missed real "ContainerWait"
May 24 15:26:48.000 - 93344s I ns/openshift-image-registry pod/node-ca-8fq85 uid/2ee088da-ab91-45f2-bdfc-e60997e259ea constructed/true reason/Created 
May 24 15:26:48.000 - 93344s I ns/openshift-image-registry pod/node-ca-8fq85 uid/2ee088da-ab91-45f2-bdfc-e60997e259ea container/node-ca constructed/true reason/ContainerWait missed real "ContainerWait"
May 24 15:26:48.000 - 93344s I ns/openshift-machine-config-operator pod/machine-config-daemon-kqp76 uid/d4c40da9-9f2c-495b-87c4-0fea5080f447 constructed/true reason/Created 
May 24 15:26:48.000 - 93344s I ns/openshift-machine-config-operator pod/machine-config-daemon-kqp76 uid/d4c40da9-9f2c-495b-87c4-0fea5080f447 container/machine-config-daemon constructed/true reason/ContainerWait missed real "ContainerWait"
May 24 15:26:48.000 - 93344s I ns/openshift-machine-config-operator pod/machine-config-daemon-kqp76 uid/d4c40da9-9f2c-495b-87c4-0fea5080f447 container/oauth-proxy constructed/true reason/ContainerWait missed real "ContainerWait"
May 24 15:26:48.000 - 93344s I ns/openshift-multus pod/multus-additional-cni-plugins-dx6mj uid/2821d192-d1c0-4f7e-89cf-a807c24246b7 constructed/true reason/Created 
May 24 15:26:48.000 - 93344s I ns/openshift-multus pod/multus-additional-cni-plugins-dx6mj uid/2821d192-d1c0-4f7e-89cf-a807c24246b7 container/kube-multus-additional-cni-plugins constructed/true reason/ContainerWait missed real "ContainerWait"
May 24 15:26:48.000 - 93344s I ns/openshift-sdn pod/sdn-rknx2 uid/31ea151c-b002-447d-95a5-2c96de183a95 constructed/true reason/Created 
May 24 15:26:48.000 - 93344s I ns/openshift-sdn pod/sdn-rknx2 uid/31ea151c-b002-447d-95a5-2c96de183a95 container/sdn constructed/true reason/ContainerWait missed real "ContainerWait"
May 24 15:26:48.000 - 93344s I ns/openshift-sdn pod/sdn-rknx2 uid/31ea151c-b002-447d-95a5-2c96de183a95 container/kube-rbac-proxy constructed/true reason/ContainerWait missed real "ContainerWait"
May 24 15:26:48.000 - 93344s I ns/openshift-machine-config-operator pod/machine-config-daemon-s7vv7 uid/d4378f05-caa1-4938-ae15-5d6246582432 constructed/true reason/Created 
May 24 15:26:48.000 - 93344s I ns/openshift-machine-config-operator pod/machine-config-daemon-s7vv7 uid/d4378f05-caa1-4938-ae15-5d6246582432 container/machine-config-daemon constructed/true reason/ContainerWait missed real "ContainerWait"
May 24 15:26:48.000 - 93344s I ns/openshift-machine-config-operator pod/machine-config-daemon-s7vv7 uid/d4378f05-caa1-4938-ae15-5d6246582432 container/oauth-proxy constructed/true reason/ContainerWait missed real "ContainerWait"
May 24 15:26:48.000 - 93344s I ns/openshift-oauth-apiserver pod/apiserver-55cd9c6c66-2mkth uid/529da17c-9f2a-483f-abcb-31b598ba40e3 constructed/true reason/Created 
May 24 15:26:48.000 - 93344s I ns/openshift-oauth-apiserver pod/apiserver-55cd9c6c66-2mkth uid/529da17c-9f2a-483f-abcb-31b598ba40e3 container/oauth-apiserver constructed/true reason/ContainerWait missed real "ContainerWait"
May 24 15:26:48.000 - 93344s I ns/openshift-cluster-csi-drivers pod/aws-ebs-csi-driver-node-xvtj5 uid/b46a639e-f490-40d8-8a23-563b94f1eda6 constructed/true reason/Created 
May 24 15:26:48.000 - 93344s I ns/openshift-cluster-csi-drivers pod/aws-ebs-csi-driver-node-xvtj5 uid/b46a639e-f490-40d8-8a23-563b94f1eda6 container/csi-liveness-probe constructed/true reason/ContainerWait missed real "ContainerWait"
May 24 15:26:48.000 - 93344s I ns/openshift-cluster-csi-drivers pod/aws-ebs-csi-driver-node-xvtj5 uid/b46a639e-f490-40d8-8a23-563b94f1eda6 container/csi-driver constructed/true reason/ContainerWait missed real "ContainerWait"
May 24 15:26:48.000 - 93344s I ns/openshift-cluster-csi-drivers pod/aws-ebs-csi-driver-node-xvtj5 uid/b46a639e-f490-40d8-8a23-563b94f1eda6 container/csi-node-driver-registrar constructed/true reason/ContainerWait missed real "ContainerWait"
May 24 15:26:51.000 - 46s   I ns/openshift-apiserver pod/apiserver-68bb6bf5d-9s9w6 uid/7914093c-b969-4e9d-aa47-f236b833b4c9 container/fix-audit-permissions constructed/true reason/NotReady missed real "NotReady"
May 24 15:26:51.000 - 93341s I ns/openshift-apiserver pod/apiserver-68bb6bf5d-9s9w6 uid/7914093c-b969-4e9d-aa47-f236b833b4c9 constructed/true reason/Created 
May 24 15:26:51.000 - 93341s I ns/openshift-apiserver pod/apiserver-68bb6bf5d-9s9w6 uid/7914093c-b969-4e9d-aa47-f236b833b4c9 container/openshift-apiserver-check-endpoints constructed/true reason/ContainerWait missed real "ContainerWait"
May 24 15:26:51.000 - 93341s I ns/openshift-apiserver pod/apiserver-68bb6bf5d-9s9w6 uid/7914093c-b969-4e9d-aa47-f236b833b4c9 container/openshift-apiserver constructed/true reason/ContainerWait missed real "ContainerWait"
May 24 15:26:53.000 I ns/openshift-oauth-apiserver pod/apiserver-55cd9c6c66-2mkth uid/529da17c-9f2a-483f-abcb-31b598ba40e3 container/fix-audit-permissions constructed/true reason/Ready 
May 24 15:26:53.000 - 93339s I ns/openshift-cloud-credential-operator pod/pod-identity-webhook-78c957cd9-nrtjz uid/8f34bd54-1aa5-42f6-b6c0-4815e1bd62ae constructed/true reason/Created 
May 24 15:26:53.000 - 93339s I ns/openshift-cloud-credential-operator pod/pod-identity-webhook-78c957cd9-nrtjz uid/8f34bd54-1aa5-42f6-b6c0-4815e1bd62ae container/pod-identity-webhook constructed/true reason/ContainerWait missed real "ContainerWait"
May 24 15:26:57.000 - 71s   I ns/openshift-oauth-apiserver pod/apiserver-55cd9c6c66-vfwjm uid/79b97b2d-1090-4d0f-b9ce-2a5ea64cafc6 container/fix-audit-permissions constructed/true reason/NotReady missed real "NotReady"
May 24 15:26:57.000 - 93335s I ns/openshift-oauth-apiserver pod/apiserver-55cd9c6c66-vfwjm uid/79b97b2d-1090-4d0f-b9ce-2a5ea64cafc6 constructed/true reason/Created 
May 24 15:26:57.000 - 93335s I ns/openshift-oauth-apiserver pod/apiserver-55cd9c6c66-vfwjm uid/79b97b2d-1090-4d0f-b9ce-2a5ea64cafc6 container/oauth-apiserver constructed/true reason/ContainerWait missed real "ContainerWait"
May 24 15:27:05.000 I ns/openshift-multus pod/multus-additional-cni-plugins-dx6mj uid/2821d192-d1c0-4f7e-89cf-a807c24246b7 container/egress-router-binary-copy constructed/true reason/Ready 
May 24 15:27:05.000 I ns/openshift-multus pod/multus-additional-cni-plugins-c7zl6 uid/c4ad4881-caec-4734-8599-c24cd56600bb container/egress-router-binary-copy constructed/true reason/Ready 
May 24 15:27:08.000 - 41s   I ns/openshift-kube-scheduler pod/installer-6-ip-10-0-136-137.eu-central-1.compute.internal uid/ea848f81-6c7d-4c85-b439-4a18f553d136 constructed/true reason/Created 
May 24 15:27:08.000 - 41s   I ns/openshift-kube-scheduler pod/installer-6-ip-10-0-136-137.eu-central-1.compute.internal uid/ea848f81-6c7d-4c85-b439-4a18f553d136 container/installer constructed/true reason/NotReady 
May 24 15:27:08.000 - 93324s I ns/openshift-ingress-canary pod/ingress-canary-g27x8 uid/3a9d7fd7-d52b-4ea9-8e13-c5e7e4bee326 constructed/true reason/Created 
May 24 15:27:08.000 - 93324s I ns/openshift-ingress-canary pod/ingress-canary-g27x8 uid/3a9d7fd7-d52b-4ea9-8e13-c5e7e4bee326 container/serve-healthcheck-canary constructed/true reason/ContainerWait missed real "ContainerWait"
May 24 15:27:08.000 - 93324s I ns/openshift-dns pod/dns-default-hjrsb uid/26578a68-d4ba-4aea-a431-fb3efd93f43b constructed/true reason/Created 
May 24 15:27:08.000 - 93324s I ns/openshift-dns pod/dns-default-hjrsb uid/26578a68-d4ba-4aea-a431-fb3efd93f43b container/kube-rbac-proxy constructed/true reason/ContainerWait missed real "ContainerWait"
May 24 15:27:08.000 - 93324s I ns/openshift-dns pod/dns-default-hjrsb uid/26578a68-d4ba-4aea-a431-fb3efd93f43b container/dns constructed/true reason/ContainerWait missed real "ContainerWait"
May 24 15:27:09.000 - 93323s I ns/openshift-dns pod/dns-default-bwppd uid/2e637864-8ab3-46c0-9227-66784ab329a8 constructed/true reason/Created 
May 24 15:27:09.000 - 93323s I ns/openshift-dns pod/dns-default-bwppd uid/2e637864-8ab3-46c0-9227-66784ab329a8 container/kube-rbac-proxy constructed/true reason/ContainerWait missed real "ContainerWait"
May 24 15:27:09.000 - 93323s I ns/openshift-dns pod/dns-default-bwppd uid/2e637864-8ab3-46c0-9227-66784ab329a8 container/dns constructed/true reason/ContainerWait missed real "ContainerWait"
May 24 15:27:09.000 - 93323s I ns/openshift-ingress-canary pod/ingress-canary-4tkkv uid/15ec49bc-2687-4907-974b-4284d7aa98ba constructed/true reason/Created 
May 24 15:27:09.000 - 93323s I ns/openshift-ingress-canary pod/ingress-canary-4tkkv uid/15ec49bc-2687-4907-974b-4284d7aa98ba container/serve-healthcheck-canary constructed/true reason/ContainerWait missed real "ContainerWait"
May 24 15:27:16.000 - 89s   I ns/openshift-etcd pod/installer-6-ip-10-0-174-32.eu-central-1.compute.internal uid/e5a925c6-0b97-4c81-a768-ddeafb9615c2 constructed/true reason/Created 
May 24 15:27:16.000 - 89s   I ns/openshift-etcd pod/installer-6-ip-10-0-174-32.eu-central-1.compute.internal uid/e5a925c6-0b97-4c81-a768-ddeafb9615c2 container/installer constructed/true reason/NotReady 
May 24 15:27:19.000 I ns/openshift-multus pod/multus-additional-cni-plugins-c7zl6 uid/c4ad4881-caec-4734-8599-c24cd56600bb container/cni-plugins constructed/true reason/Ready 
May 24 15:27:20.000 I ns/openshift-multus pod/multus-additional-cni-plugins-dx6mj uid/2821d192-d1c0-4f7e-89cf-a807c24246b7 container/cni-plugins constructed/true reason/Ready 
May 24 15:27:22.000 - 36s   I ns/openshift-kube-controller-manager pod/installer-6-ip-10-0-174-32.eu-central-1.compute.internal uid/9475299b-1920-4211-b214-bfab85f27460 constructed/true reason/Created 
May 24 15:27:22.000 - 36s   I ns/openshift-kube-controller-manager pod/installer-6-ip-10-0-174-32.eu-central-1.compute.internal uid/9475299b-1920-4211-b214-bfab85f27460 container/installer constructed/true reason/NotReady 
May 24 15:27:24.000 I ns/openshift-multus pod/multus-additional-cni-plugins-c7zl6 uid/c4ad4881-caec-4734-8599-c24cd56600bb container/bond-cni-plugin constructed/true reason/Ready 
May 24 15:27:25.000 I ns/openshift-multus pod/multus-additional-cni-plugins-dx6mj uid/2821d192-d1c0-4f7e-89cf-a807c24246b7 container/bond-cni-plugin constructed/true reason/Ready 
May 24 15:27:29.000 I ns/openshift-multus pod/multus-additional-cni-plugins-c7zl6 uid/c4ad4881-caec-4734-8599-c24cd56600bb container/routeoverride-cni constructed/true reason/Ready 
May 24 15:27:30.000 - 93302s I ns/openshift-monitoring pod/prometheus-operator-9b6df5f-flbtf uid/ca760cf6-155a-44bb-b84e-6a702f7240e1 constructed/true reason/Created 
May 24 15:27:30.000 - 93302s I ns/openshift-monitoring pod/prometheus-operator-9b6df5f-flbtf uid/ca760cf6-155a-44bb-b84e-6a702f7240e1 container/prometheus-operator constructed/true reason/ContainerWait missed real "ContainerWait"
May 24 15:27:30.000 - 93302s I ns/openshift-monitoring pod/prometheus-operator-9b6df5f-flbtf uid/ca760cf6-155a-44bb-b84e-6a702f7240e1 container/kube-rbac-proxy constructed/true reason/ContainerWait missed real "ContainerWait"
May 24 15:27:32.000 I ns/openshift-multus pod/multus-additional-cni-plugins-dx6mj uid/2821d192-d1c0-4f7e-89cf-a807c24246b7 container/routeoverride-cni constructed/true reason/Ready 
May 24 15:27:32.000 - 93300s I ns/openshift-console pod/console-8659799f66-4f7jr uid/3e35f847-3337-4a20-9a68-71a24c9ad731 constructed/true reason/Created 
May 24 15:27:32.000 - 93300s I ns/openshift-console pod/console-8659799f66-4f7jr uid/3e35f847-3337-4a20-9a68-71a24c9ad731 container/console constructed/true reason/ContainerWait missed real "ContainerWait"
May 24 15:27:32.000 - 93300s I ns/openshift-console pod/console-8659799f66-8j75l uid/76a73abe-4873-4c36-99fb-9c4b99b2f38a constructed/true reason/Created 
May 24 15:27:32.000 - 93300s I ns/openshift-console pod/console-8659799f66-8j75l uid/76a73abe-4873-4c36-99fb-9c4b99b2f38a container/console constructed/true reason/ContainerWait missed real "ContainerWait"
May 24 15:27:37.000 I ns/openshift-apiserver pod/apiserver-68bb6bf5d-9s9w6 uid/7914093c-b969-4e9d-aa47-f236b833b4c9 container/fix-audit-permissions constructed/true reason/Ready 
May 24 15:27:40.000 I ns/openshift-multus pod/multus-additional-cni-plugins-c7zl6 uid/c4ad4881-caec-4734-8599-c24cd56600bb container/whereabouts-cni-bincopy constructed/true reason/Ready 
May 24 15:27:40.000 I ns/openshift-multus pod/multus-additional-cni-plugins-c7zl6 uid/c4ad4881-caec-4734-8599-c24cd56600bb container/whereabouts-cni constructed/true reason/Ready 
May 24 15:27:41.000 - 6s    I ns/openshift-monitoring pod/node-exporter-hpbmc uid/b00bc6df-4346-405c-af38-7cc14fbfd80c container/init-textfile constructed/true reason/NotReady missed real "NotReady"
May 24 15:27:41.000 - 6s    I ns/openshift-monitoring pod/node-exporter-k472j uid/9b0b7c7b-9622-4b8c-9438-c48d001b3c2a container/init-textfile constructed/true reason/NotReady missed real "NotReady"
May 24 15:27:41.000 - 6s    I ns/openshift-monitoring pod/node-exporter-7kpmh uid/228bc0a4-1a3e-40b3-968f-cd7d392c6b16 container/init-textfile constructed/true reason/NotReady missed real "NotReady"
May 24 15:27:41.000 - 93291s I ns/openshift-monitoring pod/node-exporter-k472j uid/9b0b7c7b-9622-4b8c-9438-c48d001b3c2a constructed/true reason/Created 
May 24 15:27:41.000 - 93291s I ns/openshift-monitoring pod/node-exporter-k472j uid/9b0b7c7b-9622-4b8c-9438-c48d001b3c2a container/kube-rbac-proxy constructed/true reason/ContainerWait missed real "ContainerWait"
May 24 15:27:41.000 - 93291s I ns/openshift-monitoring pod/node-exporter-k472j uid/9b0b7c7b-9622-4b8c-9438-c48d001b3c2a container/node-exporter constructed/true reason/ContainerWait missed real "ContainerWait"
May 24 15:27:41.000 - 93291s I ns/openshift-monitoring pod/node-exporter-hpbmc uid/b00bc6df-4346-405c-af38-7cc14fbfd80c constructed/true reason/Created 
May 24 15:27:41.000 - 93291s I ns/openshift-monitoring pod/node-exporter-hpbmc uid/b00bc6df-4346-405c-af38-7cc14fbfd80c container/node-exporter constructed/true reason/ContainerWait missed real "ContainerWait"
May 24 15:27:41.000 - 93291s I ns/openshift-monitoring pod/node-exporter-hpbmc uid/b00bc6df-4346-405c-af38-7cc14fbfd80c container/kube-rbac-proxy constructed/true reason/ContainerWait missed real "ContainerWait"
May 24 15:27:41.000 - 93291s I ns/openshift-monitoring pod/node-exporter-7kpmh uid/228bc0a4-1a3e-40b3-968f-cd7d392c6b16 constructed/true reason/Created 
May 24 15:27:41.000 - 93291s I ns/openshift-monitoring pod/node-exporter-7kpmh uid/228bc0a4-1a3e-40b3-968f-cd7d392c6b16 container/node-exporter constructed/true reason/ContainerWait missed real "ContainerWait"
May 24 15:27:41.000 - 93291s I ns/openshift-monitoring pod/node-exporter-7kpmh uid/228bc0a4-1a3e-40b3-968f-cd7d392c6b16 container/kube-rbac-proxy constructed/true reason/ContainerWait missed real "ContainerWait"
May 24 15:27:41.000 - 93291s I ns/openshift-monitoring pod/openshift-state-metrics-5d6b54c8c9-5gdhx uid/6fb5f689-017d-462b-8398-ace27122a646 constructed/true reason/Created 
May 24 15:27:41.000 - 93291s I ns/openshift-monitoring pod/openshift-state-metrics-5d6b54c8c9-5gdhx uid/6fb5f689-017d-462b-8398-ace27122a646 container/openshift-state-metrics constructed/true reason/ContainerWait missed real "ContainerWait"
May 24 15:27:41.000 - 93291s I ns/openshift-monitoring pod/openshift-state-metrics-5d6b54c8c9-5gdhx uid/6fb5f689-017d-462b-8398-ace27122a646 container/kube-rbac-proxy-main constructed/true reason/ContainerWait missed real "ContainerWait"
May 24 15:27:41.000 - 93291s I ns/openshift-monitoring pod/openshift-state-metrics-5d6b54c8c9-5gdhx uid/6fb5f689-017d-462b-8398-ace27122a646 container/kube-rbac-proxy-self constructed/true reason/ContainerWait missed real "ContainerWait"
May 24 15:27:41.000 - 93291s I ns/openshift-monitoring pod/kube-state-metrics-5bc9567c98-ndmdd uid/862cf6ce-de3c-4425-b5cf-c1d1978be7ac constructed/true reason/Created 
May 24 15:27:41.000 - 93291s I ns/openshift-monitoring pod/kube-state-metrics-5bc9567c98-ndmdd uid/862cf6ce-de3c-4425-b5cf-c1d1978be7ac container/kube-rbac-proxy-main constructed/true reason/ContainerWait missed real "ContainerWait"
May 24 15:27:41.000 - 93291s I ns/openshift-monitoring pod/kube-state-metrics-5bc9567c98-ndmdd uid/862cf6ce-de3c-4425-b5cf-c1d1978be7ac container/kube-state-metrics constructed/true reason/ContainerWait missed real "ContainerWait"
May 24 15:27:41.000 - 93291s I ns/openshift-monitoring pod/kube-state-metrics-5bc9567c98-ndmdd uid/862cf6ce-de3c-4425-b5cf-c1d1978be7ac container/kube-rbac-proxy-self constructed/true reason/ContainerWait missed real "ContainerWait"
May 24 15:27:42.000 I ns/openshift-multus pod/multus-additional-cni-plugins-dx6mj uid/2821d192-d1c0-4f7e-89cf-a807c24246b7 container/whereabouts-cni-bincopy constructed/true reason/Ready 
May 24 15:27:42.000 - 5s    I ns/openshift-monitoring pod/node-exporter-25jqm uid/133132d6-06d3-46a0-813e-02d84f33cd23 container/init-textfile constructed/true reason/NotReady missed real "NotReady"
May 24 15:27:42.000 - 5s    I ns/openshift-monitoring pod/node-exporter-rklxg uid/6b1c6f78-882a-45ff-8e0b-3638f9a0cbb5 container/init-textfile constructed/true reason/NotReady missed real "NotReady"
May 24 15:27:42.000 - 348s  I ns/openshift-apiserver pod/apiserver-68bb6bf5d-lhn8s uid/3f668a9b-ef25-4b6a-b6cc-2936c85637cb container/fix-audit-permissions constructed/true reason/NotReady missed real "NotReady"
May 24 15:27:42.000 - 93290s I ns/openshift-monitoring pod/node-exporter-25jqm uid/133132d6-06d3-46a0-813e-02d84f33cd23 constructed/true reason/Created 
May 24 15:27:42.000 - 93290s I ns/openshift-monitoring pod/node-exporter-25jqm uid/133132d6-06d3-46a0-813e-02d84f33cd23 container/node-exporter constructed/true reason/ContainerWait missed real "ContainerWait"
May 24 15:27:42.000 - 93290s I ns/openshift-monitoring pod/node-exporter-25jqm uid/133132d6-06d3-46a0-813e-02d84f33cd23 container/kube-rbac-proxy constructed/true reason/ContainerWait missed real "ContainerWait"
May 24 15:27:42.000 - 93290s I ns/openshift-apiserver pod/apiserver-68bb6bf5d-lhn8s uid/3f668a9b-ef25-4b6a-b6cc-2936c85637cb constructed/true reason/Created 
May 24 15:27:42.000 - 93290s I ns/openshift-apiserver pod/apiserver-68bb6bf5d-lhn8s uid/3f668a9b-ef25-4b6a-b6cc-2936c85637cb container/openshift-apiserver constructed/true reason/ContainerWait missed real "ContainerWait"
May 24 15:27:42.000 - 93290s I ns/openshift-apiserver pod/apiserver-68bb6bf5d-lhn8s uid/3f668a9b-ef25-4b6a-b6cc-2936c85637cb container/openshift-apiserver-check-endpoints constructed/true reason/ContainerWait missed real "ContainerWait"
May 24 15:27:42.000 - 93290s I ns/openshift-monitoring pod/node-exporter-rklxg uid/6b1c6f78-882a-45ff-8e0b-3638f9a0cbb5 constructed/true reason/Created 
May 24 15:27:42.000 - 93290s I ns/openshift-monitoring pod/node-exporter-rklxg uid/6b1c6f78-882a-45ff-8e0b-3638f9a0cbb5 container/kube-rbac-proxy constructed/true reason/ContainerWait missed real "ContainerWait"
May 24 15:27:42.000 - 93290s I ns/openshift-monitoring pod/node-exporter-rklxg uid/6b1c6f78-882a-45ff-8e0b-3638f9a0cbb5 container/node-exporter constructed/true reason/ContainerWait missed real "ContainerWait"
May 24 15:27:43.000 I ns/openshift-multus pod/multus-additional-cni-plugins-dx6mj uid/2821d192-d1c0-4f7e-89cf-a807c24246b7 container/whereabouts-cni constructed/true reason/Ready 
May 24 15:27:47.000 I ns/openshift-monitoring pod/node-exporter-7kpmh uid/228bc0a4-1a3e-40b3-968f-cd7d392c6b16 container/init-textfile constructed/true reason/Ready 
May 24 15:27:47.000 I ns/openshift-monitoring pod/node-exporter-k472j uid/9b0b7c7b-9622-4b8c-9438-c48d001b3c2a container/init-textfile constructed/true reason/Ready 
May 24 15:27:47.000 I ns/openshift-monitoring pod/node-exporter-hpbmc uid/b00bc6df-4346-405c-af38-7cc14fbfd80c container/init-textfile constructed/true reason/Ready 
May 24 15:27:47.000 I ns/openshift-monitoring pod/node-exporter-rklxg uid/6b1c6f78-882a-45ff-8e0b-3638f9a0cbb5 container/init-textfile constructed/true reason/Ready 
May 24 15:27:47.000 I ns/openshift-monitoring pod/node-exporter-25jqm uid/133132d6-06d3-46a0-813e-02d84f33cd23 container/init-textfile constructed/true reason/Ready 
May 24 15:27:49.000 I ns/openshift-kube-scheduler pod/openshift-kube-scheduler-ip-10-0-136-137.eu-central-1.compute.internal uid/bb5f189a-958b-49c0-b877-74fc0444f195 container/wait-for-host-port constructed/true reason/NotReady missed real "NotReady"
May 24 15:27:49.000 I ns/openshift-kube-scheduler pod/openshift-kube-scheduler-ip-10-0-136-137.eu-central-1.compute.internal uid/bb5f189a-958b-49c0-b877-74fc0444f195 container/wait-for-host-port constructed/true reason/Ready 
May 24 15:27:49.000 I ns/openshift-kube-scheduler pod/installer-6-ip-10-0-136-137.eu-central-1.compute.internal uid/ea848f81-6c7d-4c85-b439-4a18f553d136 constructed/true reason/Scheduled node/ip-10-0-136-137.eu-central-1.compute.internal
May 24 15:27:49.000 - 93283s I ns/openshift-monitoring pod/thanos-querier-6947f98d5b-kw6d2 uid/925f7eee-a883-4536-89d3-19cde6cc3a0b constructed/true reason/Created 
May 24 15:27:49.000 - 93283s I ns/openshift-monitoring pod/thanos-querier-6947f98d5b-kw6d2 uid/925f7eee-a883-4536-89d3-19cde6cc3a0b container/prom-label-proxy constructed/true reason/ContainerWait missed real "ContainerWait"
May 24 15:27:49.000 - 93283s I ns/openshift-monitoring pod/thanos-querier-6947f98d5b-kw6d2 uid/925f7eee-a883-4536-89d3-19cde6cc3a0b container/kube-rbac-proxy constructed/true reason/ContainerWait missed real "ContainerWait"
May 24 15:27:49.000 - 93283s I ns/openshift-monitoring pod/thanos-querier-6947f98d5b-kw6d2 uid/925f7eee-a883-4536-89d3-19cde6cc3a0b container/thanos-query constructed/true reason/ContainerWait missed real "ContainerWait"
May 24 15:27:49.000 - 93283s I ns/openshift-monitoring pod/thanos-querier-6947f98d5b-kw6d2 uid/925f7eee-a883-4536-89d3-19cde6cc3a0b container/kube-rbac-proxy-rules constructed/true reason/ContainerWait missed real "ContainerWait"
May 24 15:27:49.000 - 93283s I ns/openshift-monitoring pod/thanos-querier-6947f98d5b-kw6d2 uid/925f7eee-a883-4536-89d3-19cde6cc3a0b container/kube-rbac-proxy-metrics constructed/true reason/ContainerWait missed real "ContainerWait"
May 24 15:27:49.000 - 93283s I ns/openshift-monitoring pod/thanos-querier-6947f98d5b-kw6d2 uid/925f7eee-a883-4536-89d3-19cde6cc3a0b container/oauth-proxy constructed/true reason/ContainerWait missed real "ContainerWait"
May 24 15:27:49.000 - 93283s I ns/openshift-monitoring pod/thanos-querier-6947f98d5b-4b4sh uid/84f6c132-6d9c-48d4-b744-03142f088c4c constructed/true reason/Created 
May 24 15:27:49.000 - 93283s I ns/openshift-monitoring pod/thanos-querier-6947f98d5b-4b4sh uid/84f6c132-6d9c-48d4-b744-03142f088c4c container/kube-rbac-proxy-metrics constructed/true reason/ContainerWait missed real "ContainerWait"
May 24 15:27:49.000 - 93283s I ns/openshift-monitoring pod/thanos-querier-6947f98d5b-4b4sh uid/84f6c132-6d9c-48d4-b744-03142f088c4c container/kube-rbac-proxy constructed/true reason/ContainerWait missed real "ContainerWait"
May 24 15:27:49.000 - 93283s I ns/openshift-monitoring pod/thanos-querier-6947f98d5b-4b4sh uid/84f6c132-6d9c-48d4-b744-03142f088c4c container/prom-label-proxy constructed/true reason/ContainerWait missed real "ContainerWait"
May 24 15:27:49.000 - 93283s I ns/openshift-monitoring pod/thanos-querier-6947f98d5b-4b4sh uid/84f6c132-6d9c-48d4-b744-03142f088c4c container/oauth-proxy constructed/true reason/ContainerWait missed real "ContainerWait"
May 24 15:27:49.000 - 93283s I ns/openshift-monitoring pod/thanos-querier-6947f98d5b-4b4sh uid/84f6c132-6d9c-48d4-b744-03142f088c4c container/thanos-query constructed/true reason/ContainerWait missed real "ContainerWait"
May 24 15:27:49.000 - 93283s I ns/openshift-monitoring pod/thanos-querier-6947f98d5b-4b4sh uid/84f6c132-6d9c-48d4-b744-03142f088c4c container/kube-rbac-proxy-rules constructed/true reason/ContainerWait missed real "ContainerWait"
May 24 13:27:49.345 - 93282s I ns/openshift-kube-scheduler pod/openshift-kube-scheduler-ip-10-0-136-137.eu-central-1.compute.internal uid/bb5f189a-958b-49c0-b877-74fc0444f195 constructed/true reason/Created 
May 24 13:27:49.345 - 93282s I ns/openshift-kube-scheduler pod/openshift-kube-scheduler-ip-10-0-136-137.eu-central-1.compute.internal uid/bb5f189a-958b-49c0-b877-74fc0444f195 container/kube-scheduler-recovery-controller constructed/true reason/ContainerWait missed real "ContainerWait"
May 24 13:27:49.345 - 93282s I ns/openshift-kube-scheduler pod/openshift-kube-scheduler-ip-10-0-136-137.eu-central-1.compute.internal uid/bb5f189a-958b-49c0-b877-74fc0444f195 container/kube-scheduler-cert-syncer constructed/true reason/ContainerWait missed real "ContainerWait"
May 24 13:27:49.345 - 93282s I ns/openshift-kube-scheduler pod/openshift-kube-scheduler-ip-10-0-136-137.eu-central-1.compute.internal uid/bb5f189a-958b-49c0-b877-74fc0444f195 container/kube-scheduler constructed/true reason/ContainerWait missed real "ContainerWait"
May 24 15:27:58.000 I ns/openshift-kube-controller-manager pod/installer-6-ip-10-0-174-32.eu-central-1.compute.internal uid/9475299b-1920-4211-b214-bfab85f27460 constructed/true reason/Scheduled node/ip-10-0-174-32.eu-central-1.compute.internal
May 24 15:27:59.000 - 93273s I ns/openshift-kube-scheduler pod/openshift-kube-scheduler-guard-ip-10-0-136-137.eu-central-1.compute.internal uid/2eb7fbd0-f748-4365-b59a-d806236f9895 constructed/true reason/Created 
May 24 15:27:59.000 - 93273s I ns/openshift-kube-scheduler pod/openshift-kube-scheduler-guard-ip-10-0-136-137.eu-central-1.compute.internal uid/2eb7fbd0-f748-4365-b59a-d806236f9895 container/guard constructed/true reason/ContainerWait missed real "ContainerWait"
May 24 15:28:08.000 I ns/openshift-oauth-apiserver pod/apiserver-55cd9c6c66-vfwjm uid/79b97b2d-1090-4d0f-b9ce-2a5ea64cafc6 container/fix-audit-permissions constructed/true reason/Ready 
May 24 15:28:45.000 I ns/openshift-etcd pod/installer-6-ip-10-0-174-32.eu-central-1.compute.internal uid/e5a925c6-0b97-4c81-a768-ddeafb9615c2 constructed/true reason/Scheduled node/ip-10-0-174-32.eu-central-1.compute.internal
May 24 15:30:55.000 - 155s  I ns/openshift-oauth-apiserver pod/apiserver-55cd9c6c66-kxknz uid/6131259c-d958-4e80-b640-30ab6a365fc3 container/fix-audit-permissions constructed/true reason/NotReady missed real "NotReady"
May 24 15:30:55.000 - 93097s I ns/openshift-oauth-apiserver pod/apiserver-55cd9c6c66-kxknz uid/6131259c-d958-4e80-b640-30ab6a365fc3 constructed/true reason/Created 
May 24 15:30:55.000 - 93097s I ns/openshift-oauth-apiserver pod/apiserver-55cd9c6c66-kxknz uid/6131259c-d958-4e80-b640-30ab6a365fc3 container/oauth-apiserver constructed/true reason/ContainerWait missed real "ContainerWait"
May 24 15:31:02.000 - 93090s I ns/openshift-monitoring pod/alertmanager-main-1 uid/dd06037b-18c5-45e6-9a13-7ea3aefe3787 constructed/true reason/Created 
May 24 15:31:02.000 - 93090s I ns/openshift-monitoring pod/alertmanager-main-1 uid/dd06037b-18c5-45e6-9a13-7ea3aefe3787 container/kube-rbac-proxy constructed/true reason/ContainerWait missed real "ContainerWait"
May 24 15:31:02.000 - 93090s I ns/openshift-monitoring pod/alertmanager-main-1 uid/dd06037b-18c5-45e6-9a13-7ea3aefe3787 container/config-reloader constructed/true reason/ContainerWait missed real "ContainerWait"
May 24 15:31:02.000 - 93090s I ns/openshift-monitoring pod/alertmanager-main-1 uid/dd06037b-18c5-45e6-9a13-7ea3aefe3787 container/alertmanager constructed/true reason/ContainerWait missed real "ContainerWait"
May 24 15:31:02.000 - 93090s I ns/openshift-monitoring pod/alertmanager-main-1 uid/dd06037b-18c5-45e6-9a13-7ea3aefe3787 container/alertmanager-proxy constructed/true reason/ContainerWait missed real "ContainerWait"
May 24 15:31:02.000 - 93090s I ns/openshift-monitoring pod/alertmanager-main-1 uid/dd06037b-18c5-45e6-9a13-7ea3aefe3787 container/prom-label-proxy constructed/true reason/ContainerWait missed real "ContainerWait"
May 24 15:31:02.000 - 93090s I ns/openshift-monitoring pod/alertmanager-main-1 uid/dd06037b-18c5-45e6-9a13-7ea3aefe3787 container/kube-rbac-proxy-metric constructed/true reason/ContainerWait missed real "ContainerWait"
May 24 15:31:06.000 - 174s  I ns/openshift-monitoring pod/prometheus-k8s-1 uid/0b1cdf63-2be1-4539-a16b-f3534af25728 container/init-config-reloader constructed/true reason/NotReady missed real "NotReady"
May 24 15:31:06.000 - 93086s I ns/openshift-monitoring pod/prometheus-k8s-1 uid/0b1cdf63-2be1-4539-a16b-f3534af25728 constructed/true reason/Created 
May 24 15:31:06.000 - 93086s I ns/openshift-monitoring pod/prometheus-k8s-1 uid/0b1cdf63-2be1-4539-a16b-f3534af25728 container/prometheus constructed/true reason/ContainerWait missed real "ContainerWait"
May 24 15:31:06.000 - 93086s I ns/openshift-monitoring pod/prometheus-k8s-1 uid/0b1cdf63-2be1-4539-a16b-f3534af25728 container/thanos-sidecar constructed/true reason/ContainerWait missed real "ContainerWait"
May 24 15:31:06.000 - 93086s I ns/openshift-monitoring pod/prometheus-k8s-1 uid/0b1cdf63-2be1-4539-a16b-f3534af25728 container/kube-rbac-proxy-thanos constructed/true reason/ContainerWait missed real "ContainerWait"
May 24 15:31:06.000 - 93086s I ns/openshift-monitoring pod/prometheus-k8s-1 uid/0b1cdf63-2be1-4539-a16b-f3534af25728 container/config-reloader constructed/true reason/ContainerWait missed real "ContainerWait"
May 24 15:31:06.000 - 93086s I ns/openshift-monitoring pod/prometheus-k8s-1 uid/0b1cdf63-2be1-4539-a16b-f3534af25728 container/kube-rbac-proxy constructed/true reason/ContainerWait missed real "ContainerWait"
May 24 15:31:06.000 - 93086s I ns/openshift-monitoring pod/prometheus-k8s-1 uid/0b1cdf63-2be1-4539-a16b-f3534af25728 container/prometheus-proxy constructed/true reason/ContainerWait missed real "ContainerWait"
May 24 15:33:25.000 - 92947s I ns/openshift-monitoring pod/telemeter-client-76b89b5b56-79d2b uid/2c272589-883a-424b-8fe7-7a4a6b120692 constructed/true reason/Created 
May 24 15:33:25.000 - 92947s I ns/openshift-monitoring pod/telemeter-client-76b89b5b56-79d2b uid/2c272589-883a-424b-8fe7-7a4a6b120692 container/reload constructed/true reason/ContainerWait missed real "ContainerWait"
May 24 15:33:25.000 - 92947s I ns/openshift-monitoring pod/telemeter-client-76b89b5b56-79d2b uid/2c272589-883a-424b-8fe7-7a4a6b120692 container/kube-rbac-proxy constructed/true reason/ContainerWait missed real "ContainerWait"
May 24 15:33:25.000 - 92947s I ns/openshift-monitoring pod/telemeter-client-76b89b5b56-79d2b uid/2c272589-883a-424b-8fe7-7a4a6b120692 container/telemeter-client constructed/true reason/ContainerWait missed real "ContainerWait"
May 24 15:33:28.000 - 36s   I ns/openshift-kube-scheduler pod/installer-6-ip-10-0-174-32.eu-central-1.compute.internal uid/355425b5-3b86-40f1-91e9-b6e2ca627e38 constructed/true reason/Created 
May 24 15:33:28.000 - 36s   I ns/openshift-kube-scheduler pod/installer-6-ip-10-0-174-32.eu-central-1.compute.internal uid/355425b5-3b86-40f1-91e9-b6e2ca627e38 container/installer constructed/true reason/NotReady 
May 24 15:33:29.000 - 38s   I ns/openshift-etcd pod/installer-6-ip-10-0-194-125.eu-central-1.compute.internal uid/30564b62-6879-4e20-96d5-de2e0901325f constructed/true reason/Created 
May 24 15:33:29.000 - 38s   I ns/openshift-etcd pod/installer-6-ip-10-0-194-125.eu-central-1.compute.internal uid/30564b62-6879-4e20-96d5-de2e0901325f container/installer constructed/true reason/NotReady 
May 24 15:33:30.000 I ns/openshift-apiserver pod/apiserver-68bb6bf5d-lhn8s uid/3f668a9b-ef25-4b6a-b6cc-2936c85637cb container/fix-audit-permissions constructed/true reason/Ready 
May 24 15:33:30.000 I ns/openshift-oauth-apiserver pod/apiserver-55cd9c6c66-kxknz uid/6131259c-d958-4e80-b640-30ab6a365fc3 container/fix-audit-permissions constructed/true reason/Ready 
May 24 15:33:33.000 - 39s   I ns/openshift-apiserver pod/apiserver-68bb6bf5d-96gk4 uid/3a8a3381-5768-4b2c-8aa3-07bcc864d202 container/fix-audit-permissions constructed/true reason/NotReady missed real "NotReady"
May 24 15:33:33.000 - 92939s I ns/openshift-apiserver pod/apiserver-68bb6bf5d-96gk4 uid/3a8a3381-5768-4b2c-8aa3-07bcc864d202 constructed/true reason/Created 
May 24 15:33:33.000 - 92939s I ns/openshift-apiserver pod/apiserver-68bb6bf5d-96gk4 uid/3a8a3381-5768-4b2c-8aa3-07bcc864d202 container/openshift-apiserver constructed/true reason/ContainerWait missed real "ContainerWait"
May 24 15:33:33.000 - 92939s I ns/openshift-apiserver pod/apiserver-68bb6bf5d-96gk4 uid/3a8a3381-5768-4b2c-8aa3-07bcc864d202 container/openshift-apiserver-check-endpoints constructed/true reason/ContainerWait missed real "ContainerWait"
May 24 15:33:41.000 - 27s   I ns/openshift-monitoring pod/node-exporter-rgxpk uid/331ca9f9-a418-4354-bbeb-de95197a9509 container/init-textfile constructed/true reason/NotReady missed real "NotReady"
May 24 15:33:41.000 - 34s   I ns/openshift-multus pod/multus-additional-cni-plugins-cwkg8 uid/4fc1e3ef-327d-4e7a-b29d-483cbf60b9d6 container/egress-router-binary-copy constructed/true reason/NotReady missed real "NotReady"
May 24 15:33:41.000 - 48s   I ns/openshift-multus pod/multus-additional-cni-plugins-cwkg8 uid/4fc1e3ef-327d-4e7a-b29d-483cbf60b9d6 container/cni-plugins constructed/true reason/NotReady missed real "NotReady"
May 24 15:33:41.000 - 54s   I ns/openshift-multus pod/multus-additional-cni-plugins-cwkg8 uid/4fc1e3ef-327d-4e7a-b29d-483cbf60b9d6 container/bond-cni-plugin constructed/true reason/NotReady missed real "NotReady"
May 24 15:33:41.000 - 61s   I ns/openshift-multus pod/multus-additional-cni-plugins-cwkg8 uid/4fc1e3ef-327d-4e7a-b29d-483cbf60b9d6 container/routeoverride-cni constructed/true reason/NotReady missed real "NotReady"
May 24 15:33:41.000 - 72s   I ns/openshift-multus pod/multus-additional-cni-plugins-cwkg8 uid/4fc1e3ef-327d-4e7a-b29d-483cbf60b9d6 container/whereabouts-cni constructed/true reason/NotReady missed real "NotReady"
May 24 15:33:41.000 - 72s   I ns/openshift-multus pod/multus-additional-cni-plugins-cwkg8 uid/4fc1e3ef-327d-4e7a-b29d-483cbf60b9d6 container/whereabouts-cni-bincopy constructed/true reason/NotReady missed real "NotReady"
May 24 15:33:41.000 - 92931s I ns/openshift-network-diagnostics pod/network-check-target-f78jv uid/d6caef07-56ff-4cee-a61f-195f6c76c221 constructed/true reason/Created 
May 24 15:33:41.000 - 92931s I ns/openshift-network-diagnostics pod/network-check-target-f78jv uid/d6caef07-56ff-4cee-a61f-195f6c76c221 container/network-check-target-container constructed/true reason/ContainerWait missed real "ContainerWait"
May 24 15:33:41.000 - 92931s I ns/openshift-dns pod/node-resolver-slh2n uid/77fa21f5-643b-4116-aee1-104072db91e8 constructed/true reason/Created 
May 24 15:33:41.000 - 92931s I ns/openshift-dns pod/node-resolver-slh2n uid/77fa21f5-643b-4116-aee1-104072db91e8 container/dns-node-resolver constructed/true reason/ContainerWait missed real "ContainerWait"
May 24 15:33:41.000 - 92931s I ns/openshift-multus pod/multus-lz6qc uid/1028ea85-61ba-4753-b64a-fe037860f051 constructed/true reason/Created 
May 24 15:33:41.000 - 92931s I ns/openshift-multus pod/multus-lz6qc uid/1028ea85-61ba-4753-b64a-fe037860f051 container/kube-multus constructed/true reason/ContainerWait missed real "ContainerWait"
May 24 15:33:41.000 - 92931s I ns/openshift-cluster-node-tuning-operator pod/tuned-dcbqs uid/82ad5a5f-7478-4a60-9b1e-dcf0b759ca58 constructed/true reason/Created 
May 24 15:33:41.000 - 92931s I ns/openshift-cluster-node-tuning-operator pod/tuned-dcbqs uid/82ad5a5f-7478-4a60-9b1e-dcf0b759ca58 container/tuned constructed/true reason/ContainerWait missed real "ContainerWait"
May 24 15:33:41.000 - 92931s I ns/openshift-monitoring pod/node-exporter-rgxpk uid/331ca9f9-a418-4354-bbeb-de95197a9509 constructed/true reason/Created 
May 24 15:33:41.000 - 92931s I ns/openshift-monitoring pod/node-exporter-rgxpk uid/331ca9f9-a418-4354-bbeb-de95197a9509 container/node-exporter constructed/true reason/ContainerWait missed real "ContainerWait"
May 24 15:33:41.000 - 92931s I ns/openshift-monitoring pod/node-exporter-rgxpk uid/331ca9f9-a418-4354-bbeb-de95197a9509 container/kube-rbac-proxy constructed/true reason/ContainerWait missed real "ContainerWait"
May 24 15:33:41.000 - 92931s I ns/openshift-image-registry pod/node-ca-kjqxv uid/9bf024b9-8773-46e6-826f-b2295d4015be constructed/true reason/Created 
May 24 15:33:41.000 - 92931s I ns/openshift-image-registry pod/node-ca-kjqxv uid/9bf024b9-8773-46e6-826f-b2295d4015be container/node-ca constructed/true reason/ContainerWait missed real "ContainerWait"
May 24 15:33:41.000 - 92931s I ns/openshift-multus pod/network-metrics-daemon-lgqhk uid/dcf9cf66-2f80-4424-a90e-15e7eb47e659 constructed/true reason/Created 
May 24 15:33:41.000 - 92931s I ns/openshift-multus pod/network-metrics-daemon-lgqhk uid/dcf9cf66-2f80-4424-a90e-15e7eb47e659 container/kube-rbac-proxy constructed/true reason/ContainerWait missed real "ContainerWait"
May 24 15:33:41.000 - 92931s I ns/openshift-multus pod/network-metrics-daemon-lgqhk uid/dcf9cf66-2f80-4424-a90e-15e7eb47e659 container/network-metrics-daemon constructed/true reason/ContainerWait missed real "ContainerWait"
May 24 15:33:41.000 - 92931s I ns/openshift-multus pod/multus-additional-cni-plugins-cwkg8 uid/4fc1e3ef-327d-4e7a-b29d-483cbf60b9d6 constructed/true reason/Created 
May 24 15:33:41.000 - 92931s I ns/openshift-multus pod/multus-additional-cni-plugins-cwkg8 uid/4fc1e3ef-327d-4e7a-b29d-483cbf60b9d6 container/kube-multus-additional-cni-plugins constructed/true reason/ContainerWait missed real "ContainerWait"
May 24 15:33:41.000 - 92931s I ns/openshift-cluster-csi-drivers pod/aws-ebs-csi-driver-node-c5gww uid/988202af-369c-4f05-8586-9ad5aff7c899 constructed/true reason/Created 
May 24 15:33:41.000 - 92931s I ns/openshift-cluster-csi-drivers pod/aws-ebs-csi-driver-node-c5gww uid/988202af-369c-4f05-8586-9ad5aff7c899 container/csi-liveness-probe constructed/true reason/ContainerWait missed real "ContainerWait"
May 24 15:33:41.000 - 92931s I ns/openshift-cluster-csi-drivers pod/aws-ebs-csi-driver-node-c5gww uid/988202af-369c-4f05-8586-9ad5aff7c899 container/csi-node-driver-registrar constructed/true reason/ContainerWait missed real "ContainerWait"
May 24 15:33:41.000 - 92931s I ns/openshift-cluster-csi-drivers pod/aws-ebs-csi-driver-node-c5gww uid/988202af-369c-4f05-8586-9ad5aff7c899 container/csi-driver constructed/true reason/ContainerWait missed real "ContainerWait"
May 24 15:33:41.000 - 92931s I ns/openshift-machine-config-operator pod/machine-config-daemon-wlm5k uid/03bdbdc6-1efd-4b8d-835d-bfec160071bf constructed/true reason/Created 
May 24 15:33:41.000 - 92931s I ns/openshift-machine-config-operator pod/machine-config-daemon-wlm5k uid/03bdbdc6-1efd-4b8d-835d-bfec160071bf container/oauth-proxy constructed/true reason/ContainerWait missed real "ContainerWait"
May 24 15:33:41.000 - 92931s I ns/openshift-machine-config-operator pod/machine-config-daemon-wlm5k uid/03bdbdc6-1efd-4b8d-835d-bfec160071bf container/machine-config-daemon constructed/true reason/ContainerWait missed real "ContainerWait"
May 24 15:33:41.000 - 92931s I ns/openshift-sdn pod/sdn-hpp8s uid/b4b48372-1269-4a9e-bcc5-a06b21deb066 constructed/true reason/Created 
May 24 15:33:41.000 - 92931s I ns/openshift-sdn pod/sdn-hpp8s uid/b4b48372-1269-4a9e-bcc5-a06b21deb066 container/kube-rbac-proxy constructed/true reason/ContainerWait missed real "ContainerWait"
May 24 15:33:41.000 - 92931s I ns/openshift-sdn pod/sdn-hpp8s uid/b4b48372-1269-4a9e-bcc5-a06b21deb066 container/sdn constructed/true reason/ContainerWait missed real "ContainerWait"
May 24 15:34:00.000 I ns/openshift-monitoring pod/prometheus-k8s-1 uid/0b1cdf63-2be1-4539-a16b-f3534af25728 container/init-config-reloader constructed/true reason/Ready 
May 24 15:34:04.000 I ns/openshift-kube-scheduler pod/installer-6-ip-10-0-174-32.eu-central-1.compute.internal uid/355425b5-3b86-40f1-91e9-b6e2ca627e38 constructed/true reason/Scheduled node/ip-10-0-174-32.eu-central-1.compute.internal
May 24 13:34:04.353 - 45s   I ns/openshift-kube-scheduler pod/openshift-kube-scheduler-ip-10-0-174-32.eu-central-1.compute.internal uid/51a4f2db-327c-4603-a24a-f537359f42a7 container/wait-for-host-port constructed/true reason/NotReady missed real "NotReady"
May 24 13:34:04.353 - 92907s I ns/openshift-kube-scheduler pod/openshift-kube-scheduler-ip-10-0-174-32.eu-central-1.compute.internal uid/51a4f2db-327c-4603-a24a-f537359f42a7 constructed/true reason/Created 
May 24 13:34:04.353 - 92907s I ns/openshift-kube-scheduler pod/openshift-kube-scheduler-ip-10-0-174-32.eu-central-1.compute.internal uid/51a4f2db-327c-4603-a24a-f537359f42a7 container/kube-scheduler-recovery-controller constructed/true reason/ContainerWait missed real "ContainerWait"
May 24 13:34:04.353 - 92907s I ns/openshift-kube-scheduler pod/openshift-kube-scheduler-ip-10-0-174-32.eu-central-1.compute.internal uid/51a4f2db-327c-4603-a24a-f537359f42a7 container/kube-scheduler constructed/true reason/ContainerWait missed real "ContainerWait"
May 24 13:34:04.353 - 92907s I ns/openshift-kube-scheduler pod/openshift-kube-scheduler-ip-10-0-174-32.eu-central-1.compute.internal uid/51a4f2db-327c-4603-a24a-f537359f42a7 container/kube-scheduler-cert-syncer constructed/true reason/ContainerWait missed real "ContainerWait"
May 24 15:34:07.000 I ns/openshift-etcd pod/installer-6-ip-10-0-194-125.eu-central-1.compute.internal uid/30564b62-6879-4e20-96d5-de2e0901325f constructed/true reason/Scheduled node/ip-10-0-194-125.eu-central-1.compute.internal
May 24 15:34:08.000 I ns/openshift-monitoring pod/node-exporter-rgxpk uid/331ca9f9-a418-4354-bbeb-de95197a9509 container/init-textfile constructed/true reason/Ready 
May 24 15:34:12.000 I ns/openshift-apiserver pod/apiserver-68bb6bf5d-96gk4 uid/3a8a3381-5768-4b2c-8aa3-07bcc864d202 container/fix-audit-permissions constructed/true reason/Ready 
May 24 15:34:15.000 I ns/openshift-multus pod/multus-additional-cni-plugins-cwkg8 uid/4fc1e3ef-327d-4e7a-b29d-483cbf60b9d6 container/egress-router-binary-copy constructed/true reason/Ready 
May 24 15:34:22.000 - 36s   I ns/openshift-kube-controller-manager pod/installer-7-ip-10-0-194-125.eu-central-1.compute.internal uid/ac6ef33d-ff98-4022-b9ba-1bc408a41c3d constructed/true reason/Created 
May 24 15:34:22.000 - 36s   I ns/openshift-kube-controller-manager pod/installer-7-ip-10-0-194-125.eu-central-1.compute.internal uid/ac6ef33d-ff98-4022-b9ba-1bc408a41c3d container/installer constructed/true reason/NotReady 
May 24 15:34:23.000 - 92889s I ns/openshift-ingress-canary pod/ingress-canary-tvxkg uid/3f444a7b-0c2a-4ecf-b009-a0fc1e4444b9 constructed/true reason/Created 
May 24 15:34:23.000 - 92889s I ns/openshift-ingress-canary pod/ingress-canary-tvxkg uid/3f444a7b-0c2a-4ecf-b009-a0fc1e4444b9 container/serve-healthcheck-canary constructed/true reason/ContainerWait missed real "ContainerWait"
May 24 15:34:23.000 - 92889s I ns/openshift-dns pod/dns-default-8kvnb uid/80349239-3cbc-4a54-b975-de61d43e45a7 constructed/true reason/Created 
May 24 15:34:23.000 - 92889s I ns/openshift-dns pod/dns-default-8kvnb uid/80349239-3cbc-4a54-b975-de61d43e45a7 container/kube-rbac-proxy constructed/true reason/ContainerWait missed real "ContainerWait"
May 24 15:34:23.000 - 92889s I ns/openshift-dns pod/dns-default-8kvnb uid/80349239-3cbc-4a54-b975-de61d43e45a7 container/dns constructed/true reason/ContainerWait missed real "ContainerWait"
May 24 15:34:23.000 - 92889s I ns/openshift-monitoring pod/alertmanager-main-0 uid/17ac3364-8c37-4b49-beba-c4a7a4d1c553 constructed/true reason/Created 
May 24 15:34:23.000 - 92889s I ns/openshift-monitoring pod/alertmanager-main-0 uid/17ac3364-8c37-4b49-beba-c4a7a4d1c553 container/alertmanager constructed/true reason/ContainerWait missed real "ContainerWait"
May 24 15:34:23.000 - 92889s I ns/openshift-monitoring pod/alertmanager-main-0 uid/17ac3364-8c37-4b49-beba-c4a7a4d1c553 container/kube-rbac-proxy constructed/true reason/ContainerWait missed real "ContainerWait"
May 24 15:34:23.000 - 92889s I ns/openshift-monitoring pod/alertmanager-main-0 uid/17ac3364-8c37-4b49-beba-c4a7a4d1c553 container/config-reloader constructed/true reason/ContainerWait missed real "ContainerWait"
May 24 15:34:23.000 - 92889s I ns/openshift-monitoring pod/alertmanager-main-0 uid/17ac3364-8c37-4b49-beba-c4a7a4d1c553 container/prom-label-proxy constructed/true reason/ContainerWait missed real "ContainerWait"
May 24 15:34:23.000 - 92889s I ns/openshift-monitoring pod/alertmanager-main-0 uid/17ac3364-8c37-4b49-beba-c4a7a4d1c553 container/alertmanager-proxy constructed/true reason/ContainerWait missed real "ContainerWait"
May 24 15:34:23.000 - 92889s I ns/openshift-monitoring pod/alertmanager-main-0 uid/17ac3364-8c37-4b49-beba-c4a7a4d1c553 container/kube-rbac-proxy-metric constructed/true reason/ContainerWait missed real "ContainerWait"
May 24 15:34:24.000 - 7s    I ns/openshift-monitoring pod/prometheus-k8s-0 uid/708be96a-2cf8-485d-a79d-5f343c8932d7 container/init-config-reloader constructed/true reason/NotReady missed real "NotReady"
May 24 15:34:24.000 - 92888s I ns/openshift-monitoring pod/prometheus-k8s-0 uid/708be96a-2cf8-485d-a79d-5f343c8932d7 constructed/true reason/Created 
May 24 15:34:24.000 - 92888s I ns/openshift-monitoring pod/prometheus-k8s-0 uid/708be96a-2cf8-485d-a79d-5f343c8932d7 container/config-reloader constructed/true reason/ContainerWait missed real "ContainerWait"
May 24 15:34:24.000 - 92888s I ns/openshift-monitoring pod/prometheus-k8s-0 uid/708be96a-2cf8-485d-a79d-5f343c8932d7 container/kube-rbac-proxy-thanos constructed/true reason/ContainerWait missed real "ContainerWait"
May 24 15:34:24.000 - 92888s I ns/openshift-monitoring pod/prometheus-k8s-0 uid/708be96a-2cf8-485d-a79d-5f343c8932d7 container/prometheus-proxy constructed/true reason/ContainerWait missed real "ContainerWait"
May 24 15:34:24.000 - 92888s I ns/openshift-monitoring pod/prometheus-k8s-0 uid/708be96a-2cf8-485d-a79d-5f343c8932d7 container/kube-rbac-proxy constructed/true reason/ContainerWait missed real "ContainerWait"
May 24 15:34:24.000 - 92888s I ns/openshift-monitoring pod/prometheus-k8s-0 uid/708be96a-2cf8-485d-a79d-5f343c8932d7 container/thanos-sidecar constructed/true reason/ContainerWait missed real "ContainerWait"
May 24 15:34:24.000 - 92888s I ns/openshift-monitoring pod/prometheus-k8s-0 uid/708be96a-2cf8-485d-a79d-5f343c8932d7 container/prometheus constructed/true reason/ContainerWait missed real "ContainerWait"
May 24 15:34:29.000 I ns/openshift-multus pod/multus-additional-cni-plugins-cwkg8 uid/4fc1e3ef-327d-4e7a-b29d-483cbf60b9d6 container/cni-plugins constructed/true reason/Ready 
May 24 15:34:31.000 I ns/openshift-monitoring pod/prometheus-k8s-0 uid/708be96a-2cf8-485d-a79d-5f343c8932d7 container/init-config-reloader constructed/true reason/Ready 
May 24 15:34:35.000 I ns/openshift-multus pod/multus-additional-cni-plugins-cwkg8 uid/4fc1e3ef-327d-4e7a-b29d-483cbf60b9d6 container/bond-cni-plugin constructed/true reason/Ready 
May 24 15:34:42.000 I ns/openshift-multus pod/multus-additional-cni-plugins-cwkg8 uid/4fc1e3ef-327d-4e7a-b29d-483cbf60b9d6 container/routeoverride-cni constructed/true reason/Ready 
May 24 15:34:50.000 I ns/openshift-kube-scheduler pod/openshift-kube-scheduler-ip-10-0-174-32.eu-central-1.compute.internal uid/51a4f2db-327c-4603-a24a-f537359f42a7 container/wait-for-host-port constructed/true reason/Ready 
May 24 15:34:53.000 I ns/openshift-multus pod/multus-additional-cni-plugins-cwkg8 uid/4fc1e3ef-327d-4e7a-b29d-483cbf60b9d6 container/whereabouts-cni-bincopy constructed/true reason/Ready 
May 24 15:34:53.000 I ns/openshift-multus pod/multus-additional-cni-plugins-cwkg8 uid/4fc1e3ef-327d-4e7a-b29d-483cbf60b9d6 container/whereabouts-cni constructed/true reason/Ready 
May 24 13:34:57.944 - 92854s I ns/openshift-kube-controller-manager pod/kube-controller-manager-ip-10-0-194-125.eu-central-1.compute.internal uid/e5db8b5c-0c9a-4e68-8d41-d790aa48cc53 constructed/true reason/Created 
May 24 13:34:57.944 - 92854s I ns/openshift-kube-controller-manager pod/kube-controller-manager-ip-10-0-194-125.eu-central-1.compute.internal uid/e5db8b5c-0c9a-4e68-8d41-d790aa48cc53 container/kube-controller-manager-cert-syncer constructed/true reason/ContainerWait missed real "ContainerWait"
May 24 13:34:57.944 - 92854s I ns/openshift-kube-controller-manager pod/kube-controller-manager-ip-10-0-194-125.eu-central-1.compute.internal uid/e5db8b5c-0c9a-4e68-8d41-d790aa48cc53 container/cluster-policy-controller constructed/true reason/ContainerWait missed real "ContainerWait"
May 24 13:34:57.944 - 92854s I ns/openshift-kube-controller-manager pod/kube-controller-manager-ip-10-0-194-125.eu-central-1.compute.internal uid/e5db8b5c-0c9a-4e68-8d41-d790aa48cc53 container/kube-controller-manager constructed/true reason/ContainerWait missed real "ContainerWait"
May 24 13:34:57.944 - 92854s I ns/openshift-kube-controller-manager pod/kube-controller-manager-ip-10-0-194-125.eu-central-1.compute.internal uid/e5db8b5c-0c9a-4e68-8d41-d790aa48cc53 container/kube-controller-manager-recovery-controller constructed/true reason/ContainerWait missed real "ContainerWait"
May 24 15:34:58.000 I ns/openshift-kube-controller-manager pod/installer-7-ip-10-0-194-125.eu-central-1.compute.internal uid/ac6ef33d-ff98-4022-b9ba-1bc408a41c3d constructed/true reason/Scheduled node/ip-10-0-194-125.eu-central-1.compute.internal
May 24 15:35:23.000 - 35s   I ns/openshift-etcd pod/installer-6-ip-10-0-136-137.eu-central-1.compute.internal uid/37c0fa90-8bfd-4c9b-a41e-b51e7607f998 constructed/true reason/Created 
May 24 15:35:23.000 - 35s   I ns/openshift-etcd pod/installer-6-ip-10-0-136-137.eu-central-1.compute.internal uid/37c0fa90-8bfd-4c9b-a41e-b51e7607f998 container/installer constructed/true reason/NotReady 
May 24 15:35:41.000 - 92811s I ns/openshift-kube-apiserver pod/kube-apiserver-guard-ip-10-0-194-125.eu-central-1.compute.internal uid/1560b0ef-cd34-4dbd-bbca-6824be4ad766 constructed/true reason/Created 
May 24 15:35:41.000 - 92811s I ns/openshift-kube-apiserver pod/kube-apiserver-guard-ip-10-0-194-125.eu-central-1.compute.internal uid/1560b0ef-cd34-4dbd-bbca-6824be4ad766 container/guard constructed/true reason/ContainerWait missed real "ContainerWait"
May 24 15:35:46.000 - 3s    I ns/openshift-kube-scheduler pod/revision-pruner-6-ip-10-0-174-32.eu-central-1.compute.internal uid/2e2c69dd-5806-418c-bfae-9c2cfebd1a6a constructed/true reason/Created 
May 24 15:35:46.000 - 3s    I ns/openshift-kube-scheduler pod/revision-pruner-6-ip-10-0-174-32.eu-central-1.compute.internal uid/2e2c69dd-5806-418c-bfae-9c2cfebd1a6a container/pruner constructed/true reason/NotReady 
May 24 15:35:49.000 I ns/openshift-kube-scheduler pod/revision-pruner-6-ip-10-0-174-32.eu-central-1.compute.internal uid/2e2c69dd-5806-418c-bfae-9c2cfebd1a6a constructed/true reason/Scheduled node/ip-10-0-174-32.eu-central-1.compute.internal
May 24 15:35:49.000 - 3s    I ns/openshift-kube-scheduler pod/revision-pruner-6-ip-10-0-194-125.eu-central-1.compute.internal uid/6b20a52a-24bd-4335-8b72-b3b0dfd1567d constructed/true reason/Created 
May 24 15:35:49.000 - 3s    I ns/openshift-kube-scheduler pod/revision-pruner-6-ip-10-0-194-125.eu-central-1.compute.internal uid/6b20a52a-24bd-4335-8b72-b3b0dfd1567d container/pruner constructed/true reason/NotReady 
May 24 15:35:52.000 I ns/openshift-kube-scheduler pod/revision-pruner-6-ip-10-0-194-125.eu-central-1.compute.internal uid/6b20a52a-24bd-4335-8b72-b3b0dfd1567d constructed/true reason/Scheduled node/ip-10-0-194-125.eu-central-1.compute.internal
May 24 15:35:52.000 - 3s    I ns/openshift-kube-scheduler pod/revision-pruner-6-ip-10-0-136-137.eu-central-1.compute.internal uid/cffbe512-0752-4b7d-a7d1-316efc147434 constructed/true reason/Created 
May 24 15:35:52.000 - 3s    I ns/openshift-kube-scheduler pod/revision-pruner-6-ip-10-0-136-137.eu-central-1.compute.internal uid/cffbe512-0752-4b7d-a7d1-316efc147434 container/pruner constructed/true reason/NotReady 
May 24 15:35:55.000 I ns/openshift-kube-scheduler pod/revision-pruner-6-ip-10-0-136-137.eu-central-1.compute.internal uid/cffbe512-0752-4b7d-a7d1-316efc147434 constructed/true reason/Scheduled node/ip-10-0-136-137.eu-central-1.compute.internal
May 24 15:35:58.000 I ns/openshift-etcd pod/installer-6-ip-10-0-136-137.eu-central-1.compute.internal uid/37c0fa90-8bfd-4c9b-a41e-b51e7607f998 constructed/true reason/Scheduled node/ip-10-0-136-137.eu-central-1.compute.internal
May 24 15:36:23.000 - 2s    I ns/openshift-kube-controller-manager pod/revision-pruner-7-ip-10-0-174-32.eu-central-1.compute.internal uid/17691205-49c3-4243-a857-8b826972a45d constructed/true reason/Created 
May 24 15:36:23.000 - 2s    I ns/openshift-kube-controller-manager pod/revision-pruner-7-ip-10-0-174-32.eu-central-1.compute.internal uid/17691205-49c3-4243-a857-8b826972a45d container/pruner constructed/true reason/NotReady 
May 24 15:36:25.000 I ns/openshift-kube-controller-manager pod/revision-pruner-7-ip-10-0-174-32.eu-central-1.compute.internal uid/17691205-49c3-4243-a857-8b826972a45d constructed/true reason/Scheduled node/ip-10-0-174-32.eu-central-1.compute.internal
May 24 15:36:26.000 - 2s    I ns/openshift-kube-controller-manager pod/revision-pruner-7-ip-10-0-194-125.eu-central-1.compute.internal uid/5de29ae8-5d96-476e-8e48-d390bcdbd379 constructed/true reason/Created 
May 24 15:36:26.000 - 2s    I ns/openshift-kube-controller-manager pod/revision-pruner-7-ip-10-0-194-125.eu-central-1.compute.internal uid/5de29ae8-5d96-476e-8e48-d390bcdbd379 container/pruner constructed/true reason/NotReady 
May 24 15:36:28.000 I ns/openshift-kube-controller-manager pod/revision-pruner-7-ip-10-0-194-125.eu-central-1.compute.internal uid/5de29ae8-5d96-476e-8e48-d390bcdbd379 constructed/true reason/Scheduled node/ip-10-0-194-125.eu-central-1.compute.internal
May 24 15:36:28.000 - 3s    I ns/openshift-kube-controller-manager pod/revision-pruner-7-ip-10-0-136-137.eu-central-1.compute.internal uid/63b68a2a-2471-43f7-bf18-75716a5a88c8 constructed/true reason/Created 
May 24 15:36:28.000 - 3s    I ns/openshift-kube-controller-manager pod/revision-pruner-7-ip-10-0-136-137.eu-central-1.compute.internal uid/63b68a2a-2471-43f7-bf18-75716a5a88c8 container/pruner constructed/true reason/NotReady 
May 24 15:36:31.000 I ns/openshift-kube-controller-manager pod/revision-pruner-7-ip-10-0-136-137.eu-central-1.compute.internal uid/63b68a2a-2471-43f7-bf18-75716a5a88c8 constructed/true reason/Scheduled node/ip-10-0-136-137.eu-central-1.compute.internal
May 24 15:36:39.000 - 36s   I ns/openshift-kube-controller-manager pod/installer-7-ip-10-0-174-32.eu-central-1.compute.internal uid/eab1bfab-72dd-404d-bc67-6700cbd88e10 constructed/true reason/Created 
May 24 15:36:39.000 - 36s   I ns/openshift-kube-controller-manager pod/installer-7-ip-10-0-174-32.eu-central-1.compute.internal uid/eab1bfab-72dd-404d-bc67-6700cbd88e10 container/installer constructed/true reason/NotReady 
May 24 15:37:07.000 - 4s    I ns/openshift-etcd pod/revision-pruner-6-ip-10-0-174-32.eu-central-1.compute.internal uid/51343b05-a7ce-440b-9093-a407692f3133 constructed/true reason/Created 
May 24 15:37:07.000 - 4s    I ns/openshift-etcd pod/revision-pruner-6-ip-10-0-174-32.eu-central-1.compute.internal uid/51343b05-a7ce-440b-9093-a407692f3133 container/pruner constructed/true reason/NotReady 
May 24 15:37:10.000 - 3s    I ns/openshift-etcd pod/revision-pruner-6-ip-10-0-194-125.eu-central-1.compute.internal uid/007dea96-137b-406b-b405-9315de825bbf constructed/true reason/Created 
May 24 15:37:10.000 - 3s    I ns/openshift-etcd pod/revision-pruner-6-ip-10-0-194-125.eu-central-1.compute.internal uid/007dea96-137b-406b-b405-9315de825bbf container/pruner constructed/true reason/NotReady 
May 24 15:37:11.000 I ns/openshift-etcd pod/revision-pruner-6-ip-10-0-174-32.eu-central-1.compute.internal uid/51343b05-a7ce-440b-9093-a407692f3133 constructed/true reason/Scheduled node/ip-10-0-174-32.eu-central-1.compute.internal
May 24 15:37:12.000 - 3s    I ns/openshift-etcd pod/revision-pruner-6-ip-10-0-136-137.eu-central-1.compute.internal uid/7f602498-c6bf-40ef-afea-4a761083ae9a constructed/true reason/Created 
May 24 15:37:12.000 - 3s    I ns/openshift-etcd pod/revision-pruner-6-ip-10-0-136-137.eu-central-1.compute.internal uid/7f602498-c6bf-40ef-afea-4a761083ae9a container/pruner constructed/true reason/NotReady 
May 24 15:37:13.000 I ns/openshift-etcd pod/revision-pruner-6-ip-10-0-194-125.eu-central-1.compute.internal uid/007dea96-137b-406b-b405-9315de825bbf constructed/true reason/Scheduled node/ip-10-0-194-125.eu-central-1.compute.internal
May 24 13:37:14.811 - 92717s I ns/openshift-kube-controller-manager pod/kube-controller-manager-ip-10-0-174-32.eu-central-1.compute.internal uid/305143d4-64be-44e8-abf3-910c907c4c04 constructed/true reason/Created 
May 24 13:37:14.811 - 92717s I ns/openshift-kube-controller-manager pod/kube-controller-manager-ip-10-0-174-32.eu-central-1.compute.internal uid/305143d4-64be-44e8-abf3-910c907c4c04 container/kube-controller-manager constructed/true reason/ContainerWait missed real "ContainerWait"
May 24 13:37:14.811 - 92717s I ns/openshift-kube-controller-manager pod/kube-controller-manager-ip-10-0-174-32.eu-central-1.compute.internal uid/305143d4-64be-44e8-abf3-910c907c4c04 container/cluster-policy-controller constructed/true reason/ContainerWait missed real "ContainerWait"
May 24 13:37:14.811 - 92717s I ns/openshift-kube-controller-manager pod/kube-controller-manager-ip-10-0-174-32.eu-central-1.compute.internal uid/305143d4-64be-44e8-abf3-910c907c4c04 container/kube-controller-manager-cert-syncer constructed/true reason/ContainerWait missed real "ContainerWait"
May 24 13:37:14.811 - 92717s I ns/openshift-kube-controller-manager pod/kube-controller-manager-ip-10-0-174-32.eu-central-1.compute.internal uid/305143d4-64be-44e8-abf3-910c907c4c04 container/kube-controller-manager-recovery-controller constructed/true reason/ContainerWait missed real "ContainerWait"
May 24 15:37:15.000 I ns/openshift-etcd pod/revision-pruner-6-ip-10-0-136-137.eu-central-1.compute.internal uid/7f602498-c6bf-40ef-afea-4a761083ae9a constructed/true reason/Scheduled node/ip-10-0-136-137.eu-central-1.compute.internal
May 24 15:37:15.000 I ns/openshift-kube-controller-manager pod/installer-7-ip-10-0-174-32.eu-central-1.compute.internal uid/eab1bfab-72dd-404d-bc67-6700cbd88e10 constructed/true reason/Scheduled node/ip-10-0-174-32.eu-central-1.compute.internal
May 24 15:37:19.000 - 92713s I ns/openshift-kube-apiserver pod/kube-apiserver-guard-ip-10-0-136-137.eu-central-1.compute.internal uid/7294b293-1b11-4680-81e2-3447022d9c63 constructed/true reason/Created 
May 24 15:37:19.000 - 92713s I ns/openshift-kube-apiserver pod/kube-apiserver-guard-ip-10-0-136-137.eu-central-1.compute.internal uid/7294b293-1b11-4680-81e2-3447022d9c63 container/guard constructed/true reason/ContainerWait missed real "ContainerWait"
May 24 15:37:30.000 - 2s    I ns/openshift-etcd pod/revision-pruner-7-ip-10-0-174-32.eu-central-1.compute.internal uid/407c49c4-cdf0-440d-aca1-841a6183878d constructed/true reason/Created 
May 24 15:37:30.000 - 2s    I ns/openshift-etcd pod/revision-pruner-7-ip-10-0-174-32.eu-central-1.compute.internal uid/407c49c4-cdf0-440d-aca1-841a6183878d container/pruner constructed/true reason/NotReady 
May 24 15:37:32.000 I ns/openshift-etcd pod/revision-pruner-7-ip-10-0-174-32.eu-central-1.compute.internal uid/407c49c4-cdf0-440d-aca1-841a6183878d constructed/true reason/Scheduled node/ip-10-0-174-32.eu-central-1.compute.internal
May 24 15:37:33.000 - 2s    I ns/openshift-etcd pod/revision-pruner-7-ip-10-0-194-125.eu-central-1.compute.internal uid/5d24ba88-69a4-4769-b7eb-dcd0b58cbc34 constructed/true reason/Created 
May 24 15:37:33.000 - 2s    I ns/openshift-etcd pod/revision-pruner-7-ip-10-0-194-125.eu-central-1.compute.internal uid/5d24ba88-69a4-4769-b7eb-dcd0b58cbc34 container/pruner constructed/true reason/NotReady 
May 24 15:37:35.000 I ns/openshift-etcd pod/revision-pruner-7-ip-10-0-194-125.eu-central-1.compute.internal uid/5d24ba88-69a4-4769-b7eb-dcd0b58cbc34 constructed/true reason/Scheduled node/ip-10-0-194-125.eu-central-1.compute.internal
May 24 15:37:35.000 - 3s    I ns/openshift-etcd pod/revision-pruner-7-ip-10-0-136-137.eu-central-1.compute.internal uid/7a6e55fe-acc2-47ad-86cb-9f1faa2b5802 constructed/true reason/Created 
May 24 15:37:35.000 - 3s    I ns/openshift-etcd pod/revision-pruner-7-ip-10-0-136-137.eu-central-1.compute.internal uid/7a6e55fe-acc2-47ad-86cb-9f1faa2b5802 container/pruner constructed/true reason/NotReady 
May 24 15:37:38.000 I ns/openshift-etcd pod/revision-pruner-7-ip-10-0-136-137.eu-central-1.compute.internal uid/7a6e55fe-acc2-47ad-86cb-9f1faa2b5802 constructed/true reason/Scheduled node/ip-10-0-136-137.eu-central-1.compute.internal
May 24 15:37:45.000 - 35s   I ns/openshift-etcd pod/installer-7-ip-10-0-174-32.eu-central-1.compute.internal uid/2a368bde-7f86-4421-a164-db6ba894ebc6 constructed/true reason/Created 
May 24 15:37:45.000 - 35s   I ns/openshift-etcd pod/installer-7-ip-10-0-174-32.eu-central-1.compute.internal uid/2a368bde-7f86-4421-a164-db6ba894ebc6 container/installer constructed/true reason/NotReady 
May 24 15:37:57.000 - 35s   I ns/openshift-kube-controller-manager pod/installer-7-ip-10-0-136-137.eu-central-1.compute.internal uid/a3268639-1053-4a54-adda-9ebf1b2ea980 constructed/true reason/Created 
May 24 15:37:57.000 - 35s   I ns/openshift-kube-controller-manager pod/installer-7-ip-10-0-136-137.eu-central-1.compute.internal uid/a3268639-1053-4a54-adda-9ebf1b2ea980 container/installer constructed/true reason/NotReady 
May 24 13:38:19.767 - 41s   I ns/openshift-etcd pod/etcd-ip-10-0-174-32.eu-central-1.compute.internal uid/4e7cadf2-d590-4358-b1cd-e5895132bb2b container/setup constructed/true reason/NotReady missed real "NotReady"
May 24 13:38:19.767 - 42s   I ns/openshift-etcd pod/etcd-ip-10-0-174-32.eu-central-1.compute.internal uid/4e7cadf2-d590-4358-b1cd-e5895132bb2b container/etcd-ensure-env-vars constructed/true reason/NotReady missed real "NotReady"
May 24 13:38:19.767 - 43s   I ns/openshift-etcd pod/etcd-ip-10-0-174-32.eu-central-1.compute.internal uid/4e7cadf2-d590-4358-b1cd-e5895132bb2b container/etcd-resources-copy constructed/true reason/NotReady missed real "NotReady"
May 24 13:38:19.767 - 92652s I ns/openshift-etcd pod/etcd-ip-10-0-174-32.eu-central-1.compute.internal uid/4e7cadf2-d590-4358-b1cd-e5895132bb2b constructed/true reason/Created 
May 24 13:38:19.767 - 92652s I ns/openshift-etcd pod/etcd-ip-10-0-174-32.eu-central-1.compute.internal uid/4e7cadf2-d590-4358-b1cd-e5895132bb2b container/etcd-health-monitor constructed/true reason/ContainerWait missed real "ContainerWait"
May 24 13:38:19.767 - 92652s I ns/openshift-etcd pod/etcd-ip-10-0-174-32.eu-central-1.compute.internal uid/4e7cadf2-d590-4358-b1cd-e5895132bb2b container/etcdctl constructed/true reason/ContainerWait missed real "ContainerWait"
May 24 13:38:19.767 - 92652s I ns/openshift-etcd pod/etcd-ip-10-0-174-32.eu-central-1.compute.internal uid/4e7cadf2-d590-4358-b1cd-e5895132bb2b container/etcd constructed/true reason/ContainerWait missed real "ContainerWait"
May 24 13:38:19.767 - 92652s I ns/openshift-etcd pod/etcd-ip-10-0-174-32.eu-central-1.compute.internal uid/4e7cadf2-d590-4358-b1cd-e5895132bb2b container/etcd-metrics constructed/true reason/ContainerWait missed real "ContainerWait"
May 24 13:38:19.767 - 92652s I ns/openshift-etcd pod/etcd-ip-10-0-174-32.eu-central-1.compute.internal uid/4e7cadf2-d590-4358-b1cd-e5895132bb2b container/etcd-readyz constructed/true reason/ContainerWait missed real "ContainerWait"
May 24 15:38:20.000 I ns/openshift-etcd pod/installer-7-ip-10-0-174-32.eu-central-1.compute.internal uid/2a368bde-7f86-4421-a164-db6ba894ebc6 constructed/true reason/Scheduled node/ip-10-0-174-32.eu-central-1.compute.internal
May 24 15:38:32.000 I ns/openshift-kube-controller-manager pod/installer-7-ip-10-0-136-137.eu-central-1.compute.internal uid/a3268639-1053-4a54-adda-9ebf1b2ea980 constructed/true reason/Scheduled node/ip-10-0-136-137.eu-central-1.compute.internal
May 24 13:38:32.022 - 92640s I ns/openshift-kube-controller-manager pod/kube-controller-manager-ip-10-0-136-137.eu-central-1.compute.internal uid/6a941900-a0df-4fd1-afae-dcc02c77d861 constructed/true reason/Created 
May 24 13:38:32.022 - 92640s I ns/openshift-kube-controller-manager pod/kube-controller-manager-ip-10-0-136-137.eu-central-1.compute.internal uid/6a941900-a0df-4fd1-afae-dcc02c77d861 container/kube-controller-manager-cert-syncer constructed/true reason/ContainerWait missed real "ContainerWait"
May 24 13:38:32.022 - 92640s I ns/openshift-kube-controller-manager pod/kube-controller-manager-ip-10-0-136-137.eu-central-1.compute.internal uid/6a941900-a0df-4fd1-afae-dcc02c77d861 container/cluster-policy-controller constructed/true reason/ContainerWait missed real "ContainerWait"
May 24 13:38:32.022 - 92640s I ns/openshift-kube-controller-manager pod/kube-controller-manager-ip-10-0-136-137.eu-central-1.compute.internal uid/6a941900-a0df-4fd1-afae-dcc02c77d861 container/kube-controller-manager-recovery-controller constructed/true reason/ContainerWait missed real "ContainerWait"
May 24 13:38:32.022 - 92640s I ns/openshift-kube-controller-manager pod/kube-controller-manager-ip-10-0-136-137.eu-central-1.compute.internal uid/6a941900-a0df-4fd1-afae-dcc02c77d861 container/kube-controller-manager constructed/true reason/ContainerWait missed real "ContainerWait"
May 24 15:39:01.000 I ns/openshift-etcd pod/etcd-ip-10-0-174-32.eu-central-1.compute.internal uid/4e7cadf2-d590-4358-b1cd-e5895132bb2b container/setup constructed/true reason/Ready 
May 24 15:39:02.000 I ns/openshift-etcd pod/etcd-ip-10-0-174-32.eu-central-1.compute.internal uid/4e7cadf2-d590-4358-b1cd-e5895132bb2b container/etcd-ensure-env-vars constructed/true reason/Ready 
May 24 15:39:03.000 I ns/openshift-etcd pod/etcd-ip-10-0-174-32.eu-central-1.compute.internal uid/4e7cadf2-d590-4358-b1cd-e5895132bb2b container/etcd-resources-copy constructed/true reason/Ready 
May 24 15:39:32.000 - 36s   I ns/openshift-etcd pod/installer-7-ip-10-0-194-125.eu-central-1.compute.internal uid/e3b39344-51bd-4352-ae47-31a623196720 constructed/true reason/Created 
May 24 15:39:32.000 - 36s   I ns/openshift-etcd pod/installer-7-ip-10-0-194-125.eu-central-1.compute.internal uid/e3b39344-51bd-4352-ae47-31a623196720 container/installer constructed/true reason/NotReady 
May 24 15:40:08.000 I ns/openshift-etcd pod/installer-7-ip-10-0-194-125.eu-central-1.compute.internal uid/e3b39344-51bd-4352-ae47-31a623196720 constructed/true reason/Scheduled node/ip-10-0-194-125.eu-central-1.compute.internal
May 24 13:40:08.011 - 39s   I ns/openshift-etcd pod/etcd-ip-10-0-194-125.eu-central-1.compute.internal uid/7524a13f-982d-416e-bc15-eb04d95744d6 container/etcd-ensure-env-vars constructed/true reason/NotReady missed real "NotReady"
May 24 13:40:08.011 - 39s   I ns/openshift-etcd pod/etcd-ip-10-0-194-125.eu-central-1.compute.internal uid/7524a13f-982d-416e-bc15-eb04d95744d6 container/setup constructed/true reason/NotReady missed real "NotReady"
May 24 13:40:08.011 - 40s   I ns/openshift-etcd pod/etcd-ip-10-0-194-125.eu-central-1.compute.internal uid/7524a13f-982d-416e-bc15-eb04d95744d6 container/etcd-resources-copy constructed/true reason/NotReady missed real "NotReady"
May 24 13:40:08.011 - 92544s I ns/openshift-etcd pod/etcd-ip-10-0-194-125.eu-central-1.compute.internal uid/7524a13f-982d-416e-bc15-eb04d95744d6 constructed/true reason/Created 
May 24 13:40:08.011 - 92544s I ns/openshift-etcd pod/etcd-ip-10-0-194-125.eu-central-1.compute.internal uid/7524a13f-982d-416e-bc15-eb04d95744d6 container/etcd-readyz constructed/true reason/ContainerWait missed real "ContainerWait"
May 24 13:40:08.011 - 92544s I ns/openshift-etcd pod/etcd-ip-10-0-194-125.eu-central-1.compute.internal uid/7524a13f-982d-416e-bc15-eb04d95744d6 container/etcd-metrics constructed/true reason/ContainerWait missed real "ContainerWait"
May 24 13:40:08.011 - 92544s I ns/openshift-etcd pod/etcd-ip-10-0-194-125.eu-central-1.compute.internal uid/7524a13f-982d-416e-bc15-eb04d95744d6 container/etcdctl constructed/true reason/ContainerWait missed real "ContainerWait"
May 24 13:40:08.011 - 92544s I ns/openshift-etcd pod/etcd-ip-10-0-194-125.eu-central-1.compute.internal uid/7524a13f-982d-416e-bc15-eb04d95744d6 container/etcd constructed/true reason/ContainerWait missed real "ContainerWait"
May 24 13:40:08.011 - 92544s I ns/openshift-etcd pod/etcd-ip-10-0-194-125.eu-central-1.compute.internal uid/7524a13f-982d-416e-bc15-eb04d95744d6 container/etcd-health-monitor constructed/true reason/ContainerWait missed real "ContainerWait"
May 24 15:40:48.000 I ns/openshift-etcd pod/etcd-ip-10-0-194-125.eu-central-1.compute.internal uid/7524a13f-982d-416e-bc15-eb04d95744d6 container/etcd-ensure-env-vars constructed/true reason/Ready 
May 24 15:40:48.000 I ns/openshift-etcd pod/etcd-ip-10-0-194-125.eu-central-1.compute.internal uid/7524a13f-982d-416e-bc15-eb04d95744d6 container/setup constructed/true reason/Ready 
May 24 15:40:49.000 I ns/openshift-etcd pod/etcd-ip-10-0-194-125.eu-central-1.compute.internal uid/7524a13f-982d-416e-bc15-eb04d95744d6 container/etcd-resources-copy constructed/true reason/Ready 
May 24 15:41:26.000 - 35s   I ns/openshift-etcd pod/installer-7-ip-10-0-136-137.eu-central-1.compute.internal uid/71491523-da19-4ed5-9682-d68fa705afe2 constructed/true reason/Created 
May 24 15:41:26.000 - 35s   I ns/openshift-etcd pod/installer-7-ip-10-0-136-137.eu-central-1.compute.internal uid/71491523-da19-4ed5-9682-d68fa705afe2 container/installer constructed/true reason/NotReady 
May 24 15:42:01.000 I ns/openshift-etcd pod/installer-7-ip-10-0-136-137.eu-central-1.compute.internal uid/71491523-da19-4ed5-9682-d68fa705afe2 constructed/true reason/Scheduled node/ip-10-0-136-137.eu-central-1.compute.internal
May 24 13:42:01.032 - 38s   I ns/openshift-etcd pod/etcd-ip-10-0-136-137.eu-central-1.compute.internal uid/4408018a-707d-4c71-9425-bb1e82b0126d container/setup constructed/true reason/NotReady missed real "NotReady"
May 24 13:42:01.032 - 39s   I ns/openshift-etcd pod/etcd-ip-10-0-136-137.eu-central-1.compute.internal uid/4408018a-707d-4c71-9425-bb1e82b0126d container/etcd-ensure-env-vars constructed/true reason/NotReady missed real "NotReady"
May 24 13:42:01.032 - 40s   I ns/openshift-etcd pod/etcd-ip-10-0-136-137.eu-central-1.compute.internal uid/4408018a-707d-4c71-9425-bb1e82b0126d container/etcd-resources-copy constructed/true reason/NotReady missed real "NotReady"
May 24 13:42:01.032 - 92431s I ns/openshift-etcd pod/etcd-ip-10-0-136-137.eu-central-1.compute.internal uid/4408018a-707d-4c71-9425-bb1e82b0126d constructed/true reason/Created 
May 24 13:42:01.032 - 92431s I ns/openshift-etcd pod/etcd-ip-10-0-136-137.eu-central-1.compute.internal uid/4408018a-707d-4c71-9425-bb1e82b0126d container/etcd-metrics constructed/true reason/ContainerWait missed real "ContainerWait"
May 24 13:42:01.032 - 92431s I ns/openshift-etcd pod/etcd-ip-10-0-136-137.eu-central-1.compute.internal uid/4408018a-707d-4c71-9425-bb1e82b0126d container/etcdctl constructed/true reason/ContainerWait missed real "ContainerWait"
May 24 13:42:01.032 - 92431s I ns/openshift-etcd pod/etcd-ip-10-0-136-137.eu-central-1.compute.internal uid/4408018a-707d-4c71-9425-bb1e82b0126d container/etcd-readyz constructed/true reason/ContainerWait missed real "ContainerWait"
May 24 13:42:01.032 - 92431s I ns/openshift-etcd pod/etcd-ip-10-0-136-137.eu-central-1.compute.internal uid/4408018a-707d-4c71-9425-bb1e82b0126d container/etcd constructed/true reason/ContainerWait missed real "ContainerWait"
May 24 13:42:01.032 - 92431s I ns/openshift-etcd pod/etcd-ip-10-0-136-137.eu-central-1.compute.internal uid/4408018a-707d-4c71-9425-bb1e82b0126d container/etcd-health-monitor constructed/true reason/ContainerWait missed real "ContainerWait"
May 24 15:42:40.000 I ns/openshift-etcd pod/etcd-ip-10-0-136-137.eu-central-1.compute.internal uid/4408018a-707d-4c71-9425-bb1e82b0126d container/setup constructed/true reason/Ready 
May 24 15:42:41.000 I ns/openshift-etcd pod/etcd-ip-10-0-136-137.eu-central-1.compute.internal uid/4408018a-707d-4c71-9425-bb1e82b0126d container/etcd-ensure-env-vars constructed/true reason/Ready 
May 24 15:42:42.000 I ns/openshift-etcd pod/etcd-ip-10-0-136-137.eu-central-1.compute.internal uid/4408018a-707d-4c71-9425-bb1e82b0126d container/etcd-resources-copy constructed/true reason/Ready 
May 24 20:15:21.000 - 76031s I ns/openshift-marketplace pod/redhat-marketplace-snf5c uid/30eb076e-11ad-441e-befe-ade9506a6d4e constructed/true reason/Created 
May 24 20:15:21.000 - 76031s I ns/openshift-marketplace pod/redhat-marketplace-snf5c uid/30eb076e-11ad-441e-befe-ade9506a6d4e container/registry-server constructed/true reason/ContainerWait missed real "ContainerWait"
May 24 22:29:39.000 - 67973s I ns/openshift-marketplace pod/certified-operators-hzbwn uid/2809f483-fcc3-49f4-97f5-17de9733d623 constructed/true reason/Created 
May 24 22:29:39.000 - 67973s I ns/openshift-marketplace pod/certified-operators-hzbwn uid/2809f483-fcc3-49f4-97f5-17de9733d623 container/registry-server constructed/true reason/ContainerWait missed real "ContainerWait"
May 25 02:00:00.000 - 3s    I ns/openshift-image-registry pod/image-pruner-27557280-2kjps uid/b0b162f9-f3ef-48e6-b197-a95cb4fd14d9 constructed/true reason/Created 
May 25 02:00:00.000 - 3s    I ns/openshift-image-registry pod/image-pruner-27557280-2kjps uid/b0b162f9-f3ef-48e6-b197-a95cb4fd14d9 container/image-pruner constructed/true reason/NotReady 
May 25 02:00:03.000 I ns/openshift-image-registry pod/image-pruner-27557280-2kjps uid/b0b162f9-f3ef-48e6-b197-a95cb4fd14d9 constructed/true reason/Scheduled node/ip-10-0-131-226.eu-central-1.compute.internal
May 25 08:54:35.000 - 2s    I ns/openshift-kube-apiserver pod/revision-pruner-9-ip-10-0-174-32.eu-central-1.compute.internal uid/9c570afb-f725-417c-9e6b-4f6853492cfb constructed/true reason/Created 
May 25 08:54:35.000 - 2s    I ns/openshift-kube-apiserver pod/revision-pruner-9-ip-10-0-174-32.eu-central-1.compute.internal uid/9c570afb-f725-417c-9e6b-4f6853492cfb container/pruner constructed/true reason/NotReady 
May 25 08:54:37.000 I ns/openshift-kube-apiserver pod/revision-pruner-9-ip-10-0-174-32.eu-central-1.compute.internal uid/9c570afb-f725-417c-9e6b-4f6853492cfb constructed/true reason/Scheduled node/ip-10-0-174-32.eu-central-1.compute.internal
May 25 08:54:38.000 - 2s    I ns/openshift-kube-apiserver pod/revision-pruner-9-ip-10-0-194-125.eu-central-1.compute.internal uid/150051cc-063b-4e8f-bd1f-975b764a41c8 constructed/true reason/Created 
May 25 08:54:38.000 - 2s    I ns/openshift-kube-apiserver pod/revision-pruner-9-ip-10-0-194-125.eu-central-1.compute.internal uid/150051cc-063b-4e8f-bd1f-975b764a41c8 container/pruner constructed/true reason/NotReady 
May 25 08:54:40.000 I ns/openshift-kube-apiserver pod/revision-pruner-9-ip-10-0-194-125.eu-central-1.compute.internal uid/150051cc-063b-4e8f-bd1f-975b764a41c8 constructed/true reason/Scheduled node/ip-10-0-194-125.eu-central-1.compute.internal
May 25 08:54:41.000 - 2s    I ns/openshift-kube-apiserver pod/revision-pruner-9-ip-10-0-136-137.eu-central-1.compute.internal uid/ef382f26-632a-4b14-a03f-8f93be2275e7 constructed/true reason/Created 
May 25 08:54:41.000 - 2s    I ns/openshift-kube-apiserver pod/revision-pruner-9-ip-10-0-136-137.eu-central-1.compute.internal uid/ef382f26-632a-4b14-a03f-8f93be2275e7 container/pruner constructed/true reason/NotReady 
May 25 08:54:43.000 I ns/openshift-kube-apiserver pod/revision-pruner-9-ip-10-0-136-137.eu-central-1.compute.internal uid/ef382f26-632a-4b14-a03f-8f93be2275e7 constructed/true reason/Scheduled node/ip-10-0-136-137.eu-central-1.compute.internal
May 25 08:54:53.000 - 40s   I ns/openshift-kube-apiserver pod/installer-9-ip-10-0-174-32.eu-central-1.compute.internal uid/17876a32-4c17-4863-90f5-510b30ac53a7 constructed/true reason/Created 
May 25 08:54:53.000 - 40s   I ns/openshift-kube-apiserver pod/installer-9-ip-10-0-174-32.eu-central-1.compute.internal uid/17876a32-4c17-4863-90f5-510b30ac53a7 container/installer constructed/true reason/NotReady 
May 25 08:55:33.000 I ns/openshift-kube-apiserver pod/installer-9-ip-10-0-174-32.eu-central-1.compute.internal uid/17876a32-4c17-4863-90f5-510b30ac53a7 constructed/true reason/Scheduled node/ip-10-0-174-32.eu-central-1.compute.internal
May 25 08:58:51.000 - 41s   I ns/openshift-kube-apiserver pod/installer-9-ip-10-0-194-125.eu-central-1.compute.internal uid/c6ac3192-b6e5-44af-85d7-14bcb3e05883 constructed/true reason/Created 
May 25 08:58:51.000 - 41s   I ns/openshift-kube-apiserver pod/installer-9-ip-10-0-194-125.eu-central-1.compute.internal uid/c6ac3192-b6e5-44af-85d7-14bcb3e05883 container/installer constructed/true reason/NotReady 
May 25 08:59:32.000 I ns/openshift-kube-apiserver pod/installer-9-ip-10-0-194-125.eu-central-1.compute.internal uid/c6ac3192-b6e5-44af-85d7-14bcb3e05883 constructed/true reason/Scheduled node/ip-10-0-194-125.eu-central-1.compute.internal
May 25 09:02:49.000 - 41s   I ns/openshift-kube-apiserver pod/installer-9-ip-10-0-136-137.eu-central-1.compute.internal uid/30cffdc2-e276-4446-88af-04c282b05a5f constructed/true reason/Created 
May 25 09:02:49.000 - 41s   I ns/openshift-kube-apiserver pod/installer-9-ip-10-0-136-137.eu-central-1.compute.internal uid/30cffdc2-e276-4446-88af-04c282b05a5f container/installer constructed/true reason/NotReady 
May 25 09:03:30.000 I ns/openshift-kube-apiserver pod/installer-9-ip-10-0-136-137.eu-central-1.compute.internal uid/30cffdc2-e276-4446-88af-04c282b05a5f constructed/true reason/Scheduled node/ip-10-0-136-137.eu-central-1.compute.internal
May 25 09:53:22.000 - 3s    I ns/openshift-kube-apiserver pod/revision-pruner-10-ip-10-0-174-32.eu-central-1.compute.internal uid/5248548d-c881-4d4c-a5fe-6f492f389291 constructed/true reason/Created 
May 25 09:53:22.000 - 3s    I ns/openshift-kube-apiserver pod/revision-pruner-10-ip-10-0-174-32.eu-central-1.compute.internal uid/5248548d-c881-4d4c-a5fe-6f492f389291 container/pruner constructed/true reason/NotReady 
May 25 09:53:25.000 I ns/openshift-kube-apiserver pod/revision-pruner-10-ip-10-0-174-32.eu-central-1.compute.internal uid/5248548d-c881-4d4c-a5fe-6f492f389291 constructed/true reason/Scheduled node/ip-10-0-174-32.eu-central-1.compute.internal
May 25 09:53:25.000 - 3s    I ns/openshift-kube-apiserver pod/revision-pruner-10-ip-10-0-194-125.eu-central-1.compute.internal uid/9ebe45be-5b9c-4fcb-abe2-1263ad49d972 constructed/true reason/Created 
May 25 09:53:25.000 - 3s    I ns/openshift-kube-apiserver pod/revision-pruner-10-ip-10-0-194-125.eu-central-1.compute.internal uid/9ebe45be-5b9c-4fcb-abe2-1263ad49d972 container/pruner constructed/true reason/NotReady 
May 25 09:53:28.000 I ns/openshift-kube-apiserver pod/revision-pruner-10-ip-10-0-194-125.eu-central-1.compute.internal uid/9ebe45be-5b9c-4fcb-abe2-1263ad49d972 constructed/true reason/Scheduled node/ip-10-0-194-125.eu-central-1.compute.internal
May 25 09:53:29.000 - 2s    I ns/openshift-kube-apiserver pod/revision-pruner-10-ip-10-0-136-137.eu-central-1.compute.internal uid/17184c47-3480-4b70-8ef9-66ddbb23f60f constructed/true reason/Created 
May 25 09:53:29.000 - 2s    I ns/openshift-kube-apiserver pod/revision-pruner-10-ip-10-0-136-137.eu-central-1.compute.internal uid/17184c47-3480-4b70-8ef9-66ddbb23f60f container/pruner constructed/true reason/NotReady 
May 25 09:53:31.000 I ns/openshift-kube-apiserver pod/revision-pruner-10-ip-10-0-136-137.eu-central-1.compute.internal uid/17184c47-3480-4b70-8ef9-66ddbb23f60f constructed/true reason/Scheduled node/ip-10-0-136-137.eu-central-1.compute.internal
May 25 09:53:52.000 - 40s   I ns/openshift-kube-apiserver pod/installer-10-ip-10-0-174-32.eu-central-1.compute.internal uid/4b6b9e0f-b2e8-48fb-8110-b58f9ed79be1 constructed/true reason/Created 
May 25 09:53:52.000 - 40s   I ns/openshift-kube-apiserver pod/installer-10-ip-10-0-174-32.eu-central-1.compute.internal uid/4b6b9e0f-b2e8-48fb-8110-b58f9ed79be1 container/installer constructed/true reason/NotReady 
May 25 09:54:32.000 I ns/openshift-kube-apiserver pod/installer-10-ip-10-0-174-32.eu-central-1.compute.internal uid/4b6b9e0f-b2e8-48fb-8110-b58f9ed79be1 constructed/true reason/Scheduled node/ip-10-0-174-32.eu-central-1.compute.internal
May 25 09:57:43.000 - 39s   I ns/openshift-kube-apiserver pod/installer-10-ip-10-0-194-125.eu-central-1.compute.internal uid/c0534573-f2a6-4cda-8938-2d232a2aa26e constructed/true reason/Created 
May 25 09:57:43.000 - 39s   I ns/openshift-kube-apiserver pod/installer-10-ip-10-0-194-125.eu-central-1.compute.internal uid/c0534573-f2a6-4cda-8938-2d232a2aa26e container/installer constructed/true reason/NotReady 
May 25 09:58:22.000 I ns/openshift-kube-apiserver pod/installer-10-ip-10-0-194-125.eu-central-1.compute.internal uid/c0534573-f2a6-4cda-8938-2d232a2aa26e constructed/true reason/Scheduled node/ip-10-0-194-125.eu-central-1.compute.internal
May 25 10:01:19.000 - 2s    I ns/openshift-kube-apiserver pod/revision-pruner-11-ip-10-0-174-32.eu-central-1.compute.internal uid/dbf35960-0c19-49b2-83a8-0b296d7a4202 constructed/true reason/Created 
May 25 10:01:19.000 - 2s    I ns/openshift-kube-apiserver pod/revision-pruner-11-ip-10-0-174-32.eu-central-1.compute.internal uid/dbf35960-0c19-49b2-83a8-0b296d7a4202 container/pruner constructed/true reason/NotReady 
May 25 10:01:21.000 I ns/openshift-kube-apiserver pod/revision-pruner-11-ip-10-0-174-32.eu-central-1.compute.internal uid/dbf35960-0c19-49b2-83a8-0b296d7a4202 constructed/true reason/Scheduled node/ip-10-0-174-32.eu-central-1.compute.internal
May 25 10:01:22.000 - 2s    I ns/openshift-kube-apiserver pod/revision-pruner-11-ip-10-0-194-125.eu-central-1.compute.internal uid/97f5ade1-7a8e-4ad2-8628-aceb66d8c80f constructed/true reason/Created 
May 25 10:01:22.000 - 2s    I ns/openshift-kube-apiserver pod/revision-pruner-11-ip-10-0-194-125.eu-central-1.compute.internal uid/97f5ade1-7a8e-4ad2-8628-aceb66d8c80f container/pruner constructed/true reason/NotReady 
May 25 10:01:24.000 I ns/openshift-kube-apiserver pod/revision-pruner-11-ip-10-0-194-125.eu-central-1.compute.internal uid/97f5ade1-7a8e-4ad2-8628-aceb66d8c80f constructed/true reason/Scheduled node/ip-10-0-194-125.eu-central-1.compute.internal
May 25 10:01:25.000 - 2s    I ns/openshift-kube-apiserver pod/revision-pruner-11-ip-10-0-136-137.eu-central-1.compute.internal uid/228cddca-4d1e-406d-a2cb-39d4aed645ea constructed/true reason/Created 
May 25 10:01:25.000 - 2s    I ns/openshift-kube-apiserver pod/revision-pruner-11-ip-10-0-136-137.eu-central-1.compute.internal uid/228cddca-4d1e-406d-a2cb-39d4aed645ea container/pruner constructed/true reason/NotReady 
May 25 10:01:27.000 I ns/openshift-kube-apiserver pod/revision-pruner-11-ip-10-0-136-137.eu-central-1.compute.internal uid/228cddca-4d1e-406d-a2cb-39d4aed645ea constructed/true reason/Scheduled node/ip-10-0-136-137.eu-central-1.compute.internal
May 25 10:01:33.000 - 41s   I ns/openshift-kube-apiserver pod/installer-11-ip-10-0-194-125.eu-central-1.compute.internal uid/140e1287-9117-4f4a-bcf2-d7c72154cad2 constructed/true reason/Created 
May 25 10:01:33.000 - 41s   I ns/openshift-kube-apiserver pod/installer-11-ip-10-0-194-125.eu-central-1.compute.internal uid/140e1287-9117-4f4a-bcf2-d7c72154cad2 container/installer constructed/true reason/NotReady 
May 25 10:02:14.000 I ns/openshift-kube-apiserver pod/installer-11-ip-10-0-194-125.eu-central-1.compute.internal uid/140e1287-9117-4f4a-bcf2-d7c72154cad2 constructed/true reason/Scheduled node/ip-10-0-194-125.eu-central-1.compute.internal
May 25 10:05:33.000 - 40s   I ns/openshift-kube-apiserver pod/installer-11-ip-10-0-136-137.eu-central-1.compute.internal uid/5c0d717a-8cad-4771-b6ad-0dd3b3f43772 constructed/true reason/Created 
May 25 10:05:33.000 - 40s   I ns/openshift-kube-apiserver pod/installer-11-ip-10-0-136-137.eu-central-1.compute.internal uid/5c0d717a-8cad-4771-b6ad-0dd3b3f43772 container/installer constructed/true reason/NotReady 
May 25 10:06:13.000 I ns/openshift-kube-apiserver pod/installer-11-ip-10-0-136-137.eu-central-1.compute.internal uid/5c0d717a-8cad-4771-b6ad-0dd3b3f43772 constructed/true reason/Scheduled node/ip-10-0-136-137.eu-central-1.compute.internal
May 25 10:09:34.000 - 42s   I ns/openshift-kube-apiserver pod/installer-11-ip-10-0-174-32.eu-central-1.compute.internal uid/c5c826c2-d0d0-4010-8c2d-39b056302f2a constructed/true reason/Created 
May 25 10:09:34.000 - 42s   I ns/openshift-kube-apiserver pod/installer-11-ip-10-0-174-32.eu-central-1.compute.internal uid/c5c826c2-d0d0-4010-8c2d-39b056302f2a container/installer constructed/true reason/NotReady 
May 25 10:10:16.000 I ns/openshift-kube-apiserver pod/installer-11-ip-10-0-174-32.eu-central-1.compute.internal uid/c5c826c2-d0d0-4010-8c2d-39b056302f2a constructed/true reason/Scheduled node/ip-10-0-174-32.eu-central-1.compute.internal
May 25 13:18:15.000 - 3s    I ns/openshift-kube-apiserver pod/revision-pruner-12-ip-10-0-174-32.eu-central-1.compute.internal uid/67ee92cd-c558-4032-89d1-29b66d664d61 constructed/true reason/Created 
May 25 13:18:15.000 - 3s    I ns/openshift-kube-apiserver pod/revision-pruner-12-ip-10-0-174-32.eu-central-1.compute.internal uid/67ee92cd-c558-4032-89d1-29b66d664d61 container/pruner constructed/true reason/NotReady 
May 25 13:18:17.000 - 2s    I ns/openshift-kube-apiserver pod/revision-pruner-12-ip-10-0-194-125.eu-central-1.compute.internal uid/5330878f-6104-4e7d-aca7-2c912f46f184 constructed/true reason/Created 
May 25 13:18:17.000 - 2s    I ns/openshift-kube-apiserver pod/revision-pruner-12-ip-10-0-194-125.eu-central-1.compute.internal uid/5330878f-6104-4e7d-aca7-2c912f46f184 container/pruner constructed/true reason/NotReady 
May 25 13:18:18.000 I ns/openshift-kube-apiserver pod/revision-pruner-12-ip-10-0-174-32.eu-central-1.compute.internal uid/67ee92cd-c558-4032-89d1-29b66d664d61 constructed/true reason/Scheduled node/ip-10-0-174-32.eu-central-1.compute.internal
May 25 13:18:19.000 I ns/openshift-kube-apiserver pod/revision-pruner-12-ip-10-0-194-125.eu-central-1.compute.internal uid/5330878f-6104-4e7d-aca7-2c912f46f184 constructed/true reason/Scheduled node/ip-10-0-194-125.eu-central-1.compute.internal
May 25 13:18:21.000 - 2s    I ns/openshift-kube-apiserver pod/revision-pruner-12-ip-10-0-136-137.eu-central-1.compute.internal uid/bb6d9c2b-d306-4983-aba9-1b904242f59c constructed/true reason/Created 
May 25 13:18:21.000 - 2s    I ns/openshift-kube-apiserver pod/revision-pruner-12-ip-10-0-136-137.eu-central-1.compute.internal uid/bb6d9c2b-d306-4983-aba9-1b904242f59c container/pruner constructed/true reason/NotReady 
May 25 13:18:23.000 I ns/openshift-kube-apiserver pod/revision-pruner-12-ip-10-0-136-137.eu-central-1.compute.internal uid/bb6d9c2b-d306-4983-aba9-1b904242f59c constructed/true reason/Scheduled node/ip-10-0-136-137.eu-central-1.compute.internal
May 25 13:18:33.000 - 41s   I ns/openshift-kube-apiserver pod/installer-12-ip-10-0-174-32.eu-central-1.compute.internal uid/61bb5333-fc0a-427c-bf5a-f80e3b1f4a1c constructed/true reason/Created 
May 25 13:18:33.000 - 41s   I ns/openshift-kube-apiserver pod/installer-12-ip-10-0-174-32.eu-central-1.compute.internal uid/61bb5333-fc0a-427c-bf5a-f80e3b1f4a1c container/installer constructed/true reason/NotReady 
May 25 13:19:14.000 I ns/openshift-kube-apiserver pod/installer-12-ip-10-0-174-32.eu-central-1.compute.internal uid/61bb5333-fc0a-427c-bf5a-f80e3b1f4a1c constructed/true reason/Scheduled node/ip-10-0-174-32.eu-central-1.compute.internal
May 25 13:22:31.000 - 39s   I ns/openshift-kube-apiserver pod/installer-12-ip-10-0-194-125.eu-central-1.compute.internal uid/76939e88-365a-4651-8ac9-c3f348fb3e3b constructed/true reason/Created 
May 25 13:22:31.000 - 39s   I ns/openshift-kube-apiserver pod/installer-12-ip-10-0-194-125.eu-central-1.compute.internal uid/76939e88-365a-4651-8ac9-c3f348fb3e3b container/installer constructed/true reason/NotReady 
May 25 13:23:10.000 I ns/openshift-kube-apiserver pod/installer-12-ip-10-0-194-125.eu-central-1.compute.internal uid/76939e88-365a-4651-8ac9-c3f348fb3e3b constructed/true reason/Scheduled node/ip-10-0-194-125.eu-central-1.compute.internal
May 25 13:26:30.000 - 41s   I ns/openshift-kube-apiserver pod/installer-12-ip-10-0-136-137.eu-central-1.compute.internal uid/e85c46bb-243c-4ae2-882f-ce19440f781d constructed/true reason/Created 
May 25 13:26:30.000 - 41s   I ns/openshift-kube-apiserver pod/installer-12-ip-10-0-136-137.eu-central-1.compute.internal uid/e85c46bb-243c-4ae2-882f-ce19440f781d container/installer constructed/true reason/NotReady 
May 25 13:27:11.000 I ns/openshift-kube-apiserver pod/installer-12-ip-10-0-136-137.eu-central-1.compute.internal uid/e85c46bb-243c-4ae2-882f-ce19440f781d constructed/true reason/Scheduled node/ip-10-0-136-137.eu-central-1.compute.internal
May 25 14:41:02.000 - 9690s I ns/openshift-controller-manager pod/controller-manager-dldpv uid/42b79431-e4a7-4ac7-ba3f-08f7ca95256c constructed/true reason/Created 
May 25 14:41:02.000 - 9690s I ns/openshift-controller-manager pod/controller-manager-dldpv uid/42b79431-e4a7-4ac7-ba3f-08f7ca95256c container/controller-manager constructed/true reason/ContainerWait missed real "ContainerWait"
May 25 14:41:02.000 - 9690s I ns/openshift-controller-manager pod/controller-manager-bcnhg uid/ffaeac8a-c3db-465d-bdfd-ffd5826f37a2 constructed/true reason/Created 
May 25 14:41:02.000 - 9690s I ns/openshift-controller-manager pod/controller-manager-bcnhg uid/ffaeac8a-c3db-465d-bdfd-ffd5826f37a2 container/controller-manager constructed/true reason/ContainerWait missed real "ContainerWait"
May 25 14:41:02.000 - 9690s I ns/openshift-controller-manager pod/controller-manager-d8frv uid/b3edc648-179c-4f47-bd97-718c4ed9749e constructed/true reason/Created 
May 25 14:41:02.000 - 9690s I ns/openshift-controller-manager pod/controller-manager-d8frv uid/b3edc648-179c-4f47-bd97-718c4ed9749e container/controller-manager constructed/true reason/ContainerWait missed real "ContainerWait"
May 25 14:41:17.000 - 2s    I ns/openshift-kube-apiserver pod/revision-pruner-13-ip-10-0-174-32.eu-central-1.compute.internal uid/fbb69262-603b-438b-a61b-081c83312632 constructed/true reason/Created 
May 25 14:41:17.000 - 2s    I ns/openshift-kube-apiserver pod/revision-pruner-13-ip-10-0-174-32.eu-central-1.compute.internal uid/fbb69262-603b-438b-a61b-081c83312632 container/pruner constructed/true reason/NotReady 
May 25 14:41:19.000 I ns/openshift-kube-apiserver pod/revision-pruner-13-ip-10-0-174-32.eu-central-1.compute.internal uid/fbb69262-603b-438b-a61b-081c83312632 constructed/true reason/Scheduled node/ip-10-0-174-32.eu-central-1.compute.internal
May 25 14:41:20.000 - 3s    I ns/openshift-kube-apiserver pod/revision-pruner-13-ip-10-0-194-125.eu-central-1.compute.internal uid/47c07217-3277-458d-adf8-7fdb480d624c constructed/true reason/Created 
May 25 14:41:20.000 - 3s    I ns/openshift-kube-apiserver pod/revision-pruner-13-ip-10-0-194-125.eu-central-1.compute.internal uid/47c07217-3277-458d-adf8-7fdb480d624c container/pruner constructed/true reason/NotReady 
May 25 14:41:23.000 I ns/openshift-kube-apiserver pod/revision-pruner-13-ip-10-0-194-125.eu-central-1.compute.internal uid/47c07217-3277-458d-adf8-7fdb480d624c constructed/true reason/Scheduled node/ip-10-0-194-125.eu-central-1.compute.internal
May 25 14:41:23.000 - 3s    I ns/openshift-kube-apiserver pod/revision-pruner-13-ip-10-0-136-137.eu-central-1.compute.internal uid/b58f64a1-6a68-4284-bb8d-dae05d1788c4 constructed/true reason/Created 
May 25 14:41:23.000 - 3s    I ns/openshift-kube-apiserver pod/revision-pruner-13-ip-10-0-136-137.eu-central-1.compute.internal uid/b58f64a1-6a68-4284-bb8d-dae05d1788c4 container/pruner constructed/true reason/NotReady 
May 25 14:41:26.000 I ns/openshift-kube-apiserver pod/revision-pruner-13-ip-10-0-136-137.eu-central-1.compute.internal uid/b58f64a1-6a68-4284-bb8d-dae05d1788c4 constructed/true reason/Scheduled node/ip-10-0-136-137.eu-central-1.compute.internal
May 25 14:41:36.000 - 40s   I ns/openshift-kube-apiserver pod/installer-13-ip-10-0-174-32.eu-central-1.compute.internal uid/ff8c5375-be40-4d7a-97f7-37ad999d4fff constructed/true reason/Created 
May 25 14:41:36.000 - 40s   I ns/openshift-kube-apiserver pod/installer-13-ip-10-0-174-32.eu-central-1.compute.internal uid/ff8c5375-be40-4d7a-97f7-37ad999d4fff container/installer constructed/true reason/NotReady 
May 25 14:42:16.000 I ns/openshift-kube-apiserver pod/installer-13-ip-10-0-174-32.eu-central-1.compute.internal uid/ff8c5375-be40-4d7a-97f7-37ad999d4fff constructed/true reason/Scheduled node/ip-10-0-174-32.eu-central-1.compute.internal
May 25 12:42:16.586 - 144s  I ns/openshift-kube-apiserver pod/kube-apiserver-ip-10-0-174-32.eu-central-1.compute.internal uid/30afe82d-d58e-4d48-959d-201db141b47a container/setup constructed/true reason/NotReady missed real "NotReady"
May 25 12:42:16.586 - 9615s I ns/openshift-kube-apiserver pod/kube-apiserver-ip-10-0-174-32.eu-central-1.compute.internal uid/30afe82d-d58e-4d48-959d-201db141b47a constructed/true reason/Created 
May 25 12:42:16.586 - 9615s I ns/openshift-kube-apiserver pod/kube-apiserver-ip-10-0-174-32.eu-central-1.compute.internal uid/30afe82d-d58e-4d48-959d-201db141b47a container/kube-apiserver-insecure-readyz constructed/true reason/ContainerWait missed real "ContainerWait"
May 25 12:42:16.586 - 9615s I ns/openshift-kube-apiserver pod/kube-apiserver-ip-10-0-174-32.eu-central-1.compute.internal uid/30afe82d-d58e-4d48-959d-201db141b47a container/kube-apiserver-cert-syncer constructed/true reason/ContainerWait missed real "ContainerWait"
May 25 12:42:16.586 - 9615s I ns/openshift-kube-apiserver pod/kube-apiserver-ip-10-0-174-32.eu-central-1.compute.internal uid/30afe82d-d58e-4d48-959d-201db141b47a container/kube-apiserver-cert-regeneration-controller constructed/true reason/ContainerWait missed real "ContainerWait"
May 25 12:42:16.586 - 9615s I ns/openshift-kube-apiserver pod/kube-apiserver-ip-10-0-174-32.eu-central-1.compute.internal uid/30afe82d-d58e-4d48-959d-201db141b47a container/kube-apiserver-check-endpoints constructed/true reason/ContainerWait missed real "ContainerWait"
May 25 12:42:16.586 - 9615s I ns/openshift-kube-apiserver pod/kube-apiserver-ip-10-0-174-32.eu-central-1.compute.internal uid/30afe82d-d58e-4d48-959d-201db141b47a container/kube-apiserver constructed/true reason/ContainerWait missed real "ContainerWait"
May 25 14:44:41.000 I ns/openshift-kube-apiserver pod/kube-apiserver-ip-10-0-174-32.eu-central-1.compute.internal uid/30afe82d-d58e-4d48-959d-201db141b47a container/setup constructed/true reason/Ready 
May 25 14:45:31.000 - 41s   I ns/openshift-kube-apiserver pod/installer-13-ip-10-0-194-125.eu-central-1.compute.internal uid/7ce4f040-aa66-4d43-944c-a7053176a6a7 constructed/true reason/Created 
May 25 14:45:31.000 - 41s   I ns/openshift-kube-apiserver pod/installer-13-ip-10-0-194-125.eu-central-1.compute.internal uid/7ce4f040-aa66-4d43-944c-a7053176a6a7 container/installer constructed/true reason/NotReady 
May 25 14:46:12.000 I ns/openshift-kube-apiserver pod/installer-13-ip-10-0-194-125.eu-central-1.compute.internal uid/7ce4f040-aa66-4d43-944c-a7053176a6a7 constructed/true reason/Scheduled node/ip-10-0-194-125.eu-central-1.compute.internal
May 25 12:46:12.269 - 142s  I ns/openshift-kube-apiserver pod/kube-apiserver-ip-10-0-194-125.eu-central-1.compute.internal uid/2cb74acc-8464-4159-9e94-0071fa2574a4 container/setup constructed/true reason/NotReady missed real "NotReady"
May 25 12:46:12.269 - 9380s I ns/openshift-kube-apiserver pod/kube-apiserver-ip-10-0-194-125.eu-central-1.compute.internal uid/2cb74acc-8464-4159-9e94-0071fa2574a4 constructed/true reason/Created 
May 25 12:46:12.269 - 9380s I ns/openshift-kube-apiserver pod/kube-apiserver-ip-10-0-194-125.eu-central-1.compute.internal uid/2cb74acc-8464-4159-9e94-0071fa2574a4 container/kube-apiserver-check-endpoints constructed/true reason/ContainerWait missed real "ContainerWait"
May 25 12:46:12.269 - 9380s I ns/openshift-kube-apiserver pod/kube-apiserver-ip-10-0-194-125.eu-central-1.compute.internal uid/2cb74acc-8464-4159-9e94-0071fa2574a4 container/kube-apiserver-cert-syncer constructed/true reason/ContainerWait missed real "ContainerWait"
May 25 12:46:12.269 - 9380s I ns/openshift-kube-apiserver pod/kube-apiserver-ip-10-0-194-125.eu-central-1.compute.internal uid/2cb74acc-8464-4159-9e94-0071fa2574a4 container/kube-apiserver constructed/true reason/ContainerWait missed real "ContainerWait"
May 25 12:46:12.269 - 9380s I ns/openshift-kube-apiserver pod/kube-apiserver-ip-10-0-194-125.eu-central-1.compute.internal uid/2cb74acc-8464-4159-9e94-0071fa2574a4 container/kube-apiserver-cert-regeneration-controller constructed/true reason/ContainerWait missed real "ContainerWait"
May 25 12:46:12.269 - 9380s I ns/openshift-kube-apiserver pod/kube-apiserver-ip-10-0-194-125.eu-central-1.compute.internal uid/2cb74acc-8464-4159-9e94-0071fa2574a4 container/kube-apiserver-insecure-readyz constructed/true reason/ContainerWait missed real "ContainerWait"
May 25 14:47:17.000 - 9315s I ns/openshift-monitoring pod/prometheus-adapter-84d8b54d77-85968 uid/4d9ae618-77c7-41a4-84d0-5415c906c089 constructed/true reason/Created 
May 25 14:47:17.000 - 9315s I ns/openshift-monitoring pod/prometheus-adapter-84d8b54d77-85968 uid/4d9ae618-77c7-41a4-84d0-5415c906c089 container/prometheus-adapter constructed/true reason/ContainerWait missed real "ContainerWait"
May 25 14:47:18.000 - 9314s I ns/openshift-monitoring pod/prometheus-adapter-84d8b54d77-xhbk6 uid/c8669bfa-e61a-4de3-8dcb-d5b493fa8980 constructed/true reason/Created 
May 25 14:47:18.000 - 9314s I ns/openshift-monitoring pod/prometheus-adapter-84d8b54d77-xhbk6 uid/c8669bfa-e61a-4de3-8dcb-d5b493fa8980 container/prometheus-adapter constructed/true reason/ContainerWait missed real "ContainerWait"
May 25 14:48:35.000 I ns/openshift-kube-apiserver pod/kube-apiserver-ip-10-0-194-125.eu-central-1.compute.internal uid/2cb74acc-8464-4159-9e94-0071fa2574a4 container/setup constructed/true reason/Ready 
May 25 14:49:29.000 - 41s   I ns/openshift-kube-apiserver pod/installer-13-ip-10-0-136-137.eu-central-1.compute.internal uid/53a9581b-93c5-4b29-82e9-2a09aa31cbdd constructed/true reason/Created 
May 25 14:49:29.000 - 41s   I ns/openshift-kube-apiserver pod/installer-13-ip-10-0-136-137.eu-central-1.compute.internal uid/53a9581b-93c5-4b29-82e9-2a09aa31cbdd container/installer constructed/true reason/NotReady 
May 25 14:50:10.000 I ns/openshift-kube-apiserver pod/installer-13-ip-10-0-136-137.eu-central-1.compute.internal uid/53a9581b-93c5-4b29-82e9-2a09aa31cbdd constructed/true reason/Scheduled node/ip-10-0-136-137.eu-central-1.compute.internal
May 25 12:50:10.485 - 135s  I ns/openshift-kube-apiserver pod/kube-apiserver-ip-10-0-136-137.eu-central-1.compute.internal uid/5bacc249-2423-468f-b12c-3a04a8ad8dd6 container/setup constructed/true reason/NotReady missed real "NotReady"
May 25 12:50:10.485 - 9141s I ns/openshift-kube-apiserver pod/kube-apiserver-ip-10-0-136-137.eu-central-1.compute.internal uid/5bacc249-2423-468f-b12c-3a04a8ad8dd6 constructed/true reason/Created 
May 25 12:50:10.485 - 9141s I ns/openshift-kube-apiserver pod/kube-apiserver-ip-10-0-136-137.eu-central-1.compute.internal uid/5bacc249-2423-468f-b12c-3a04a8ad8dd6 container/kube-apiserver-insecure-readyz constructed/true reason/ContainerWait missed real "ContainerWait"
May 25 12:50:10.485 - 9141s I ns/openshift-kube-apiserver pod/kube-apiserver-ip-10-0-136-137.eu-central-1.compute.internal uid/5bacc249-2423-468f-b12c-3a04a8ad8dd6 container/kube-apiserver-cert-syncer constructed/true reason/ContainerWait missed real "ContainerWait"
May 25 12:50:10.485 - 9141s I ns/openshift-kube-apiserver pod/kube-apiserver-ip-10-0-136-137.eu-central-1.compute.internal uid/5bacc249-2423-468f-b12c-3a04a8ad8dd6 container/kube-apiserver-cert-regeneration-controller constructed/true reason/ContainerWait missed real "ContainerWait"
May 25 12:50:10.485 - 9141s I ns/openshift-kube-apiserver pod/kube-apiserver-ip-10-0-136-137.eu-central-1.compute.internal uid/5bacc249-2423-468f-b12c-3a04a8ad8dd6 container/kube-apiserver-check-endpoints constructed/true reason/ContainerWait missed real "ContainerWait"
May 25 12:50:10.485 - 9141s I ns/openshift-kube-apiserver pod/kube-apiserver-ip-10-0-136-137.eu-central-1.compute.internal uid/5bacc249-2423-468f-b12c-3a04a8ad8dd6 container/kube-apiserver constructed/true reason/ContainerWait missed real "ContainerWait"
May 25 14:52:26.000 I ns/openshift-kube-apiserver pod/kube-apiserver-ip-10-0-136-137.eu-central-1.compute.internal uid/5bacc249-2423-468f-b12c-3a04a8ad8dd6 container/setup constructed/true reason/Ready 
May 25 16:45:00.000 - 6s    I ns/openshift-operator-lifecycle-manager pod/collect-profiles-27558165-95975 uid/d0be3581-16d9-4fa1-bc84-a71d23dd467b constructed/true reason/Created 
May 25 16:45:00.000 - 6s    I ns/openshift-operator-lifecycle-manager pod/collect-profiles-27558165-95975 uid/d0be3581-16d9-4fa1-bc84-a71d23dd467b container/collect-profiles constructed/true reason/NotReady 
May 25 16:45:06.000 I ns/openshift-operator-lifecycle-manager pod/collect-profiles-27558165-95975 uid/d0be3581-16d9-4fa1-bc84-a71d23dd467b constructed/true reason/Scheduled node/ip-10-0-207-138.eu-central-1.compute.internal
May 25 16:52:34.000 - 1798s I ns/openshift-marketplace pod/community-operators-qz9gl uid/3e230a7b-ad8a-4cf4-b9ec-c978e3fa9f1a constructed/true reason/Created 
May 25 16:52:34.000 - 1798s I ns/openshift-marketplace pod/community-operators-qz9gl uid/3e230a7b-ad8a-4cf4-b9ec-c978e3fa9f1a container/registry-server constructed/true reason/ContainerWait missed real "ContainerWait"
May 25 16:57:00.000 - 1532s I ns/openshift-authentication pod/oauth-openshift-67bbb54f68-fmq6b uid/568621a4-45e6-436f-8427-a7bb95b6350b constructed/true reason/Created 
May 25 16:57:00.000 - 1532s I ns/openshift-authentication pod/oauth-openshift-67bbb54f68-fmq6b uid/568621a4-45e6-436f-8427-a7bb95b6350b container/oauth-openshift constructed/true reason/ContainerWait missed real "ContainerWait"
May 25 16:57:30.000 - 1502s I ns/openshift-authentication pod/oauth-openshift-67bbb54f68-kzl2f uid/034ddd64-4e4f-4ed7-826d-47b95da2f09a constructed/true reason/Created 
May 25 16:57:30.000 - 1502s I ns/openshift-authentication pod/oauth-openshift-67bbb54f68-kzl2f uid/034ddd64-4e4f-4ed7-826d-47b95da2f09a container/oauth-openshift constructed/true reason/ContainerWait missed real "ContainerWait"
May 25 16:58:00.000 - 1472s I ns/openshift-authentication pod/oauth-openshift-67bbb54f68-66kcc uid/bae8a670-0a0b-49d8-8948-475d0e473bfc constructed/true reason/Created 
May 25 16:58:00.000 - 1472s I ns/openshift-authentication pod/oauth-openshift-67bbb54f68-66kcc uid/bae8a670-0a0b-49d8-8948-475d0e473bfc container/oauth-openshift constructed/true reason/ContainerWait missed real "ContainerWait"
May 25 17:00:00.000 - 4s    I ns/openshift-operator-lifecycle-manager pod/collect-profiles-27558180-vj5gq uid/19aebab6-5f89-4162-b5ec-969f3ac46af4 constructed/true reason/Created 
May 25 17:00:00.000 - 4s    I ns/openshift-operator-lifecycle-manager pod/collect-profiles-27558180-vj5gq uid/19aebab6-5f89-4162-b5ec-969f3ac46af4 container/collect-profiles constructed/true reason/NotReady 
May 25 17:00:04.000 I ns/openshift-operator-lifecycle-manager pod/collect-profiles-27558180-vj5gq uid/19aebab6-5f89-4162-b5ec-969f3ac46af4 constructed/true reason/Scheduled node/ip-10-0-207-138.eu-central-1.compute.internal
May 25 17:15:00.000 - 4s    I ns/openshift-operator-lifecycle-manager pod/collect-profiles-27558195-bpmcv uid/b5121808-546c-4cfe-b6ae-e33b19eaeea8 constructed/true reason/Created 
May 25 17:15:00.000 - 4s    I ns/openshift-operator-lifecycle-manager pod/collect-profiles-27558195-bpmcv uid/b5121808-546c-4cfe-b6ae-e33b19eaeea8 container/collect-profiles constructed/true reason/NotReady 
May 25 17:15:04.000 I ns/openshift-operator-lifecycle-manager pod/collect-profiles-27558195-bpmcv uid/b5121808-546c-4cfe-b6ae-e33b19eaeea8 constructed/true reason/Scheduled node/ip-10-0-207-138.eu-central-1.compute.internal
May 25 17:22:31.950 - 3s    W alert/AlertmanagerReceiversNotConfigured ns/openshift-monitoring ALERTS{alertname="AlertmanagerReceiversNotConfigured", alertstate="firing", namespace="openshift-monitoring", prometheus="openshift-monitoring/k8s", severity="warning"}
May 25 17:22:31.950 - 3s    W alert/CannotRetrieveUpdates node/10.0.174.32:9099 ns/openshift-cluster-version pod/cluster-version-operator-6cfd5fdfdd-6pmxd ALERTS{alertname="CannotRetrieveUpdates", alertstate="firing", endpoint="metrics", instance="10.0.174.32:9099", job="cluster-version-operator", namespace="openshift-cluster-version", pod="cluster-version-operator-6cfd5fdfdd-6pmxd", prometheus="openshift-monitoring/k8s", service="cluster-version-operator", severity="warning"}
May 25 17:22:31.950 - 3s    E alert/Watchdog ns/openshift-monitoring ALERTS{alertname="Watchdog", alertstate="firing", namespace="openshift-monitoring", prometheus="openshift-monitoring/k8s", severity="none"}
May 25 17:22:31.951 - 2s    I disruption/kube-api connection/new disruption/kube-api connection/new started responding to GET requests over new connections
May 25 17:22:31.951 - 2s    I disruption/cache-kube-api connection/new disruption/cache-kube-api connection/new started responding to GET requests over new connections
May 25 17:22:31.951 - 2s    I disruption/openshift-api connection/new disruption/openshift-api connection/new started responding to GET requests over new connections
May 25 17:22:31.951 - 2s    I disruption/cache-openshift-api connection/new disruption/cache-openshift-api connection/new started responding to GET requests over new connections
May 25 17:22:31.952 - 2s    I disruption/oauth-api connection/new disruption/oauth-api connection/new started responding to GET requests over new connections
May 25 17:22:31.952 - 2s    I disruption/cache-oauth-api connection/new disruption/cache-oauth-api connection/new started responding to GET requests over new connections
May 25 17:22:31.952 - 2s    I disruption/kube-api connection/reused disruption/kube-api connection/reused started responding to GET requests over reused connections
May 25 17:22:31.952 - 2s    I disruption/cache-kube-api connection/reused disruption/cache-kube-api connection/reused started responding to GET requests over reused connections
May 25 17:22:31.952 - 2s    I disruption/openshift-api connection/reused disruption/openshift-api connection/reused started responding to GET requests over reused connections
May 25 17:22:31.952 - 2s    I disruption/cache-openshift-api connection/reused disruption/cache-openshift-api connection/reused started responding to GET requests over reused connections
May 25 17:22:31.952 - 2s    I disruption/oauth-api connection/reused disruption/oauth-api connection/reused started responding to GET requests over reused connections
May 25 17:22:31.952 - 2s    I disruption/cache-oauth-api connection/reused disruption/cache-oauth-api connection/reused started responding to GET requests over reused connections
May 25 17:22:31.953 - 2s    I ns/openshift-authentication route/oauth-openshift disruption/ingress-to-oauth-server connection/new ns/openshift-authentication route/oauth-openshift disruption/ingress-to-oauth-server connection/new started responding to GET requests over new connections
May 25 17:22:31.953 - 2s    I ns/openshift-authentication route/oauth-openshift disruption/ingress-to-oauth-server connection/reused ns/openshift-authentication route/oauth-openshift disruption/ingress-to-oauth-server connection/reused started responding to GET requests over reused connections
May 25 17:22:31.954 - 2s    I ns/openshift-console route/console disruption/ingress-to-console connection/new ns/openshift-console route/console disruption/ingress-to-console connection/new started responding to GET requests over new connections
May 25 17:22:31.954 - 2s    I ns/openshift-console route/console disruption/ingress-to-console connection/reused ns/openshift-console route/console disruption/ingress-to-console connection/reused started responding to GET requests over reused connections
May 25 15:22:31.955 I e2e-test/"[Serial] [sig-auth][Feature:OAuthServer] [RequestHeaders] [IdP] test RequestHeaders IdP [Suite:openshift/conformance/serial]" started
May 25 15:22:31.955 - 2s    E e2e-test/"[Serial] [sig-auth][Feature:OAuthServer] [RequestHeaders] [IdP] test RequestHeaders IdP [Suite:openshift/conformance/serial]" e2e test finished As "Failed"
May 25 17:22:32.000 I ns/openshift-kube-controller-manager pod/kube-controller-manager-ip-10-0-136-137.eu-central-1.compute.internal reason/CreatedSCCRanges created SCC ranges for e2e-test-request-headers-np7qr namespace
May 25 15:22:32.316 I ns/openshift-console pod/console-8659799f66-4f7jr node/ip-10-0-136-137.eu-central-1.compute.internal uid/3e35f847-3337-4a20-9a68-71a24c9ad731 reason/Created 
May 25 15:22:32.316 - 2s    I ns/openshift-console pod/console-8659799f66-4f7jr uid/3e35f847-3337-4a20-9a68-71a24c9ad731 constructed/true reason/Scheduled node/ip-10-0-136-137.eu-central-1.compute.internal
May 25 15:22:32.316 I ns/openshift-console pod/console-8659799f66-4f7jr node/ip-10-0-136-137.eu-central-1.compute.internal uid/3e35f847-3337-4a20-9a68-71a24c9ad731 reason/Scheduled node/ip-10-0-136-137.eu-central-1.compute.internal
May 25 15:22:32.316 - 2s    I ns/openshift-console pod/console-8659799f66-4f7jr uid/3e35f847-3337-4a20-9a68-71a24c9ad731 container/console constructed/true reason/ContainerStart cause/: 
May 25 15:22:32.316 I ns/openshift-console pod/console-8659799f66-4f7jr node/ip-10-0-136-137.eu-central-1.compute.internal uid/3e35f847-3337-4a20-9a68-71a24c9ad731 container/console reason/ContainerStart cause/: 
May 25 15:22:32.316 - 0ms   I ns/openshift-console pod/console-8659799f66-4f7jr uid/3e35f847-3337-4a20-9a68-71a24c9ad731 container/console constructed/true reason/NotReady missed real "NotReady"
May 25 15:22:32.316 - 2s    I ns/openshift-console pod/console-8659799f66-4f7jr uid/3e35f847-3337-4a20-9a68-71a24c9ad731 container/console constructed/true reason/Ready 
May 25 15:22:32.316 I ns/openshift-console pod/console-8659799f66-4f7jr node/ip-10-0-136-137.eu-central-1.compute.internal uid/3e35f847-3337-4a20-9a68-71a24c9ad731 container/console reason/Ready 
May 25 15:22:32.317 I ns/openshift-kube-apiserver pod/kube-apiserver-ip-10-0-194-125.eu-central-1.compute.internal node/ip-10-0-194-125.eu-central-1.compute.internal uid/2cb74acc-8464-4159-9e94-0071fa2574a4 reason/Created 
May 25 15:22:32.317 - 2s    I ns/openshift-kube-apiserver pod/kube-apiserver-ip-10-0-194-125.eu-central-1.compute.internal uid/2cb74acc-8464-4159-9e94-0071fa2574a4 constructed/true reason/Scheduled node/ip-10-0-194-125.eu-central-1.compute.internal
May 25 15:22:32.317 I ns/openshift-kube-apiserver pod/kube-apiserver-ip-10-0-194-125.eu-central-1.compute.internal node/ip-10-0-194-125.eu-central-1.compute.internal uid/2cb74acc-8464-4159-9e94-0071fa2574a4 reason/Scheduled node/ip-10-0-194-125.eu-central-1.compute.internal
May 25 15:22:32.317 - 2s    I ns/openshift-kube-apiserver pod/kube-apiserver-ip-10-0-194-125.eu-central-1.compute.internal uid/2cb74acc-8464-4159-9e94-0071fa2574a4 container/kube-apiserver-cert-syncer constructed/true reason/ContainerStart cause/: 
May 25 15:22:32.317 - 2s    I ns/openshift-kube-apiserver pod/kube-apiserver-ip-10-0-194-125.eu-central-1.compute.internal uid/2cb74acc-8464-4159-9e94-0071fa2574a4 container/kube-apiserver-insecure-readyz constructed/true reason/ContainerStart cause/: 
May 25 15:22:32.317 - 2s    I ns/openshift-kube-apiserver pod/kube-apiserver-ip-10-0-194-125.eu-central-1.compute.internal uid/2cb74acc-8464-4159-9e94-0071fa2574a4 container/kube-apiserver-check-endpoints constructed/true reason/ContainerStart cause/: 
May 25 15:22:32.317 - 2s    I ns/openshift-kube-apiserver pod/kube-apiserver-ip-10-0-194-125.eu-central-1.compute.internal uid/2cb74acc-8464-4159-9e94-0071fa2574a4 container/kube-apiserver constructed/true reason/ContainerStart cause/: 
May 25 15:22:32.317 - 2s    I ns/openshift-kube-apiserver pod/kube-apiserver-ip-10-0-194-125.eu-central-1.compute.internal uid/2cb74acc-8464-4159-9e94-0071fa2574a4 container/kube-apiserver-cert-regeneration-controller constructed/true reason/ContainerStart cause/: 
May 25 15:22:32.317 I ns/openshift-kube-apiserver pod/kube-apiserver-ip-10-0-194-125.eu-central-1.compute.internal node/ip-10-0-194-125.eu-central-1.compute.internal uid/2cb74acc-8464-4159-9e94-0071fa2574a4 container/kube-apiserver-cert-syncer reason/ContainerStart cause/: 
May 25 15:22:32.317 I ns/openshift-kube-apiserver pod/kube-apiserver-ip-10-0-194-125.eu-central-1.compute.internal node/ip-10-0-194-125.eu-central-1.compute.internal uid/2cb74acc-8464-4159-9e94-0071fa2574a4 container/kube-apiserver-insecure-readyz reason/ContainerStart cause/: 
May 25 15:22:32.317 I ns/openshift-kube-apiserver pod/kube-apiserver-ip-10-0-194-125.eu-central-1.compute.internal node/ip-10-0-194-125.eu-central-1.compute.internal uid/2cb74acc-8464-4159-9e94-0071fa2574a4 container/kube-apiserver-check-endpoints reason/ContainerStart cause/: 
May 25 15:22:32.317 I ns/openshift-kube-apiserver pod/kube-apiserver-ip-10-0-194-125.eu-central-1.compute.internal node/ip-10-0-194-125.eu-central-1.compute.internal uid/2cb74acc-8464-4159-9e94-0071fa2574a4 container/kube-apiserver-cert-regeneration-controller reason/ContainerStart cause/: 
May 25 15:22:32.317 I ns/openshift-kube-apiserver pod/kube-apiserver-ip-10-0-194-125.eu-central-1.compute.internal node/ip-10-0-194-125.eu-central-1.compute.internal uid/2cb74acc-8464-4159-9e94-0071fa2574a4 container/kube-apiserver reason/ContainerStart cause/: 
May 25 15:22:32.317 - 0ms   I ns/openshift-kube-apiserver pod/kube-apiserver-ip-10-0-194-125.eu-central-1.compute.internal uid/2cb74acc-8464-4159-9e94-0071fa2574a4 container/kube-apiserver-check-endpoints constructed/true reason/NotReady missed real "NotReady"
May 25 15:22:32.317 - 0ms   I ns/openshift-kube-apiserver pod/kube-apiserver-ip-10-0-194-125.eu-central-1.compute.internal uid/2cb74acc-8464-4159-9e94-0071fa2574a4 container/kube-apiserver-insecure-readyz constructed/true reason/NotReady missed real "NotReady"
May 25 15:22:32.317 - 0ms   I ns/openshift-kube-apiserver pod/kube-apiserver-ip-10-0-194-125.eu-central-1.compute.internal uid/2cb74acc-8464-4159-9e94-0071fa2574a4 container/kube-apiserver constructed/true reason/NotReady missed real "NotReady"
May 25 15:22:32.317 - 0ms   I ns/openshift-kube-apiserver pod/kube-apiserver-ip-10-0-194-125.eu-central-1.compute.internal uid/2cb74acc-8464-4159-9e94-0071fa2574a4 container/kube-apiserver-cert-syncer constructed/true reason/NotReady missed real "NotReady"
May 25 15:22:32.317 - 0ms   I ns/openshift-kube-apiserver pod/kube-apiserver-ip-10-0-194-125.eu-central-1.compute.internal uid/2cb74acc-8464-4159-9e94-0071fa2574a4 container/kube-apiserver-cert-regeneration-controller constructed/true reason/NotReady missed real "NotReady"
May 25 15:22:32.317 - 2s    I ns/openshift-kube-apiserver pod/kube-apiserver-ip-10-0-194-125.eu-central-1.compute.internal uid/2cb74acc-8464-4159-9e94-0071fa2574a4 container/kube-apiserver-cert-syncer constructed/true reason/Ready 
May 25 15:22:32.317 - 2s    I ns/openshift-kube-apiserver pod/kube-apiserver-ip-10-0-194-125.eu-central-1.compute.internal uid/2cb74acc-8464-4159-9e94-0071fa2574a4 container/kube-apiserver constructed/true reason/Ready 
May 25 15:22:32.317 - 2s    I ns/openshift-kube-apiserver pod/kube-apiserver-ip-10-0-194-125.eu-central-1.compute.internal uid/2cb74acc-8464-4159-9e94-0071fa2574a4 container/kube-apiserver-cert-regeneration-controller constructed/true reason/Ready 
May 25 15:22:32.317 - 2s    I ns/openshift-kube-apiserver pod/kube-apiserver-ip-10-0-194-125.eu-central-1.compute.internal uid/2cb74acc-8464-4159-9e94-0071fa2574a4 container/kube-apiserver-insecure-readyz constructed/true reason/Ready 
May 25 15:22:32.317 - 2s    I ns/openshift-kube-apiserver pod/kube-apiserver-ip-10-0-194-125.eu-central-1.compute.internal uid/2cb74acc-8464-4159-9e94-0071fa2574a4 container/kube-apiserver-check-endpoints constructed/true reason/Ready 
May 25 15:22:32.317 I ns/openshift-kube-apiserver pod/kube-apiserver-ip-10-0-194-125.eu-central-1.compute.internal node/ip-10-0-194-125.eu-central-1.compute.internal uid/2cb74acc-8464-4159-9e94-0071fa2574a4 container/kube-apiserver-cert-regeneration-controller reason/Ready 
May 25 15:22:32.317 I ns/openshift-kube-apiserver pod/kube-apiserver-ip-10-0-194-125.eu-central-1.compute.internal node/ip-10-0-194-125.eu-central-1.compute.internal uid/2cb74acc-8464-4159-9e94-0071fa2574a4 container/kube-apiserver-cert-syncer reason/Ready 
May 25 15:22:32.317 I ns/openshift-kube-apiserver pod/kube-apiserver-ip-10-0-194-125.eu-central-1.compute.internal node/ip-10-0-194-125.eu-central-1.compute.internal uid/2cb74acc-8464-4159-9e94-0071fa2574a4 container/kube-apiserver reason/Ready 
May 25 15:22:32.317 I ns/openshift-kube-apiserver pod/kube-apiserver-ip-10-0-194-125.eu-central-1.compute.internal node/ip-10-0-194-125.eu-central-1.compute.internal uid/2cb74acc-8464-4159-9e94-0071fa2574a4 container/kube-apiserver-insecure-readyz reason/Ready 
May 25 15:22:32.317 I ns/openshift-kube-apiserver pod/kube-apiserver-ip-10-0-194-125.eu-central-1.compute.internal node/ip-10-0-194-125.eu-central-1.compute.internal uid/2cb74acc-8464-4159-9e94-0071fa2574a4 container/setup reason/Ready 
May 25 15:22:32.317 I ns/openshift-kube-apiserver pod/kube-apiserver-ip-10-0-194-125.eu-central-1.compute.internal node/ip-10-0-194-125.eu-central-1.compute.internal uid/2cb74acc-8464-4159-9e94-0071fa2574a4 container/kube-apiserver-check-endpoints reason/Ready 
May 25 15:22:32.317 I ns/openshift-dns pod/node-resolver-6gnnm node/ip-10-0-186-221.eu-central-1.compute.internal uid/4fe3818a-d8ae-48d1-8556-0b27bcbe6bfb reason/Created 
May 25 15:22:32.317 - 2s    I ns/openshift-dns pod/node-resolver-6gnnm uid/4fe3818a-d8ae-48d1-8556-0b27bcbe6bfb constructed/true reason/Scheduled node/ip-10-0-186-221.eu-central-1.compute.internal
May 25 15:22:32.317 I ns/openshift-dns pod/node-resolver-6gnnm node/ip-10-0-186-221.eu-central-1.compute.internal uid/4fe3818a-d8ae-48d1-8556-0b27bcbe6bfb reason/Scheduled node/ip-10-0-186-221.eu-central-1.compute.internal
May 25 15:22:32.317 - 2s    I ns/openshift-dns pod/node-resolver-6gnnm uid/4fe3818a-d8ae-48d1-8556-0b27bcbe6bfb container/dns-node-resolver constructed/true reason/ContainerStart cause/: 
May 25 15:22:32.317 I ns/openshift-dns pod/node-resolver-6gnnm node/ip-10-0-186-221.eu-central-1.compute.internal uid/4fe3818a-d8ae-48d1-8556-0b27bcbe6bfb container/dns-node-resolver reason/ContainerStart cause/: 
May 25 15:22:32.317 - 0ms   I ns/openshift-dns pod/node-resolver-6gnnm uid/4fe3818a-d8ae-48d1-8556-0b27bcbe6bfb container/dns-node-resolver constructed/true reason/NotReady missed real "NotReady"
May 25 15:22:32.317 - 2s    I ns/openshift-dns pod/node-resolver-6gnnm uid/4fe3818a-d8ae-48d1-8556-0b27bcbe6bfb container/dns-node-resolver constructed/true reason/Ready 
May 25 15:22:32.317 I ns/openshift-dns pod/node-resolver-6gnnm node/ip-10-0-186-221.eu-central-1.compute.internal uid/4fe3818a-d8ae-48d1-8556-0b27bcbe6bfb container/dns-node-resolver reason/Ready 
May 25 15:22:32.317 I ns/openshift-image-registry pod/image-registry-858f6d8c78-4ldvc node/ip-10-0-207-138.eu-central-1.compute.internal uid/a6d5cfaa-8cf2-4d11-bf33-7ae53a8580c0 reason/Created 
May 25 15:22:32.317 - 2s    I ns/openshift-image-registry pod/image-registry-858f6d8c78-4ldvc uid/a6d5cfaa-8cf2-4d11-bf33-7ae53a8580c0 constructed/true reason/Scheduled node/ip-10-0-207-138.eu-central-1.compute.internal
May 25 15:22:32.317 I ns/openshift-image-registry pod/image-registry-858f6d8c78-4ldvc node/ip-10-0-207-138.eu-central-1.compute.internal uid/a6d5cfaa-8cf2-4d11-bf33-7ae53a8580c0 reason/Scheduled node/ip-10-0-207-138.eu-central-1.compute.internal
May 25 15:22:32.317 - 2s    I ns/openshift-image-registry pod/image-registry-858f6d8c78-4ldvc uid/a6d5cfaa-8cf2-4d11-bf33-7ae53a8580c0 container/registry constructed/true reason/ContainerStart cause/: 
May 25 15:22:32.317 I ns/openshift-image-registry pod/image-registry-858f6d8c78-4ldvc node/ip-10-0-207-138.eu-central-1.compute.internal uid/a6d5cfaa-8cf2-4d11-bf33-7ae53a8580c0 container/registry reason/ContainerStart cause/: 
May 25 15:22:32.317 - 0ms   I ns/openshift-image-registry pod/image-registry-858f6d8c78-4ldvc uid/a6d5cfaa-8cf2-4d11-bf33-7ae53a8580c0 container/registry constructed/true reason/NotReady missed real "NotReady"
May 25 15:22:32.317 - 2s    I ns/openshift-image-registry pod/image-registry-858f6d8c78-4ldvc uid/a6d5cfaa-8cf2-4d11-bf33-7ae53a8580c0 container/registry constructed/true reason/Ready 
May 25 15:22:32.317 I ns/openshift-image-registry pod/image-registry-858f6d8c78-4ldvc node/ip-10-0-207-138.eu-central-1.compute.internal uid/a6d5cfaa-8cf2-4d11-bf33-7ae53a8580c0 container/registry reason/Ready 
May 25 15:22:32.317 I ns/openshift-kube-apiserver pod/revision-pruner-10-ip-10-0-136-137.eu-central-1.compute.internal node/ip-10-0-136-137.eu-central-1.compute.internal uid/17184c47-3480-4b70-8ef9-66ddbb23f60f reason/Created 
May 25 15:22:32.317 I ns/openshift-kube-apiserver pod/revision-pruner-10-ip-10-0-136-137.eu-central-1.compute.internal node/ip-10-0-136-137.eu-central-1.compute.internal uid/17184c47-3480-4b70-8ef9-66ddbb23f60f reason/Scheduled node/ip-10-0-136-137.eu-central-1.compute.internal
May 25 15:22:32.317 W ns/openshift-kube-apiserver pod/revision-pruner-10-ip-10-0-136-137.eu-central-1.compute.internal node/ip-10-0-136-137.eu-central-1.compute.internal uid/17184c47-3480-4b70-8ef9-66ddbb23f60f container/pruner reason/NotReady 
May 25 15:22:32.317 I ns/openshift-cluster-storage-operator pod/csi-snapshot-controller-operator-7cf88dff6c-jmjcm node/ip-10-0-174-32.eu-central-1.compute.internal uid/3805d385-8803-428e-b8d2-43a12d75a533 reason/Created 
May 25 15:22:32.317 - 2s    I ns/openshift-cluster-storage-operator pod/csi-snapshot-controller-operator-7cf88dff6c-jmjcm uid/3805d385-8803-428e-b8d2-43a12d75a533 constructed/true reason/Scheduled node/ip-10-0-174-32.eu-central-1.compute.internal
May 25 15:22:32.317 I ns/openshift-cluster-storage-operator pod/csi-snapshot-controller-operator-7cf88dff6c-jmjcm node/ip-10-0-174-32.eu-central-1.compute.internal uid/3805d385-8803-428e-b8d2-43a12d75a533 reason/Scheduled node/ip-10-0-174-32.eu-central-1.compute.internal
May 25 15:22:32.317 - 2s    I ns/openshift-cluster-storage-operator pod/csi-snapshot-controller-operator-7cf88dff6c-jmjcm uid/3805d385-8803-428e-b8d2-43a12d75a533 container/csi-snapshot-controller-operator constructed/true reason/ContainerStart cause/: 
May 25 15:22:32.317 I ns/openshift-cluster-storage-operator pod/csi-snapshot-controller-operator-7cf88dff6c-jmjcm node/ip-10-0-174-32.eu-central-1.compute.internal uid/3805d385-8803-428e-b8d2-43a12d75a533 container/csi-snapshot-controller-operator reason/ContainerStart cause/: 
May 25 15:22:32.317 - 0ms   I ns/openshift-cluster-storage-operator pod/csi-snapshot-controller-operator-7cf88dff6c-jmjcm uid/3805d385-8803-428e-b8d2-43a12d75a533 container/csi-snapshot-controller-operator constructed/true reason/NotReady missed real "NotReady"
May 25 15:22:32.317 - 2s    I ns/openshift-cluster-storage-operator pod/csi-snapshot-controller-operator-7cf88dff6c-jmjcm uid/3805d385-8803-428e-b8d2-43a12d75a533 container/csi-snapshot-controller-operator constructed/true reason/Ready 
May 25 15:22:32.317 I ns/openshift-cluster-storage-operator pod/csi-snapshot-controller-operator-7cf88dff6c-jmjcm node/ip-10-0-174-32.eu-central-1.compute.internal uid/3805d385-8803-428e-b8d2-43a12d75a533 container/csi-snapshot-controller-operator reason/Ready 
May 25 15:22:32.317 I ns/openshift-etcd pod/installer-3-ip-10-0-194-125.eu-central-1.compute.internal node/ip-10-0-194-125.eu-central-1.compute.internal uid/ad1e6e47-9978-4be2-acc9-7464aa220921 reason/Created 
May 25 15:22:32.317 I ns/openshift-etcd pod/installer-3-ip-10-0-194-125.eu-central-1.compute.internal node/ip-10-0-194-125.eu-central-1.compute.internal uid/ad1e6e47-9978-4be2-acc9-7464aa220921 reason/Scheduled node/ip-10-0-194-125.eu-central-1.compute.internal
May 25 15:22:32.317 W ns/openshift-etcd pod/installer-3-ip-10-0-194-125.eu-central-1.compute.internal node/ip-10-0-194-125.eu-central-1.compute.internal uid/ad1e6e47-9978-4be2-acc9-7464aa220921 container/installer reason/NotReady 
May 25 15:22:32.317 I ns/openshift-insights pod/insights-operator-7d4bd6d7f8-jdmdx node/ip-10-0-174-32.eu-central-1.compute.internal uid/39aa99ac-bff6-4e91-a0c1-b0c9eb9d65ff reason/Created 
May 25 15:22:32.317 - 2s    I ns/openshift-insights pod/insights-operator-7d4bd6d7f8-jdmdx uid/39aa99ac-bff6-4e91-a0c1-b0c9eb9d65ff constructed/true reason/Scheduled node/ip-10-0-174-32.eu-central-1.compute.internal
May 25 15:22:32.317 I ns/openshift-insights pod/insights-operator-7d4bd6d7f8-jdmdx node/ip-10-0-174-32.eu-central-1.compute.internal uid/39aa99ac-bff6-4e91-a0c1-b0c9eb9d65ff reason/Scheduled node/ip-10-0-174-32.eu-central-1.compute.internal
May 25 15:22:32.317 - 2s    I ns/openshift-insights pod/insights-operator-7d4bd6d7f8-jdmdx uid/39aa99ac-bff6-4e91-a0c1-b0c9eb9d65ff container/insights-operator constructed/true reason/ContainerStart cause/: 
May 25 15:22:32.317 I ns/openshift-insights pod/insights-operator-7d4bd6d7f8-jdmdx node/ip-10-0-174-32.eu-central-1.compute.internal uid/39aa99ac-bff6-4e91-a0c1-b0c9eb9d65ff container/insights-operator reason/ContainerStart cause/: 
May 25 15:22:32.317 - 0ms   I ns/openshift-insights pod/insights-operator-7d4bd6d7f8-jdmdx uid/39aa99ac-bff6-4e91-a0c1-b0c9eb9d65ff container/insights-operator constructed/true reason/NotReady missed real "NotReady"
May 25 15:22:32.317 - 2s    I ns/openshift-insights pod/insights-operator-7d4bd6d7f8-jdmdx uid/39aa99ac-bff6-4e91-a0c1-b0c9eb9d65ff container/insights-operator constructed/true reason/Ready 
May 25 15:22:32.317 I ns/openshift-insights pod/insights-operator-7d4bd6d7f8-jdmdx node/ip-10-0-174-32.eu-central-1.compute.internal uid/39aa99ac-bff6-4e91-a0c1-b0c9eb9d65ff container/insights-operator reason/Ready 
May 25 15:22:32.317 I ns/openshift-kube-apiserver pod/revision-pruner-12-ip-10-0-194-125.eu-central-1.compute.internal node/ip-10-0-194-125.eu-central-1.compute.internal uid/5330878f-6104-4e7d-aca7-2c912f46f184 reason/Created 
May 25 15:22:32.317 I ns/openshift-kube-apiserver pod/revision-pruner-12-ip-10-0-194-125.eu-central-1.compute.internal node/ip-10-0-194-125.eu-central-1.compute.internal uid/5330878f-6104-4e7d-aca7-2c912f46f184 reason/Scheduled node/ip-10-0-194-125.eu-central-1.compute.internal
May 25 15:22:32.317 W ns/openshift-kube-apiserver pod/revision-pruner-12-ip-10-0-194-125.eu-central-1.compute.internal node/ip-10-0-194-125.eu-central-1.compute.internal uid/5330878f-6104-4e7d-aca7-2c912f46f184 container/pruner reason/NotReady 
May 25 15:22:32.317 I ns/openshift-monitoring pod/prometheus-adapter-84d8b54d77-85968 node/ip-10-0-207-138.eu-central-1.compute.internal uid/4d9ae618-77c7-41a4-84d0-5415c906c089 reason/Created 
May 25 15:22:32.317 - 2s    I ns/openshift-monitoring pod/prometheus-adapter-84d8b54d77-85968 uid/4d9ae618-77c7-41a4-84d0-5415c906c089 constructed/true reason/Scheduled node/ip-10-0-207-138.eu-central-1.compute.internal
May 25 15:22:32.317 I ns/openshift-monitoring pod/prometheus-adapter-84d8b54d77-85968 node/ip-10-0-207-138.eu-central-1.compute.internal uid/4d9ae618-77c7-41a4-84d0-5415c906c089 reason/Scheduled node/ip-10-0-207-138.eu-central-1.compute.internal
May 25 15:22:32.317 - 2s    I ns/openshift-monitoring pod/prometheus-adapter-84d8b54d77-85968 uid/4d9ae618-77c7-41a4-84d0-5415c906c089 container/prometheus-adapter constructed/true reason/ContainerStart cause/: 
May 25 15:22:32.317 I ns/openshift-monitoring pod/prometheus-adapter-84d8b54d77-85968 node/ip-10-0-207-138.eu-central-1.compute.internal uid/4d9ae618-77c7-41a4-84d0-5415c906c089 container/prometheus-adapter reason/ContainerStart cause/: 
May 25 15:22:32.317 - 0ms   I ns/openshift-monitoring pod/prometheus-adapter-84d8b54d77-85968 uid/4d9ae618-77c7-41a4-84d0-5415c906c089 container/prometheus-adapter constructed/true reason/NotReady missed real "NotReady"
May 25 15:22:32.317 - 2s    I ns/openshift-monitoring pod/prometheus-adapter-84d8b54d77-85968 uid/4d9ae618-77c7-41a4-84d0-5415c906c089 container/prometheus-adapter constructed/true reason/Ready 
May 25 15:22:32.317 I ns/openshift-monitoring pod/prometheus-adapter-84d8b54d77-85968 node/ip-10-0-207-138.eu-central-1.compute.internal uid/4d9ae618-77c7-41a4-84d0-5415c906c089 container/prometheus-adapter reason/Ready 
May 25 15:22:32.317 I ns/openshift-dns pod/dns-default-ntvrf node/ip-10-0-136-137.eu-central-1.compute.internal uid/12427cd9-3735-48da-863d-feb97c706dd8 reason/Created 
May 25 15:22:32.317 - 2s    I ns/openshift-dns pod/dns-default-ntvrf uid/12427cd9-3735-48da-863d-feb97c706dd8 constructed/true reason/Scheduled node/ip-10-0-136-137.eu-central-1.compute.internal
May 25 15:22:32.317 I ns/openshift-dns pod/dns-default-ntvrf node/ip-10-0-136-137.eu-central-1.compute.internal uid/12427cd9-3735-48da-863d-feb97c706dd8 reason/Scheduled node/ip-10-0-136-137.eu-central-1.compute.internal
May 25 15:22:32.317 - 2s    I ns/openshift-dns pod/dns-default-ntvrf uid/12427cd9-3735-48da-863d-feb97c706dd8 container/dns constructed/true reason/ContainerStart cause/: 
May 25 15:22:32.317 - 2s    I ns/openshift-dns pod/dns-default-ntvrf uid/12427cd9-3735-48da-863d-feb97c706dd8 container/kube-rbac-proxy constructed/true reason/ContainerStart cause/: 
May 25 15:22:32.317 I ns/openshift-dns pod/dns-default-ntvrf node/ip-10-0-136-137.eu-central-1.compute.internal uid/12427cd9-3735-48da-863d-feb97c706dd8 container/kube-rbac-proxy reason/ContainerStart cause/: 
May 25 15:22:32.317 I ns/openshift-dns pod/dns-default-ntvrf node/ip-10-0-136-137.eu-central-1.compute.internal uid/12427cd9-3735-48da-863d-feb97c706dd8 container/dns reason/ContainerStart cause/: 
May 25 15:22:32.317 - 0ms   I ns/openshift-dns pod/dns-default-ntvrf uid/12427cd9-3735-48da-863d-feb97c706dd8 container/dns constructed/true reason/NotReady missed real "NotReady"
May 25 15:22:32.317 - 0ms   I ns/openshift-dns pod/dns-default-ntvrf uid/12427cd9-3735-48da-863d-feb97c706dd8 container/kube-rbac-proxy constructed/true reason/NotReady missed real "NotReady"
May 25 15:22:32.317 - 2s    I ns/openshift-dns pod/dns-default-ntvrf uid/12427cd9-3735-48da-863d-feb97c706dd8 container/kube-rbac-proxy constructed/true reason/Ready 
May 25 15:22:32.317 - 2s    I ns/openshift-dns pod/dns-default-ntvrf uid/12427cd9-3735-48da-863d-feb97c706dd8 container/dns constructed/true reason/Ready 
May 25 15:22:32.317 I ns/openshift-dns pod/dns-default-ntvrf node/ip-10-0-136-137.eu-central-1.compute.internal uid/12427cd9-3735-48da-863d-feb97c706dd8 container/kube-rbac-proxy reason/Ready 
May 25 15:22:32.317 I ns/openshift-dns pod/dns-default-ntvrf node/ip-10-0-136-137.eu-central-1.compute.internal uid/12427cd9-3735-48da-863d-feb97c706dd8 container/dns reason/Ready 
May 25 15:22:32.317 I ns/openshift-kube-apiserver pod/installer-10-ip-10-0-174-32.eu-central-1.compute.internal node/ip-10-0-174-32.eu-central-1.compute.internal uid/4b6b9e0f-b2e8-48fb-8110-b58f9ed79be1 reason/Created 
May 25 15:22:32.317 I ns/openshift-kube-apiserver pod/installer-10-ip-10-0-174-32.eu-central-1.compute.internal node/ip-10-0-174-32.eu-central-1.compute.internal uid/4b6b9e0f-b2e8-48fb-8110-b58f9ed79be1 reason/Scheduled node/ip-10-0-174-32.eu-central-1.compute.internal
May 25 15:22:32.317 W ns/openshift-kube-apiserver pod/installer-10-ip-10-0-174-32.eu-central-1.compute.internal node/ip-10-0-174-32.eu-central-1.compute.internal uid/4b6b9e0f-b2e8-48fb-8110-b58f9ed79be1 container/installer reason/NotReady 
May 25 15:22:32.317 I ns/openshift-kube-apiserver pod/revision-pruner-12-ip-10-0-136-137.eu-central-1.compute.internal node/ip-10-0-136-137.eu-central-1.compute.internal uid/bb6d9c2b-d306-4983-aba9-1b904242f59c reason/Created 
May 25 15:22:32.317 I ns/openshift-kube-apiserver pod/revision-pruner-12-ip-10-0-136-137.eu-central-1.compute.internal node/ip-10-0-136-137.eu-central-1.compute.internal uid/bb6d9c2b-d306-4983-aba9-1b904242f59c reason/Scheduled node/ip-10-0-136-137.eu-central-1.compute.internal
May 25 15:22:32.317 W ns/openshift-kube-apiserver pod/revision-pruner-12-ip-10-0-136-137.eu-central-1.compute.internal node/ip-10-0-136-137.eu-central-1.compute.internal uid/bb6d9c2b-d306-4983-aba9-1b904242f59c container/pruner reason/NotReady 
May 25 15:22:32.317 I ns/openshift-multus pod/multus-skf9q node/ip-10-0-136-137.eu-central-1.compute.internal uid/782e46a3-0cf6-4c9a-a170-853ff604cb87 reason/Created 
May 25 15:22:32.317 - 2s    I ns/openshift-multus pod/multus-skf9q uid/782e46a3-0cf6-4c9a-a170-853ff604cb87 constructed/true reason/Scheduled node/ip-10-0-136-137.eu-central-1.compute.internal
May 25 15:22:32.317 I ns/openshift-multus pod/multus-skf9q node/ip-10-0-136-137.eu-central-1.compute.internal uid/782e46a3-0cf6-4c9a-a170-853ff604cb87 reason/Scheduled node/ip-10-0-136-137.eu-central-1.compute.internal
May 25 15:22:32.317 - 2s    I ns/openshift-multus pod/multus-skf9q uid/782e46a3-0cf6-4c9a-a170-853ff604cb87 container/kube-multus constructed/true reason/ContainerStart cause/: 
May 25 15:22:32.317 I ns/openshift-multus pod/multus-skf9q node/ip-10-0-136-137.eu-central-1.compute.internal uid/782e46a3-0cf6-4c9a-a170-853ff604cb87 container/kube-multus reason/ContainerStart cause/: 
May 25 15:22:32.317 - 0ms   I ns/openshift-multus pod/multus-skf9q uid/782e46a3-0cf6-4c9a-a170-853ff604cb87 container/kube-multus constructed/true reason/NotReady missed real "NotReady"
May 25 15:22:32.317 - 2s    I ns/openshift-multus pod/multus-skf9q uid/782e46a3-0cf6-4c9a-a170-853ff604cb87 container/kube-multus constructed/true reason/Ready 
May 25 15:22:32.317 I ns/openshift-multus pod/multus-skf9q node/ip-10-0-136-137.eu-central-1.compute.internal uid/782e46a3-0cf6-4c9a-a170-853ff604cb87 container/kube-multus reason/Ready 
May 25 15:22:32.317 I ns/openshift-multus pod/network-metrics-daemon-g7fn6 node/ip-10-0-174-32.eu-central-1.compute.internal uid/e0507523-fd0e-4037-a09e-aa59a12c3c1a reason/Created 
May 25 15:22:32.317 - 2s    I ns/openshift-multus pod/network-metrics-daemon-g7fn6 uid/e0507523-fd0e-4037-a09e-aa59a12c3c1a constructed/true reason/Scheduled node/ip-10-0-174-32.eu-central-1.compute.internal
May 25 15:22:32.317 I ns/openshift-multus pod/network-metrics-daemon-g7fn6 node/ip-10-0-174-32.eu-central-1.compute.internal uid/e0507523-fd0e-4037-a09e-aa59a12c3c1a reason/Scheduled node/ip-10-0-174-32.eu-central-1.compute.internal
May 25 15:22:32.317 - 2s    I ns/openshift-multus pod/network-metrics-daemon-g7fn6 uid/e0507523-fd0e-4037-a09e-aa59a12c3c1a container/kube-rbac-proxy constructed/true reason/ContainerStart cause/: 
May 25 15:22:32.317 - 2s    I ns/openshift-multus pod/network-metrics-daemon-g7fn6 uid/e0507523-fd0e-4037-a09e-aa59a12c3c1a container/network-metrics-daemon constructed/true reason/ContainerStart cause/: 
May 25 15:22:32.317 I ns/openshift-multus pod/network-metrics-daemon-g7fn6 node/ip-10-0-174-32.eu-central-1.compute.internal uid/e0507523-fd0e-4037-a09e-aa59a12c3c1a container/network-metrics-daemon reason/ContainerStart cause/: 
May 25 15:22:32.317 I ns/openshift-multus pod/network-metrics-daemon-g7fn6 node/ip-10-0-174-32.eu-central-1.compute.internal uid/e0507523-fd0e-4037-a09e-aa59a12c3c1a container/kube-rbac-proxy reason/ContainerStart cause/: 
May 25 15:22:32.317 - 0ms   I ns/openshift-multus pod/network-metrics-daemon-g7fn6 uid/e0507523-fd0e-4037-a09e-aa59a12c3c1a container/network-metrics-daemon constructed/true reason/NotReady missed real "NotReady"
May 25 15:22:32.317 - 0ms   I ns/openshift-multus pod/network-metrics-daemon-g7fn6 uid/e0507523-fd0e-4037-a09e-aa59a12c3c1a container/kube-rbac-proxy constructed/true reason/NotReady missed real "NotReady"
May 25 15:22:32.317 - 2s    I ns/openshift-multus pod/network-metrics-daemon-g7fn6 uid/e0507523-fd0e-4037-a09e-aa59a12c3c1a container/network-metrics-daemon constructed/true reason/Ready 
May 25 15:22:32.317 - 2s    I ns/openshift-multus pod/network-metrics-daemon-g7fn6 uid/e0507523-fd0e-4037-a09e-aa59a12c3c1a container/kube-rbac-proxy constructed/true reason/Ready 
May 25 15:22:32.317 I ns/openshift-multus pod/network-metrics-daemon-g7fn6 node/ip-10-0-174-32.eu-central-1.compute.internal uid/e0507523-fd0e-4037-a09e-aa59a12c3c1a container/kube-rbac-proxy reason/Ready 
May 25 15:22:32.317 I ns/openshift-multus pod/network-metrics-daemon-g7fn6 node/ip-10-0-174-32.eu-central-1.compute.internal uid/e0507523-fd0e-4037-a09e-aa59a12c3c1a container/network-metrics-daemon reason/Ready 
May 25 15:22:32.317 I ns/openshift-apiserver pod/apiserver-68bb6bf5d-96gk4 node/ip-10-0-174-32.eu-central-1.compute.internal uid/3a8a3381-5768-4b2c-8aa3-07bcc864d202 reason/Created 
May 25 15:22:32.317 - 2s    I ns/openshift-apiserver pod/apiserver-68bb6bf5d-96gk4 uid/3a8a3381-5768-4b2c-8aa3-07bcc864d202 constructed/true reason/Scheduled node/ip-10-0-174-32.eu-central-1.compute.internal
May 25 15:22:32.317 I ns/openshift-apiserver pod/apiserver-68bb6bf5d-96gk4 node/ip-10-0-174-32.eu-central-1.compute.internal uid/3a8a3381-5768-4b2c-8aa3-07bcc864d202 reason/Scheduled node/ip-10-0-174-32.eu-central-1.compute.internal
May 25 15:22:32.317 - 2s    I ns/openshift-apiserver pod/apiserver-68bb6bf5d-96gk4 uid/3a8a3381-5768-4b2c-8aa3-07bcc864d202 container/openshift-apiserver-check-endpoints constructed/true reason/ContainerStart cause/: 
May 25 15:22:32.317 - 2s    I ns/openshift-apiserver pod/apiserver-68bb6bf5d-96gk4 uid/3a8a3381-5768-4b2c-8aa3-07bcc864d202 container/openshift-apiserver constructed/true reason/ContainerStart cause/: 
May 25 15:22:32.317 I ns/openshift-apiserver pod/apiserver-68bb6bf5d-96gk4 node/ip-10-0-174-32.eu-central-1.compute.internal uid/3a8a3381-5768-4b2c-8aa3-07bcc864d202 container/openshift-apiserver-check-endpoints reason/ContainerStart cause/: 
May 25 15:22:32.317 I ns/openshift-apiserver pod/apiserver-68bb6bf5d-96gk4 node/ip-10-0-174-32.eu-central-1.compute.internal uid/3a8a3381-5768-4b2c-8aa3-07bcc864d202 container/openshift-apiserver reason/ContainerStart cause/: 
May 25 15:22:32.317 - 0ms   I ns/openshift-apiserver pod/apiserver-68bb6bf5d-96gk4 uid/3a8a3381-5768-4b2c-8aa3-07bcc864d202 container/openshift-apiserver constructed/true reason/NotReady missed real "NotReady"
May 25 15:22:32.317 - 0ms   I ns/openshift-apiserver pod/apiserver-68bb6bf5d-96gk4 uid/3a8a3381-5768-4b2c-8aa3-07bcc864d202 container/openshift-apiserver-check-endpoints constructed/true reason/NotReady missed real "NotReady"
May 25 15:22:32.317 - 2s    I ns/openshift-apiserver pod/apiserver-68bb6bf5d-96gk4 uid/3a8a3381-5768-4b2c-8aa3-07bcc864d202 container/openshift-apiserver-check-endpoints constructed/true reason/Ready 
May 25 15:22:32.317 - 2s    I ns/openshift-apiserver pod/apiserver-68bb6bf5d-96gk4 uid/3a8a3381-5768-4b2c-8aa3-07bcc864d202 container/openshift-apiserver constructed/true reason/Ready 
May 25 15:22:32.317 I ns/openshift-apiserver pod/apiserver-68bb6bf5d-96gk4 node/ip-10-0-174-32.eu-central-1.compute.internal uid/3a8a3381-5768-4b2c-8aa3-07bcc864d202 container/openshift-apiserver-check-endpoints reason/Ready 
May 25 15:22:32.317 I ns/openshift-apiserver pod/apiserver-68bb6bf5d-96gk4 node/ip-10-0-174-32.eu-central-1.compute.internal uid/3a8a3381-5768-4b2c-8aa3-07bcc864d202 container/fix-audit-permissions reason/Ready 
May 25 15:22:32.317 I ns/openshift-apiserver pod/apiserver-68bb6bf5d-96gk4 node/ip-10-0-174-32.eu-central-1.compute.internal uid/3a8a3381-5768-4b2c-8aa3-07bcc864d202 container/openshift-apiserver reason/Ready 
May 25 15:22:32.317 I ns/openshift-kube-apiserver pod/kube-apiserver-guard-ip-10-0-136-137.eu-central-1.compute.internal node/ip-10-0-136-137.eu-central-1.compute.internal uid/7294b293-1b11-4680-81e2-3447022d9c63 reason/Created 
May 25 15:22:32.317 - 2s    I ns/openshift-kube-apiserver pod/kube-apiserver-guard-ip-10-0-136-137.eu-central-1.compute.internal uid/7294b293-1b11-4680-81e2-3447022d9c63 constructed/true reason/Scheduled node/ip-10-0-136-137.eu-central-1.compute.internal
May 25 15:22:32.317 I ns/openshift-kube-apiserver pod/kube-apiserver-guard-ip-10-0-136-137.eu-central-1.compute.internal node/ip-10-0-136-137.eu-central-1.compute.internal uid/7294b293-1b11-4680-81e2-3447022d9c63 reason/Scheduled node/ip-10-0-136-137.eu-central-1.compute.internal
May 25 15:22:32.317 - 2s    I ns/openshift-kube-apiserver pod/kube-apiserver-guard-ip-10-0-136-137.eu-central-1.compute.internal uid/7294b293-1b11-4680-81e2-3447022d9c63 container/guard constructed/true reason/ContainerStart cause/: 
May 25 15:22:32.317 I ns/openshift-kube-apiserver pod/kube-apiserver-guard-ip-10-0-136-137.eu-central-1.compute.internal node/ip-10-0-136-137.eu-central-1.compute.internal uid/7294b293-1b11-4680-81e2-3447022d9c63 container/guard reason/ContainerStart cause/: 
May 25 15:22:32.317 - 0ms   I ns/openshift-kube-apiserver pod/kube-apiserver-guard-ip-10-0-136-137.eu-central-1.compute.internal uid/7294b293-1b11-4680-81e2-3447022d9c63 container/guard constructed/true reason/NotReady missed real "NotReady"
May 25 15:22:32.317 - 2s    I ns/openshift-kube-apiserver pod/kube-apiserver-guard-ip-10-0-136-137.eu-central-1.compute.internal uid/7294b293-1b11-4680-81e2-3447022d9c63 container/guard constructed/true reason/Ready 
May 25 15:22:32.317 I ns/openshift-kube-apiserver pod/kube-apiserver-guard-ip-10-0-136-137.eu-central-1.compute.internal node/ip-10-0-136-137.eu-central-1.compute.internal uid/7294b293-1b11-4680-81e2-3447022d9c63 container/guard reason/Ready 
May 25 15:22:32.317 I ns/openshift-network-diagnostics pod/network-check-target-f78jv node/ip-10-0-131-226.eu-central-1.compute.internal uid/d6caef07-56ff-4cee-a61f-195f6c76c221 reason/Created 
May 25 15:22:32.317 - 2s    I ns/openshift-network-diagnostics pod/network-check-target-f78jv uid/d6caef07-56ff-4cee-a61f-195f6c76c221 constructed/true reason/Scheduled node/ip-10-0-131-226.eu-central-1.compute.internal
May 25 15:22:32.317 I ns/openshift-network-diagnostics pod/network-check-target-f78jv node/ip-10-0-131-226.eu-central-1.compute.internal uid/d6caef07-56ff-4cee-a61f-195f6c76c221 reason/Scheduled node/ip-10-0-131-226.eu-central-1.compute.internal
May 25 15:22:32.317 - 2s    I ns/openshift-network-diagnostics pod/network-check-target-f78jv uid/d6caef07-56ff-4cee-a61f-195f6c76c221 container/network-check-target-container constructed/true reason/ContainerStart cause/: 
May 25 15:22:32.317 I ns/openshift-network-diagnostics pod/network-check-target-f78jv node/ip-10-0-131-226.eu-central-1.compute.internal uid/d6caef07-56ff-4cee-a61f-195f6c76c221 container/network-check-target-container reason/ContainerStart cause/: 
May 25 15:22:32.317 - 0ms   I ns/openshift-network-diagnostics pod/network-check-target-f78jv uid/d6caef07-56ff-4cee-a61f-195f6c76c221 container/network-check-target-container constructed/true reason/NotReady missed real "NotReady"
May 25 15:22:32.317 - 2s    I ns/openshift-network-diagnostics pod/network-check-target-f78jv uid/d6caef07-56ff-4cee-a61f-195f6c76c221 container/network-check-target-container constructed/true reason/Ready 
May 25 15:22:32.317 I ns/openshift-network-diagnostics pod/network-check-target-f78jv node/ip-10-0-131-226.eu-central-1.compute.internal uid/d6caef07-56ff-4cee-a61f-195f6c76c221 container/network-check-target-container reason/Ready 
May 25 15:22:32.317 I ns/openshift-cloud-credential-operator pod/pod-identity-webhook-78c957cd9-nrtjz node/ip-10-0-136-137.eu-central-1.compute.internal uid/8f34bd54-1aa5-42f6-b6c0-4815e1bd62ae reason/Created 
May 25 15:22:32.317 - 2s    I ns/openshift-cloud-credential-operator pod/pod-identity-webhook-78c957cd9-nrtjz uid/8f34bd54-1aa5-42f6-b6c0-4815e1bd62ae constructed/true reason/Scheduled node/ip-10-0-136-137.eu-central-1.compute.internal
May 25 15:22:32.317 I ns/openshift-cloud-credential-operator pod/pod-identity-webhook-78c957cd9-nrtjz node/ip-10-0-136-137.eu-central-1.compute.internal uid/8f34bd54-1aa5-42f6-b6c0-4815e1bd62ae reason/Scheduled node/ip-10-0-136-137.eu-central-1.compute.internal
May 25 15:22:32.317 - 2s    I ns/openshift-cloud-credential-operator pod/pod-identity-webhook-78c957cd9-nrtjz uid/8f34bd54-1aa5-42f6-b6c0-4815e1bd62ae container/pod-identity-webhook constructed/true reason/ContainerStart cause/: 
May 25 15:22:32.317 I ns/openshift-cloud-credential-operator pod/pod-identity-webhook-78c957cd9-nrtjz node/ip-10-0-136-137.eu-central-1.compute.internal uid/8f34bd54-1aa5-42f6-b6c0-4815e1bd62ae container/pod-identity-webhook reason/ContainerStart cause/: 
May 25 15:22:32.317 - 0ms   I ns/openshift-cloud-credential-operator pod/pod-identity-webhook-78c957cd9-nrtjz uid/8f34bd54-1aa5-42f6-b6c0-4815e1bd62ae container/pod-identity-webhook constructed/true reason/NotReady missed real "NotReady"
May 25 15:22:32.317 - 2s    I ns/openshift-cloud-credential-operator pod/pod-identity-webhook-78c957cd9-nrtjz uid/8f34bd54-1aa5-42f6-b6c0-4815e1bd62ae container/pod-identity-webhook constructed/true reason/Ready 
May 25 15:22:32.317 I ns/openshift-cloud-credential-operator pod/pod-identity-webhook-78c957cd9-nrtjz node/ip-10-0-136-137.eu-central-1.compute.internal uid/8f34bd54-1aa5-42f6-b6c0-4815e1bd62ae container/pod-identity-webhook reason/Ready 
May 25 15:22:32.317 I ns/openshift-cluster-node-tuning-operator pod/tuned-pql8w node/ip-10-0-207-138.eu-central-1.compute.internal uid/228a12ea-e18b-4d8c-af1d-d96686a87a2d reason/Created 
May 25 15:22:32.317 - 2s    I ns/openshift-cluster-node-tuning-operator pod/tuned-pql8w uid/228a12ea-e18b-4d8c-af1d-d96686a87a2d constructed/true reason/Scheduled node/ip-10-0-207-138.eu-central-1.compute.internal
May 25 15:22:32.317 I ns/openshift-cluster-node-tuning-operator pod/tuned-pql8w node/ip-10-0-207-138.eu-central-1.compute.internal uid/228a12ea-e18b-4d8c-af1d-d96686a87a2d reason/Scheduled node/ip-10-0-207-138.eu-central-1.compute.internal
May 25 15:22:32.317 - 2s    I ns/openshift-cluster-node-tuning-operator pod/tuned-pql8w uid/228a12ea-e18b-4d8c-af1d-d96686a87a2d container/tuned constructed/true reason/ContainerStart cause/: 
May 25 15:22:32.317 I ns/openshift-cluster-node-tuning-operator pod/tuned-pql8w node/ip-10-0-207-138.eu-central-1.compute.internal uid/228a12ea-e18b-4d8c-af1d-d96686a87a2d container/tuned reason/ContainerStart cause/: 
May 25 15:22:32.317 - 0ms   I ns/openshift-cluster-node-tuning-operator pod/tuned-pql8w uid/228a12ea-e18b-4d8c-af1d-d96686a87a2d container/tuned constructed/true reason/NotReady missed real "NotReady"
May 25 15:22:32.317 - 2s    I ns/openshift-cluster-node-tuning-operator pod/tuned-pql8w uid/228a12ea-e18b-4d8c-af1d-d96686a87a2d container/tuned constructed/true reason/Ready 
May 25 15:22:32.317 I ns/openshift-cluster-node-tuning-operator pod/tuned-pql8w node/ip-10-0-207-138.eu-central-1.compute.internal uid/228a12ea-e18b-4d8c-af1d-d96686a87a2d container/tuned reason/Ready 
May 25 15:22:32.317 I ns/openshift-dns pod/node-resolver-slh2n node/ip-10-0-131-226.eu-central-1.compute.internal uid/77fa21f5-643b-4116-aee1-104072db91e8 reason/Created 
May 25 15:22:32.317 - 2s    I ns/openshift-dns pod/node-resolver-slh2n uid/77fa21f5-643b-4116-aee1-104072db91e8 constructed/true reason/Scheduled node/ip-10-0-131-226.eu-central-1.compute.internal
May 25 15:22:32.317 I ns/openshift-dns pod/node-resolver-slh2n node/ip-10-0-131-226.eu-central-1.compute.internal uid/77fa21f5-643b-4116-aee1-104072db91e8 reason/Scheduled node/ip-10-0-131-226.eu-central-1.compute.internal
May 25 15:22:32.317 - 2s    I ns/openshift-dns pod/node-resolver-slh2n uid/77fa21f5-643b-4116-aee1-104072db91e8 container/dns-node-resolver constructed/true reason/ContainerStart cause/: 
May 25 15:22:32.317 I ns/openshift-dns pod/node-resolver-slh2n node/ip-10-0-131-226.eu-central-1.compute.internal uid/77fa21f5-643b-4116-aee1-104072db91e8 container/dns-node-resolver reason/ContainerStart cause/: 
May 25 15:22:32.317 - 0ms   I ns/openshift-dns pod/node-resolver-slh2n uid/77fa21f5-643b-4116-aee1-104072db91e8 container/dns-node-resolver constructed/true reason/NotReady missed real "NotReady"
May 25 15:22:32.317 - 2s    I ns/openshift-dns pod/node-resolver-slh2n uid/77fa21f5-643b-4116-aee1-104072db91e8 container/dns-node-resolver constructed/true reason/Ready 
May 25 15:22:32.317 I ns/openshift-dns pod/node-resolver-slh2n node/ip-10-0-131-226.eu-central-1.compute.internal uid/77fa21f5-643b-4116-aee1-104072db91e8 container/dns-node-resolver reason/Ready 
May 25 15:22:32.317 I ns/openshift-kube-controller-manager pod/kube-controller-manager-guard-ip-10-0-174-32.eu-central-1.compute.internal node/ip-10-0-174-32.eu-central-1.compute.internal uid/a3c1dcdb-2fa9-4b32-bf88-549d190354c6 reason/Created 
May 25 15:22:32.317 - 2s    I ns/openshift-kube-controller-manager pod/kube-controller-manager-guard-ip-10-0-174-32.eu-central-1.compute.internal uid/a3c1dcdb-2fa9-4b32-bf88-549d190354c6 constructed/true reason/Scheduled node/ip-10-0-174-32.eu-central-1.compute.internal
May 25 15:22:32.317 I ns/openshift-kube-controller-manager pod/kube-controller-manager-guard-ip-10-0-174-32.eu-central-1.compute.internal node/ip-10-0-174-32.eu-central-1.compute.internal uid/a3c1dcdb-2fa9-4b32-bf88-549d190354c6 reason/Scheduled node/ip-10-0-174-32.eu-central-1.compute.internal
May 25 15:22:32.317 - 2s    I ns/openshift-kube-controller-manager pod/kube-controller-manager-guard-ip-10-0-174-32.eu-central-1.compute.internal uid/a3c1dcdb-2fa9-4b32-bf88-549d190354c6 container/guard constructed/true reason/ContainerStart cause/: 
May 25 15:22:32.317 I ns/openshift-kube-controller-manager pod/kube-controller-manager-guard-ip-10-0-174-32.eu-central-1.compute.internal node/ip-10-0-174-32.eu-central-1.compute.internal uid/a3c1dcdb-2fa9-4b32-bf88-549d190354c6 container/guard reason/ContainerStart cause/: 
May 25 15:22:32.317 - 0ms   I ns/openshift-kube-controller-manager pod/kube-controller-manager-guard-ip-10-0-174-32.eu-central-1.compute.internal uid/a3c1dcdb-2fa9-4b32-bf88-549d190354c6 container/guard constructed/true reason/NotReady missed real "NotReady"
May 25 15:22:32.317 - 2s    I ns/openshift-kube-controller-manager pod/kube-controller-manager-guard-ip-10-0-174-32.eu-central-1.compute.internal uid/a3c1dcdb-2fa9-4b32-bf88-549d190354c6 container/guard constructed/true reason/Ready 
May 25 15:22:32.317 I ns/openshift-kube-controller-manager pod/kube-controller-manager-guard-ip-10-0-174-32.eu-central-1.compute.internal node/ip-10-0-174-32.eu-central-1.compute.internal uid/a3c1dcdb-2fa9-4b32-bf88-549d190354c6 container/guard reason/Ready 
May 25 15:22:32.317 I ns/openshift-monitoring pod/node-exporter-k472j node/ip-10-0-207-138.eu-central-1.compute.internal uid/9b0b7c7b-9622-4b8c-9438-c48d001b3c2a reason/Created 
May 25 15:22:32.317 - 2s    I ns/openshift-monitoring pod/node-exporter-k472j uid/9b0b7c7b-9622-4b8c-9438-c48d001b3c2a constructed/true reason/Scheduled node/ip-10-0-207-138.eu-central-1.compute.internal
May 25 15:22:32.317 I ns/openshift-monitoring pod/node-exporter-k472j node/ip-10-0-207-138.eu-central-1.compute.internal uid/9b0b7c7b-9622-4b8c-9438-c48d001b3c2a reason/Scheduled node/ip-10-0-207-138.eu-central-1.compute.internal
May 25 15:22:32.317 - 2s    I ns/openshift-monitoring pod/node-exporter-k472j uid/9b0b7c7b-9622-4b8c-9438-c48d001b3c2a container/node-exporter constructed/true reason/ContainerStart cause/: 
May 25 15:22:32.317 - 2s    I ns/openshift-monitoring pod/node-exporter-k472j uid/9b0b7c7b-9622-4b8c-9438-c48d001b3c2a container/kube-rbac-proxy constructed/true reason/ContainerStart cause/: 
May 25 15:22:32.317 I ns/openshift-monitoring pod/node-exporter-k472j node/ip-10-0-207-138.eu-central-1.compute.internal uid/9b0b7c7b-9622-4b8c-9438-c48d001b3c2a container/node-exporter reason/ContainerStart cause/: 
May 25 15:22:32.317 I ns/openshift-monitoring pod/node-exporter-k472j node/ip-10-0-207-138.eu-central-1.compute.internal uid/9b0b7c7b-9622-4b8c-9438-c48d001b3c2a container/kube-rbac-proxy reason/ContainerStart cause/: 
May 25 15:22:32.317 - 0ms   I ns/openshift-monitoring pod/node-exporter-k472j uid/9b0b7c7b-9622-4b8c-9438-c48d001b3c2a container/kube-rbac-proxy constructed/true reason/NotReady missed real "NotReady"
May 25 15:22:32.317 - 0ms   I ns/openshift-monitoring pod/node-exporter-k472j uid/9b0b7c7b-9622-4b8c-9438-c48d001b3c2a container/node-exporter constructed/true reason/NotReady missed real "NotReady"
May 25 15:22:32.317 - 2s    I ns/openshift-monitoring pod/node-exporter-k472j uid/9b0b7c7b-9622-4b8c-9438-c48d001b3c2a container/kube-rbac-proxy constructed/true reason/Ready 
May 25 15:22:32.317 - 2s    I ns/openshift-monitoring pod/node-exporter-k472j uid/9b0b7c7b-9622-4b8c-9438-c48d001b3c2a container/node-exporter constructed/true reason/Ready 
May 25 15:22:32.317 I ns/openshift-monitoring pod/node-exporter-k472j node/ip-10-0-207-138.eu-central-1.compute.internal uid/9b0b7c7b-9622-4b8c-9438-c48d001b3c2a container/init-textfile reason/Ready 
May 25 15:22:32.317 I ns/openshift-monitoring pod/node-exporter-k472j node/ip-10-0-207-138.eu-central-1.compute.internal uid/9b0b7c7b-9622-4b8c-9438-c48d001b3c2a container/node-exporter reason/Ready 
May 25 15:22:32.317 I ns/openshift-monitoring pod/node-exporter-k472j node/ip-10-0-207-138.eu-central-1.compute.internal uid/9b0b7c7b-9622-4b8c-9438-c48d001b3c2a container/kube-rbac-proxy reason/Ready 
May 25 15:22:32.317 I ns/openshift-sdn pod/sdn-tnj2l node/ip-10-0-186-221.eu-central-1.compute.internal uid/f4d4ea2d-0179-482c-a7bd-cc5927a562c4 reason/Created 
May 25 15:22:32.317 - 2s    I ns/openshift-sdn pod/sdn-tnj2l uid/f4d4ea2d-0179-482c-a7bd-cc5927a562c4 constructed/true reason/Scheduled node/ip-10-0-186-221.eu-central-1.compute.internal
May 25 15:22:32.317 I ns/openshift-sdn pod/sdn-tnj2l node/ip-10-0-186-221.eu-central-1.compute.internal uid/f4d4ea2d-0179-482c-a7bd-cc5927a562c4 reason/Scheduled node/ip-10-0-186-221.eu-central-1.compute.internal
May 25 15:22:32.317 - 2s    I ns/openshift-sdn pod/sdn-tnj2l uid/f4d4ea2d-0179-482c-a7bd-cc5927a562c4 container/sdn constructed/true reason/ContainerStart cause/: 
May 25 15:22:32.317 - 2s    I ns/openshift-sdn pod/sdn-tnj2l uid/f4d4ea2d-0179-482c-a7bd-cc5927a562c4 container/kube-rbac-proxy constructed/true reason/ContainerStart cause/: 
May 25 15:22:32.317 I ns/openshift-sdn pod/sdn-tnj2l node/ip-10-0-186-221.eu-central-1.compute.internal uid/f4d4ea2d-0179-482c-a7bd-cc5927a562c4 container/sdn reason/ContainerStart cause/: 
May 25 15:22:32.317 I ns/openshift-sdn pod/sdn-tnj2l node/ip-10-0-186-221.eu-central-1.compute.internal uid/f4d4ea2d-0179-482c-a7bd-cc5927a562c4 container/kube-rbac-proxy reason/ContainerStart cause/: 
May 25 15:22:32.317 - 0ms   I ns/openshift-sdn pod/sdn-tnj2l uid/f4d4ea2d-0179-482c-a7bd-cc5927a562c4 container/kube-rbac-proxy constructed/true reason/NotReady missed real "NotReady"
May 25 15:22:32.317 - 0ms   I ns/openshift-sdn pod/sdn-tnj2l uid/f4d4ea2d-0179-482c-a7bd-cc5927a562c4 container/sdn constructed/true reason/NotReady missed real "NotReady"
May 25 15:22:32.317 - 2s    I ns/openshift-sdn pod/sdn-tnj2l uid/f4d4ea2d-0179-482c-a7bd-cc5927a562c4 container/kube-rbac-proxy constructed/true reason/Ready 
May 25 15:22:32.317 - 2s    I ns/openshift-sdn pod/sdn-tnj2l uid/f4d4ea2d-0179-482c-a7bd-cc5927a562c4 container/sdn constructed/true reason/Ready 
May 25 15:22:32.317 I ns/openshift-sdn pod/sdn-tnj2l node/ip-10-0-186-221.eu-central-1.compute.internal uid/f4d4ea2d-0179-482c-a7bd-cc5927a562c4 container/kube-rbac-proxy reason/Ready 
May 25 15:22:32.317 I ns/openshift-sdn pod/sdn-tnj2l node/ip-10-0-186-221.eu-central-1.compute.internal uid/f4d4ea2d-0179-482c-a7bd-cc5927a562c4 container/sdn reason/Ready 
May 25 15:22:32.317 I ns/openshift-marketplace pod/marketplace-operator-67dbd44ff-9rsxr node/ip-10-0-174-32.eu-central-1.compute.internal uid/cb2c2c9a-8749-4901-a962-baf6fb3a2896 reason/Created 
May 25 15:22:32.317 - 2s    I ns/openshift-marketplace pod/marketplace-operator-67dbd44ff-9rsxr uid/cb2c2c9a-8749-4901-a962-baf6fb3a2896 constructed/true reason/Scheduled node/ip-10-0-174-32.eu-central-1.compute.internal
May 25 15:22:32.317 I ns/openshift-marketplace pod/marketplace-operator-67dbd44ff-9rsxr node/ip-10-0-174-32.eu-central-1.compute.internal uid/cb2c2c9a-8749-4901-a962-baf6fb3a2896 reason/Scheduled node/ip-10-0-174-32.eu-central-1.compute.internal
May 25 15:22:32.317 - 2s    I ns/openshift-marketplace pod/marketplace-operator-67dbd44ff-9rsxr uid/cb2c2c9a-8749-4901-a962-baf6fb3a2896 container/marketplace-operator constructed/true reason/ContainerStart cause/: 
May 25 15:22:32.317 I ns/openshift-marketplace pod/marketplace-operator-67dbd44ff-9rsxr node/ip-10-0-174-32.eu-central-1.compute.internal uid/cb2c2c9a-8749-4901-a962-baf6fb3a2896 container/marketplace-operator reason/ContainerStart cause/: 
May 25 15:22:32.317 - 0ms   I ns/openshift-marketplace pod/marketplace-operator-67dbd44ff-9rsxr uid/cb2c2c9a-8749-4901-a962-baf6fb3a2896 container/marketplace-operator constructed/true reason/NotReady missed real "NotReady"
May 25 15:22:32.317 - 2s    I ns/openshift-marketplace pod/marketplace-operator-67dbd44ff-9rsxr uid/cb2c2c9a-8749-4901-a962-baf6fb3a2896 container/marketplace-operator constructed/true reason/Ready 
May 25 15:22:32.317 I ns/openshift-marketplace pod/marketplace-operator-67dbd44ff-9rsxr node/ip-10-0-174-32.eu-central-1.compute.internal uid/cb2c2c9a-8749-4901-a962-baf6fb3a2896 container/marketplace-operator reason/Ready 
May 25 15:22:32.317 I ns/openshift-monitoring pod/prometheus-operator-9b6df5f-flbtf node/ip-10-0-136-137.eu-central-1.compute.internal uid/ca760cf6-155a-44bb-b84e-6a702f7240e1 reason/Created 
May 25 15:22:32.317 - 2s    I ns/openshift-monitoring pod/prometheus-operator-9b6df5f-flbtf uid/ca760cf6-155a-44bb-b84e-6a702f7240e1 constructed/true reason/Scheduled node/ip-10-0-136-137.eu-central-1.compute.internal
May 25 15:22:32.317 I ns/openshift-monitoring pod/prometheus-operator-9b6df5f-flbtf node/ip-10-0-136-137.eu-central-1.compute.internal uid/ca760cf6-155a-44bb-b84e-6a702f7240e1 reason/Scheduled node/ip-10-0-136-137.eu-central-1.compute.internal
May 25 15:22:32.317 - 2s    I ns/openshift-monitoring pod/prometheus-operator-9b6df5f-flbtf uid/ca760cf6-155a-44bb-b84e-6a702f7240e1 container/prometheus-operator constructed/true reason/ContainerStart cause/: 
May 25 15:22:32.317 - 2s    I ns/openshift-monitoring pod/prometheus-operator-9b6df5f-flbtf uid/ca760cf6-155a-44bb-b84e-6a702f7240e1 container/kube-rbac-proxy constructed/true reason/ContainerStart cause/: 
May 25 15:22:32.317 I ns/openshift-monitoring pod/prometheus-operator-9b6df5f-flbtf node/ip-10-0-136-137.eu-central-1.compute.internal uid/ca760cf6-155a-44bb-b84e-6a702f7240e1 container/kube-rbac-proxy reason/ContainerStart cause/: 
May 25 15:22:32.317 I ns/openshift-monitoring pod/prometheus-operator-9b6df5f-flbtf node/ip-10-0-136-137.eu-central-1.compute.internal uid/ca760cf6-155a-44bb-b84e-6a702f7240e1 container/prometheus-operator reason/ContainerStart cause/: 
May 25 15:22:32.317 - 0ms   I ns/openshift-monitoring pod/prometheus-operator-9b6df5f-flbtf uid/ca760cf6-155a-44bb-b84e-6a702f7240e1 container/kube-rbac-proxy constructed/true reason/NotReady missed real "NotReady"
May 25 15:22:32.317 - 0ms   I ns/openshift-monitoring pod/prometheus-operator-9b6df5f-flbtf uid/ca760cf6-155a-44bb-b84e-6a702f7240e1 container/prometheus-operator constructed/true reason/NotReady missed real "NotReady"
May 25 15:22:32.317 - 2s    I ns/openshift-monitoring pod/prometheus-operator-9b6df5f-flbtf uid/ca760cf6-155a-44bb-b84e-6a702f7240e1 container/prometheus-operator constructed/true reason/Ready 
May 25 15:22:32.317 - 2s    I ns/openshift-monitoring pod/prometheus-operator-9b6df5f-flbtf uid/ca760cf6-155a-44bb-b84e-6a702f7240e1 container/kube-rbac-proxy constructed/true reason/Ready 
May 25 15:22:32.317 I ns/openshift-monitoring pod/prometheus-operator-9b6df5f-flbtf node/ip-10-0-136-137.eu-central-1.compute.internal uid/ca760cf6-155a-44bb-b84e-6a702f7240e1 container/prometheus-operator reason/Ready 
May 25 15:22:32.317 I ns/openshift-monitoring pod/prometheus-operator-9b6df5f-flbtf node/ip-10-0-136-137.eu-central-1.compute.internal uid/ca760cf6-155a-44bb-b84e-6a702f7240e1 container/kube-rbac-proxy reason/Ready 
May 25 15:22:32.317 I ns/openshift-cloud-credential-operator pod/cloud-credential-operator-7fd64bcb56-cvdzm node/ip-10-0-174-32.eu-central-1.compute.internal uid/54a2abfe-aba3-45f2-9a31-b2cdf072dc12 reason/Created 
May 25 15:22:32.317 - 2s    I ns/openshift-cloud-credential-operator pod/cloud-credential-operator-7fd64bcb56-cvdzm uid/54a2abfe-aba3-45f2-9a31-b2cdf072dc12 constructed/true reason/Scheduled node/ip-10-0-174-32.eu-central-1.compute.internal
May 25 15:22:32.317 I ns/openshift-cloud-credential-operator pod/cloud-credential-operator-7fd64bcb56-cvdzm node/ip-10-0-174-32.eu-central-1.compute.internal uid/54a2abfe-aba3-45f2-9a31-b2cdf072dc12 reason/Scheduled node/ip-10-0-174-32.eu-central-1.compute.internal
May 25 15:22:32.317 - 2s    I ns/openshift-cloud-credential-operator pod/cloud-credential-operator-7fd64bcb56-cvdzm uid/54a2abfe-aba3-45f2-9a31-b2cdf072dc12 container/kube-rbac-proxy constructed/true reason/ContainerStart cause/: 
May 25 15:22:32.317 - 2s    I ns/openshift-cloud-credential-operator pod/cloud-credential-operator-7fd64bcb56-cvdzm uid/54a2abfe-aba3-45f2-9a31-b2cdf072dc12 container/cloud-credential-operator constructed/true reason/ContainerStart cause/: 
May 25 15:22:32.317 I ns/openshift-cloud-credential-operator pod/cloud-credential-operator-7fd64bcb56-cvdzm node/ip-10-0-174-32.eu-central-1.compute.internal uid/54a2abfe-aba3-45f2-9a31-b2cdf072dc12 container/cloud-credential-operator reason/ContainerStart cause/: 
May 25 15:22:32.317 I ns/openshift-cloud-credential-operator pod/cloud-credential-operator-7fd64bcb56-cvdzm node/ip-10-0-174-32.eu-central-1.compute.internal uid/54a2abfe-aba3-45f2-9a31-b2cdf072dc12 container/kube-rbac-proxy reason/ContainerStart cause/: 
May 25 15:22:32.317 - 0ms   I ns/openshift-cloud-credential-operator pod/cloud-credential-operator-7fd64bcb56-cvdzm uid/54a2abfe-aba3-45f2-9a31-b2cdf072dc12 container/kube-rbac-proxy constructed/true reason/NotReady missed real "NotReady"
May 25 15:22:32.317 - 0ms   I ns/openshift-cloud-credential-operator pod/cloud-credential-operator-7fd64bcb56-cvdzm uid/54a2abfe-aba3-45f2-9a31-b2cdf072dc12 container/cloud-credential-operator constructed/true reason/NotReady missed real "NotReady"
May 25 15:22:32.317 - 2s    I ns/openshift-cloud-credential-operator pod/cloud-credential-operator-7fd64bcb56-cvdzm uid/54a2abfe-aba3-45f2-9a31-b2cdf072dc12 container/cloud-credential-operator constructed/true reason/Ready 
May 25 15:22:32.317 - 2s    I ns/openshift-cloud-credential-operator pod/cloud-credential-operator-7fd64bcb56-cvdzm uid/54a2abfe-aba3-45f2-9a31-b2cdf072dc12 container/kube-rbac-proxy constructed/true reason/Ready 
May 25 15:22:32.317 I ns/openshift-cloud-credential-operator pod/cloud-credential-operator-7fd64bcb56-cvdzm node/ip-10-0-174-32.eu-central-1.compute.internal uid/54a2abfe-aba3-45f2-9a31-b2cdf072dc12 container/cloud-credential-operator reason/Ready 
May 25 15:22:32.317 I ns/openshift-cloud-credential-operator pod/cloud-credential-operator-7fd64bcb56-cvdzm node/ip-10-0-174-32.eu-central-1.compute.internal uid/54a2abfe-aba3-45f2-9a31-b2cdf072dc12 container/kube-rbac-proxy reason/Ready 
May 25 15:22:32.317 I ns/openshift-console pod/downloads-5f948684f-h7ss7 node/ip-10-0-136-137.eu-central-1.compute.internal uid/a8bb34ce-6a0d-4a24-8c16-9b7d2507c377 reason/Created 
May 25 15:22:32.317 - 2s    I ns/openshift-console pod/downloads-5f948684f-h7ss7 uid/a8bb34ce-6a0d-4a24-8c16-9b7d2507c377 constructed/true reason/Scheduled node/ip-10-0-136-137.eu-central-1.compute.internal
May 25 15:22:32.317 I ns/openshift-console pod/downloads-5f948684f-h7ss7 node/ip-10-0-136-137.eu-central-1.compute.internal uid/a8bb34ce-6a0d-4a24-8c16-9b7d2507c377 reason/Scheduled node/ip-10-0-136-137.eu-central-1.compute.internal
May 25 15:22:32.317 - 2s    I ns/openshift-console pod/downloads-5f948684f-h7ss7 uid/a8bb34ce-6a0d-4a24-8c16-9b7d2507c377 container/download-server constructed/true reason/ContainerStart cause/: 
May 25 15:22:32.317 I ns/openshift-console pod/downloads-5f948684f-h7ss7 node/ip-10-0-136-137.eu-central-1.compute.internal uid/a8bb34ce-6a0d-4a24-8c16-9b7d2507c377 container/download-server reason/ContainerStart cause/: 
May 25 15:22:32.317 - 0ms   I ns/openshift-console pod/downloads-5f948684f-h7ss7 uid/a8bb34ce-6a0d-4a24-8c16-9b7d2507c377 container/download-server constructed/true reason/NotReady missed real "NotReady"
May 25 15:22:32.317 - 2s    I ns/openshift-console pod/downloads-5f948684f-h7ss7 uid/a8bb34ce-6a0d-4a24-8c16-9b7d2507c377 container/download-server constructed/true reason/Ready 
May 25 15:22:32.317 I ns/openshift-console pod/downloads-5f948684f-h7ss7 node/ip-10-0-136-137.eu-central-1.compute.internal uid/a8bb34ce-6a0d-4a24-8c16-9b7d2507c377 container/download-server reason/Ready 
May 25 15:22:32.317 I ns/openshift-dns-operator pod/dns-operator-7c5c7699f7-h7dtj node/ip-10-0-174-32.eu-central-1.compute.internal uid/d514c8b4-ea3c-410a-9ac9-b495fca9502e reason/Created 
May 25 15:22:32.317 - 2s    I ns/openshift-dns-operator pod/dns-operator-7c5c7699f7-h7dtj uid/d514c8b4-ea3c-410a-9ac9-b495fca9502e constructed/true reason/Scheduled node/ip-10-0-174-32.eu-central-1.compute.internal
May 25 15:22:32.317 I ns/openshift-dns-operator pod/dns-operator-7c5c7699f7-h7dtj node/ip-10-0-174-32.eu-central-1.compute.internal uid/d514c8b4-ea3c-410a-9ac9-b495fca9502e reason/Scheduled node/ip-10-0-174-32.eu-central-1.compute.internal
May 25 15:22:32.317 - 2s    I ns/openshift-dns-operator pod/dns-operator-7c5c7699f7-h7dtj uid/d514c8b4-ea3c-410a-9ac9-b495fca9502e container/dns-operator constructed/true reason/ContainerStart cause/: 
May 25 15:22:32.317 - 2s    I ns/openshift-dns-operator pod/dns-operator-7c5c7699f7-h7dtj uid/d514c8b4-ea3c-410a-9ac9-b495fca9502e container/kube-rbac-proxy constructed/true reason/ContainerStart cause/: 
May 25 15:22:32.317 I ns/openshift-dns-operator pod/dns-operator-7c5c7699f7-h7dtj node/ip-10-0-174-32.eu-central-1.compute.internal uid/d514c8b4-ea3c-410a-9ac9-b495fca9502e container/kube-rbac-proxy reason/ContainerStart cause/: 
May 25 15:22:32.317 I ns/openshift-dns-operator pod/dns-operator-7c5c7699f7-h7dtj node/ip-10-0-174-32.eu-central-1.compute.internal uid/d514c8b4-ea3c-410a-9ac9-b495fca9502e container/dns-operator reason/ContainerStart cause/: 
May 25 15:22:32.317 - 0ms   I ns/openshift-dns-operator pod/dns-operator-7c5c7699f7-h7dtj uid/d514c8b4-ea3c-410a-9ac9-b495fca9502e container/kube-rbac-proxy constructed/true reason/NotReady missed real "NotReady"
May 25 15:22:32.317 - 0ms   I ns/openshift-dns-operator pod/dns-operator-7c5c7699f7-h7dtj uid/d514c8b4-ea3c-410a-9ac9-b495fca9502e container/dns-operator constructed/true reason/NotReady missed real "NotReady"
May 25 15:22:32.317 - 2s    I ns/openshift-dns-operator pod/dns-operator-7c5c7699f7-h7dtj uid/d514c8b4-ea3c-410a-9ac9-b495fca9502e container/dns-operator constructed/true reason/Ready 
May 25 15:22:32.317 - 2s    I ns/openshift-dns-operator pod/dns-operator-7c5c7699f7-h7dtj uid/d514c8b4-ea3c-410a-9ac9-b495fca9502e container/kube-rbac-proxy constructed/true reason/Ready 
May 25 15:22:32.317 I ns/openshift-dns-operator pod/dns-operator-7c5c7699f7-h7dtj node/ip-10-0-174-32.eu-central-1.compute.internal uid/d514c8b4-ea3c-410a-9ac9-b495fca9502e container/dns-operator reason/Ready 
May 25 15:22:32.317 I ns/openshift-dns-operator pod/dns-operator-7c5c7699f7-h7dtj node/ip-10-0-174-32.eu-central-1.compute.internal uid/d514c8b4-ea3c-410a-9ac9-b495fca9502e container/kube-rbac-proxy reason/Ready 
May 25 15:22:32.317 I ns/openshift-kube-scheduler pod/revision-pruner-6-ip-10-0-194-125.eu-central-1.compute.internal node/ip-10-0-194-125.eu-central-1.compute.internal uid/6b20a52a-24bd-4335-8b72-b3b0dfd1567d reason/Created 
May 25 15:22:32.317 I ns/openshift-kube-scheduler pod/revision-pruner-6-ip-10-0-194-125.eu-central-1.compute.internal node/ip-10-0-194-125.eu-central-1.compute.internal uid/6b20a52a-24bd-4335-8b72-b3b0dfd1567d reason/Scheduled node/ip-10-0-194-125.eu-central-1.compute.internal
May 25 15:22:32.317 W ns/openshift-kube-scheduler pod/revision-pruner-6-ip-10-0-194-125.eu-central-1.compute.internal node/ip-10-0-194-125.eu-central-1.compute.internal uid/6b20a52a-24bd-4335-8b72-b3b0dfd1567d container/pruner reason/NotReady 
May 25 15:22:32.317 I ns/openshift-cluster-storage-operator pod/csi-snapshot-webhook-847bd94699-6rwh2 node/ip-10-0-174-32.eu-central-1.compute.internal uid/0ead3ee0-9744-4db4-b1a3-411483f35a9b reason/Created 
May 25 15:22:32.317 - 2s    I ns/openshift-cluster-storage-operator pod/csi-snapshot-webhook-847bd94699-6rwh2 uid/0ead3ee0-9744-4db4-b1a3-411483f35a9b constructed/true reason/Scheduled node/ip-10-0-174-32.eu-central-1.compute.internal
May 25 15:22:32.317 I ns/openshift-cluster-storage-operator pod/csi-snapshot-webhook-847bd94699-6rwh2 node/ip-10-0-174-32.eu-central-1.compute.internal uid/0ead3ee0-9744-4db4-b1a3-411483f35a9b reason/Scheduled node/ip-10-0-174-32.eu-central-1.compute.internal
May 25 15:22:32.317 - 2s    I ns/openshift-cluster-storage-operator pod/csi-snapshot-webhook-847bd94699-6rwh2 uid/0ead3ee0-9744-4db4-b1a3-411483f35a9b container/webhook constructed/true reason/ContainerStart cause/: 
May 25 15:22:32.317 I ns/openshift-cluster-storage-operator pod/csi-snapshot-webhook-847bd94699-6rwh2 node/ip-10-0-174-32.eu-central-1.compute.internal uid/0ead3ee0-9744-4db4-b1a3-411483f35a9b container/webhook reason/ContainerStart cause/: 
May 25 15:22:32.317 - 0ms   I ns/openshift-cluster-storage-operator pod/csi-snapshot-webhook-847bd94699-6rwh2 uid/0ead3ee0-9744-4db4-b1a3-411483f35a9b container/webhook constructed/true reason/NotReady missed real "NotReady"
May 25 15:22:32.317 - 2s    I ns/openshift-cluster-storage-operator pod/csi-snapshot-webhook-847bd94699-6rwh2 uid/0ead3ee0-9744-4db4-b1a3-411483f35a9b container/webhook constructed/true reason/Ready 
May 25 15:22:32.317 I ns/openshift-cluster-storage-operator pod/csi-snapshot-webhook-847bd94699-6rwh2 node/ip-10-0-174-32.eu-central-1.compute.internal uid/0ead3ee0-9744-4db4-b1a3-411483f35a9b container/webhook reason/Ready 
May 25 15:22:32.317 I ns/openshift-image-registry pod/cluster-image-registry-operator-66cb4557c5-dflq4 node/ip-10-0-174-32.eu-central-1.compute.internal uid/8801de45-e70d-4fec-bbef-436df967a55c reason/Created 
May 25 15:22:32.317 - 2s    I ns/openshift-image-registry pod/cluster-image-registry-operator-66cb4557c5-dflq4 uid/8801de45-e70d-4fec-bbef-436df967a55c constructed/true reason/Scheduled node/ip-10-0-174-32.eu-central-1.compute.internal
May 25 15:22:32.317 I ns/openshift-image-registry pod/cluster-image-registry-operator-66cb4557c5-dflq4 node/ip-10-0-174-32.eu-central-1.compute.internal uid/8801de45-e70d-4fec-bbef-436df967a55c reason/Scheduled node/ip-10-0-174-32.eu-central-1.compute.internal
May 25 15:22:32.317 - 2s    I ns/openshift-image-registry pod/cluster-image-registry-operator-66cb4557c5-dflq4 uid/8801de45-e70d-4fec-bbef-436df967a55c container/cluster-image-registry-operator constructed/true reason/ContainerStart cause/: 
May 25 15:22:32.317 I ns/openshift-image-registry pod/cluster-image-registry-operator-66cb4557c5-dflq4 node/ip-10-0-174-32.eu-central-1.compute.internal uid/8801de45-e70d-4fec-bbef-436df967a55c container/cluster-image-registry-operator reason/ContainerStart cause/: 
May 25 15:22:32.317 - 0ms   I ns/openshift-image-registry pod/cluster-image-registry-operator-66cb4557c5-dflq4 uid/8801de45-e70d-4fec-bbef-436df967a55c container/cluster-image-registry-operator constructed/true reason/NotReady missed real "NotReady"
May 25 15:22:32.317 - 2s    I ns/openshift-image-registry pod/cluster-image-registry-operator-66cb4557c5-dflq4 uid/8801de45-e70d-4fec-bbef-436df967a55c container/cluster-image-registry-operator constructed/true reason/Ready 
May 25 15:22:32.317 I ns/openshift-image-registry pod/cluster-image-registry-operator-66cb4557c5-dflq4 node/ip-10-0-174-32.eu-central-1.compute.internal uid/8801de45-e70d-4fec-bbef-436df967a55c container/cluster-image-registry-operator reason/Ready 
May 25 15:22:32.317 I ns/openshift-kube-scheduler-operator pod/openshift-kube-scheduler-operator-7fd8dd7bb4-kqxr8 node/ip-10-0-174-32.eu-central-1.compute.internal uid/6af09367-97ea-47f7-9632-3f44ac23a078 reason/Created 
May 25 15:22:32.317 - 2s    I ns/openshift-kube-scheduler-operator pod/openshift-kube-scheduler-operator-7fd8dd7bb4-kqxr8 uid/6af09367-97ea-47f7-9632-3f44ac23a078 constructed/true reason/Scheduled node/ip-10-0-174-32.eu-central-1.compute.internal
May 25 15:22:32.317 I ns/openshift-kube-scheduler-operator pod/openshift-kube-scheduler-operator-7fd8dd7bb4-kqxr8 node/ip-10-0-174-32.eu-central-1.compute.internal uid/6af09367-97ea-47f7-9632-3f44ac23a078 reason/Scheduled node/ip-10-0-174-32.eu-central-1.compute.internal
May 25 15:22:32.317 - 2s    I ns/openshift-kube-scheduler-operator pod/openshift-kube-scheduler-operator-7fd8dd7bb4-kqxr8 uid/6af09367-97ea-47f7-9632-3f44ac23a078 container/kube-scheduler-operator-container constructed/true reason/ContainerStart cause/: 
May 25 15:22:32.317 I ns/openshift-kube-scheduler-operator pod/openshift-kube-scheduler-operator-7fd8dd7bb4-kqxr8 node/ip-10-0-174-32.eu-central-1.compute.internal uid/6af09367-97ea-47f7-9632-3f44ac23a078 container/kube-scheduler-operator-container reason/ContainerStart cause/: 
May 25 15:22:32.317 - 0ms   I ns/openshift-kube-scheduler-operator pod/openshift-kube-scheduler-operator-7fd8dd7bb4-kqxr8 uid/6af09367-97ea-47f7-9632-3f44ac23a078 container/kube-scheduler-operator-container constructed/true reason/NotReady missed real "NotReady"
May 25 15:22:32.317 - 2s    I ns/openshift-kube-scheduler-operator pod/openshift-kube-scheduler-operator-7fd8dd7bb4-kqxr8 uid/6af09367-97ea-47f7-9632-3f44ac23a078 container/kube-scheduler-operator-container constructed/true reason/Ready 
May 25 15:22:32.317 I ns/openshift-kube-scheduler-operator pod/openshift-kube-scheduler-operator-7fd8dd7bb4-kqxr8 node/ip-10-0-174-32.eu-central-1.compute.internal uid/6af09367-97ea-47f7-9632-3f44ac23a078 container/kube-scheduler-operator-container reason/Ready 
May 25 15:22:32.317 I ns/openshift-marketplace pod/certified-operators-hzbwn node/ip-10-0-194-125.eu-central-1.compute.internal uid/2809f483-fcc3-49f4-97f5-17de9733d623 reason/Created 
May 25 15:22:32.317 - 2s    I ns/openshift-marketplace pod/certified-operators-hzbwn uid/2809f483-fcc3-49f4-97f5-17de9733d623 constructed/true reason/Scheduled node/ip-10-0-194-125.eu-central-1.compute.internal
May 25 15:22:32.317 I ns/openshift-marketplace pod/certified-operators-hzbwn node/ip-10-0-194-125.eu-central-1.compute.internal uid/2809f483-fcc3-49f4-97f5-17de9733d623 reason/Scheduled node/ip-10-0-194-125.eu-central-1.compute.internal
May 25 15:22:32.317 - 2s    I ns/openshift-marketplace pod/certified-operators-hzbwn uid/2809f483-fcc3-49f4-97f5-17de9733d623 container/registry-server constructed/true reason/ContainerStart cause/: 
May 25 15:22:32.317 I ns/openshift-marketplace pod/certified-operators-hzbwn node/ip-10-0-194-125.eu-central-1.compute.internal uid/2809f483-fcc3-49f4-97f5-17de9733d623 container/registry-server reason/ContainerStart cause/: 
May 25 15:22:32.317 - 0ms   I ns/openshift-marketplace pod/certified-operators-hzbwn uid/2809f483-fcc3-49f4-97f5-17de9733d623 container/registry-server constructed/true reason/NotReady missed real "NotReady"
May 25 15:22:32.317 - 2s    I ns/openshift-marketplace pod/certified-operators-hzbwn uid/2809f483-fcc3-49f4-97f5-17de9733d623 container/registry-server constructed/true reason/Ready 
May 25 15:22:32.317 I ns/openshift-marketplace pod/certified-operators-hzbwn node/ip-10-0-194-125.eu-central-1.compute.internal uid/2809f483-fcc3-49f4-97f5-17de9733d623 container/registry-server reason/Ready 
May 25 15:22:32.317 I ns/openshift-monitoring pod/alertmanager-main-1 node/ip-10-0-186-221.eu-central-1.compute.internal uid/dd06037b-18c5-45e6-9a13-7ea3aefe3787 reason/Created 
May 25 15:22:32.317 - 2s    I ns/openshift-monitoring pod/alertmanager-main-1 uid/dd06037b-18c5-45e6-9a13-7ea3aefe3787 constructed/true reason/Scheduled node/ip-10-0-186-221.eu-central-1.compute.internal
May 25 15:22:32.317 I ns/openshift-monitoring pod/alertmanager-main-1 node/ip-10-0-186-221.eu-central-1.compute.internal uid/dd06037b-18c5-45e6-9a13-7ea3aefe3787 reason/Scheduled node/ip-10-0-186-221.eu-central-1.compute.internal
May 25 15:22:32.317 - 2s    I ns/openshift-monitoring pod/alertmanager-main-1 uid/dd06037b-18c5-45e6-9a13-7ea3aefe3787 container/config-reloader constructed/true reason/ContainerStart cause/: 
May 25 15:22:32.317 - 2s    I ns/openshift-monitoring pod/alertmanager-main-1 uid/dd06037b-18c5-45e6-9a13-7ea3aefe3787 container/kube-rbac-proxy-metric constructed/true reason/ContainerStart cause/: 
May 25 15:22:32.317 - 2s    I ns/openshift-monitoring pod/alertmanager-main-1 uid/dd06037b-18c5-45e6-9a13-7ea3aefe3787 container/prom-label-proxy constructed/true reason/ContainerStart cause/: 
May 25 15:22:32.317 - 2s    I ns/openshift-monitoring pod/alertmanager-main-1 uid/dd06037b-18c5-45e6-9a13-7ea3aefe3787 container/alertmanager-proxy constructed/true reason/ContainerStart cause/: 
May 25 15:22:32.317 - 2s    I ns/openshift-monitoring pod/alertmanager-main-1 uid/dd06037b-18c5-45e6-9a13-7ea3aefe3787 container/kube-rbac-proxy constructed/true reason/ContainerStart cause/: 
May 25 15:22:32.317 - 2s    I ns/openshift-monitoring pod/alertmanager-main-1 uid/dd06037b-18c5-45e6-9a13-7ea3aefe3787 container/alertmanager constructed/true reason/ContainerStart cause/: 
May 25 15:22:32.317 I ns/openshift-monitoring pod/alertmanager-main-1 node/ip-10-0-186-221.eu-central-1.compute.internal uid/dd06037b-18c5-45e6-9a13-7ea3aefe3787 container/kube-rbac-proxy reason/ContainerStart cause/: 
May 25 15:22:32.317 I ns/openshift-monitoring pod/alertmanager-main-1 node/ip-10-0-186-221.eu-central-1.compute.internal uid/dd06037b-18c5-45e6-9a13-7ea3aefe3787 container/kube-rbac-proxy-metric reason/ContainerStart cause/: 
May 25 15:22:32.317 I ns/openshift-monitoring pod/alertmanager-main-1 node/ip-10-0-186-221.eu-central-1.compute.internal uid/dd06037b-18c5-45e6-9a13-7ea3aefe3787 container/alertmanager-proxy reason/ContainerStart cause/: 
May 25 15:22:32.317 I ns/openshift-monitoring pod/alertmanager-main-1 node/ip-10-0-186-221.eu-central-1.compute.internal uid/dd06037b-18c5-45e6-9a13-7ea3aefe3787 container/config-reloader reason/ContainerStart cause/: 
May 25 15:22:32.317 I ns/openshift-monitoring pod/alertmanager-main-1 node/ip-10-0-186-221.eu-central-1.compute.internal uid/dd06037b-18c5-45e6-9a13-7ea3aefe3787 container/alertmanager reason/ContainerStart cause/: 
May 25 15:22:32.317 I ns/openshift-monitoring pod/alertmanager-main-1 node/ip-10-0-186-221.eu-central-1.compute.internal uid/dd06037b-18c5-45e6-9a13-7ea3aefe3787 container/prom-label-proxy reason/ContainerStart cause/: 
May 25 15:22:32.317 - 0ms   I ns/openshift-monitoring pod/alertmanager-main-1 uid/dd06037b-18c5-45e6-9a13-7ea3aefe3787 container/alertmanager-proxy constructed/true reason/NotReady missed real "NotReady"
May 25 15:22:32.317 - 0ms   I ns/openshift-monitoring pod/alertmanager-main-1 uid/dd06037b-18c5-45e6-9a13-7ea3aefe3787 container/alertmanager constructed/true reason/NotReady missed real "NotReady"
May 25 15:22:32.317 - 0ms   I ns/openshift-monitoring pod/alertmanager-main-1 uid/dd06037b-18c5-45e6-9a13-7ea3aefe3787 container/kube-rbac-proxy constructed/true reason/NotReady missed real "NotReady"
May 25 15:22:32.317 - 0ms   I ns/openshift-monitoring pod/alertmanager-main-1 uid/dd06037b-18c5-45e6-9a13-7ea3aefe3787 container/kube-rbac-proxy-metric constructed/true reason/NotReady missed real "NotReady"
May 25 15:22:32.317 - 0ms   I ns/openshift-monitoring pod/alertmanager-main-1 uid/dd06037b-18c5-45e6-9a13-7ea3aefe3787 container/prom-label-proxy constructed/true reason/NotReady missed real "NotReady"
May 25 15:22:32.317 - 0ms   I ns/openshift-monitoring pod/alertmanager-main-1 uid/dd06037b-18c5-45e6-9a13-7ea3aefe3787 container/config-reloader constructed/true reason/NotReady missed real "NotReady"
May 25 15:22:32.317 - 2s    I ns/openshift-monitoring pod/alertmanager-main-1 uid/dd06037b-18c5-45e6-9a13-7ea3aefe3787 container/kube-rbac-proxy-metric constructed/true reason/Ready 
May 25 15:22:32.317 - 2s    I ns/openshift-monitoring pod/alertmanager-main-1 uid/dd06037b-18c5-45e6-9a13-7ea3aefe3787 container/alertmanager constructed/true reason/Ready 
May 25 15:22:32.317 - 2s    I ns/openshift-monitoring pod/alertmanager-main-1 uid/dd06037b-18c5-45e6-9a13-7ea3aefe3787 container/prom-label-proxy constructed/true reason/Ready 
May 25 15:22:32.317 - 2s    I ns/openshift-monitoring pod/alertmanager-main-1 uid/dd06037b-18c5-45e6-9a13-7ea3aefe3787 container/alertmanager-proxy constructed/true reason/Ready 
May 25 15:22:32.317 - 2s    I ns/openshift-monitoring pod/alertmanager-main-1 uid/dd06037b-18c5-45e6-9a13-7ea3aefe3787 container/kube-rbac-proxy constructed/true reason/Ready 
May 25 15:22:32.317 - 2s    I ns/openshift-monitoring pod/alertmanager-main-1 uid/dd06037b-18c5-45e6-9a13-7ea3aefe3787 container/config-reloader constructed/true reason/Ready 
May 25 15:22:32.317 I ns/openshift-monitoring pod/alertmanager-main-1 node/ip-10-0-186-221.eu-central-1.compute.internal uid/dd06037b-18c5-45e6-9a13-7ea3aefe3787 container/kube-rbac-proxy reason/Ready 
May 25 15:22:32.317 I ns/openshift-monitoring pod/alertmanager-main-1 node/ip-10-0-186-221.eu-central-1.compute.internal uid/dd06037b-18c5-45e6-9a13-7ea3aefe3787 container/kube-rbac-proxy-metric reason/Ready 
May 25 15:22:32.317 I ns/openshift-monitoring pod/alertmanager-main-1 node/ip-10-0-186-221.eu-central-1.compute.internal uid/dd06037b-18c5-45e6-9a13-7ea3aefe3787 container/alertmanager-proxy reason/Ready 
May 25 15:22:32.317 I ns/openshift-monitoring pod/alertmanager-main-1 node/ip-10-0-186-221.eu-central-1.compute.internal uid/dd06037b-18c5-45e6-9a13-7ea3aefe3787 container/config-reloader reason/Ready 
May 25 15:22:32.317 I ns/openshift-monitoring pod/alertmanager-main-1 node/ip-10-0-186-221.eu-central-1.compute.internal uid/dd06037b-18c5-45e6-9a13-7ea3aefe3787 container/alertmanager reason/Ready 
May 25 15:22:32.317 I ns/openshift-monitoring pod/alertmanager-main-1 node/ip-10-0-186-221.eu-central-1.compute.internal uid/dd06037b-18c5-45e6-9a13-7ea3aefe3787 container/prom-label-proxy reason/Ready 
May 25 15:22:32.317 I ns/openshift-multus pod/multus-lz6qc node/ip-10-0-131-226.eu-central-1.compute.internal uid/1028ea85-61ba-4753-b64a-fe037860f051 reason/Created 
May 25 15:22:32.317 - 2s    I ns/openshift-multus pod/multus-lz6qc uid/1028ea85-61ba-4753-b64a-fe037860f051 constructed/true reason/Scheduled node/ip-10-0-131-226.eu-central-1.compute.internal
May 25 15:22:32.317 I ns/openshift-multus pod/multus-lz6qc node/ip-10-0-131-226.eu-central-1.compute.internal uid/1028ea85-61ba-4753-b64a-fe037860f051 reason/Scheduled node/ip-10-0-131-226.eu-central-1.compute.internal
May 25 15:22:32.317 - 2s    I ns/openshift-multus pod/multus-lz6qc uid/1028ea85-61ba-4753-b64a-fe037860f051 container/kube-multus constructed/true reason/ContainerStart cause/: 
May 25 15:22:32.317 I ns/openshift-multus pod/multus-lz6qc node/ip-10-0-131-226.eu-central-1.compute.internal uid/1028ea85-61ba-4753-b64a-fe037860f051 container/kube-multus reason/ContainerStart cause/: 
May 25 15:22:32.317 - 0ms   I ns/openshift-multus pod/multus-lz6qc uid/1028ea85-61ba-4753-b64a-fe037860f051 container/kube-multus constructed/true reason/NotReady missed real "NotReady"
May 25 15:22:32.317 - 2s    I ns/openshift-multus pod/multus-lz6qc uid/1028ea85-61ba-4753-b64a-fe037860f051 container/kube-multus constructed/true reason/Ready 
May 25 15:22:32.317 I ns/openshift-multus pod/multus-lz6qc node/ip-10-0-131-226.eu-central-1.compute.internal uid/1028ea85-61ba-4753-b64a-fe037860f051 container/kube-multus reason/Ready 
May 25 15:22:32.317 I ns/openshift-operator-lifecycle-manager pod/collect-profiles-27558180-vj5gq node/ip-10-0-207-138.eu-central-1.compute.internal uid/19aebab6-5f89-4162-b5ec-969f3ac46af4 reason/Created 
May 25 15:22:32.317 I ns/openshift-operator-lifecycle-manager pod/collect-profiles-27558180-vj5gq node/ip-10-0-207-138.eu-central-1.compute.internal uid/19aebab6-5f89-4162-b5ec-969f3ac46af4 reason/Scheduled node/ip-10-0-207-138.eu-central-1.compute.internal
May 25 15:22:32.317 W ns/openshift-operator-lifecycle-manager pod/collect-profiles-27558180-vj5gq node/ip-10-0-207-138.eu-central-1.compute.internal uid/19aebab6-5f89-4162-b5ec-969f3ac46af4 container/collect-profiles reason/NotReady 
May 25 15:22:32.317 I ns/openshift-cluster-csi-drivers pod/aws-ebs-csi-driver-node-jcfmh node/ip-10-0-207-138.eu-central-1.compute.internal uid/2c82b414-adee-4349-8eb7-792561495cbf reason/Created 
May 25 15:22:32.317 - 2s    I ns/openshift-cluster-csi-drivers pod/aws-ebs-csi-driver-node-jcfmh uid/2c82b414-adee-4349-8eb7-792561495cbf constructed/true reason/Scheduled node/ip-10-0-207-138.eu-central-1.compute.internal
May 25 15:22:32.317 I ns/openshift-cluster-csi-drivers pod/aws-ebs-csi-driver-node-jcfmh node/ip-10-0-207-138.eu-central-1.compute.internal uid/2c82b414-adee-4349-8eb7-792561495cbf reason/Scheduled node/ip-10-0-207-138.eu-central-1.compute.internal
May 25 15:22:32.317 - 2s    I ns/openshift-cluster-csi-drivers pod/aws-ebs-csi-driver-node-jcfmh uid/2c82b414-adee-4349-8eb7-792561495cbf container/csi-driver constructed/true reason/ContainerStart cause/: 
May 25 15:22:32.317 - 2s    I ns/openshift-cluster-csi-drivers pod/aws-ebs-csi-driver-node-jcfmh uid/2c82b414-adee-4349-8eb7-792561495cbf container/csi-node-driver-registrar constructed/true reason/ContainerStart cause/: 
May 25 15:22:32.317 - 2s    I ns/openshift-cluster-csi-drivers pod/aws-ebs-csi-driver-node-jcfmh uid/2c82b414-adee-4349-8eb7-792561495cbf container/csi-liveness-probe constructed/true reason/ContainerStart cause/: 
May 25 15:22:32.317 I ns/openshift-cluster-csi-drivers pod/aws-ebs-csi-driver-node-jcfmh node/ip-10-0-207-138.eu-central-1.compute.internal uid/2c82b414-adee-4349-8eb7-792561495cbf container/csi-driver reason/ContainerStart cause/: 
May 25 15:22:32.317 I ns/openshift-cluster-csi-drivers pod/aws-ebs-csi-driver-node-jcfmh node/ip-10-0-207-138.eu-central-1.compute.internal uid/2c82b414-adee-4349-8eb7-792561495cbf container/csi-liveness-probe reason/ContainerStart cause/: 
May 25 15:22:32.317 I ns/openshift-cluster-csi-drivers pod/aws-ebs-csi-driver-node-jcfmh node/ip-10-0-207-138.eu-central-1.compute.internal uid/2c82b414-adee-4349-8eb7-792561495cbf container/csi-node-driver-registrar reason/ContainerStart cause/: 
May 25 15:22:32.317 - 0ms   I ns/openshift-cluster-csi-drivers pod/aws-ebs-csi-driver-node-jcfmh uid/2c82b414-adee-4349-8eb7-792561495cbf container/csi-driver constructed/true reason/NotReady missed real "NotReady"
May 25 15:22:32.317 - 0ms   I ns/openshift-cluster-csi-drivers pod/aws-ebs-csi-driver-node-jcfmh uid/2c82b414-adee-4349-8eb7-792561495cbf container/csi-liveness-probe constructed/true reason/NotReady missed real "NotReady"
May 25 15:22:32.317 - 0ms   I ns/openshift-cluster-csi-drivers pod/aws-ebs-csi-driver-node-jcfmh uid/2c82b414-adee-4349-8eb7-792561495cbf container/csi-node-driver-registrar constructed/true reason/NotReady missed real "NotReady"
May 25 15:22:32.317 - 2s    I ns/openshift-cluster-csi-drivers pod/aws-ebs-csi-driver-node-jcfmh uid/2c82b414-adee-4349-8eb7-792561495cbf container/csi-driver constructed/true reason/Ready 
May 25 15:22:32.317 - 2s    I ns/openshift-cluster-csi-drivers pod/aws-ebs-csi-driver-node-jcfmh uid/2c82b414-adee-4349-8eb7-792561495cbf container/csi-liveness-probe constructed/true reason/Ready 
May 25 15:22:32.317 - 2s    I ns/openshift-cluster-csi-drivers pod/aws-ebs-csi-driver-node-jcfmh uid/2c82b414-adee-4349-8eb7-792561495cbf container/csi-node-driver-registrar constructed/true reason/Ready 
May 25 15:22:32.317 I ns/openshift-cluster-csi-drivers pod/aws-ebs-csi-driver-node-jcfmh node/ip-10-0-207-138.eu-central-1.compute.internal uid/2c82b414-adee-4349-8eb7-792561495cbf container/csi-liveness-probe reason/Ready 
May 25 15:22:32.317 I ns/openshift-cluster-csi-drivers pod/aws-ebs-csi-driver-node-jcfmh node/ip-10-0-207-138.eu-central-1.compute.internal uid/2c82b414-adee-4349-8eb7-792561495cbf container/csi-driver reason/Ready 
May 25 15:22:32.317 I ns/openshift-cluster-csi-drivers pod/aws-ebs-csi-driver-node-jcfmh node/ip-10-0-207-138.eu-central-1.compute.internal uid/2c82b414-adee-4349-8eb7-792561495cbf container/csi-node-driver-registrar reason/Ready 
May 25 15:22:32.317 I ns/openshift-cluster-samples-operator pod/cluster-samples-operator-78d4456668-45nqx node/ip-10-0-136-137.eu-central-1.compute.internal uid/7965a56a-68c5-4a04-b23e-3904c3ed5ebc reason/Created 
May 25 15:22:32.317 - 2s    I ns/openshift-cluster-samples-operator pod/cluster-samples-operator-78d4456668-45nqx uid/7965a56a-68c5-4a04-b23e-3904c3ed5ebc constructed/true reason/Scheduled node/ip-10-0-136-137.eu-central-1.compute.internal
May 25 15:22:32.317 I ns/openshift-cluster-samples-operator pod/cluster-samples-operator-78d4456668-45nqx node/ip-10-0-136-137.eu-central-1.compute.internal uid/7965a56a-68c5-4a04-b23e-3904c3ed5ebc reason/Scheduled node/ip-10-0-136-137.eu-central-1.compute.internal
May 25 15:22:32.317 - 2s    I ns/openshift-cluster-samples-operator pod/cluster-samples-operator-78d4456668-45nqx uid/7965a56a-68c5-4a04-b23e-3904c3ed5ebc container/cluster-samples-operator-watch constructed/true reason/ContainerStart cause/: 
May 25 15:22:32.317 - 2s    I ns/openshift-cluster-samples-operator pod/cluster-samples-operator-78d4456668-45nqx uid/7965a56a-68c5-4a04-b23e-3904c3ed5ebc container/cluster-samples-operator constructed/true reason/ContainerStart cause/: 
May 25 15:22:32.317 I ns/openshift-cluster-samples-operator pod/cluster-samples-operator-78d4456668-45nqx node/ip-10-0-136-137.eu-central-1.compute.internal uid/7965a56a-68c5-4a04-b23e-3904c3ed5ebc container/cluster-samples-operator-watch reason/ContainerStart cause/: 
May 25 15:22:32.317 I ns/openshift-cluster-samples-operator pod/cluster-samples-operator-78d4456668-45nqx node/ip-10-0-136-137.eu-central-1.compute.internal uid/7965a56a-68c5-4a04-b23e-3904c3ed5ebc container/cluster-samples-operator reason/ContainerStart cause/: 
May 25 15:22:32.317 - 0ms   I ns/openshift-cluster-samples-operator pod/cluster-samples-operator-78d4456668-45nqx uid/7965a56a-68c5-4a04-b23e-3904c3ed5ebc container/cluster-samples-operator-watch constructed/true reason/NotReady missed real "NotReady"
May 25 15:22:32.317 - 0ms   I ns/openshift-cluster-samples-operator pod/cluster-samples-operator-78d4456668-45nqx uid/7965a56a-68c5-4a04-b23e-3904c3ed5ebc container/cluster-samples-operator constructed/true reason/NotReady missed real "NotReady"
May 25 15:22:32.317 - 2s    I ns/openshift-cluster-samples-operator pod/cluster-samples-operator-78d4456668-45nqx uid/7965a56a-68c5-4a04-b23e-3904c3ed5ebc container/cluster-samples-operator constructed/true reason/Ready 
May 25 15:22:32.317 - 2s    I ns/openshift-cluster-samples-operator pod/cluster-samples-operator-78d4456668-45nqx uid/7965a56a-68c5-4a04-b23e-3904c3ed5ebc container/cluster-samples-operator-watch constructed/true reason/Ready 
May 25 15:22:32.317 I ns/openshift-cluster-samples-operator pod/cluster-samples-operator-78d4456668-45nqx node/ip-10-0-136-137.eu-central-1.compute.internal uid/7965a56a-68c5-4a04-b23e-3904c3ed5ebc container/cluster-samples-operator-watch reason/Ready 
May 25 15:22:32.317 I ns/openshift-cluster-samples-operator pod/cluster-samples-operator-78d4456668-45nqx node/ip-10-0-136-137.eu-central-1.compute.internal uid/7965a56a-68c5-4a04-b23e-3904c3ed5ebc container/cluster-samples-operator reason/Ready 
May 25 15:22:32.317 I ns/openshift-kube-apiserver pod/kube-apiserver-ip-10-0-174-32.eu-central-1.compute.internal node/ip-10-0-174-32.eu-central-1.compute.internal uid/30afe82d-d58e-4d48-959d-201db141b47a reason/Created 
May 25 15:22:32.317 - 2s    I ns/openshift-kube-apiserver pod/kube-apiserver-ip-10-0-174-32.eu-central-1.compute.internal uid/30afe82d-d58e-4d48-959d-201db141b47a constructed/true reason/Scheduled node/ip-10-0-174-32.eu-central-1.compute.internal
May 25 15:22:32.317 I ns/openshift-kube-apiserver pod/kube-apiserver-ip-10-0-174-32.eu-central-1.compute.internal node/ip-10-0-174-32.eu-central-1.compute.internal uid/30afe82d-d58e-4d48-959d-201db141b47a reason/Scheduled node/ip-10-0-174-32.eu-central-1.compute.internal
May 25 15:22:32.317 - 2s    I ns/openshift-kube-apiserver pod/kube-apiserver-ip-10-0-174-32.eu-central-1.compute.internal uid/30afe82d-d58e-4d48-959d-201db141b47a container/kube-apiserver-cert-syncer constructed/true reason/ContainerStart cause/: 
May 25 15:22:32.317 - 2s    I ns/openshift-kube-apiserver pod/kube-apiserver-ip-10-0-174-32.eu-central-1.compute.internal uid/30afe82d-d58e-4d48-959d-201db141b47a container/kube-apiserver-cert-regeneration-controller constructed/true reason/ContainerStart cause/: 
May 25 15:22:32.317 - 2s    I ns/openshift-kube-apiserver pod/kube-apiserver-ip-10-0-174-32.eu-central-1.compute.internal uid/30afe82d-d58e-4d48-959d-201db141b47a container/kube-apiserver-insecure-readyz constructed/true reason/ContainerStart cause/: 
May 25 15:22:32.317 - 2s    I ns/openshift-kube-apiserver pod/kube-apiserver-ip-10-0-174-32.eu-central-1.compute.internal uid/30afe82d-d58e-4d48-959d-201db141b47a container/kube-apiserver-check-endpoints constructed/true reason/ContainerStart cause/: 
May 25 15:22:32.317 - 2s    I ns/openshift-kube-apiserver pod/kube-apiserver-ip-10-0-174-32.eu-central-1.compute.internal uid/30afe82d-d58e-4d48-959d-201db141b47a container/kube-apiserver constructed/true reason/ContainerStart cause/: 
May 25 15:22:32.317 I ns/openshift-kube-apiserver pod/kube-apiserver-ip-10-0-174-32.eu-central-1.compute.internal node/ip-10-0-174-32.eu-central-1.compute.internal uid/30afe82d-d58e-4d48-959d-201db141b47a container/kube-apiserver reason/ContainerStart cause/: 
May 25 15:22:32.317 I ns/openshift-kube-apiserver pod/kube-apiserver-ip-10-0-174-32.eu-central-1.compute.internal node/ip-10-0-174-32.eu-central-1.compute.internal uid/30afe82d-d58e-4d48-959d-201db141b47a container/kube-apiserver-check-endpoints reason/ContainerStart cause/: 
May 25 15:22:32.317 I ns/openshift-kube-apiserver pod/kube-apiserver-ip-10-0-174-32.eu-central-1.compute.internal node/ip-10-0-174-32.eu-central-1.compute.internal uid/30afe82d-d58e-4d48-959d-201db141b47a container/kube-apiserver-cert-regeneration-controller reason/ContainerStart cause/: 
May 25 15:22:32.317 I ns/openshift-kube-apiserver pod/kube-apiserver-ip-10-0-174-32.eu-central-1.compute.internal node/ip-10-0-174-32.eu-central-1.compute.internal uid/30afe82d-d58e-4d48-959d-201db141b47a container/kube-apiserver-insecure-readyz reason/ContainerStart cause/: 
May 25 15:22:32.317 I ns/openshift-kube-apiserver pod/kube-apiserver-ip-10-0-174-32.eu-central-1.compute.internal node/ip-10-0-174-32.eu-central-1.compute.internal uid/30afe82d-d58e-4d48-959d-201db141b47a container/kube-apiserver-cert-syncer reason/ContainerStart cause/: 
May 25 15:22:32.317 - 0ms   I ns/openshift-kube-apiserver pod/kube-apiserver-ip-10-0-174-32.eu-central-1.compute.internal uid/30afe82d-d58e-4d48-959d-201db141b47a container/kube-apiserver constructed/true reason/NotReady missed real "NotReady"
May 25 15:22:32.317 - 0ms   I ns/openshift-kube-apiserver pod/kube-apiserver-ip-10-0-174-32.eu-central-1.compute.internal uid/30afe82d-d58e-4d48-959d-201db141b47a container/kube-apiserver-cert-syncer constructed/true reason/NotReady missed real "NotReady"
May 25 15:22:32.317 - 0ms   I ns/openshift-kube-apiserver pod/kube-apiserver-ip-10-0-174-32.eu-central-1.compute.internal uid/30afe82d-d58e-4d48-959d-201db141b47a container/kube-apiserver-cert-regeneration-controller constructed/true reason/NotReady missed real "NotReady"
May 25 15:22:32.317 - 0ms   I ns/openshift-kube-apiserver pod/kube-apiserver-ip-10-0-174-32.eu-central-1.compute.internal uid/30afe82d-d58e-4d48-959d-201db141b47a container/kube-apiserver-insecure-readyz constructed/true reason/NotReady missed real "NotReady"
May 25 15:22:32.317 - 0ms   I ns/openshift-kube-apiserver pod/kube-apiserver-ip-10-0-174-32.eu-central-1.compute.internal uid/30afe82d-d58e-4d48-959d-201db141b47a container/kube-apiserver-check-endpoints constructed/true reason/NotReady missed real "NotReady"
May 25 15:22:32.317 - 2s    I ns/openshift-kube-apiserver pod/kube-apiserver-ip-10-0-174-32.eu-central-1.compute.internal uid/30afe82d-d58e-4d48-959d-201db141b47a container/kube-apiserver-cert-syncer constructed/true reason/Ready 
May 25 15:22:32.317 - 2s    I ns/openshift-kube-apiserver pod/kube-apiserver-ip-10-0-174-32.eu-central-1.compute.internal uid/30afe82d-d58e-4d48-959d-201db141b47a container/kube-apiserver-check-endpoints constructed/true reason/Ready 
May 25 15:22:32.317 - 2s    I ns/openshift-kube-apiserver pod/kube-apiserver-ip-10-0-174-32.eu-central-1.compute.internal uid/30afe82d-d58e-4d48-959d-201db141b47a container/kube-apiserver constructed/true reason/Ready 
May 25 15:22:32.317 - 2s    I ns/openshift-kube-apiserver pod/kube-apiserver-ip-10-0-174-32.eu-central-1.compute.internal uid/30afe82d-d58e-4d48-959d-201db141b47a container/kube-apiserver-insecure-readyz constructed/true reason/Ready 
May 25 15:22:32.317 - 2s    I ns/openshift-kube-apiserver pod/kube-apiserver-ip-10-0-174-32.eu-central-1.compute.internal uid/30afe82d-d58e-4d48-959d-201db141b47a container/kube-apiserver-cert-regeneration-controller constructed/true reason/Ready 
May 25 15:22:32.317 I ns/openshift-kube-apiserver pod/kube-apiserver-ip-10-0-174-32.eu-central-1.compute.internal node/ip-10-0-174-32.eu-central-1.compute.internal uid/30afe82d-d58e-4d48-959d-201db141b47a container/kube-apiserver-check-endpoints reason/Ready 
May 25 15:22:32.317 I ns/openshift-kube-apiserver pod/kube-apiserver-ip-10-0-174-32.eu-central-1.compute.internal node/ip-10-0-174-32.eu-central-1.compute.internal uid/30afe82d-d58e-4d48-959d-201db141b47a container/kube-apiserver-insecure-readyz reason/Ready 
May 25 15:22:32.317 I ns/openshift-kube-apiserver pod/kube-apiserver-ip-10-0-174-32.eu-central-1.compute.internal node/ip-10-0-174-32.eu-central-1.compute.internal uid/30afe82d-d58e-4d48-959d-201db141b47a container/kube-apiserver-cert-regeneration-controller reason/Ready 
May 25 15:22:32.317 I ns/openshift-kube-apiserver pod/kube-apiserver-ip-10-0-174-32.eu-central-1.compute.internal node/ip-10-0-174-32.eu-central-1.compute.internal uid/30afe82d-d58e-4d48-959d-201db141b47a container/kube-apiserver-cert-syncer reason/Ready 
May 25 15:22:32.317 I ns/openshift-kube-apiserver pod/kube-apiserver-ip-10-0-174-32.eu-central-1.compute.internal node/ip-10-0-174-32.eu-central-1.compute.internal uid/30afe82d-d58e-4d48-959d-201db141b47a container/kube-apiserver reason/Ready 
May 25 15:22:32.317 I ns/openshift-kube-apiserver pod/kube-apiserver-ip-10-0-174-32.eu-central-1.compute.internal node/ip-10-0-174-32.eu-central-1.compute.internal uid/30afe82d-d58e-4d48-959d-201db141b47a container/setup reason/Ready 
May 25 15:22:32.317 I ns/openshift-kube-scheduler pod/openshift-kube-scheduler-ip-10-0-136-137.eu-central-1.compute.internal node/ip-10-0-136-137.eu-central-1.compute.internal uid/bb5f189a-958b-49c0-b877-74fc0444f195 reason/Created 
May 25 15:22:32.317 - 2s    I ns/openshift-kube-scheduler pod/openshift-kube-scheduler-ip-10-0-136-137.eu-central-1.compute.internal uid/bb5f189a-958b-49c0-b877-74fc0444f195 constructed/true reason/Scheduled node/ip-10-0-136-137.eu-central-1.compute.internal
May 25 15:22:32.317 I ns/openshift-kube-scheduler pod/openshift-kube-scheduler-ip-10-0-136-137.eu-central-1.compute.internal node/ip-10-0-136-137.eu-central-1.compute.internal uid/bb5f189a-958b-49c0-b877-74fc0444f195 reason/Scheduled node/ip-10-0-136-137.eu-central-1.compute.internal
May 25 15:22:32.317 - 2s    I ns/openshift-kube-scheduler pod/openshift-kube-scheduler-ip-10-0-136-137.eu-central-1.compute.internal uid/bb5f189a-958b-49c0-b877-74fc0444f195 container/kube-scheduler-cert-syncer constructed/true reason/ContainerStart cause/: 
May 25 15:22:32.317 - 2s    I ns/openshift-kube-scheduler pod/openshift-kube-scheduler-ip-10-0-136-137.eu-central-1.compute.internal uid/bb5f189a-958b-49c0-b877-74fc0444f195 container/kube-scheduler-recovery-controller constructed/true reason/ContainerStart cause/: 
May 25 15:22:32.317 - 2s    I ns/openshift-kube-scheduler pod/openshift-kube-scheduler-ip-10-0-136-137.eu-central-1.compute.internal uid/bb5f189a-958b-49c0-b877-74fc0444f195 container/kube-scheduler constructed/true reason/ContainerStart cause/: 
May 25 15:22:32.317 I ns/openshift-kube-scheduler pod/openshift-kube-scheduler-ip-10-0-136-137.eu-central-1.compute.internal node/ip-10-0-136-137.eu-central-1.compute.internal uid/bb5f189a-958b-49c0-b877-74fc0444f195 container/kube-scheduler-recovery-controller reason/ContainerStart cause/: 
May 25 15:22:32.317 I ns/openshift-kube-scheduler pod/openshift-kube-scheduler-ip-10-0-136-137.eu-central-1.compute.internal node/ip-10-0-136-137.eu-central-1.compute.internal uid/bb5f189a-958b-49c0-b877-74fc0444f195 container/kube-scheduler-cert-syncer reason/ContainerStart cause/: 
May 25 15:22:32.317 I ns/openshift-kube-scheduler pod/openshift-kube-scheduler-ip-10-0-136-137.eu-central-1.compute.internal node/ip-10-0-136-137.eu-central-1.compute.internal uid/bb5f189a-958b-49c0-b877-74fc0444f195 container/kube-scheduler reason/ContainerStart cause/: 
May 25 15:22:32.317 - 0ms   I ns/openshift-kube-scheduler pod/openshift-kube-scheduler-ip-10-0-136-137.eu-central-1.compute.internal uid/bb5f189a-958b-49c0-b877-74fc0444f195 container/kube-scheduler constructed/true reason/NotReady missed real "NotReady"
May 25 15:22:32.317 - 0ms   I ns/openshift-kube-scheduler pod/openshift-kube-scheduler-ip-10-0-136-137.eu-central-1.compute.internal uid/bb5f189a-958b-49c0-b877-74fc0444f195 container/kube-scheduler-cert-syncer constructed/true reason/NotReady missed real "NotReady"
May 25 15:22:32.317 - 0ms   I ns/openshift-kube-scheduler pod/openshift-kube-scheduler-ip-10-0-136-137.eu-central-1.compute.internal uid/bb5f189a-958b-49c0-b877-74fc0444f195 container/kube-scheduler-recovery-controller constructed/true reason/NotReady missed real "NotReady"
May 25 15:22:32.317 - 2s    I ns/openshift-kube-scheduler pod/openshift-kube-scheduler-ip-10-0-136-137.eu-central-1.compute.internal uid/bb5f189a-958b-49c0-b877-74fc0444f195 container/kube-scheduler-cert-syncer constructed/true reason/Ready 
May 25 15:22:32.317 - 2s    I ns/openshift-kube-scheduler pod/openshift-kube-scheduler-ip-10-0-136-137.eu-central-1.compute.internal uid/bb5f189a-958b-49c0-b877-74fc0444f195 container/kube-scheduler constructed/true reason/Ready 
May 25 15:22:32.317 - 2s    I ns/openshift-kube-scheduler pod/openshift-kube-scheduler-ip-10-0-136-137.eu-central-1.compute.internal uid/bb5f189a-958b-49c0-b877-74fc0444f195 container/kube-scheduler-recovery-controller constructed/true reason/Ready 
May 25 15:22:32.317 I ns/openshift-kube-scheduler pod/openshift-kube-scheduler-ip-10-0-136-137.eu-central-1.compute.internal node/ip-10-0-136-137.eu-central-1.compute.internal uid/bb5f189a-958b-49c0-b877-74fc0444f195 container/kube-scheduler-recovery-controller reason/Ready 
May 25 15:22:32.317 I ns/openshift-kube-scheduler pod/openshift-kube-scheduler-ip-10-0-136-137.eu-central-1.compute.internal node/ip-10-0-136-137.eu-central-1.compute.internal uid/bb5f189a-958b-49c0-b877-74fc0444f195 container/wait-for-host-port reason/Ready 
May 25 15:22:32.317 I ns/openshift-kube-scheduler pod/openshift-kube-scheduler-ip-10-0-136-137.eu-central-1.compute.internal node/ip-10-0-136-137.eu-central-1.compute.internal uid/bb5f189a-958b-49c0-b877-74fc0444f195 container/kube-scheduler-cert-syncer reason/Ready 
May 25 15:22:32.317 I ns/openshift-kube-scheduler pod/openshift-kube-scheduler-ip-10-0-136-137.eu-central-1.compute.internal node/ip-10-0-136-137.eu-central-1.compute.internal uid/bb5f189a-958b-49c0-b877-74fc0444f195 container/kube-scheduler reason/Ready 
May 25 15:22:32.317 I ns/openshift-monitoring pod/cluster-monitoring-operator-857764879-x7xrs node/ip-10-0-174-32.eu-central-1.compute.internal uid/4deae21c-3479-4fe3-9f77-3838dd406b3d reason/Created 
May 25 15:22:32.317 - 2s    I ns/openshift-monitoring pod/cluster-monitoring-operator-857764879-x7xrs uid/4deae21c-3479-4fe3-9f77-3838dd406b3d constructed/true reason/Scheduled node/ip-10-0-174-32.eu-central-1.compute.internal
May 25 15:22:32.317 I ns/openshift-monitoring pod/cluster-monitoring-operator-857764879-x7xrs node/ip-10-0-174-32.eu-central-1.compute.internal uid/4deae21c-3479-4fe3-9f77-3838dd406b3d reason/Scheduled node/ip-10-0-174-32.eu-central-1.compute.internal
May 25 15:22:32.317 - 2s    I ns/openshift-monitoring pod/cluster-monitoring-operator-857764879-x7xrs uid/4deae21c-3479-4fe3-9f77-3838dd406b3d container/cluster-monitoring-operator constructed/true reason/ContainerStart cause/: 
May 25 15:22:32.317 - 2s    I ns/openshift-monitoring pod/cluster-monitoring-operator-857764879-x7xrs uid/4deae21c-3479-4fe3-9f77-3838dd406b3d container/kube-rbac-proxy constructed/true reason/ContainerStart cause/: 
May 25 15:22:32.317 I ns/openshift-monitoring pod/cluster-monitoring-operator-857764879-x7xrs node/ip-10-0-174-32.eu-central-1.compute.internal uid/4deae21c-3479-4fe3-9f77-3838dd406b3d container/kube-rbac-proxy reason/ContainerStart cause/: 
May 25 15:22:32.317 I ns/openshift-monitoring pod/cluster-monitoring-operator-857764879-x7xrs node/ip-10-0-174-32.eu-central-1.compute.internal uid/4deae21c-3479-4fe3-9f77-3838dd406b3d container/cluster-monitoring-operator reason/ContainerStart cause/: 
May 25 15:22:32.317 - 0ms   I ns/openshift-monitoring pod/cluster-monitoring-operator-857764879-x7xrs uid/4deae21c-3479-4fe3-9f77-3838dd406b3d container/kube-rbac-proxy constructed/true reason/NotReady missed real "NotReady"
May 25 15:22:32.317 - 0ms   I ns/openshift-monitoring pod/cluster-monitoring-operator-857764879-x7xrs uid/4deae21c-3479-4fe3-9f77-3838dd406b3d container/cluster-monitoring-operator constructed/true reason/NotReady missed real "NotReady"
May 25 15:22:32.317 - 2s    I ns/openshift-monitoring pod/cluster-monitoring-operator-857764879-x7xrs uid/4deae21c-3479-4fe3-9f77-3838dd406b3d container/cluster-monitoring-operator constructed/true reason/Ready 
May 25 15:22:32.317 - 2s    I ns/openshift-monitoring pod/cluster-monitoring-operator-857764879-x7xrs uid/4deae21c-3479-4fe3-9f77-3838dd406b3d container/kube-rbac-proxy constructed/true reason/Ready 
May 25 15:22:32.317 I ns/openshift-monitoring pod/cluster-monitoring-operator-857764879-x7xrs node/ip-10-0-174-32.eu-central-1.compute.internal uid/4deae21c-3479-4fe3-9f77-3838dd406b3d container/cluster-monitoring-operator reason/Ready 
May 25 15:22:32.317 I ns/openshift-monitoring pod/cluster-monitoring-operator-857764879-x7xrs node/ip-10-0-174-32.eu-central-1.compute.internal uid/4deae21c-3479-4fe3-9f77-3838dd406b3d container/kube-rbac-proxy reason/Ready 
May 25 15:22:32.317 I ns/openshift-multus pod/network-metrics-daemon-pp7qb node/ip-10-0-136-137.eu-central-1.compute.internal uid/9223fb9c-1e3b-43ee-b871-94272f057cb6 reason/Created 
May 25 15:22:32.317 - 2s    I ns/openshift-multus pod/network-metrics-daemon-pp7qb uid/9223fb9c-1e3b-43ee-b871-94272f057cb6 constructed/true reason/Scheduled node/ip-10-0-136-137.eu-central-1.compute.internal
May 25 15:22:32.317 I ns/openshift-multus pod/network-metrics-daemon-pp7qb node/ip-10-0-136-137.eu-central-1.compute.internal uid/9223fb9c-1e3b-43ee-b871-94272f057cb6 reason/Scheduled node/ip-10-0-136-137.eu-central-1.compute.internal
May 25 15:22:32.317 - 2s    I ns/openshift-multus pod/network-metrics-daemon-pp7qb uid/9223fb9c-1e3b-43ee-b871-94272f057cb6 container/kube-rbac-proxy constructed/true reason/ContainerStart cause/: 
May 25 15:22:32.317 - 2s    I ns/openshift-multus pod/network-metrics-daemon-pp7qb uid/9223fb9c-1e3b-43ee-b871-94272f057cb6 container/network-metrics-daemon constructed/true reason/ContainerStart cause/: 
May 25 15:22:32.317 I ns/openshift-multus pod/network-metrics-daemon-pp7qb node/ip-10-0-136-137.eu-central-1.compute.internal uid/9223fb9c-1e3b-43ee-b871-94272f057cb6 container/network-metrics-daemon reason/ContainerStart cause/: 
May 25 15:22:32.317 I ns/openshift-multus pod/network-metrics-daemon-pp7qb node/ip-10-0-136-137.eu-central-1.compute.internal uid/9223fb9c-1e3b-43ee-b871-94272f057cb6 container/kube-rbac-proxy reason/ContainerStart cause/: 
May 25 15:22:32.317 - 0ms   I ns/openshift-multus pod/network-metrics-daemon-pp7qb uid/9223fb9c-1e3b-43ee-b871-94272f057cb6 container/network-metrics-daemon constructed/true reason/NotReady missed real "NotReady"
May 25 15:22:32.317 - 0ms   I ns/openshift-multus pod/network-metrics-daemon-pp7qb uid/9223fb9c-1e3b-43ee-b871-94272f057cb6 container/kube-rbac-proxy constructed/true reason/NotReady missed real "NotReady"
May 25 15:22:32.317 - 2s    I ns/openshift-multus pod/network-metrics-daemon-pp7qb uid/9223fb9c-1e3b-43ee-b871-94272f057cb6 container/network-metrics-daemon constructed/true reason/Ready 
May 25 15:22:32.317 - 2s    I ns/openshift-multus pod/network-metrics-daemon-pp7qb uid/9223fb9c-1e3b-43ee-b871-94272f057cb6 container/kube-rbac-proxy constructed/true reason/Ready 
May 25 15:22:32.317 I ns/openshift-multus pod/network-metrics-daemon-pp7qb node/ip-10-0-136-137.eu-central-1.compute.internal uid/9223fb9c-1e3b-43ee-b871-94272f057cb6 container/network-metrics-daemon reason/Ready 
May 25 15:22:32.317 I ns/openshift-multus pod/network-metrics-daemon-pp7qb node/ip-10-0-136-137.eu-central-1.compute.internal uid/9223fb9c-1e3b-43ee-b871-94272f057cb6 container/kube-rbac-proxy reason/Ready 
May 25 15:22:32.317 I ns/openshift-controller-manager pod/controller-manager-dldpv node/ip-10-0-174-32.eu-central-1.compute.internal uid/42b79431-e4a7-4ac7-ba3f-08f7ca95256c reason/Created 
May 25 15:22:32.317 - 2s    I ns/openshift-controller-manager pod/controller-manager-dldpv uid/42b79431-e4a7-4ac7-ba3f-08f7ca95256c constructed/true reason/Scheduled node/ip-10-0-174-32.eu-central-1.compute.internal
May 25 15:22:32.317 I ns/openshift-controller-manager pod/controller-manager-dldpv node/ip-10-0-174-32.eu-central-1.compute.internal uid/42b79431-e4a7-4ac7-ba3f-08f7ca95256c reason/Scheduled node/ip-10-0-174-32.eu-central-1.compute.internal
May 25 15:22:32.317 - 2s    I ns/openshift-controller-manager pod/controller-manager-dldpv uid/42b79431-e4a7-4ac7-ba3f-08f7ca95256c container/controller-manager constructed/true reason/ContainerStart cause/: 
May 25 15:22:32.317 I ns/openshift-controller-manager pod/controller-manager-dldpv node/ip-10-0-174-32.eu-central-1.compute.internal uid/42b79431-e4a7-4ac7-ba3f-08f7ca95256c container/controller-manager reason/ContainerStart cause/: 
May 25 15:22:32.317 - 0ms   I ns/openshift-controller-manager pod/controller-manager-dldpv uid/42b79431-e4a7-4ac7-ba3f-08f7ca95256c container/controller-manager constructed/true reason/NotReady missed real "NotReady"
May 25 15:22:32.317 - 2s    I ns/openshift-controller-manager pod/controller-manager-dldpv uid/42b79431-e4a7-4ac7-ba3f-08f7ca95256c container/controller-manager constructed/true reason/Ready 
May 25 15:22:32.317 I ns/openshift-controller-manager pod/controller-manager-dldpv node/ip-10-0-174-32.eu-central-1.compute.internal uid/42b79431-e4a7-4ac7-ba3f-08f7ca95256c container/controller-manager reason/Ready 
May 25 15:22:32.317 I ns/openshift-ingress pod/router-default-6f6fcdcfbf-f7rjg node/ip-10-0-207-138.eu-central-1.compute.internal uid/864f6c77-ad69-4d9b-91a8-8bde7b146df6 reason/Created 
May 25 15:22:32.317 - 2s    I ns/openshift-ingress pod/router-default-6f6fcdcfbf-f7rjg uid/864f6c77-ad69-4d9b-91a8-8bde7b146df6 constructed/true reason/Scheduled node/ip-10-0-207-138.eu-central-1.compute.internal
May 25 15:22:32.317 I ns/openshift-ingress pod/router-default-6f6fcdcfbf-f7rjg node/ip-10-0-207-138.eu-central-1.compute.internal uid/864f6c77-ad69-4d9b-91a8-8bde7b146df6 reason/Scheduled node/ip-10-0-207-138.eu-central-1.compute.internal
May 25 15:22:32.317 - 2s    I ns/openshift-ingress pod/router-default-6f6fcdcfbf-f7rjg uid/864f6c77-ad69-4d9b-91a8-8bde7b146df6 container/router constructed/true reason/ContainerStart cause/: 
May 25 15:22:32.317 I ns/openshift-ingress pod/router-default-6f6fcdcfbf-f7rjg node/ip-10-0-207-138.eu-central-1.compute.internal uid/864f6c77-ad69-4d9b-91a8-8bde7b146df6 container/router reason/ContainerStart cause/: 
May 25 15:22:32.317 - 0ms   I ns/openshift-ingress pod/router-default-6f6fcdcfbf-f7rjg uid/864f6c77-ad69-4d9b-91a8-8bde7b146df6 container/router constructed/true reason/NotReady missed real "NotReady"
May 25 15:22:32.317 - 2s    I ns/openshift-ingress pod/router-default-6f6fcdcfbf-f7rjg uid/864f6c77-ad69-4d9b-91a8-8bde7b146df6 container/router constructed/true reason/Ready 
May 25 15:22:32.317 I ns/openshift-ingress pod/router-default-6f6fcdcfbf-f7rjg node/ip-10-0-207-138.eu-central-1.compute.internal uid/864f6c77-ad69-4d9b-91a8-8bde7b146df6 container/router reason/Ready 
May 25 15:22:32.317 I ns/openshift-kube-apiserver pod/revision-pruner-12-ip-10-0-174-32.eu-central-1.compute.internal node/ip-10-0-174-32.eu-central-1.compute.internal uid/67ee92cd-c558-4032-89d1-29b66d664d61 reason/Created 
May 25 15:22:32.317 I ns/openshift-kube-apiserver pod/revision-pruner-12-ip-10-0-174-32.eu-central-1.compute.internal node/ip-10-0-174-32.eu-central-1.compute.internal uid/67ee92cd-c558-4032-89d1-29b66d664d61 reason/Scheduled node/ip-10-0-174-32.eu-central-1.compute.internal
May 25 15:22:32.317 W ns/openshift-kube-apiserver pod/revision-pruner-12-ip-10-0-174-32.eu-central-1.compute.internal node/ip-10-0-174-32.eu-central-1.compute.internal uid/67ee92cd-c558-4032-89d1-29b66d664d61 container/pruner reason/NotReady 
May 25 15:22:32.317 I ns/openshift-multus pod/multus-n59gm node/ip-10-0-207-138.eu-central-1.compute.internal uid/31d65485-a318-40d8-95b3-1b16b3610d26 reason/Created 
May 25 15:22:32.317 - 2s    I ns/openshift-multus pod/multus-n59gm uid/31d65485-a318-40d8-95b3-1b16b3610d26 constructed/true reason/Scheduled node/ip-10-0-207-138.eu-central-1.compute.internal
May 25 15:22:32.317 I ns/openshift-multus pod/multus-n59gm node/ip-10-0-207-138.eu-central-1.compute.internal uid/31d65485-a318-40d8-95b3-1b16b3610d26 reason/Scheduled node/ip-10-0-207-138.eu-central-1.compute.internal
May 25 15:22:32.317 - 2s    I ns/openshift-multus pod/multus-n59gm uid/31d65485-a318-40d8-95b3-1b16b3610d26 container/kube-multus constructed/true reason/ContainerStart cause/: 
May 25 15:22:32.317 I ns/openshift-multus pod/multus-n59gm node/ip-10-0-207-138.eu-central-1.compute.internal uid/31d65485-a318-40d8-95b3-1b16b3610d26 container/kube-multus reason/ContainerStart cause/: 
May 25 15:22:32.317 - 0ms   I ns/openshift-multus pod/multus-n59gm uid/31d65485-a318-40d8-95b3-1b16b3610d26 container/kube-multus constructed/true reason/NotReady missed real "NotReady"
May 25 15:22:32.317 - 2s    I ns/openshift-multus pod/multus-n59gm uid/31d65485-a318-40d8-95b3-1b16b3610d26 container/kube-multus constructed/true reason/Ready 
May 25 15:22:32.317 I ns/openshift-multus pod/multus-n59gm node/ip-10-0-207-138.eu-central-1.compute.internal uid/31d65485-a318-40d8-95b3-1b16b3610d26 container/kube-multus reason/Ready 
May 25 15:22:32.317 I ns/openshift-sdn pod/sdn-controller-jwqs9 node/ip-10-0-194-125.eu-central-1.compute.internal uid/1ee791e1-9b9d-428a-8331-cefebf46b2b2 reason/Created 
May 25 15:22:32.317 - 2s    I ns/openshift-sdn pod/sdn-controller-jwqs9 uid/1ee791e1-9b9d-428a-8331-cefebf46b2b2 constructed/true reason/Scheduled node/ip-10-0-194-125.eu-central-1.compute.internal
May 25 15:22:32.317 I ns/openshift-sdn pod/sdn-controller-jwqs9 node/ip-10-0-194-125.eu-central-1.compute.internal uid/1ee791e1-9b9d-428a-8331-cefebf46b2b2 reason/Scheduled node/ip-10-0-194-125.eu-central-1.compute.internal
May 25 15:22:32.317 - 2s    I ns/openshift-sdn pod/sdn-controller-jwqs9 uid/1ee791e1-9b9d-428a-8331-cefebf46b2b2 container/kube-rbac-proxy constructed/true reason/ContainerStart cause/: 
May 25 15:22:32.317 - 2s    I ns/openshift-sdn pod/sdn-controller-jwqs9 uid/1ee791e1-9b9d-428a-8331-cefebf46b2b2 container/sdn-controller constructed/true reason/ContainerStart cause/: 
May 25 15:22:32.317 I ns/openshift-sdn pod/sdn-controller-jwqs9 node/ip-10-0-194-125.eu-central-1.compute.internal uid/1ee791e1-9b9d-428a-8331-cefebf46b2b2 container/sdn-controller reason/ContainerStart cause/: 
May 25 15:22:32.317 I ns/openshift-sdn pod/sdn-controller-jwqs9 node/ip-10-0-194-125.eu-central-1.compute.internal uid/1ee791e1-9b9d-428a-8331-cefebf46b2b2 container/kube-rbac-proxy reason/ContainerStart cause/: 
May 25 15:22:32.317 - 0ms   I ns/openshift-sdn pod/sdn-controller-jwqs9 uid/1ee791e1-9b9d-428a-8331-cefebf46b2b2 container/sdn-controller constructed/true reason/NotReady missed real "NotReady"
May 25 15:22:32.317 - 0ms   I ns/openshift-sdn pod/sdn-controller-jwqs9 uid/1ee791e1-9b9d-428a-8331-cefebf46b2b2 container/kube-rbac-proxy constructed/true reason/NotReady missed real "NotReady"
May 25 15:22:32.317 - 2s    I ns/openshift-sdn pod/sdn-controller-jwqs9 uid/1ee791e1-9b9d-428a-8331-cefebf46b2b2 container/kube-rbac-proxy constructed/true reason/Ready 
May 25 15:22:32.317 - 2s    I ns/openshift-sdn pod/sdn-controller-jwqs9 uid/1ee791e1-9b9d-428a-8331-cefebf46b2b2 container/sdn-controller constructed/true reason/Ready 
May 25 15:22:32.317 I ns/openshift-sdn pod/sdn-controller-jwqs9 node/ip-10-0-194-125.eu-central-1.compute.internal uid/1ee791e1-9b9d-428a-8331-cefebf46b2b2 container/sdn-controller reason/Ready 
May 25 15:22:32.317 I ns/openshift-sdn pod/sdn-controller-jwqs9 node/ip-10-0-194-125.eu-central-1.compute.internal uid/1ee791e1-9b9d-428a-8331-cefebf46b2b2 container/kube-rbac-proxy reason/Ready 
May 25 15:22:32.317 I ns/openshift-cluster-node-tuning-operator pod/tuned-kj4vz node/ip-10-0-136-137.eu-central-1.compute.internal uid/efb1ea98-f145-467a-b2ee-9c9815a01f00 reason/Created 
May 25 15:22:32.317 - 2s    I ns/openshift-cluster-node-tuning-operator pod/tuned-kj4vz uid/efb1ea98-f145-467a-b2ee-9c9815a01f00 constructed/true reason/Scheduled node/ip-10-0-136-137.eu-central-1.compute.internal
May 25 15:22:32.317 I ns/openshift-cluster-node-tuning-operator pod/tuned-kj4vz node/ip-10-0-136-137.eu-central-1.compute.internal uid/efb1ea98-f145-467a-b2ee-9c9815a01f00 reason/Scheduled node/ip-10-0-136-137.eu-central-1.compute.internal
May 25 15:22:32.317 - 2s    I ns/openshift-cluster-node-tuning-operator pod/tuned-kj4vz uid/efb1ea98-f145-467a-b2ee-9c9815a01f00 container/tuned constructed/true reason/ContainerStart cause/: 
May 25 15:22:32.317 I ns/openshift-cluster-node-tuning-operator pod/tuned-kj4vz node/ip-10-0-136-137.eu-central-1.compute.internal uid/efb1ea98-f145-467a-b2ee-9c9815a01f00 container/tuned reason/ContainerStart cause/: 
May 25 15:22:32.317 - 0ms   I ns/openshift-cluster-node-tuning-operator pod/tuned-kj4vz uid/efb1ea98-f145-467a-b2ee-9c9815a01f00 container/tuned constructed/true reason/NotReady missed real "NotReady"
May 25 15:22:32.317 - 2s    I ns/openshift-cluster-node-tuning-operator pod/tuned-kj4vz uid/efb1ea98-f145-467a-b2ee-9c9815a01f00 container/tuned constructed/true reason/Ready 
May 25 15:22:32.317 I ns/openshift-cluster-node-tuning-operator pod/tuned-kj4vz node/ip-10-0-136-137.eu-central-1.compute.internal uid/efb1ea98-f145-467a-b2ee-9c9815a01f00 container/tuned reason/Ready 
May 25 15:22:32.317 I ns/openshift-etcd pod/revision-pruner-6-ip-10-0-174-32.eu-central-1.compute.internal node/ip-10-0-174-32.eu-central-1.compute.internal uid/51343b05-a7ce-440b-9093-a407692f3133 reason/Created 
May 25 15:22:32.317 I ns/openshift-etcd pod/revision-pruner-6-ip-10-0-174-32.eu-central-1.compute.internal node/ip-10-0-174-32.eu-central-1.compute.internal uid/51343b05-a7ce-440b-9093-a407692f3133 reason/Scheduled node/ip-10-0-174-32.eu-central-1.compute.internal
May 25 15:22:32.317 W ns/openshift-etcd pod/revision-pruner-6-ip-10-0-174-32.eu-central-1.compute.internal node/ip-10-0-174-32.eu-central-1.compute.internal uid/51343b05-a7ce-440b-9093-a407692f3133 container/pruner reason/NotReady 
May 25 15:22:32.317 I ns/openshift-kube-apiserver pod/revision-pruner-13-ip-10-0-194-125.eu-central-1.compute.internal node/ip-10-0-194-125.eu-central-1.compute.internal uid/47c07217-3277-458d-adf8-7fdb480d624c reason/Created 
May 25 15:22:32.317 I ns/openshift-kube-apiserver pod/revision-pruner-13-ip-10-0-194-125.eu-central-1.compute.internal node/ip-10-0-194-125.eu-central-1.compute.internal uid/47c07217-3277-458d-adf8-7fdb480d624c reason/Scheduled node/ip-10-0-194-125.eu-central-1.compute.internal
May 25 15:22:32.317 W ns/openshift-kube-apiserver pod/revision-pruner-13-ip-10-0-194-125.eu-central-1.compute.internal node/ip-10-0-194-125.eu-central-1.compute.internal uid/47c07217-3277-458d-adf8-7fdb480d624c container/pruner reason/NotReady 
May 25 15:22:32.317 I ns/openshift-operator-lifecycle-manager pod/catalog-operator-686dd89d4b-4b5jx node/ip-10-0-174-32.eu-central-1.compute.internal uid/d8b68cc3-ca53-4df2-ae76-60af42c8acac reason/Created 
May 25 15:22:32.317 - 2s    I ns/openshift-operator-lifecycle-manager pod/catalog-operator-686dd89d4b-4b5jx uid/d8b68cc3-ca53-4df2-ae76-60af42c8acac constructed/true reason/Scheduled node/ip-10-0-174-32.eu-central-1.compute.internal
May 25 15:22:32.317 I ns/openshift-operator-lifecycle-manager pod/catalog-operator-686dd89d4b-4b5jx node/ip-10-0-174-32.eu-central-1.compute.internal uid/d8b68cc3-ca53-4df2-ae76-60af42c8acac reason/Scheduled node/ip-10-0-174-32.eu-central-1.compute.internal
May 25 15:22:32.317 - 2s    I ns/openshift-operator-lifecycle-manager pod/catalog-operator-686dd89d4b-4b5jx uid/d8b68cc3-ca53-4df2-ae76-60af42c8acac container/catalog-operator constructed/true reason/ContainerStart cause/: 
May 25 15:22:32.317 I ns/openshift-operator-lifecycle-manager pod/catalog-operator-686dd89d4b-4b5jx node/ip-10-0-174-32.eu-central-1.compute.internal uid/d8b68cc3-ca53-4df2-ae76-60af42c8acac container/catalog-operator reason/ContainerStart cause/: 
May 25 15:22:32.317 - 0ms   I ns/openshift-operator-lifecycle-manager pod/catalog-operator-686dd89d4b-4b5jx uid/d8b68cc3-ca53-4df2-ae76-60af42c8acac container/catalog-operator constructed/true reason/NotReady missed real "NotReady"
May 25 15:22:32.317 - 2s    I ns/openshift-operator-lifecycle-manager pod/catalog-operator-686dd89d4b-4b5jx uid/d8b68cc3-ca53-4df2-ae76-60af42c8acac container/catalog-operator constructed/true reason/Ready 
May 25 15:22:32.317 I ns/openshift-operator-lifecycle-manager pod/catalog-operator-686dd89d4b-4b5jx node/ip-10-0-174-32.eu-central-1.compute.internal uid/d8b68cc3-ca53-4df2-ae76-60af42c8acac container/catalog-operator reason/Ready 
May 25 15:22:32.317 I ns/openshift-kube-controller-manager pod/installer-5-ip-10-0-194-125.eu-central-1.compute.internal node/ip-10-0-194-125.eu-central-1.compute.internal uid/816b7a38-f99b-409c-ae02-8d42b7c4c359 reason/Created 
May 25 15:22:32.317 I ns/openshift-kube-controller-manager pod/installer-5-ip-10-0-194-125.eu-central-1.compute.internal node/ip-10-0-194-125.eu-central-1.compute.internal uid/816b7a38-f99b-409c-ae02-8d42b7c4c359 reason/Scheduled node/ip-10-0-194-125.eu-central-1.compute.internal
May 25 15:22:32.317 W ns/openshift-kube-controller-manager pod/installer-5-ip-10-0-194-125.eu-central-1.compute.internal node/ip-10-0-194-125.eu-central-1.compute.internal uid/816b7a38-f99b-409c-ae02-8d42b7c4c359 container/installer reason/NotReady 
May 25 15:22:32.317 I ns/openshift-multus pod/multus-nhsm9 node/ip-10-0-194-125.eu-central-1.compute.internal uid/a4ac3da1-06de-4361-b6c2-b24db05b5471 reason/Created 
May 25 15:22:32.317 - 2s    I ns/openshift-multus pod/multus-nhsm9 uid/a4ac3da1-06de-4361-b6c2-b24db05b5471 constructed/true reason/Scheduled node/ip-10-0-194-125.eu-central-1.compute.internal
May 25 15:22:32.317 I ns/openshift-multus pod/multus-nhsm9 node/ip-10-0-194-125.eu-central-1.compute.internal uid/a4ac3da1-06de-4361-b6c2-b24db05b5471 reason/Scheduled node/ip-10-0-194-125.eu-central-1.compute.internal
May 25 15:22:32.317 - 2s    I ns/openshift-multus pod/multus-nhsm9 uid/a4ac3da1-06de-4361-b6c2-b24db05b5471 container/kube-multus constructed/true reason/ContainerStart cause/: 
May 25 15:22:32.317 I ns/openshift-multus pod/multus-nhsm9 node/ip-10-0-194-125.eu-central-1.compute.internal uid/a4ac3da1-06de-4361-b6c2-b24db05b5471 container/kube-multus reason/ContainerStart cause/: 
May 25 15:22:32.317 - 0ms   I ns/openshift-multus pod/multus-nhsm9 uid/a4ac3da1-06de-4361-b6c2-b24db05b5471 container/kube-multus constructed/true reason/NotReady missed real "NotReady"
May 25 15:22:32.317 - 2s    I ns/openshift-multus pod/multus-nhsm9 uid/a4ac3da1-06de-4361-b6c2-b24db05b5471 container/kube-multus constructed/true reason/Ready 
May 25 15:22:32.317 I ns/openshift-multus pod/multus-nhsm9 node/ip-10-0-194-125.eu-central-1.compute.internal uid/a4ac3da1-06de-4361-b6c2-b24db05b5471 container/kube-multus reason/Ready 
May 25 15:22:32.317 I ns/openshift-etcd pod/installer-5-ip-10-0-136-137.eu-central-1.compute.internal node/ip-10-0-136-137.eu-central-1.compute.internal uid/9ba3800c-c001-44ff-b6f4-c0d77e8add1e reason/Created 
May 25 15:22:32.317 I ns/openshift-etcd pod/installer-5-ip-10-0-136-137.eu-central-1.compute.internal node/ip-10-0-136-137.eu-central-1.compute.internal uid/9ba3800c-c001-44ff-b6f4-c0d77e8add1e reason/Scheduled node/ip-10-0-136-137.eu-central-1.compute.internal
May 25 15:22:32.317 W ns/openshift-etcd pod/installer-5-ip-10-0-136-137.eu-central-1.compute.internal node/ip-10-0-136-137.eu-central-1.compute.internal uid/9ba3800c-c001-44ff-b6f4-c0d77e8add1e container/installer reason/NotReady 
May 25 15:22:32.317 I ns/openshift-etcd pod/installer-6-ip-10-0-194-125.eu-central-1.compute.internal node/ip-10-0-194-125.eu-central-1.compute.internal uid/30564b62-6879-4e20-96d5-de2e0901325f reason/Created 
May 25 15:22:32.317 I ns/openshift-etcd pod/installer-6-ip-10-0-194-125.eu-central-1.compute.internal node/ip-10-0-194-125.eu-central-1.compute.internal uid/30564b62-6879-4e20-96d5-de2e0901325f reason/Scheduled node/ip-10-0-194-125.eu-central-1.compute.internal
May 25 15:22:32.317 W ns/openshift-etcd pod/installer-6-ip-10-0-194-125.eu-central-1.compute.internal node/ip-10-0-194-125.eu-central-1.compute.internal uid/30564b62-6879-4e20-96d5-de2e0901325f container/installer reason/NotReady 
May 25 15:22:32.317 I ns/openshift-cluster-storage-operator pod/csi-snapshot-webhook-847bd94699-78jgl node/ip-10-0-194-125.eu-central-1.compute.internal uid/bfc13943-0512-49b2-a365-5d443fe5e990 reason/Created 
May 25 15:22:32.317 - 2s    I ns/openshift-cluster-storage-operator pod/csi-snapshot-webhook-847bd94699-78jgl uid/bfc13943-0512-49b2-a365-5d443fe5e990 constructed/true reason/Scheduled node/ip-10-0-194-125.eu-central-1.compute.internal
May 25 15:22:32.317 I ns/openshift-cluster-storage-operator pod/csi-snapshot-webhook-847bd94699-78jgl node/ip-10-0-194-125.eu-central-1.compute.internal uid/bfc13943-0512-49b2-a365-5d443fe5e990 reason/Scheduled node/ip-10-0-194-125.eu-central-1.compute.internal
May 25 15:22:32.317 - 2s    I ns/openshift-cluster-storage-operator pod/csi-snapshot-webhook-847bd94699-78jgl uid/bfc13943-0512-49b2-a365-5d443fe5e990 container/webhook constructed/true reason/ContainerStart cause/: 
May 25 15:22:32.317 I ns/openshift-cluster-storage-operator pod/csi-snapshot-webhook-847bd94699-78jgl node/ip-10-0-194-125.eu-central-1.compute.internal uid/bfc13943-0512-49b2-a365-5d443fe5e990 container/webhook reason/ContainerStart cause/: 
May 25 15:22:32.317 - 0ms   I ns/openshift-cluster-storage-operator pod/csi-snapshot-webhook-847bd94699-78jgl uid/bfc13943-0512-49b2-a365-5d443fe5e990 container/webhook constructed/true reason/NotReady missed real "NotReady"
May 25 15:22:32.317 - 2s    I ns/openshift-cluster-storage-operator pod/csi-snapshot-webhook-847bd94699-78jgl uid/bfc13943-0512-49b2-a365-5d443fe5e990 container/webhook constructed/true reason/Ready 
May 25 15:22:32.317 I ns/openshift-cluster-storage-operator pod/csi-snapshot-webhook-847bd94699-78jgl node/ip-10-0-194-125.eu-central-1.compute.internal uid/bfc13943-0512-49b2-a365-5d443fe5e990 container/webhook reason/Ready 
May 25 15:22:32.317 I ns/openshift-dns pod/dns-default-bwppd node/ip-10-0-186-221.eu-central-1.compute.internal uid/2e637864-8ab3-46c0-9227-66784ab329a8 reason/Created 
May 25 15:22:32.317 - 2s    I ns/openshift-dns pod/dns-default-bwppd uid/2e637864-8ab3-46c0-9227-66784ab329a8 constructed/true reason/Scheduled node/ip-10-0-186-221.eu-central-1.compute.internal
May 25 15:22:32.317 I ns/openshift-dns pod/dns-default-bwppd node/ip-10-0-186-221.eu-central-1.compute.internal uid/2e637864-8ab3-46c0-9227-66784ab329a8 reason/Scheduled node/ip-10-0-186-221.eu-central-1.compute.internal
May 25 15:22:32.317 - 2s    I ns/openshift-dns pod/dns-default-bwppd uid/2e637864-8ab3-46c0-9227-66784ab329a8 container/dns constructed/true reason/ContainerStart cause/: 
May 25 15:22:32.317 - 2s    I ns/openshift-dns pod/dns-default-bwppd uid/2e637864-8ab3-46c0-9227-66784ab329a8 container/kube-rbac-proxy constructed/true reason/ContainerStart cause/: 
May 25 15:22:32.317 I ns/openshift-dns pod/dns-default-bwppd node/ip-10-0-186-221.eu-central-1.compute.internal uid/2e637864-8ab3-46c0-9227-66784ab329a8 container/dns reason/ContainerStart cause/: 
May 25 15:22:32.317 I ns/openshift-dns pod/dns-default-bwppd node/ip-10-0-186-221.eu-central-1.compute.internal uid/2e637864-8ab3-46c0-9227-66784ab329a8 container/kube-rbac-proxy reason/ContainerStart cause/: 
May 25 15:22:32.317 - 0ms   I ns/openshift-dns pod/dns-default-bwppd uid/2e637864-8ab3-46c0-9227-66784ab329a8 container/kube-rbac-proxy constructed/true reason/NotReady missed real "NotReady"
May 25 15:22:32.317 - 0ms   I ns/openshift-dns pod/dns-default-bwppd uid/2e637864-8ab3-46c0-9227-66784ab329a8 container/dns constructed/true reason/NotReady missed real "NotReady"
May 25 15:22:32.317 - 2s    I ns/openshift-dns pod/dns-default-bwppd uid/2e637864-8ab3-46c0-9227-66784ab329a8 container/kube-rbac-proxy constructed/true reason/Ready 
May 25 15:22:32.317 - 2s    I ns/openshift-dns pod/dns-default-bwppd uid/2e637864-8ab3-46c0-9227-66784ab329a8 container/dns constructed/true reason/Ready 
May 25 15:22:32.317 I ns/openshift-dns pod/dns-default-bwppd node/ip-10-0-186-221.eu-central-1.compute.internal uid/2e637864-8ab3-46c0-9227-66784ab329a8 container/kube-rbac-proxy reason/Ready 
May 25 15:22:32.317 I ns/openshift-dns pod/dns-default-bwppd node/ip-10-0-186-221.eu-central-1.compute.internal uid/2e637864-8ab3-46c0-9227-66784ab329a8 container/dns reason/Ready 
May 25 15:22:32.317 I ns/openshift-machine-config-operator pod/machine-config-daemon-k65bl node/ip-10-0-174-32.eu-central-1.compute.internal uid/0deb1653-7159-4084-a2e0-4ffdec8a3633 reason/Created 
May 25 15:22:32.317 - 2s    I ns/openshift-machine-config-operator pod/machine-config-daemon-k65bl uid/0deb1653-7159-4084-a2e0-4ffdec8a3633 constructed/true reason/Scheduled node/ip-10-0-174-32.eu-central-1.compute.internal
May 25 15:22:32.317 I ns/openshift-machine-config-operator pod/machine-config-daemon-k65bl node/ip-10-0-174-32.eu-central-1.compute.internal uid/0deb1653-7159-4084-a2e0-4ffdec8a3633 reason/Scheduled node/ip-10-0-174-32.eu-central-1.compute.internal
May 25 15:22:32.317 - 2s    I ns/openshift-machine-config-operator pod/machine-config-daemon-k65bl uid/0deb1653-7159-4084-a2e0-4ffdec8a3633 container/oauth-proxy constructed/true reason/ContainerStart cause/: 
May 25 15:22:32.317 - 2s    I ns/openshift-machine-config-operator pod/machine-config-daemon-k65bl uid/0deb1653-7159-4084-a2e0-4ffdec8a3633 container/machine-config-daemon constructed/true reason/ContainerStart cause/: 
May 25 15:22:32.317 I ns/openshift-machine-config-operator pod/machine-config-daemon-k65bl node/ip-10-0-174-32.eu-central-1.compute.internal uid/0deb1653-7159-4084-a2e0-4ffdec8a3633 container/machine-config-daemon reason/ContainerStart cause/: 
May 25 15:22:32.317 I ns/openshift-machine-config-operator pod/machine-config-daemon-k65bl node/ip-10-0-174-32.eu-central-1.compute.internal uid/0deb1653-7159-4084-a2e0-4ffdec8a3633 container/oauth-proxy reason/ContainerStart cause/: 
May 25 15:22:32.317 - 0ms   I ns/openshift-machine-config-operator pod/machine-config-daemon-k65bl uid/0deb1653-7159-4084-a2e0-4ffdec8a3633 container/machine-config-daemon constructed/true reason/NotReady missed real "NotReady"
May 25 15:22:32.317 - 0ms   I ns/openshift-machine-config-operator pod/machine-config-daemon-k65bl uid/0deb1653-7159-4084-a2e0-4ffdec8a3633 container/oauth-proxy constructed/true reason/NotReady missed real "NotReady"
May 25 15:22:32.317 - 2s    I ns/openshift-machine-config-operator pod/machine-config-daemon-k65bl uid/0deb1653-7159-4084-a2e0-4ffdec8a3633 container/oauth-proxy constructed/true reason/Ready 
May 25 15:22:32.317 - 2s    I ns/openshift-machine-config-operator pod/machine-config-daemon-k65bl uid/0deb1653-7159-4084-a2e0-4ffdec8a3633 container/machine-config-daemon constructed/true reason/Ready 
May 25 15:22:32.317 I ns/openshift-machine-config-operator pod/machine-config-daemon-k65bl node/ip-10-0-174-32.eu-central-1.compute.internal uid/0deb1653-7159-4084-a2e0-4ffdec8a3633 container/machine-config-daemon reason/Ready 
May 25 15:22:32.317 I ns/openshift-machine-config-operator pod/machine-config-daemon-k65bl node/ip-10-0-174-32.eu-central-1.compute.internal uid/0deb1653-7159-4084-a2e0-4ffdec8a3633 container/oauth-proxy reason/Ready 
May 25 15:22:32.317 I ns/openshift-multus pod/multus-admission-controller-r92fx node/ip-10-0-136-137.eu-central-1.compute.internal uid/d1c4bb12-aa84-4d8c-a17a-a66f2acc212b reason/Created 
May 25 15:22:32.317 - 2s    I ns/openshift-multus pod/multus-admission-controller-r92fx uid/d1c4bb12-aa84-4d8c-a17a-a66f2acc212b constructed/true reason/Scheduled node/ip-10-0-136-137.eu-central-1.compute.internal
May 25 15:22:32.317 I ns/openshift-multus pod/multus-admission-controller-r92fx node/ip-10-0-136-137.eu-central-1.compute.internal uid/d1c4bb12-aa84-4d8c-a17a-a66f2acc212b reason/Scheduled node/ip-10-0-136-137.eu-central-1.compute.internal
May 25 15:22:32.317 - 2s    I ns/openshift-multus pod/multus-admission-controller-r92fx uid/d1c4bb12-aa84-4d8c-a17a-a66f2acc212b container/multus-admission-controller constructed/true reason/ContainerStart cause/: 
May 25 15:22:32.317 - 2s    I ns/openshift-multus pod/multus-admission-controller-r92fx uid/d1c4bb12-aa84-4d8c-a17a-a66f2acc212b container/kube-rbac-proxy constructed/true reason/ContainerStart cause/: 
May 25 15:22:32.317 I ns/openshift-multus pod/multus-admission-controller-r92fx node/ip-10-0-136-137.eu-central-1.compute.internal uid/d1c4bb12-aa84-4d8c-a17a-a66f2acc212b container/kube-rbac-proxy reason/ContainerStart cause/: 
May 25 15:22:32.317 I ns/openshift-multus pod/multus-admission-controller-r92fx node/ip-10-0-136-137.eu-central-1.compute.internal uid/d1c4bb12-aa84-4d8c-a17a-a66f2acc212b container/multus-admission-controller reason/ContainerStart cause/: 
May 25 15:22:32.317 - 0ms   I ns/openshift-multus pod/multus-admission-controller-r92fx uid/d1c4bb12-aa84-4d8c-a17a-a66f2acc212b container/kube-rbac-proxy constructed/true reason/NotReady missed real "NotReady"
May 25 15:22:32.317 - 0ms   I ns/openshift-multus pod/multus-admission-controller-r92fx uid/d1c4bb12-aa84-4d8c-a17a-a66f2acc212b container/multus-admission-controller constructed/true reason/NotReady missed real "NotReady"
May 25 15:22:32.317 - 2s    I ns/openshift-multus pod/multus-admission-controller-r92fx uid/d1c4bb12-aa84-4d8c-a17a-a66f2acc212b container/kube-rbac-proxy constructed/true reason/Ready 
May 25 15:22:32.317 - 2s    I ns/openshift-multus pod/multus-admission-controller-r92fx uid/d1c4bb12-aa84-4d8c-a17a-a66f2acc212b container/multus-admission-controller constructed/true reason/Ready 
May 25 15:22:32.317 I ns/openshift-multus pod/multus-admission-controller-r92fx node/ip-10-0-136-137.eu-central-1.compute.internal uid/d1c4bb12-aa84-4d8c-a17a-a66f2acc212b container/multus-admission-controller reason/Ready 
May 25 15:22:32.317 I ns/openshift-multus pod/multus-admission-controller-r92fx node/ip-10-0-136-137.eu-central-1.compute.internal uid/d1c4bb12-aa84-4d8c-a17a-a66f2acc212b container/kube-rbac-proxy reason/Ready 
May 25 15:22:32.318 I ns/openshift-multus pod/multus-h8xg4 node/ip-10-0-174-32.eu-central-1.compute.internal uid/a264ba34-33f7-46db-903c-6a80d3452a0e reason/Created 
May 25 15:22:32.318 - 2s    I ns/openshift-multus pod/multus-h8xg4 uid/a264ba34-33f7-46db-903c-6a80d3452a0e constructed/true reason/Scheduled node/ip-10-0-174-32.eu-central-1.compute.internal
May 25 15:22:32.318 I ns/openshift-multus pod/multus-h8xg4 node/ip-10-0-174-32.eu-central-1.compute.internal uid/a264ba34-33f7-46db-903c-6a80d3452a0e reason/Scheduled node/ip-10-0-174-32.eu-central-1.compute.internal
May 25 15:22:32.318 - 2s    I ns/openshift-multus pod/multus-h8xg4 uid/a264ba34-33f7-46db-903c-6a80d3452a0e container/kube-multus constructed/true reason/ContainerStart cause/: 
May 25 15:22:32.318 I ns/openshift-multus pod/multus-h8xg4 node/ip-10-0-174-32.eu-central-1.compute.internal uid/a264ba34-33f7-46db-903c-6a80d3452a0e container/kube-multus reason/ContainerStart cause/: 
May 25 15:22:32.318 - 0ms   I ns/openshift-multus pod/multus-h8xg4 uid/a264ba34-33f7-46db-903c-6a80d3452a0e container/kube-multus constructed/true reason/NotReady missed real "NotReady"
May 25 15:22:32.318 - 2s    I ns/openshift-multus pod/multus-h8xg4 uid/a264ba34-33f7-46db-903c-6a80d3452a0e container/kube-multus constructed/true reason/Ready 
May 25 15:22:32.318 I ns/openshift-multus pod/multus-h8xg4 node/ip-10-0-174-32.eu-central-1.compute.internal uid/a264ba34-33f7-46db-903c-6a80d3452a0e container/kube-multus reason/Ready 
May 25 15:22:32.318 I ns/openshift-operator-lifecycle-manager pod/olm-operator-5b65fd9764-f6njs node/ip-10-0-174-32.eu-central-1.compute.internal uid/09a310ed-a0c4-4381-9d5a-055aa640bef9 reason/Created 
May 25 15:22:32.318 - 2s    I ns/openshift-operator-lifecycle-manager pod/olm-operator-5b65fd9764-f6njs uid/09a310ed-a0c4-4381-9d5a-055aa640bef9 constructed/true reason/Scheduled node/ip-10-0-174-32.eu-central-1.compute.internal
May 25 15:22:32.318 I ns/openshift-operator-lifecycle-manager pod/olm-operator-5b65fd9764-f6njs node/ip-10-0-174-32.eu-central-1.compute.internal uid/09a310ed-a0c4-4381-9d5a-055aa640bef9 reason/Scheduled node/ip-10-0-174-32.eu-central-1.compute.internal
May 25 15:22:32.318 - 2s    I ns/openshift-operator-lifecycle-manager pod/olm-operator-5b65fd9764-f6njs uid/09a310ed-a0c4-4381-9d5a-055aa640bef9 container/olm-operator constructed/true reason/ContainerStart cause/: 
May 25 15:22:32.318 I ns/openshift-operator-lifecycle-manager pod/olm-operator-5b65fd9764-f6njs node/ip-10-0-174-32.eu-central-1.compute.internal uid/09a310ed-a0c4-4381-9d5a-055aa640bef9 container/olm-operator reason/ContainerStart cause/: 
May 25 15:22:32.318 - 0ms   I ns/openshift-operator-lifecycle-manager pod/olm-operator-5b65fd9764-f6njs uid/09a310ed-a0c4-4381-9d5a-055aa640bef9 container/olm-operator constructed/true reason/NotReady missed real "NotReady"
May 25 15:22:32.318 - 2s    I ns/openshift-operator-lifecycle-manager pod/olm-operator-5b65fd9764-f6njs uid/09a310ed-a0c4-4381-9d5a-055aa640bef9 container/olm-operator constructed/true reason/Ready 
May 25 15:22:32.318 I ns/openshift-operator-lifecycle-manager pod/olm-operator-5b65fd9764-f6njs node/ip-10-0-174-32.eu-central-1.compute.internal uid/09a310ed-a0c4-4381-9d5a-055aa640bef9 container/olm-operator reason/Ready 
May 25 15:22:32.318 I ns/openshift-kube-apiserver pod/installer-9-ip-10-0-136-137.eu-central-1.compute.internal node/ip-10-0-136-137.eu-central-1.compute.internal uid/30cffdc2-e276-4446-88af-04c282b05a5f reason/Created 
May 25 15:22:32.318 I ns/openshift-kube-apiserver pod/installer-9-ip-10-0-136-137.eu-central-1.compute.internal node/ip-10-0-136-137.eu-central-1.compute.internal uid/30cffdc2-e276-4446-88af-04c282b05a5f reason/Scheduled node/ip-10-0-136-137.eu-central-1.compute.internal
May 25 15:22:32.318 W ns/openshift-kube-apiserver pod/installer-9-ip-10-0-136-137.eu-central-1.compute.internal node/ip-10-0-136-137.eu-central-1.compute.internal uid/30cffdc2-e276-4446-88af-04c282b05a5f container/installer reason/NotReady 
May 25 15:22:32.318 I ns/openshift-kube-apiserver pod/revision-pruner-9-ip-10-0-174-32.eu-central-1.compute.internal node/ip-10-0-174-32.eu-central-1.compute.internal uid/9c570afb-f725-417c-9e6b-4f6853492cfb reason/Created 
May 25 15:22:32.318 I ns/openshift-kube-apiserver pod/revision-pruner-9-ip-10-0-174-32.eu-central-1.compute.internal node/ip-10-0-174-32.eu-central-1.compute.internal uid/9c570afb-f725-417c-9e6b-4f6853492cfb reason/Scheduled node/ip-10-0-174-32.eu-central-1.compute.internal
May 25 15:22:32.318 W ns/openshift-kube-apiserver pod/revision-pruner-9-ip-10-0-174-32.eu-central-1.compute.internal node/ip-10-0-174-32.eu-central-1.compute.internal uid/9c570afb-f725-417c-9e6b-4f6853492cfb container/pruner reason/NotReady 
May 25 15:22:32.318 I ns/openshift-kube-storage-version-migrator pod/migrator-999c58497-h9qnp node/ip-10-0-194-125.eu-central-1.compute.internal uid/6220cfc2-fb76-43c3-aff7-f1c36c8d935e reason/Created 
May 25 15:22:32.318 - 2s    I ns/openshift-kube-storage-version-migrator pod/migrator-999c58497-h9qnp uid/6220cfc2-fb76-43c3-aff7-f1c36c8d935e constructed/true reason/Scheduled node/ip-10-0-194-125.eu-central-1.compute.internal
May 25 15:22:32.318 I ns/openshift-kube-storage-version-migrator pod/migrator-999c58497-h9qnp node/ip-10-0-194-125.eu-central-1.compute.internal uid/6220cfc2-fb76-43c3-aff7-f1c36c8d935e reason/Scheduled node/ip-10-0-194-125.eu-central-1.compute.internal
May 25 15:22:32.318 - 2s    I ns/openshift-kube-storage-version-migrator pod/migrator-999c58497-h9qnp uid/6220cfc2-fb76-43c3-aff7-f1c36c8d935e container/migrator constructed/true reason/ContainerStart cause/: 
May 25 15:22:32.318 I ns/openshift-kube-storage-version-migrator pod/migrator-999c58497-h9qnp node/ip-10-0-194-125.eu-central-1.compute.internal uid/6220cfc2-fb76-43c3-aff7-f1c36c8d935e container/migrator reason/ContainerStart cause/: 
May 25 15:22:32.318 - 0ms   I ns/openshift-kube-storage-version-migrator pod/migrator-999c58497-h9qnp uid/6220cfc2-fb76-43c3-aff7-f1c36c8d935e container/migrator constructed/true reason/NotReady missed real "NotReady"
May 25 15:22:32.318 - 2s    I ns/openshift-kube-storage-version-migrator pod/migrator-999c58497-h9qnp uid/6220cfc2-fb76-43c3-aff7-f1c36c8d935e container/migrator constructed/true reason/Ready 
May 25 15:22:32.318 I ns/openshift-kube-storage-version-migrator pod/migrator-999c58497-h9qnp node/ip-10-0-194-125.eu-central-1.compute.internal uid/6220cfc2-fb76-43c3-aff7-f1c36c8d935e container/migrator reason/Ready 
May 25 15:22:32.318 I ns/openshift-multus pod/network-metrics-daemon-jsfgw node/ip-10-0-186-221.eu-central-1.compute.internal uid/7e671292-f171-4caa-bb21-633ebe7679c9 reason/Created 
May 25 15:22:32.318 - 2s    I ns/openshift-multus pod/network-metrics-daemon-jsfgw uid/7e671292-f171-4caa-bb21-633ebe7679c9 constructed/true reason/Scheduled node/ip-10-0-186-221.eu-central-1.compute.internal
May 25 15:22:32.318 I ns/openshift-multus pod/network-metrics-daemon-jsfgw node/ip-10-0-186-221.eu-central-1.compute.internal uid/7e671292-f171-4caa-bb21-633ebe7679c9 reason/Scheduled node/ip-10-0-186-221.eu-central-1.compute.internal
May 25 15:22:32.318 - 2s    I ns/openshift-multus pod/network-metrics-daemon-jsfgw uid/7e671292-f171-4caa-bb21-633ebe7679c9 container/network-metrics-daemon constructed/true reason/ContainerStart cause/: 
May 25 15:22:32.318 - 2s    I ns/openshift-multus pod/network-metrics-daemon-jsfgw uid/7e671292-f171-4caa-bb21-633ebe7679c9 container/kube-rbac-proxy constructed/true reason/ContainerStart cause/: 
May 25 15:22:32.318 I ns/openshift-multus pod/network-metrics-daemon-jsfgw node/ip-10-0-186-221.eu-central-1.compute.internal uid/7e671292-f171-4caa-bb21-633ebe7679c9 container/kube-rbac-proxy reason/ContainerStart cause/: 
May 25 15:22:32.318 I ns/openshift-multus pod/network-metrics-daemon-jsfgw node/ip-10-0-186-221.eu-central-1.compute.internal uid/7e671292-f171-4caa-bb21-633ebe7679c9 container/network-metrics-daemon reason/ContainerStart cause/: 
May 25 15:22:32.318 - 0ms   I ns/openshift-multus pod/network-metrics-daemon-jsfgw uid/7e671292-f171-4caa-bb21-633ebe7679c9 container/kube-rbac-proxy constructed/true reason/NotReady missed real "NotReady"
May 25 15:22:32.318 - 0ms   I ns/openshift-multus pod/network-metrics-daemon-jsfgw uid/7e671292-f171-4caa-bb21-633ebe7679c9 container/network-metrics-daemon constructed/true reason/NotReady missed real "NotReady"
May 25 15:22:32.318 - 2s    I ns/openshift-multus pod/network-metrics-daemon-jsfgw uid/7e671292-f171-4caa-bb21-633ebe7679c9 container/kube-rbac-proxy constructed/true reason/Ready 
May 25 15:22:32.318 - 2s    I ns/openshift-multus pod/network-metrics-daemon-jsfgw uid/7e671292-f171-4caa-bb21-633ebe7679c9 container/network-metrics-daemon constructed/true reason/Ready 
May 25 15:22:32.318 I ns/openshift-multus pod/network-metrics-daemon-jsfgw node/ip-10-0-186-221.eu-central-1.compute.internal uid/7e671292-f171-4caa-bb21-633ebe7679c9 container/network-metrics-daemon reason/Ready 
May 25 15:22:32.318 I ns/openshift-multus pod/network-metrics-daemon-jsfgw node/ip-10-0-186-221.eu-central-1.compute.internal uid/7e671292-f171-4caa-bb21-633ebe7679c9 container/kube-rbac-proxy reason/Ready 
May 25 15:22:32.318 I ns/openshift-network-diagnostics pod/network-check-target-fnpnz node/ip-10-0-174-32.eu-central-1.compute.internal uid/3c6f587d-392a-4ea5-82e4-1496a58fa80b reason/Created 
May 25 15:22:32.318 - 2s    I ns/openshift-network-diagnostics pod/network-check-target-fnpnz uid/3c6f587d-392a-4ea5-82e4-1496a58fa80b constructed/true reason/Scheduled node/ip-10-0-174-32.eu-central-1.compute.internal
May 25 15:22:32.318 I ns/openshift-network-diagnostics pod/network-check-target-fnpnz node/ip-10-0-174-32.eu-central-1.compute.internal uid/3c6f587d-392a-4ea5-82e4-1496a58fa80b reason/Scheduled node/ip-10-0-174-32.eu-central-1.compute.internal
May 25 15:22:32.318 - 2s    I ns/openshift-network-diagnostics pod/network-check-target-fnpnz uid/3c6f587d-392a-4ea5-82e4-1496a58fa80b container/network-check-target-container constructed/true reason/ContainerStart cause/: 
May 25 15:22:32.318 I ns/openshift-network-diagnostics pod/network-check-target-fnpnz node/ip-10-0-174-32.eu-central-1.compute.internal uid/3c6f587d-392a-4ea5-82e4-1496a58fa80b container/network-check-target-container reason/ContainerStart cause/: 
May 25 15:22:32.318 - 0ms   I ns/openshift-network-diagnostics pod/network-check-target-fnpnz uid/3c6f587d-392a-4ea5-82e4-1496a58fa80b container/network-check-target-container constructed/true reason/NotReady missed real "NotReady"
May 25 15:22:32.318 - 2s    I ns/openshift-network-diagnostics pod/network-check-target-fnpnz uid/3c6f587d-392a-4ea5-82e4-1496a58fa80b container/network-check-target-container constructed/true reason/Ready 
May 25 15:22:32.318 I ns/openshift-network-diagnostics pod/network-check-target-fnpnz node/ip-10-0-174-32.eu-central-1.compute.internal uid/3c6f587d-392a-4ea5-82e4-1496a58fa80b container/network-check-target-container reason/Ready 
May 25 15:22:32.318 I ns/openshift-cluster-csi-drivers pod/aws-ebs-csi-driver-operator-6d5d78bd4c-ntp2m node/ip-10-0-194-125.eu-central-1.compute.internal uid/5423284b-0aef-42cf-a160-21ff3589e300 reason/Created 
May 25 15:22:32.318 - 2s    I ns/openshift-cluster-csi-drivers pod/aws-ebs-csi-driver-operator-6d5d78bd4c-ntp2m uid/5423284b-0aef-42cf-a160-21ff3589e300 constructed/true reason/Scheduled node/ip-10-0-194-125.eu-central-1.compute.internal
May 25 15:22:32.318 I ns/openshift-cluster-csi-drivers pod/aws-ebs-csi-driver-operator-6d5d78bd4c-ntp2m node/ip-10-0-194-125.eu-central-1.compute.internal uid/5423284b-0aef-42cf-a160-21ff3589e300 reason/Scheduled node/ip-10-0-194-125.eu-central-1.compute.internal
May 25 15:22:32.318 - 2s    I ns/openshift-cluster-csi-drivers pod/aws-ebs-csi-driver-operator-6d5d78bd4c-ntp2m uid/5423284b-0aef-42cf-a160-21ff3589e300 container/aws-ebs-csi-driver-operator constructed/true reason/ContainerStart cause/: 
May 25 15:22:32.318 I ns/openshift-cluster-csi-drivers pod/aws-ebs-csi-driver-operator-6d5d78bd4c-ntp2m node/ip-10-0-194-125.eu-central-1.compute.internal uid/5423284b-0aef-42cf-a160-21ff3589e300 container/aws-ebs-csi-driver-operator reason/ContainerStart cause/: 
May 25 15:22:32.318 - 0ms   I ns/openshift-cluster-csi-drivers pod/aws-ebs-csi-driver-operator-6d5d78bd4c-ntp2m uid/5423284b-0aef-42cf-a160-21ff3589e300 container/aws-ebs-csi-driver-operator constructed/true reason/NotReady missed real "NotReady"
May 25 15:22:32.318 - 2s    I ns/openshift-cluster-csi-drivers pod/aws-ebs-csi-driver-operator-6d5d78bd4c-ntp2m uid/5423284b-0aef-42cf-a160-21ff3589e300 container/aws-ebs-csi-driver-operator constructed/true reason/Ready 
May 25 15:22:32.318 I ns/openshift-cluster-csi-drivers pod/aws-ebs-csi-driver-operator-6d5d78bd4c-ntp2m node/ip-10-0-194-125.eu-central-1.compute.internal uid/5423284b-0aef-42cf-a160-21ff3589e300 container/aws-ebs-csi-driver-operator reason/Ready 
May 25 15:22:32.318 I ns/openshift-cluster-node-tuning-operator pod/tuned-dcbqs node/ip-10-0-131-226.eu-central-1.compute.internal uid/82ad5a5f-7478-4a60-9b1e-dcf0b759ca58 reason/Created 
May 25 15:22:32.318 - 2s    I ns/openshift-cluster-node-tuning-operator pod/tuned-dcbqs uid/82ad5a5f-7478-4a60-9b1e-dcf0b759ca58 constructed/true reason/Scheduled node/ip-10-0-131-226.eu-central-1.compute.internal
May 25 15:22:32.318 I ns/openshift-cluster-node-tuning-operator pod/tuned-dcbqs node/ip-10-0-131-226.eu-central-1.compute.internal uid/82ad5a5f-7478-4a60-9b1e-dcf0b759ca58 reason/Scheduled node/ip-10-0-131-226.eu-central-1.compute.internal
May 25 15:22:32.318 - 2s    I ns/openshift-cluster-node-tuning-operator pod/tuned-dcbqs uid/82ad5a5f-7478-4a60-9b1e-dcf0b759ca58 container/tuned constructed/true reason/ContainerStart cause/: 
May 25 15:22:32.318 I ns/openshift-cluster-node-tuning-operator pod/tuned-dcbqs node/ip-10-0-131-226.eu-central-1.compute.internal uid/82ad5a5f-7478-4a60-9b1e-dcf0b759ca58 container/tuned reason/ContainerStart cause/: 
May 25 15:22:32.318 - 0ms   I ns/openshift-cluster-node-tuning-operator pod/tuned-dcbqs uid/82ad5a5f-7478-4a60-9b1e-dcf0b759ca58 container/tuned constructed/true reason/NotReady missed real "NotReady"
May 25 15:22:32.318 - 2s    I ns/openshift-cluster-node-tuning-operator pod/tuned-dcbqs uid/82ad5a5f-7478-4a60-9b1e-dcf0b759ca58 container/tuned constructed/true reason/Ready 
May 25 15:22:32.318 I ns/openshift-cluster-node-tuning-operator pod/tuned-dcbqs node/ip-10-0-131-226.eu-central-1.compute.internal uid/82ad5a5f-7478-4a60-9b1e-dcf0b759ca58 container/tuned reason/Ready 
May 25 15:22:32.318 I ns/openshift-dns pod/dns-default-fxlv9 node/ip-10-0-194-125.eu-central-1.compute.internal uid/b7cd65fe-9f2a-4882-a509-b2c4d33f3719 reason/Created 
May 25 15:22:32.318 - 2s    I ns/openshift-dns pod/dns-default-fxlv9 uid/b7cd65fe-9f2a-4882-a509-b2c4d33f3719 constructed/true reason/Scheduled node/ip-10-0-194-125.eu-central-1.compute.internal
May 25 15:22:32.318 I ns/openshift-dns pod/dns-default-fxlv9 node/ip-10-0-194-125.eu-central-1.compute.internal uid/b7cd65fe-9f2a-4882-a509-b2c4d33f3719 reason/Scheduled node/ip-10-0-194-125.eu-central-1.compute.internal
May 25 15:22:32.318 - 2s    I ns/openshift-dns pod/dns-default-fxlv9 uid/b7cd65fe-9f2a-4882-a509-b2c4d33f3719 container/dns constructed/true reason/ContainerStart cause/: 
May 25 15:22:32.318 - 2s    I ns/openshift-dns pod/dns-default-fxlv9 uid/b7cd65fe-9f2a-4882-a509-b2c4d33f3719 container/kube-rbac-proxy constructed/true reason/ContainerStart cause/: 
May 25 15:22:32.318 I ns/openshift-dns pod/dns-default-fxlv9 node/ip-10-0-194-125.eu-central-1.compute.internal uid/b7cd65fe-9f2a-4882-a509-b2c4d33f3719 container/kube-rbac-proxy reason/ContainerStart cause/: 
May 25 15:22:32.318 I ns/openshift-dns pod/dns-default-fxlv9 node/ip-10-0-194-125.eu-central-1.compute.internal uid/b7cd65fe-9f2a-4882-a509-b2c4d33f3719 container/dns reason/ContainerStart cause/: 
May 25 15:22:32.318 - 0ms   I ns/openshift-dns pod/dns-default-fxlv9 uid/b7cd65fe-9f2a-4882-a509-b2c4d33f3719 container/dns constructed/true reason/NotReady missed real "NotReady"
May 25 15:22:32.318 - 0ms   I ns/openshift-dns pod/dns-default-fxlv9 uid/b7cd65fe-9f2a-4882-a509-b2c4d33f3719 container/kube-rbac-proxy constructed/true reason/NotReady missed real "NotReady"
May 25 15:22:32.318 - 2s    I ns/openshift-dns pod/dns-default-fxlv9 uid/b7cd65fe-9f2a-4882-a509-b2c4d33f3719 container/kube-rbac-proxy constructed/true reason/Ready 
May 25 15:22:32.318 - 2s    I ns/openshift-dns pod/dns-default-fxlv9 uid/b7cd65fe-9f2a-4882-a509-b2c4d33f3719 container/dns constructed/true reason/Ready 
May 25 15:22:32.318 I ns/openshift-dns pod/dns-default-fxlv9 node/ip-10-0-194-125.eu-central-1.compute.internal uid/b7cd65fe-9f2a-4882-a509-b2c4d33f3719 container/kube-rbac-proxy reason/Ready 
May 25 15:22:32.318 I ns/openshift-dns pod/dns-default-fxlv9 node/ip-10-0-194-125.eu-central-1.compute.internal uid/b7cd65fe-9f2a-4882-a509-b2c4d33f3719 container/dns reason/Ready 
May 25 15:22:32.318 I ns/openshift-dns pod/node-resolver-fz57f node/ip-10-0-194-125.eu-central-1.compute.internal uid/0fbba3e2-33e5-404a-a18e-655583e66685 reason/Created 
May 25 15:22:32.318 - 2s    I ns/openshift-dns pod/node-resolver-fz57f uid/0fbba3e2-33e5-404a-a18e-655583e66685 constructed/true reason/Scheduled node/ip-10-0-194-125.eu-central-1.compute.internal
May 25 15:22:32.318 I ns/openshift-dns pod/node-resolver-fz57f node/ip-10-0-194-125.eu-central-1.compute.internal uid/0fbba3e2-33e5-404a-a18e-655583e66685 reason/Scheduled node/ip-10-0-194-125.eu-central-1.compute.internal
May 25 15:22:32.318 - 2s    I ns/openshift-dns pod/node-resolver-fz57f uid/0fbba3e2-33e5-404a-a18e-655583e66685 container/dns-node-resolver constructed/true reason/ContainerStart cause/: 
May 25 15:22:32.318 I ns/openshift-dns pod/node-resolver-fz57f node/ip-10-0-194-125.eu-central-1.compute.internal uid/0fbba3e2-33e5-404a-a18e-655583e66685 container/dns-node-resolver reason/ContainerStart cause/: 
May 25 15:22:32.318 - 0ms   I ns/openshift-dns pod/node-resolver-fz57f uid/0fbba3e2-33e5-404a-a18e-655583e66685 container/dns-node-resolver constructed/true reason/NotReady missed real "NotReady"
May 25 15:22:32.318 - 2s    I ns/openshift-dns pod/node-resolver-fz57f uid/0fbba3e2-33e5-404a-a18e-655583e66685 container/dns-node-resolver constructed/true reason/Ready 
May 25 15:22:32.318 I ns/openshift-dns pod/node-resolver-fz57f node/ip-10-0-194-125.eu-central-1.compute.internal uid/0fbba3e2-33e5-404a-a18e-655583e66685 container/dns-node-resolver reason/Ready 
May 25 15:22:32.318 I ns/openshift-etcd-operator pod/etcd-operator-78df884ff7-tjcbp node/ip-10-0-174-32.eu-central-1.compute.internal uid/bee7cb3e-00bc-4699-b08e-0f393cafdb1a reason/Created 
May 25 15:22:32.318 - 2s    I ns/openshift-etcd-operator pod/etcd-operator-78df884ff7-tjcbp uid/bee7cb3e-00bc-4699-b08e-0f393cafdb1a constructed/true reason/Scheduled node/ip-10-0-174-32.eu-central-1.compute.internal
May 25 15:22:32.318 I ns/openshift-etcd-operator pod/etcd-operator-78df884ff7-tjcbp node/ip-10-0-174-32.eu-central-1.compute.internal uid/bee7cb3e-00bc-4699-b08e-0f393cafdb1a reason/Scheduled node/ip-10-0-174-32.eu-central-1.compute.internal
May 25 15:22:32.318 - 2s    I ns/openshift-etcd-operator pod/etcd-operator-78df884ff7-tjcbp uid/bee7cb3e-00bc-4699-b08e-0f393cafdb1a container/etcd-operator constructed/true reason/ContainerStart cause/: 
May 25 15:22:32.318 I ns/openshift-etcd-operator pod/etcd-operator-78df884ff7-tjcbp node/ip-10-0-174-32.eu-central-1.compute.internal uid/bee7cb3e-00bc-4699-b08e-0f393cafdb1a container/etcd-operator reason/ContainerStart cause/: 
May 25 15:22:32.318 - 0ms   I ns/openshift-etcd-operator pod/etcd-operator-78df884ff7-tjcbp uid/bee7cb3e-00bc-4699-b08e-0f393cafdb1a container/etcd-operator constructed/true reason/NotReady missed real "NotReady"
May 25 15:22:32.318 - 2s    I ns/openshift-etcd-operator pod/etcd-operator-78df884ff7-tjcbp uid/bee7cb3e-00bc-4699-b08e-0f393cafdb1a container/etcd-operator constructed/true reason/Ready 
May 25 15:22:32.318 I ns/openshift-etcd-operator pod/etcd-operator-78df884ff7-tjcbp node/ip-10-0-174-32.eu-central-1.compute.internal uid/bee7cb3e-00bc-4699-b08e-0f393cafdb1a container/etcd-operator reason/Ready 
May 25 15:22:32.318 I ns/openshift-etcd pod/installer-7-ip-10-0-194-125.eu-central-1.compute.internal node/ip-10-0-194-125.eu-central-1.compute.internal uid/e3b39344-51bd-4352-ae47-31a623196720 reason/Created 
May 25 15:22:32.318 I ns/openshift-etcd pod/installer-7-ip-10-0-194-125.eu-central-1.compute.internal node/ip-10-0-194-125.eu-central-1.compute.internal uid/e3b39344-51bd-4352-ae47-31a623196720 reason/Scheduled node/ip-10-0-194-125.eu-central-1.compute.internal
May 25 15:22:32.318 W ns/openshift-etcd pod/installer-7-ip-10-0-194-125.eu-central-1.compute.internal node/ip-10-0-194-125.eu-central-1.compute.internal uid/e3b39344-51bd-4352-ae47-31a623196720 container/installer reason/NotReady 
May 25 15:22:32.318 I ns/openshift-multus pod/multus-additional-cni-plugins-c7zl6 node/ip-10-0-186-221.eu-central-1.compute.internal uid/c4ad4881-caec-4734-8599-c24cd56600bb reason/Created 
May 25 15:22:32.318 - 2s    I ns/openshift-multus pod/multus-additional-cni-plugins-c7zl6 uid/c4ad4881-caec-4734-8599-c24cd56600bb constructed/true reason/Scheduled node/ip-10-0-186-221.eu-central-1.compute.internal
May 25 15:22:32.318 I ns/openshift-multus pod/multus-additional-cni-plugins-c7zl6 node/ip-10-0-186-221.eu-central-1.compute.internal uid/c4ad4881-caec-4734-8599-c24cd56600bb reason/Scheduled node/ip-10-0-186-221.eu-central-1.compute.internal
May 25 15:22:32.318 - 2s    I ns/openshift-multus pod/multus-additional-cni-plugins-c7zl6 uid/c4ad4881-caec-4734-8599-c24cd56600bb container/kube-multus-additional-cni-plugins constructed/true reason/ContainerStart cause/: 
May 25 15:22:32.318 I ns/openshift-multus pod/multus-additional-cni-plugins-c7zl6 node/ip-10-0-186-221.eu-central-1.compute.internal uid/c4ad4881-caec-4734-8599-c24cd56600bb container/kube-multus-additional-cni-plugins reason/ContainerStart cause/: 
May 25 15:22:32.318 - 0ms   I ns/openshift-multus pod/multus-additional-cni-plugins-c7zl6 uid/c4ad4881-caec-4734-8599-c24cd56600bb container/kube-multus-additional-cni-plugins constructed/true reason/NotReady missed real "NotReady"
May 25 15:22:32.318 - 2s    I ns/openshift-multus pod/multus-additional-cni-plugins-c7zl6 uid/c4ad4881-caec-4734-8599-c24cd56600bb container/kube-multus-additional-cni-plugins constructed/true reason/Ready 
May 25 15:22:32.318 I ns/openshift-multus pod/multus-additional-cni-plugins-c7zl6 node/ip-10-0-186-221.eu-central-1.compute.internal uid/c4ad4881-caec-4734-8599-c24cd56600bb container/routeoverride-cni reason/Ready 
May 25 15:22:32.318 I ns/openshift-multus pod/multus-additional-cni-plugins-c7zl6 node/ip-10-0-186-221.eu-central-1.compute.internal uid/c4ad4881-caec-4734-8599-c24cd56600bb container/egress-router-binary-copy reason/Ready 
May 25 15:22:32.318 I ns/openshift-multus pod/multus-additional-cni-plugins-c7zl6 node/ip-10-0-186-221.eu-central-1.compute.internal uid/c4ad4881-caec-4734-8599-c24cd56600bb container/whereabouts-cni-bincopy reason/Ready 
May 25 15:22:32.318 I ns/openshift-multus pod/multus-additional-cni-plugins-c7zl6 node/ip-10-0-186-221.eu-central-1.compute.internal uid/c4ad4881-caec-4734-8599-c24cd56600bb container/whereabouts-cni reason/Ready 
May 25 15:22:32.318 I ns/openshift-multus pod/multus-additional-cni-plugins-c7zl6 node/ip-10-0-186-221.eu-central-1.compute.internal uid/c4ad4881-caec-4734-8599-c24cd56600bb container/cni-plugins reason/Ready 
May 25 15:22:32.318 I ns/openshift-multus pod/multus-additional-cni-plugins-c7zl6 node/ip-10-0-186-221.eu-central-1.compute.internal uid/c4ad4881-caec-4734-8599-c24cd56600bb container/kube-multus-additional-cni-plugins reason/Ready 
May 25 15:22:32.318 I ns/openshift-multus pod/multus-additional-cni-plugins-c7zl6 node/ip-10-0-186-221.eu-central-1.compute.internal uid/c4ad4881-caec-4734-8599-c24cd56600bb container/bond-cni-plugin reason/Ready 
May 25 15:22:32.318 I ns/openshift-operator-lifecycle-manager pod/collect-profiles-27558165-95975 node/ip-10-0-207-138.eu-central-1.compute.internal uid/d0be3581-16d9-4fa1-bc84-a71d23dd467b reason/Created 
May 25 15:22:32.318 I ns/openshift-operator-lifecycle-manager pod/collect-profiles-27558165-95975 node/ip-10-0-207-138.eu-central-1.compute.internal uid/d0be3581-16d9-4fa1-bc84-a71d23dd467b reason/Scheduled node/ip-10-0-207-138.eu-central-1.compute.internal
May 25 15:22:32.318 W ns/openshift-operator-lifecycle-manager pod/collect-profiles-27558165-95975 node/ip-10-0-207-138.eu-central-1.compute.internal uid/d0be3581-16d9-4fa1-bc84-a71d23dd467b container/collect-profiles reason/NotReady 
May 25 15:22:32.318 I ns/openshift-kube-apiserver pod/installer-12-ip-10-0-174-32.eu-central-1.compute.internal node/ip-10-0-174-32.eu-central-1.compute.internal uid/61bb5333-fc0a-427c-bf5a-f80e3b1f4a1c reason/Created 
May 25 15:22:32.318 I ns/openshift-kube-apiserver pod/installer-12-ip-10-0-174-32.eu-central-1.compute.internal node/ip-10-0-174-32.eu-central-1.compute.internal uid/61bb5333-fc0a-427c-bf5a-f80e3b1f4a1c reason/Scheduled node/ip-10-0-174-32.eu-central-1.compute.internal
May 25 15:22:32.318 W ns/openshift-kube-apiserver pod/installer-12-ip-10-0-174-32.eu-central-1.compute.internal node/ip-10-0-174-32.eu-central-1.compute.internal uid/61bb5333-fc0a-427c-bf5a-f80e3b1f4a1c container/installer reason/NotReady 
May 25 15:22:32.318 I ns/openshift-network-diagnostics pod/network-check-target-mz2wm node/ip-10-0-207-138.eu-central-1.compute.internal uid/5091c0c7-632f-45c9-a9d1-f0986bb8cbb3 reason/Created 
May 25 15:22:32.318 - 2s    I ns/openshift-network-diagnostics pod/network-check-target-mz2wm uid/5091c0c7-632f-45c9-a9d1-f0986bb8cbb3 constructed/true reason/Scheduled node/ip-10-0-207-138.eu-central-1.compute.internal
May 25 15:22:32.318 I ns/openshift-network-diagnostics pod/network-check-target-mz2wm node/ip-10-0-207-138.eu-central-1.compute.internal uid/5091c0c7-632f-45c9-a9d1-f0986bb8cbb3 reason/Scheduled node/ip-10-0-207-138.eu-central-1.compute.internal
May 25 15:22:32.318 - 2s    I ns/openshift-network-diagnostics pod/network-check-target-mz2wm uid/5091c0c7-632f-45c9-a9d1-f0986bb8cbb3 container/network-check-target-container constructed/true reason/ContainerStart cause/: 
May 25 15:22:32.318 I ns/openshift-network-diagnostics pod/network-check-target-mz2wm node/ip-10-0-207-138.eu-central-1.compute.internal uid/5091c0c7-632f-45c9-a9d1-f0986bb8cbb3 container/network-check-target-container reason/ContainerStart cause/: 
May 25 15:22:32.318 - 0ms   I ns/openshift-network-diagnostics pod/network-check-target-mz2wm uid/5091c0c7-632f-45c9-a9d1-f0986bb8cbb3 container/network-check-target-container constructed/true reason/NotReady missed real "NotReady"
May 25 15:22:32.318 - 2s    I ns/openshift-network-diagnostics pod/network-check-target-mz2wm uid/5091c0c7-632f-45c9-a9d1-f0986bb8cbb3 container/network-check-target-container constructed/true reason/Ready 
May 25 15:22:32.318 I ns/openshift-network-diagnostics pod/network-check-target-mz2wm node/ip-10-0-207-138.eu-central-1.compute.internal uid/5091c0c7-632f-45c9-a9d1-f0986bb8cbb3 container/network-check-target-container reason/Ready 
May 25 15:22:32.318 I ns/openshift-ingress-canary pod/ingress-canary-g27x8 node/ip-10-0-207-138.eu-central-1.compute.internal uid/3a9d7fd7-d52b-4ea9-8e13-c5e7e4bee326 reason/Created 
May 25 15:22:32.318 - 2s    I ns/openshift-ingress-canary pod/ingress-canary-g27x8 uid/3a9d7fd7-d52b-4ea9-8e13-c5e7e4bee326 constructed/true reason/Scheduled node/ip-10-0-207-138.eu-central-1.compute.internal
May 25 15:22:32.318 I ns/openshift-ingress-canary pod/ingress-canary-g27x8 node/ip-10-0-207-138.eu-central-1.compute.internal uid/3a9d7fd7-d52b-4ea9-8e13-c5e7e4bee326 reason/Scheduled node/ip-10-0-207-138.eu-central-1.compute.internal
May 25 15:22:32.318 - 2s    I ns/openshift-ingress-canary pod/ingress-canary-g27x8 uid/3a9d7fd7-d52b-4ea9-8e13-c5e7e4bee326 container/serve-healthcheck-canary constructed/true reason/ContainerStart cause/: 
May 25 15:22:32.318 I ns/openshift-ingress-canary pod/ingress-canary-g27x8 node/ip-10-0-207-138.eu-central-1.compute.internal uid/3a9d7fd7-d52b-4ea9-8e13-c5e7e4bee326 container/serve-healthcheck-canary reason/ContainerStart cause/: 
May 25 15:22:32.318 - 0ms   I ns/openshift-ingress-canary pod/ingress-canary-g27x8 uid/3a9d7fd7-d52b-4ea9-8e13-c5e7e4bee326 container/serve-healthcheck-canary constructed/true reason/NotReady missed real "NotReady"
May 25 15:22:32.318 - 2s    I ns/openshift-ingress-canary pod/ingress-canary-g27x8 uid/3a9d7fd7-d52b-4ea9-8e13-c5e7e4bee326 container/serve-healthcheck-canary constructed/true reason/Ready 
May 25 15:22:32.318 I ns/openshift-ingress-canary pod/ingress-canary-g27x8 node/ip-10-0-207-138.eu-central-1.compute.internal uid/3a9d7fd7-d52b-4ea9-8e13-c5e7e4bee326 container/serve-healthcheck-canary reason/Ready 
May 25 15:22:32.318 I ns/openshift-kube-scheduler pod/openshift-kube-scheduler-guard-ip-10-0-174-32.eu-central-1.compute.internal node/ip-10-0-174-32.eu-central-1.compute.internal uid/b52c58af-5fc1-480d-8c02-869b55953014 reason/Created 
May 25 15:22:32.318 - 2s    I ns/openshift-kube-scheduler pod/openshift-kube-scheduler-guard-ip-10-0-174-32.eu-central-1.compute.internal uid/b52c58af-5fc1-480d-8c02-869b55953014 constructed/true reason/Scheduled node/ip-10-0-174-32.eu-central-1.compute.internal
May 25 15:22:32.318 I ns/openshift-kube-scheduler pod/openshift-kube-scheduler-guard-ip-10-0-174-32.eu-central-1.compute.internal node/ip-10-0-174-32.eu-central-1.compute.internal uid/b52c58af-5fc1-480d-8c02-869b55953014 reason/Scheduled node/ip-10-0-174-32.eu-central-1.compute.internal
May 25 15:22:32.318 - 2s    I ns/openshift-kube-scheduler pod/openshift-kube-scheduler-guard-ip-10-0-174-32.eu-central-1.compute.internal uid/b52c58af-5fc1-480d-8c02-869b55953014 container/guard constructed/true reason/ContainerStart cause/: 
May 25 15:22:32.318 I ns/openshift-kube-scheduler pod/openshift-kube-scheduler-guard-ip-10-0-174-32.eu-central-1.compute.internal node/ip-10-0-174-32.eu-central-1.compute.internal uid/b52c58af-5fc1-480d-8c02-869b55953014 container/guard reason/ContainerStart cause/: 
May 25 15:22:32.318 - 0ms   I ns/openshift-kube-scheduler pod/openshift-kube-scheduler-guard-ip-10-0-174-32.eu-central-1.compute.internal uid/b52c58af-5fc1-480d-8c02-869b55953014 container/guard constructed/true reason/NotReady missed real "NotReady"
May 25 15:22:32.318 - 2s    I ns/openshift-kube-scheduler pod/openshift-kube-scheduler-guard-ip-10-0-174-32.eu-central-1.compute.internal uid/b52c58af-5fc1-480d-8c02-869b55953014 container/guard constructed/true reason/Ready 
May 25 15:22:32.318 I ns/openshift-kube-scheduler pod/openshift-kube-scheduler-guard-ip-10-0-174-32.eu-central-1.compute.internal node/ip-10-0-174-32.eu-central-1.compute.internal uid/b52c58af-5fc1-480d-8c02-869b55953014 container/guard reason/Ready 
May 25 15:22:32.318 I ns/openshift-kube-apiserver pod/installer-11-ip-10-0-174-32.eu-central-1.compute.internal node/ip-10-0-174-32.eu-central-1.compute.internal uid/c5c826c2-d0d0-4010-8c2d-39b056302f2a reason/Created 
May 25 15:22:32.318 I ns/openshift-kube-apiserver pod/installer-11-ip-10-0-174-32.eu-central-1.compute.internal node/ip-10-0-174-32.eu-central-1.compute.internal uid/c5c826c2-d0d0-4010-8c2d-39b056302f2a reason/Scheduled node/ip-10-0-174-32.eu-central-1.compute.internal
May 25 15:22:32.318 W ns/openshift-kube-apiserver pod/installer-11-ip-10-0-174-32.eu-central-1.compute.internal node/ip-10-0-174-32.eu-central-1.compute.internal uid/c5c826c2-d0d0-4010-8c2d-39b056302f2a container/installer reason/NotReady 
May 25 15:22:32.318 I ns/openshift-machine-config-operator pod/machine-config-daemon-654mn node/ip-10-0-194-125.eu-central-1.compute.internal uid/2aff2036-3f35-4bca-9d6d-42385f8c771d reason/Created 
May 25 15:22:32.318 - 2s    I ns/openshift-machine-config-operator pod/machine-config-daemon-654mn uid/2aff2036-3f35-4bca-9d6d-42385f8c771d constructed/true reason/Scheduled node/ip-10-0-194-125.eu-central-1.compute.internal
May 25 15:22:32.318 I ns/openshift-machine-config-operator pod/machine-config-daemon-654mn node/ip-10-0-194-125.eu-central-1.compute.internal uid/2aff2036-3f35-4bca-9d6d-42385f8c771d reason/Scheduled node/ip-10-0-194-125.eu-central-1.compute.internal
May 25 15:22:32.318 - 2s    I ns/openshift-machine-config-operator pod/machine-config-daemon-654mn uid/2aff2036-3f35-4bca-9d6d-42385f8c771d container/oauth-proxy constructed/true reason/ContainerStart cause/: 
May 25 15:22:32.318 - 2s    I ns/openshift-machine-config-operator pod/machine-config-daemon-654mn uid/2aff2036-3f35-4bca-9d6d-42385f8c771d container/machine-config-daemon constructed/true reason/ContainerStart cause/: 
May 25 15:22:32.318 I ns/openshift-machine-config-operator pod/machine-config-daemon-654mn node/ip-10-0-194-125.eu-central-1.compute.internal uid/2aff2036-3f35-4bca-9d6d-42385f8c771d container/machine-config-daemon reason/ContainerStart cause/: 
May 25 15:22:32.318 I ns/openshift-machine-config-operator pod/machine-config-daemon-654mn node/ip-10-0-194-125.eu-central-1.compute.internal uid/2aff2036-3f35-4bca-9d6d-42385f8c771d container/oauth-proxy reason/ContainerStart cause/: 
May 25 15:22:32.318 - 0ms   I ns/openshift-machine-config-operator pod/machine-config-daemon-654mn uid/2aff2036-3f35-4bca-9d6d-42385f8c771d container/machine-config-daemon constructed/true reason/NotReady missed real "NotReady"
May 25 15:22:32.318 - 0ms   I ns/openshift-machine-config-operator pod/machine-config-daemon-654mn uid/2aff2036-3f35-4bca-9d6d-42385f8c771d container/oauth-proxy constructed/true reason/NotReady missed real "NotReady"
May 25 15:22:32.318 - 2s    I ns/openshift-machine-config-operator pod/machine-config-daemon-654mn uid/2aff2036-3f35-4bca-9d6d-42385f8c771d container/machine-config-daemon constructed/true reason/Ready 
May 25 15:22:32.318 - 2s    I ns/openshift-machine-config-operator pod/machine-config-daemon-654mn uid/2aff2036-3f35-4bca-9d6d-42385f8c771d container/oauth-proxy constructed/true reason/Ready 
May 25 15:22:32.318 I ns/openshift-machine-config-operator pod/machine-config-daemon-654mn node/ip-10-0-194-125.eu-central-1.compute.internal uid/2aff2036-3f35-4bca-9d6d-42385f8c771d container/oauth-proxy reason/Ready 
May 25 15:22:32.318 I ns/openshift-machine-config-operator pod/machine-config-daemon-654mn node/ip-10-0-194-125.eu-central-1.compute.internal uid/2aff2036-3f35-4bca-9d6d-42385f8c771d container/machine-config-daemon reason/Ready 
May 25 15:22:32.318 I ns/openshift-oauth-apiserver pod/apiserver-55cd9c6c66-kxknz node/ip-10-0-136-137.eu-central-1.compute.internal uid/6131259c-d958-4e80-b640-30ab6a365fc3 reason/Created 
May 25 15:22:32.318 - 2s    I ns/openshift-oauth-apiserver pod/apiserver-55cd9c6c66-kxknz uid/6131259c-d958-4e80-b640-30ab6a365fc3 constructed/true reason/Scheduled node/ip-10-0-136-137.eu-central-1.compute.internal
May 25 15:22:32.318 I ns/openshift-oauth-apiserver pod/apiserver-55cd9c6c66-kxknz node/ip-10-0-136-137.eu-central-1.compute.internal uid/6131259c-d958-4e80-b640-30ab6a365fc3 reason/Scheduled node/ip-10-0-136-137.eu-central-1.compute.internal
May 25 15:22:32.318 - 2s    I ns/openshift-oauth-apiserver pod/apiserver-55cd9c6c66-kxknz uid/6131259c-d958-4e80-b640-30ab6a365fc3 container/oauth-apiserver constructed/true reason/ContainerStart cause/: 
May 25 15:22:32.318 I ns/openshift-oauth-apiserver pod/apiserver-55cd9c6c66-kxknz node/ip-10-0-136-137.eu-central-1.compute.internal uid/6131259c-d958-4e80-b640-30ab6a365fc3 container/oauth-apiserver reason/ContainerStart cause/: 
May 25 15:22:32.318 - 0ms   I ns/openshift-oauth-apiserver pod/apiserver-55cd9c6c66-kxknz uid/6131259c-d958-4e80-b640-30ab6a365fc3 container/oauth-apiserver constructed/true reason/NotReady missed real "NotReady"
May 25 15:22:32.318 - 2s    I ns/openshift-oauth-apiserver pod/apiserver-55cd9c6c66-kxknz uid/6131259c-d958-4e80-b640-30ab6a365fc3 container/oauth-apiserver constructed/true reason/Ready 
May 25 15:22:32.318 I ns/openshift-oauth-apiserver pod/apiserver-55cd9c6c66-kxknz node/ip-10-0-136-137.eu-central-1.compute.internal uid/6131259c-d958-4e80-b640-30ab6a365fc3 container/oauth-apiserver reason/Ready 
May 25 15:22:32.318 I ns/openshift-oauth-apiserver pod/apiserver-55cd9c6c66-kxknz node/ip-10-0-136-137.eu-central-1.compute.internal uid/6131259c-d958-4e80-b640-30ab6a365fc3 container/fix-audit-permissions reason/Ready 
May 25 15:22:32.318 I ns/openshift-kube-apiserver pod/installer-13-ip-10-0-136-137.eu-central-1.compute.internal node/ip-10-0-136-137.eu-central-1.compute.internal uid/53a9581b-93c5-4b29-82e9-2a09aa31cbdd reason/Created 
May 25 15:22:32.318 I ns/openshift-kube-apiserver pod/installer-13-ip-10-0-136-137.eu-central-1.compute.internal node/ip-10-0-136-137.eu-central-1.compute.internal uid/53a9581b-93c5-4b29-82e9-2a09aa31cbdd reason/Scheduled node/ip-10-0-136-137.eu-central-1.compute.internal
May 25 15:22:32.318 W ns/openshift-kube-apiserver pod/installer-13-ip-10-0-136-137.eu-central-1.compute.internal node/ip-10-0-136-137.eu-central-1.compute.internal uid/53a9581b-93c5-4b29-82e9-2a09aa31cbdd container/installer reason/NotReady 
May 25 15:22:32.318 I ns/openshift-authentication-operator pod/authentication-operator-5d9d849d64-92lb4 node/ip-10-0-174-32.eu-central-1.compute.internal uid/06045669-3112-401e-b439-45984bd11a54 reason/Created 
May 25 15:22:32.318 - 2s    I ns/openshift-authentication-operator pod/authentication-operator-5d9d849d64-92lb4 uid/06045669-3112-401e-b439-45984bd11a54 constructed/true reason/Scheduled node/ip-10-0-174-32.eu-central-1.compute.internal
May 25 15:22:32.318 I ns/openshift-authentication-operator pod/authentication-operator-5d9d849d64-92lb4 node/ip-10-0-174-32.eu-central-1.compute.internal uid/06045669-3112-401e-b439-45984bd11a54 reason/Scheduled node/ip-10-0-174-32.eu-central-1.compute.internal
May 25 15:22:32.318 - 2s    I ns/openshift-authentication-operator pod/authentication-operator-5d9d849d64-92lb4 uid/06045669-3112-401e-b439-45984bd11a54 container/authentication-operator constructed/true reason/ContainerStart cause/: 
May 25 15:22:32.318 I ns/openshift-authentication-operator pod/authentication-operator-5d9d849d64-92lb4 node/ip-10-0-174-32.eu-central-1.compute.internal uid/06045669-3112-401e-b439-45984bd11a54 container/authentication-operator reason/ContainerStart cause/: 
May 25 15:22:32.318 - 0ms   I ns/openshift-authentication-operator pod/authentication-operator-5d9d849d64-92lb4 uid/06045669-3112-401e-b439-45984bd11a54 container/authentication-operator constructed/true reason/NotReady missed real "NotReady"
May 25 15:22:32.318 - 2s    I ns/openshift-authentication-operator pod/authentication-operator-5d9d849d64-92lb4 uid/06045669-3112-401e-b439-45984bd11a54 container/authentication-operator constructed/true reason/Ready 
May 25 15:22:32.318 I ns/openshift-authentication-operator pod/authentication-operator-5d9d849d64-92lb4 node/ip-10-0-174-32.eu-central-1.compute.internal uid/06045669-3112-401e-b439-45984bd11a54 container/authentication-operator reason/Ready 
May 25 15:22:32.318 I ns/openshift-cloud-network-config-controller pod/cloud-network-config-controller-6fc686dc98-mv2qj node/ip-10-0-174-32.eu-central-1.compute.internal uid/716680f6-706d-4333-96eb-6e1fd50c074b reason/Created 
May 25 15:22:32.318 - 2s    I ns/openshift-cloud-network-config-controller pod/cloud-network-config-controller-6fc686dc98-mv2qj uid/716680f6-706d-4333-96eb-6e1fd50c074b constructed/true reason/Scheduled node/ip-10-0-174-32.eu-central-1.compute.internal
May 25 15:22:32.318 I ns/openshift-cloud-network-config-controller pod/cloud-network-config-controller-6fc686dc98-mv2qj node/ip-10-0-174-32.eu-central-1.compute.internal uid/716680f6-706d-4333-96eb-6e1fd50c074b reason/Scheduled node/ip-10-0-174-32.eu-central-1.compute.internal
May 25 15:22:32.318 - 2s    I ns/openshift-cloud-network-config-controller pod/cloud-network-config-controller-6fc686dc98-mv2qj uid/716680f6-706d-4333-96eb-6e1fd50c074b container/controller constructed/true reason/ContainerStart cause/: 
May 25 15:22:32.318 I ns/openshift-cloud-network-config-controller pod/cloud-network-config-controller-6fc686dc98-mv2qj node/ip-10-0-174-32.eu-central-1.compute.internal uid/716680f6-706d-4333-96eb-6e1fd50c074b container/controller reason/ContainerStart cause/: 
May 25 15:22:32.318 - 0ms   I ns/openshift-cloud-network-config-controller pod/cloud-network-config-controller-6fc686dc98-mv2qj uid/716680f6-706d-4333-96eb-6e1fd50c074b container/controller constructed/true reason/NotReady missed real "NotReady"
May 25 15:22:32.318 - 2s    I ns/openshift-cloud-network-config-controller pod/cloud-network-config-controller-6fc686dc98-mv2qj uid/716680f6-706d-4333-96eb-6e1fd50c074b container/controller constructed/true reason/Ready 
May 25 15:22:32.318 I ns/openshift-cloud-network-config-controller pod/cloud-network-config-controller-6fc686dc98-mv2qj node/ip-10-0-174-32.eu-central-1.compute.internal uid/716680f6-706d-4333-96eb-6e1fd50c074b container/controller reason/Ready 
May 25 15:22:32.318 I ns/openshift-etcd pod/installer-6-ip-10-0-136-137.eu-central-1.compute.internal node/ip-10-0-136-137.eu-central-1.compute.internal uid/37c0fa90-8bfd-4c9b-a41e-b51e7607f998 reason/Created 
May 25 15:22:32.318 I ns/openshift-etcd pod/installer-6-ip-10-0-136-137.eu-central-1.compute.internal node/ip-10-0-136-137.eu-central-1.compute.internal uid/37c0fa90-8bfd-4c9b-a41e-b51e7607f998 reason/Scheduled node/ip-10-0-136-137.eu-central-1.compute.internal
May 25 15:22:32.318 W ns/openshift-etcd pod/installer-6-ip-10-0-136-137.eu-central-1.compute.internal node/ip-10-0-136-137.eu-central-1.compute.internal uid/37c0fa90-8bfd-4c9b-a41e-b51e7607f998 container/installer reason/NotReady 
May 25 15:22:32.318 I ns/openshift-monitoring pod/node-exporter-rgxpk node/ip-10-0-131-226.eu-central-1.compute.internal uid/331ca9f9-a418-4354-bbeb-de95197a9509 reason/Created 
May 25 15:22:32.318 - 2s    I ns/openshift-monitoring pod/node-exporter-rgxpk uid/331ca9f9-a418-4354-bbeb-de95197a9509 constructed/true reason/Scheduled node/ip-10-0-131-226.eu-central-1.compute.internal
May 25 15:22:32.318 I ns/openshift-monitoring pod/node-exporter-rgxpk node/ip-10-0-131-226.eu-central-1.compute.internal uid/331ca9f9-a418-4354-bbeb-de95197a9509 reason/Scheduled node/ip-10-0-131-226.eu-central-1.compute.internal
May 25 15:22:32.318 - 2s    I ns/openshift-monitoring pod/node-exporter-rgxpk uid/331ca9f9-a418-4354-bbeb-de95197a9509 container/node-exporter constructed/true reason/ContainerStart cause/: 
May 25 15:22:32.318 - 2s    I ns/openshift-monitoring pod/node-exporter-rgxpk uid/331ca9f9-a418-4354-bbeb-de95197a9509 container/kube-rbac-proxy constructed/true reason/ContainerStart cause/: 
May 25 15:22:32.318 I ns/openshift-monitoring pod/node-exporter-rgxpk node/ip-10-0-131-226.eu-central-1.compute.internal uid/331ca9f9-a418-4354-bbeb-de95197a9509 container/kube-rbac-proxy reason/ContainerStart cause/: 
May 25 15:22:32.318 I ns/openshift-monitoring pod/node-exporter-rgxpk node/ip-10-0-131-226.eu-central-1.compute.internal uid/331ca9f9-a418-4354-bbeb-de95197a9509 container/node-exporter reason/ContainerStart cause/: 
May 25 15:22:32.318 - 0ms   I ns/openshift-monitoring pod/node-exporter-rgxpk uid/331ca9f9-a418-4354-bbeb-de95197a9509 container/node-exporter constructed/true reason/NotReady missed real "NotReady"
May 25 15:22:32.318 - 0ms   I ns/openshift-monitoring pod/node-exporter-rgxpk uid/331ca9f9-a418-4354-bbeb-de95197a9509 container/kube-rbac-proxy constructed/true reason/NotReady missed real "NotReady"
May 25 15:22:32.318 - 2s    I ns/openshift-monitoring pod/node-exporter-rgxpk uid/331ca9f9-a418-4354-bbeb-de95197a9509 container/kube-rbac-proxy constructed/true reason/Ready 
May 25 15:22:32.318 - 2s    I ns/openshift-monitoring pod/node-exporter-rgxpk uid/331ca9f9-a418-4354-bbeb-de95197a9509 container/node-exporter constructed/true reason/Ready 
May 25 15:22:32.318 I ns/openshift-monitoring pod/node-exporter-rgxpk node/ip-10-0-131-226.eu-central-1.compute.internal uid/331ca9f9-a418-4354-bbeb-de95197a9509 container/init-textfile reason/Ready 
May 25 15:22:32.318 I ns/openshift-monitoring pod/node-exporter-rgxpk node/ip-10-0-131-226.eu-central-1.compute.internal uid/331ca9f9-a418-4354-bbeb-de95197a9509 container/node-exporter reason/Ready 
May 25 15:22:32.318 I ns/openshift-monitoring pod/node-exporter-rgxpk node/ip-10-0-131-226.eu-central-1.compute.internal uid/331ca9f9-a418-4354-bbeb-de95197a9509 container/kube-rbac-proxy reason/Ready 
May 25 15:22:32.318 I ns/openshift-monitoring pod/prometheus-k8s-0 node/ip-10-0-131-226.eu-central-1.compute.internal uid/708be96a-2cf8-485d-a79d-5f343c8932d7 reason/Created 
May 25 15:22:32.318 - 2s    I ns/openshift-monitoring pod/prometheus-k8s-0 uid/708be96a-2cf8-485d-a79d-5f343c8932d7 constructed/true reason/Scheduled node/ip-10-0-131-226.eu-central-1.compute.internal
May 25 15:22:32.318 I ns/openshift-monitoring pod/prometheus-k8s-0 node/ip-10-0-131-226.eu-central-1.compute.internal uid/708be96a-2cf8-485d-a79d-5f343c8932d7 reason/Scheduled node/ip-10-0-131-226.eu-central-1.compute.internal
May 25 15:22:32.318 - 2s    I ns/openshift-monitoring pod/prometheus-k8s-0 uid/708be96a-2cf8-485d-a79d-5f343c8932d7 container/kube-rbac-proxy constructed/true reason/ContainerStart cause/: 
May 25 15:22:32.318 - 2s    I ns/openshift-monitoring pod/prometheus-k8s-0 uid/708be96a-2cf8-485d-a79d-5f343c8932d7 container/thanos-sidecar constructed/true reason/ContainerStart cause/: 
May 25 15:22:32.318 - 2s    I ns/openshift-monitoring pod/prometheus-k8s-0 uid/708be96a-2cf8-485d-a79d-5f343c8932d7 container/kube-rbac-proxy-thanos constructed/true reason/ContainerStart cause/: 
May 25 15:22:32.318 - 2s    I ns/openshift-monitoring pod/prometheus-k8s-0 uid/708be96a-2cf8-485d-a79d-5f343c8932d7 container/prometheus constructed/true reason/ContainerStart cause/: 
May 25 15:22:32.318 - 2s    I ns/openshift-monitoring pod/prometheus-k8s-0 uid/708be96a-2cf8-485d-a79d-5f343c8932d7 container/config-reloader constructed/true reason/ContainerStart cause/: 
May 25 15:22:32.318 - 2s    I ns/openshift-monitoring pod/prometheus-k8s-0 uid/708be96a-2cf8-485d-a79d-5f343c8932d7 container/prometheus-proxy constructed/true reason/ContainerStart cause/: 
May 25 15:22:32.318 I ns/openshift-monitoring pod/prometheus-k8s-0 node/ip-10-0-131-226.eu-central-1.compute.internal uid/708be96a-2cf8-485d-a79d-5f343c8932d7 container/kube-rbac-proxy-thanos reason/ContainerStart cause/: 
May 25 15:22:32.318 I ns/openshift-monitoring pod/prometheus-k8s-0 node/ip-10-0-131-226.eu-central-1.compute.internal uid/708be96a-2cf8-485d-a79d-5f343c8932d7 container/thanos-sidecar reason/ContainerStart cause/: 
May 25 15:22:32.318 I ns/openshift-monitoring pod/prometheus-k8s-0 node/ip-10-0-131-226.eu-central-1.compute.internal uid/708be96a-2cf8-485d-a79d-5f343c8932d7 container/prometheus-proxy reason/ContainerStart cause/: 
May 25 15:22:32.318 I ns/openshift-monitoring pod/prometheus-k8s-0 node/ip-10-0-131-226.eu-central-1.compute.internal uid/708be96a-2cf8-485d-a79d-5f343c8932d7 container/kube-rbac-proxy reason/ContainerStart cause/: 
May 25 15:22:32.318 I ns/openshift-monitoring pod/prometheus-k8s-0 node/ip-10-0-131-226.eu-central-1.compute.internal uid/708be96a-2cf8-485d-a79d-5f343c8932d7 container/config-reloader reason/ContainerStart cause/: 
May 25 15:22:32.318 I ns/openshift-monitoring pod/prometheus-k8s-0 node/ip-10-0-131-226.eu-central-1.compute.internal uid/708be96a-2cf8-485d-a79d-5f343c8932d7 container/prometheus reason/ContainerStart cause/: 
May 25 15:22:32.318 - 0ms   I ns/openshift-monitoring pod/prometheus-k8s-0 uid/708be96a-2cf8-485d-a79d-5f343c8932d7 container/thanos-sidecar constructed/true reason/NotReady missed real "NotReady"
May 25 15:22:32.318 - 0ms   I ns/openshift-monitoring pod/prometheus-k8s-0 uid/708be96a-2cf8-485d-a79d-5f343c8932d7 container/kube-rbac-proxy constructed/true reason/NotReady missed real "NotReady"
May 25 15:22:32.318 - 0ms   I ns/openshift-monitoring pod/prometheus-k8s-0 uid/708be96a-2cf8-485d-a79d-5f343c8932d7 container/prometheus-proxy constructed/true reason/NotReady missed real "NotReady"
May 25 15:22:32.318 - 0ms   I ns/openshift-monitoring pod/prometheus-k8s-0 uid/708be96a-2cf8-485d-a79d-5f343c8932d7 container/kube-rbac-proxy-thanos constructed/true reason/NotReady missed real "NotReady"
May 25 15:22:32.318 - 0ms   I ns/openshift-monitoring pod/prometheus-k8s-0 uid/708be96a-2cf8-485d-a79d-5f343c8932d7 container/config-reloader constructed/true reason/NotReady missed real "NotReady"
May 25 15:22:32.318 - 0ms   I ns/openshift-monitoring pod/prometheus-k8s-0 uid/708be96a-2cf8-485d-a79d-5f343c8932d7 container/prometheus constructed/true reason/NotReady missed real "NotReady"
May 25 15:22:32.318 - 2s    I ns/openshift-monitoring pod/prometheus-k8s-0 uid/708be96a-2cf8-485d-a79d-5f343c8932d7 container/config-reloader constructed/true reason/Ready 
May 25 15:22:32.318 - 2s    I ns/openshift-monitoring pod/prometheus-k8s-0 uid/708be96a-2cf8-485d-a79d-5f343c8932d7 container/prometheus-proxy constructed/true reason/Ready 
May 25 15:22:32.318 - 2s    I ns/openshift-monitoring pod/prometheus-k8s-0 uid/708be96a-2cf8-485d-a79d-5f343c8932d7 container/prometheus constructed/true reason/Ready 
May 25 15:22:32.318 - 2s    I ns/openshift-monitoring pod/prometheus-k8s-0 uid/708be96a-2cf8-485d-a79d-5f343c8932d7 container/kube-rbac-proxy-thanos constructed/true reason/Ready 
May 25 15:22:32.318 - 2s    I ns/openshift-monitoring pod/prometheus-k8s-0 uid/708be96a-2cf8-485d-a79d-5f343c8932d7 container/kube-rbac-proxy constructed/true reason/Ready 
May 25 15:22:32.318 - 2s    I ns/openshift-monitoring pod/prometheus-k8s-0 uid/708be96a-2cf8-485d-a79d-5f343c8932d7 container/thanos-sidecar constructed/true reason/Ready 
May 25 15:22:32.318 I ns/openshift-monitoring pod/prometheus-k8s-0 node/ip-10-0-131-226.eu-central-1.compute.internal uid/708be96a-2cf8-485d-a79d-5f343c8932d7 container/init-config-reloader reason/Ready 
May 25 15:22:32.318 I ns/openshift-monitoring pod/prometheus-k8s-0 node/ip-10-0-131-226.eu-central-1.compute.internal uid/708be96a-2cf8-485d-a79d-5f343c8932d7 container/prometheus-proxy reason/Ready 
May 25 15:22:32.318 I ns/openshift-monitoring pod/prometheus-k8s-0 node/ip-10-0-131-226.eu-central-1.compute.internal uid/708be96a-2cf8-485d-a79d-5f343c8932d7 container/thanos-sidecar reason/Ready 
May 25 15:22:32.318 I ns/openshift-monitoring pod/prometheus-k8s-0 node/ip-10-0-131-226.eu-central-1.compute.internal uid/708be96a-2cf8-485d-a79d-5f343c8932d7 container/config-reloader reason/Ready 
May 25 15:22:32.318 I ns/openshift-monitoring pod/prometheus-k8s-0 node/ip-10-0-131-226.eu-central-1.compute.internal uid/708be96a-2cf8-485d-a79d-5f343c8932d7 container/kube-rbac-proxy-thanos reason/Ready 
May 25 15:22:32.318 I ns/openshift-monitoring pod/prometheus-k8s-0 node/ip-10-0-131-226.eu-central-1.compute.internal uid/708be96a-2cf8-485d-a79d-5f343c8932d7 container/kube-rbac-proxy reason/Ready 
May 25 15:22:32.318 I ns/openshift-monitoring pod/prometheus-k8s-0 node/ip-10-0-131-226.eu-central-1.compute.internal uid/708be96a-2cf8-485d-a79d-5f343c8932d7 container/prometheus reason/Ready 
May 25 15:22:32.318 I ns/openshift-multus pod/network-metrics-daemon-q2mkr node/ip-10-0-207-138.eu-central-1.compute.internal uid/e5e5f1fc-3ad5-4cc9-8e32-2adf31832ff6 reason/Created 
May 25 15:22:32.318 - 2s    I ns/openshift-multus pod/network-metrics-daemon-q2mkr uid/e5e5f1fc-3ad5-4cc9-8e32-2adf31832ff6 constructed/true reason/Scheduled node/ip-10-0-207-138.eu-central-1.compute.internal
May 25 15:22:32.318 I ns/openshift-multus pod/network-metrics-daemon-q2mkr node/ip-10-0-207-138.eu-central-1.compute.internal uid/e5e5f1fc-3ad5-4cc9-8e32-2adf31832ff6 reason/Scheduled node/ip-10-0-207-138.eu-central-1.compute.internal
May 25 15:22:32.318 - 2s    I ns/openshift-multus pod/network-metrics-daemon-q2mkr uid/e5e5f1fc-3ad5-4cc9-8e32-2adf31832ff6 container/network-metrics-daemon constructed/true reason/ContainerStart cause/: 
May 25 15:22:32.318 - 2s    I ns/openshift-multus pod/network-metrics-daemon-q2mkr uid/e5e5f1fc-3ad5-4cc9-8e32-2adf31832ff6 container/kube-rbac-proxy constructed/true reason/ContainerStart cause/: 
May 25 15:22:32.318 I ns/openshift-multus pod/network-metrics-daemon-q2mkr node/ip-10-0-207-138.eu-central-1.compute.internal uid/e5e5f1fc-3ad5-4cc9-8e32-2adf31832ff6 container/network-metrics-daemon reason/ContainerStart cause/: 
May 25 15:22:32.318 I ns/openshift-multus pod/network-metrics-daemon-q2mkr node/ip-10-0-207-138.eu-central-1.compute.internal uid/e5e5f1fc-3ad5-4cc9-8e32-2adf31832ff6 container/kube-rbac-proxy reason/ContainerStart cause/: 
May 25 15:22:32.318 - 0ms   I ns/openshift-multus pod/network-metrics-daemon-q2mkr uid/e5e5f1fc-3ad5-4cc9-8e32-2adf31832ff6 container/kube-rbac-proxy constructed/true reason/NotReady missed real "NotReady"
May 25 15:22:32.318 - 0ms   I ns/openshift-multus pod/network-metrics-daemon-q2mkr uid/e5e5f1fc-3ad5-4cc9-8e32-2adf31832ff6 container/network-metrics-daemon constructed/true reason/NotReady missed real "NotReady"
May 25 15:22:32.318 - 2s    I ns/openshift-multus pod/network-metrics-daemon-q2mkr uid/e5e5f1fc-3ad5-4cc9-8e32-2adf31832ff6 container/kube-rbac-proxy constructed/true reason/Ready 
May 25 15:22:32.318 - 2s    I ns/openshift-multus pod/network-metrics-daemon-q2mkr uid/e5e5f1fc-3ad5-4cc9-8e32-2adf31832ff6 container/network-metrics-daemon constructed/true reason/Ready 
May 25 15:22:32.318 I ns/openshift-multus pod/network-metrics-daemon-q2mkr node/ip-10-0-207-138.eu-central-1.compute.internal uid/e5e5f1fc-3ad5-4cc9-8e32-2adf31832ff6 container/kube-rbac-proxy reason/Ready 
May 25 15:22:32.318 I ns/openshift-multus pod/network-metrics-daemon-q2mkr node/ip-10-0-207-138.eu-central-1.compute.internal uid/e5e5f1fc-3ad5-4cc9-8e32-2adf31832ff6 container/network-metrics-daemon reason/Ready 
May 25 15:22:32.318 I ns/openshift-etcd pod/etcd-guard-ip-10-0-136-137.eu-central-1.compute.internal node/ip-10-0-136-137.eu-central-1.compute.internal uid/3e60af25-8373-43c7-aa1d-0993c3a1004e reason/Created 
May 25 15:22:32.318 - 2s    I ns/openshift-etcd pod/etcd-guard-ip-10-0-136-137.eu-central-1.compute.internal uid/3e60af25-8373-43c7-aa1d-0993c3a1004e constructed/true reason/Scheduled node/ip-10-0-136-137.eu-central-1.compute.internal
May 25 15:22:32.318 I ns/openshift-etcd pod/etcd-guard-ip-10-0-136-137.eu-central-1.compute.internal node/ip-10-0-136-137.eu-central-1.compute.internal uid/3e60af25-8373-43c7-aa1d-0993c3a1004e reason/Scheduled node/ip-10-0-136-137.eu-central-1.compute.internal
May 25 15:22:32.318 - 2s    I ns/openshift-etcd pod/etcd-guard-ip-10-0-136-137.eu-central-1.compute.internal uid/3e60af25-8373-43c7-aa1d-0993c3a1004e container/guard constructed/true reason/ContainerStart cause/: 
May 25 15:22:32.318 I ns/openshift-etcd pod/etcd-guard-ip-10-0-136-137.eu-central-1.compute.internal node/ip-10-0-136-137.eu-central-1.compute.internal uid/3e60af25-8373-43c7-aa1d-0993c3a1004e container/guard reason/ContainerStart cause/: 
May 25 15:22:32.318 - 0ms   I ns/openshift-etcd pod/etcd-guard-ip-10-0-136-137.eu-central-1.compute.internal uid/3e60af25-8373-43c7-aa1d-0993c3a1004e container/guard constructed/true reason/NotReady missed real "NotReady"
May 25 15:22:32.318 - 2s    I ns/openshift-etcd pod/etcd-guard-ip-10-0-136-137.eu-central-1.compute.internal uid/3e60af25-8373-43c7-aa1d-0993c3a1004e container/guard constructed/true reason/Ready 
May 25 15:22:32.318 I ns/openshift-etcd pod/etcd-guard-ip-10-0-136-137.eu-central-1.compute.internal node/ip-10-0-136-137.eu-central-1.compute.internal uid/3e60af25-8373-43c7-aa1d-0993c3a1004e container/guard reason/Ready 
May 25 15:22:32.318 I ns/openshift-image-registry pod/node-ca-kjqxv node/ip-10-0-131-226.eu-central-1.compute.internal uid/9bf024b9-8773-46e6-826f-b2295d4015be reason/Created 
May 25 15:22:32.318 - 2s    I ns/openshift-image-registry pod/node-ca-kjqxv uid/9bf024b9-8773-46e6-826f-b2295d4015be constructed/true reason/Scheduled node/ip-10-0-131-226.eu-central-1.compute.internal
May 25 15:22:32.318 I ns/openshift-image-registry pod/node-ca-kjqxv node/ip-10-0-131-226.eu-central-1.compute.internal uid/9bf024b9-8773-46e6-826f-b2295d4015be reason/Scheduled node/ip-10-0-131-226.eu-central-1.compute.internal
May 25 15:22:32.318 - 2s    I ns/openshift-image-registry pod/node-ca-kjqxv uid/9bf024b9-8773-46e6-826f-b2295d4015be container/node-ca constructed/true reason/ContainerStart cause/: 
May 25 15:22:32.318 I ns/openshift-image-registry pod/node-ca-kjqxv node/ip-10-0-131-226.eu-central-1.compute.internal uid/9bf024b9-8773-46e6-826f-b2295d4015be container/node-ca reason/ContainerStart cause/: 
May 25 15:22:32.318 - 0ms   I ns/openshift-image-registry pod/node-ca-kjqxv uid/9bf024b9-8773-46e6-826f-b2295d4015be container/node-ca constructed/true reason/NotReady missed real "NotReady"
May 25 15:22:32.318 - 2s    I ns/openshift-image-registry pod/node-ca-kjqxv uid/9bf024b9-8773-46e6-826f-b2295d4015be container/node-ca constructed/true reason/Ready 
May 25 15:22:32.318 I ns/openshift-image-registry pod/node-ca-kjqxv node/ip-10-0-131-226.eu-central-1.compute.internal uid/9bf024b9-8773-46e6-826f-b2295d4015be container/node-ca reason/Ready 
May 25 15:22:32.318 I ns/openshift-monitoring pod/prometheus-operator-admission-webhook-587f88cbb-ll7l4 node/ip-10-0-207-138.eu-central-1.compute.internal uid/64594385-67a2-40ac-9376-81d3175573dd reason/Created 
May 25 15:22:32.318 - 2s    I ns/openshift-monitoring pod/prometheus-operator-admission-webhook-587f88cbb-ll7l4 uid/64594385-67a2-40ac-9376-81d3175573dd constructed/true reason/Scheduled node/ip-10-0-207-138.eu-central-1.compute.internal
May 25 15:22:32.318 I ns/openshift-monitoring pod/prometheus-operator-admission-webhook-587f88cbb-ll7l4 node/ip-10-0-207-138.eu-central-1.compute.internal uid/64594385-67a2-40ac-9376-81d3175573dd reason/Scheduled node/ip-10-0-207-138.eu-central-1.compute.internal
May 25 15:22:32.318 - 2s    I ns/openshift-monitoring pod/prometheus-operator-admission-webhook-587f88cbb-ll7l4 uid/64594385-67a2-40ac-9376-81d3175573dd container/prometheus-operator-admission-webhook constructed/true reason/ContainerStart cause/: 
May 25 15:22:32.318 I ns/openshift-monitoring pod/prometheus-operator-admission-webhook-587f88cbb-ll7l4 node/ip-10-0-207-138.eu-central-1.compute.internal uid/64594385-67a2-40ac-9376-81d3175573dd container/prometheus-operator-admission-webhook reason/ContainerStart cause/: 
May 25 15:22:32.318 - 0ms   I ns/openshift-monitoring pod/prometheus-operator-admission-webhook-587f88cbb-ll7l4 uid/64594385-67a2-40ac-9376-81d3175573dd container/prometheus-operator-admission-webhook constructed/true reason/NotReady missed real "NotReady"
May 25 15:22:32.318 - 2s    I ns/openshift-monitoring pod/prometheus-operator-admission-webhook-587f88cbb-ll7l4 uid/64594385-67a2-40ac-9376-81d3175573dd container/prometheus-operator-admission-webhook constructed/true reason/Ready 
May 25 15:22:32.318 I ns/openshift-monitoring pod/prometheus-operator-admission-webhook-587f88cbb-ll7l4 node/ip-10-0-207-138.eu-central-1.compute.internal uid/64594385-67a2-40ac-9376-81d3175573dd container/prometheus-operator-admission-webhook reason/Ready 
May 25 15:22:32.318 I ns/openshift-network-diagnostics pod/network-check-target-rxslq node/ip-10-0-194-125.eu-central-1.compute.internal uid/6ee93a86-dd1e-4dbf-9502-f7b685e45a9a reason/Created 
May 25 15:22:32.318 - 2s    I ns/openshift-network-diagnostics pod/network-check-target-rxslq uid/6ee93a86-dd1e-4dbf-9502-f7b685e45a9a constructed/true reason/Scheduled node/ip-10-0-194-125.eu-central-1.compute.internal
May 25 15:22:32.318 I ns/openshift-network-diagnostics pod/network-check-target-rxslq node/ip-10-0-194-125.eu-central-1.compute.internal uid/6ee93a86-dd1e-4dbf-9502-f7b685e45a9a reason/Scheduled node/ip-10-0-194-125.eu-central-1.compute.internal
May 25 15:22:32.318 - 2s    I ns/openshift-network-diagnostics pod/network-check-target-rxslq uid/6ee93a86-dd1e-4dbf-9502-f7b685e45a9a container/network-check-target-container constructed/true reason/ContainerStart cause/: 
May 25 15:22:32.318 I ns/openshift-network-diagnostics pod/network-check-target-rxslq node/ip-10-0-194-125.eu-central-1.compute.internal uid/6ee93a86-dd1e-4dbf-9502-f7b685e45a9a container/network-check-target-container reason/ContainerStart cause/: 
May 25 15:22:32.318 - 0ms   I ns/openshift-network-diagnostics pod/network-check-target-rxslq uid/6ee93a86-dd1e-4dbf-9502-f7b685e45a9a container/network-check-target-container constructed/true reason/NotReady missed real "NotReady"
May 25 15:22:32.318 - 2s    I ns/openshift-network-diagnostics pod/network-check-target-rxslq uid/6ee93a86-dd1e-4dbf-9502-f7b685e45a9a container/network-check-target-container constructed/true reason/Ready 
May 25 15:22:32.318 I ns/openshift-network-diagnostics pod/network-check-target-rxslq node/ip-10-0-194-125.eu-central-1.compute.internal uid/6ee93a86-dd1e-4dbf-9502-f7b685e45a9a container/network-check-target-container reason/Ready 
May 25 15:22:32.318 I ns/openshift-cluster-storage-operator pod/csi-snapshot-controller-d5dcd7668-h9dnn node/ip-10-0-174-32.eu-central-1.compute.internal uid/9f928ea5-3264-4835-accc-fe145a933727 reason/Created 
May 25 15:22:32.318 - 2s    I ns/openshift-cluster-storage-operator pod/csi-snapshot-controller-d5dcd7668-h9dnn uid/9f928ea5-3264-4835-accc-fe145a933727 constructed/true reason/Scheduled node/ip-10-0-174-32.eu-central-1.compute.internal
May 25 15:22:32.318 I ns/openshift-cluster-storage-operator pod/csi-snapshot-controller-d5dcd7668-h9dnn node/ip-10-0-174-32.eu-central-1.compute.internal uid/9f928ea5-3264-4835-accc-fe145a933727 reason/Scheduled node/ip-10-0-174-32.eu-central-1.compute.internal
May 25 15:22:32.318 - 2s    I ns/openshift-cluster-storage-operator pod/csi-snapshot-controller-d5dcd7668-h9dnn uid/9f928ea5-3264-4835-accc-fe145a933727 container/snapshot-controller constructed/true reason/ContainerStart cause/: 
May 25 15:22:32.318 I ns/openshift-cluster-storage-operator pod/csi-snapshot-controller-d5dcd7668-h9dnn node/ip-10-0-174-32.eu-central-1.compute.internal uid/9f928ea5-3264-4835-accc-fe145a933727 container/snapshot-controller reason/ContainerStart cause/: 
May 25 15:22:32.318 - 0ms   I ns/openshift-cluster-storage-operator pod/csi-snapshot-controller-d5dcd7668-h9dnn uid/9f928ea5-3264-4835-accc-fe145a933727 container/snapshot-controller constructed/true reason/NotReady missed real "NotReady"
May 25 15:22:32.318 - 2s    I ns/openshift-cluster-storage-operator pod/csi-snapshot-controller-d5dcd7668-h9dnn uid/9f928ea5-3264-4835-accc-fe145a933727 container/snapshot-controller constructed/true reason/Ready 
May 25 15:22:32.318 I ns/openshift-cluster-storage-operator pod/csi-snapshot-controller-d5dcd7668-h9dnn node/ip-10-0-174-32.eu-central-1.compute.internal uid/9f928ea5-3264-4835-accc-fe145a933727 container/snapshot-controller reason/Ready 
May 25 15:22:32.318 I ns/openshift-kube-apiserver pod/installer-9-ip-10-0-194-125.eu-central-1.compute.internal node/ip-10-0-194-125.eu-central-1.compute.internal uid/c6ac3192-b6e5-44af-85d7-14bcb3e05883 reason/Created 
May 25 15:22:32.318 I ns/openshift-kube-apiserver pod/installer-9-ip-10-0-194-125.eu-central-1.compute.internal node/ip-10-0-194-125.eu-central-1.compute.internal uid/c6ac3192-b6e5-44af-85d7-14bcb3e05883 reason/Scheduled node/ip-10-0-194-125.eu-central-1.compute.internal
May 25 15:22:32.318 W ns/openshift-kube-apiserver pod/installer-9-ip-10-0-194-125.eu-central-1.compute.internal node/ip-10-0-194-125.eu-central-1.compute.internal uid/c6ac3192-b6e5-44af-85d7-14bcb3e05883 container/installer reason/NotReady 
May 25 15:22:32.318 I ns/openshift-machine-api pod/machine-api-operator-74f886c87-rrtsm node/ip-10-0-174-32.eu-central-1.compute.internal uid/60322e7e-76e8-44af-af3a-4fbb89b85777 reason/Created 
May 25 15:22:32.318 - 2s    I ns/openshift-machine-api pod/machine-api-operator-74f886c87-rrtsm uid/60322e7e-76e8-44af-af3a-4fbb89b85777 constructed/true reason/Scheduled node/ip-10-0-174-32.eu-central-1.compute.internal
May 25 15:22:32.318 I ns/openshift-machine-api pod/machine-api-operator-74f886c87-rrtsm node/ip-10-0-174-32.eu-central-1.compute.internal uid/60322e7e-76e8-44af-af3a-4fbb89b85777 reason/Scheduled node/ip-10-0-174-32.eu-central-1.compute.internal
May 25 15:22:32.318 - 2s    I ns/openshift-machine-api pod/machine-api-operator-74f886c87-rrtsm uid/60322e7e-76e8-44af-af3a-4fbb89b85777 container/kube-rbac-proxy constructed/true reason/ContainerStart cause/: 
May 25 15:22:32.318 - 2s    I ns/openshift-machine-api pod/machine-api-operator-74f886c87-rrtsm uid/60322e7e-76e8-44af-af3a-4fbb89b85777 container/machine-api-operator constructed/true reason/ContainerStart cause/: 
May 25 15:22:32.318 I ns/openshift-machine-api pod/machine-api-operator-74f886c87-rrtsm node/ip-10-0-174-32.eu-central-1.compute.internal uid/60322e7e-76e8-44af-af3a-4fbb89b85777 container/kube-rbac-proxy reason/ContainerStart cause/: 
May 25 15:22:32.318 I ns/openshift-machine-api pod/machine-api-operator-74f886c87-rrtsm node/ip-10-0-174-32.eu-central-1.compute.internal uid/60322e7e-76e8-44af-af3a-4fbb89b85777 container/machine-api-operator reason/ContainerStart cause/: 
May 25 15:22:32.318 - 0ms   I ns/openshift-machine-api pod/machine-api-operator-74f886c87-rrtsm uid/60322e7e-76e8-44af-af3a-4fbb89b85777 container/machine-api-operator constructed/true reason/NotReady missed real "NotReady"
May 25 15:22:32.318 - 0ms   I ns/openshift-machine-api pod/machine-api-operator-74f886c87-rrtsm uid/60322e7e-76e8-44af-af3a-4fbb89b85777 container/kube-rbac-proxy constructed/true reason/NotReady missed real "NotReady"
May 25 15:22:32.318 - 2s    I ns/openshift-machine-api pod/machine-api-operator-74f886c87-rrtsm uid/60322e7e-76e8-44af-af3a-4fbb89b85777 container/kube-rbac-proxy constructed/true reason/Ready 
May 25 15:22:32.318 - 2s    I ns/openshift-machine-api pod/machine-api-operator-74f886c87-rrtsm uid/60322e7e-76e8-44af-af3a-4fbb89b85777 container/machine-api-operator constructed/true reason/Ready 
May 25 15:22:32.318 I ns/openshift-machine-api pod/machine-api-operator-74f886c87-rrtsm node/ip-10-0-174-32.eu-central-1.compute.internal uid/60322e7e-76e8-44af-af3a-4fbb89b85777 container/kube-rbac-proxy reason/Ready 
May 25 15:22:32.318 I ns/openshift-machine-api pod/machine-api-operator-74f886c87-rrtsm node/ip-10-0-174-32.eu-central-1.compute.internal uid/60322e7e-76e8-44af-af3a-4fbb89b85777 container/machine-api-operator reason/Ready 
May 25 15:22:32.318 I ns/openshift-network-diagnostics pod/network-check-target-cclmq node/ip-10-0-136-137.eu-central-1.compute.internal uid/c2dac379-2367-42c2-823d-56425d22dd5a reason/Created 
May 25 15:22:32.318 - 2s    I ns/openshift-network-diagnostics pod/network-check-target-cclmq uid/c2dac379-2367-42c2-823d-56425d22dd5a constructed/true reason/Scheduled node/ip-10-0-136-137.eu-central-1.compute.internal
May 25 15:22:32.318 I ns/openshift-network-diagnostics pod/network-check-target-cclmq node/ip-10-0-136-137.eu-central-1.compute.internal uid/c2dac379-2367-42c2-823d-56425d22dd5a reason/Scheduled node/ip-10-0-136-137.eu-central-1.compute.internal
May 25 15:22:32.318 - 2s    I ns/openshift-network-diagnostics pod/network-check-target-cclmq uid/c2dac379-2367-42c2-823d-56425d22dd5a container/network-check-target-container constructed/true reason/ContainerStart cause/: 
May 25 15:22:32.318 I ns/openshift-network-diagnostics pod/network-check-target-cclmq node/ip-10-0-136-137.eu-central-1.compute.internal uid/c2dac379-2367-42c2-823d-56425d22dd5a container/network-check-target-container reason/ContainerStart cause/: 
May 25 15:22:32.318 - 0ms   I ns/openshift-network-diagnostics pod/network-check-target-cclmq uid/c2dac379-2367-42c2-823d-56425d22dd5a container/network-check-target-container constructed/true reason/NotReady missed real "NotReady"
May 25 15:22:32.318 - 2s    I ns/openshift-network-diagnostics pod/network-check-target-cclmq uid/c2dac379-2367-42c2-823d-56425d22dd5a container/network-check-target-container constructed/true reason/Ready 
May 25 15:22:32.318 I ns/openshift-network-diagnostics pod/network-check-target-cclmq node/ip-10-0-136-137.eu-central-1.compute.internal uid/c2dac379-2367-42c2-823d-56425d22dd5a container/network-check-target-container reason/Ready 
May 25 15:22:32.318 I ns/openshift-cluster-csi-drivers pod/aws-ebs-csi-driver-controller-778f667485-64vl2 node/ip-10-0-174-32.eu-central-1.compute.internal uid/0ff75d6c-faf7-42e0-aba1-c5487efe39b4 reason/Created 
May 25 15:22:32.318 - 2s    I ns/openshift-cluster-csi-drivers pod/aws-ebs-csi-driver-controller-778f667485-64vl2 uid/0ff75d6c-faf7-42e0-aba1-c5487efe39b4 constructed/true reason/Scheduled node/ip-10-0-174-32.eu-central-1.compute.internal
May 25 15:22:32.318 I ns/openshift-cluster-csi-drivers pod/aws-ebs-csi-driver-controller-778f667485-64vl2 node/ip-10-0-174-32.eu-central-1.compute.internal uid/0ff75d6c-faf7-42e0-aba1-c5487efe39b4 reason/Scheduled node/ip-10-0-174-32.eu-central-1.compute.internal
May 25 15:22:32.318 - 2s    I ns/openshift-cluster-csi-drivers pod/aws-ebs-csi-driver-controller-778f667485-64vl2 uid/0ff75d6c-faf7-42e0-aba1-c5487efe39b4 container/resizer-kube-rbac-proxy constructed/true reason/ContainerStart cause/: 
May 25 15:22:32.318 - 2s    I ns/openshift-cluster-csi-drivers pod/aws-ebs-csi-driver-controller-778f667485-64vl2 uid/0ff75d6c-faf7-42e0-aba1-c5487efe39b4 container/csi-liveness-probe constructed/true reason/ContainerStart cause/: 
May 25 15:22:32.318 - 2s    I ns/openshift-cluster-csi-drivers pod/aws-ebs-csi-driver-controller-778f667485-64vl2 uid/0ff75d6c-faf7-42e0-aba1-c5487efe39b4 container/csi-driver constructed/true reason/ContainerStart cause/: 
May 25 15:22:32.318 - 2s    I ns/openshift-cluster-csi-drivers pod/aws-ebs-csi-driver-controller-778f667485-64vl2 uid/0ff75d6c-faf7-42e0-aba1-c5487efe39b4 container/csi-resizer constructed/true reason/ContainerStart cause/: 
May 25 15:22:32.318 - 2s    I ns/openshift-cluster-csi-drivers pod/aws-ebs-csi-driver-controller-778f667485-64vl2 uid/0ff75d6c-faf7-42e0-aba1-c5487efe39b4 container/csi-snapshotter constructed/true reason/ContainerStart cause/: 
May 25 15:22:32.318 - 2s    I ns/openshift-cluster-csi-drivers pod/aws-ebs-csi-driver-controller-778f667485-64vl2 uid/0ff75d6c-faf7-42e0-aba1-c5487efe39b4 container/snapshotter-kube-rbac-proxy constructed/true reason/ContainerStart cause/: 
May 25 15:22:32.318 - 2s    I ns/openshift-cluster-csi-drivers pod/aws-ebs-csi-driver-controller-778f667485-64vl2 uid/0ff75d6c-faf7-42e0-aba1-c5487efe39b4 container/provisioner-kube-rbac-proxy constructed/true reason/ContainerStart cause/: 
May 25 15:22:32.318 - 2s    I ns/openshift-cluster-csi-drivers pod/aws-ebs-csi-driver-controller-778f667485-64vl2 uid/0ff75d6c-faf7-42e0-aba1-c5487efe39b4 container/driver-kube-rbac-proxy constructed/true reason/ContainerStart cause/: 
May 25 15:22:32.318 - 2s    I ns/openshift-cluster-csi-drivers pod/aws-ebs-csi-driver-controller-778f667485-64vl2 uid/0ff75d6c-faf7-42e0-aba1-c5487efe39b4 container/csi-provisioner constructed/true reason/ContainerStart cause/: 
May 25 15:22:32.318 - 2s    I ns/openshift-cluster-csi-drivers pod/aws-ebs-csi-driver-controller-778f667485-64vl2 uid/0ff75d6c-faf7-42e0-aba1-c5487efe39b4 container/csi-attacher constructed/true reason/ContainerStart cause/: 
May 25 15:22:32.318 - 2s    I ns/openshift-cluster-csi-drivers pod/aws-ebs-csi-driver-controller-778f667485-64vl2 uid/0ff75d6c-faf7-42e0-aba1-c5487efe39b4 container/attacher-kube-rbac-proxy constructed/true reason/ContainerStart cause/: 
May 25 15:22:32.318 I ns/openshift-cluster-csi-drivers pod/aws-ebs-csi-driver-controller-778f667485-64vl2 node/ip-10-0-174-32.eu-central-1.compute.internal uid/0ff75d6c-faf7-42e0-aba1-c5487efe39b4 container/csi-driver reason/ContainerStart cause/: 
May 25 15:22:32.318 I ns/openshift-cluster-csi-drivers pod/aws-ebs-csi-driver-controller-778f667485-64vl2 node/ip-10-0-174-32.eu-central-1.compute.internal uid/0ff75d6c-faf7-42e0-aba1-c5487efe39b4 container/csi-snapshotter reason/ContainerStart cause/: 
May 25 15:22:32.318 I ns/openshift-cluster-csi-drivers pod/aws-ebs-csi-driver-controller-778f667485-64vl2 node/ip-10-0-174-32.eu-central-1.compute.internal uid/0ff75d6c-faf7-42e0-aba1-c5487efe39b4 container/snapshotter-kube-rbac-proxy reason/ContainerStart cause/: 
May 25 15:22:32.318 I ns/openshift-cluster-csi-drivers pod/aws-ebs-csi-driver-controller-778f667485-64vl2 node/ip-10-0-174-32.eu-central-1.compute.internal uid/0ff75d6c-faf7-42e0-aba1-c5487efe39b4 container/attacher-kube-rbac-proxy reason/ContainerStart cause/: 
May 25 15:22:32.318 I ns/openshift-cluster-csi-drivers pod/aws-ebs-csi-driver-controller-778f667485-64vl2 node/ip-10-0-174-32.eu-central-1.compute.internal uid/0ff75d6c-faf7-42e0-aba1-c5487efe39b4 container/csi-attacher reason/ContainerStart cause/: 
May 25 15:22:32.318 I ns/openshift-cluster-csi-drivers pod/aws-ebs-csi-driver-controller-778f667485-64vl2 node/ip-10-0-174-32.eu-central-1.compute.internal uid/0ff75d6c-faf7-42e0-aba1-c5487efe39b4 container/provisioner-kube-rbac-proxy reason/ContainerStart cause/: 
May 25 15:22:32.318 I ns/openshift-cluster-csi-drivers pod/aws-ebs-csi-driver-controller-778f667485-64vl2 node/ip-10-0-174-32.eu-central-1.compute.internal uid/0ff75d6c-faf7-42e0-aba1-c5487efe39b4 container/resizer-kube-rbac-proxy reason/ContainerStart cause/: 
May 25 15:22:32.318 I ns/openshift-cluster-csi-drivers pod/aws-ebs-csi-driver-controller-778f667485-64vl2 node/ip-10-0-174-32.eu-central-1.compute.internal uid/0ff75d6c-faf7-42e0-aba1-c5487efe39b4 container/csi-liveness-probe reason/ContainerStart cause/: 
May 25 15:22:32.318 I ns/openshift-cluster-csi-drivers pod/aws-ebs-csi-driver-controller-778f667485-64vl2 node/ip-10-0-174-32.eu-central-1.compute.internal uid/0ff75d6c-faf7-42e0-aba1-c5487efe39b4 container/csi-provisioner reason/ContainerStart cause/: 
May 25 15:22:32.318 I ns/openshift-cluster-csi-drivers pod/aws-ebs-csi-driver-controller-778f667485-64vl2 node/ip-10-0-174-32.eu-central-1.compute.internal uid/0ff75d6c-faf7-42e0-aba1-c5487efe39b4 container/driver-kube-rbac-proxy reason/ContainerStart cause/: 
May 25 15:22:32.318 I ns/openshift-cluster-csi-drivers pod/aws-ebs-csi-driver-controller-778f667485-64vl2 node/ip-10-0-174-32.eu-central-1.compute.internal uid/0ff75d6c-faf7-42e0-aba1-c5487efe39b4 container/csi-resizer reason/ContainerStart cause/: 
May 25 15:22:32.318 - 0ms   I ns/openshift-cluster-csi-drivers pod/aws-ebs-csi-driver-controller-778f667485-64vl2 uid/0ff75d6c-faf7-42e0-aba1-c5487efe39b4 container/csi-resizer constructed/true reason/NotReady missed real "NotReady"
May 25 15:22:32.318 - 0ms   I ns/openshift-cluster-csi-drivers pod/aws-ebs-csi-driver-controller-778f667485-64vl2 uid/0ff75d6c-faf7-42e0-aba1-c5487efe39b4 container/attacher-kube-rbac-proxy constructed/true reason/NotReady missed real "NotReady"
May 25 15:22:32.318 - 0ms   I ns/openshift-cluster-csi-drivers pod/aws-ebs-csi-driver-controller-778f667485-64vl2 uid/0ff75d6c-faf7-42e0-aba1-c5487efe39b4 container/csi-provisioner constructed/true reason/NotReady missed real "NotReady"
May 25 15:22:32.318 - 0ms   I ns/openshift-cluster-csi-drivers pod/aws-ebs-csi-driver-controller-778f667485-64vl2 uid/0ff75d6c-faf7-42e0-aba1-c5487efe39b4 container/snapshotter-kube-rbac-proxy constructed/true reason/NotReady missed real "NotReady"
May 25 15:22:32.318 - 0ms   I ns/openshift-cluster-csi-drivers pod/aws-ebs-csi-driver-controller-778f667485-64vl2 uid/0ff75d6c-faf7-42e0-aba1-c5487efe39b4 container/csi-driver constructed/true reason/NotReady missed real "NotReady"
May 25 15:22:32.318 - 0ms   I ns/openshift-cluster-csi-drivers pod/aws-ebs-csi-driver-controller-778f667485-64vl2 uid/0ff75d6c-faf7-42e0-aba1-c5487efe39b4 container/csi-snapshotter constructed/true reason/NotReady missed real "NotReady"
May 25 15:22:32.318 - 0ms   I ns/openshift-cluster-csi-drivers pod/aws-ebs-csi-driver-controller-778f667485-64vl2 uid/0ff75d6c-faf7-42e0-aba1-c5487efe39b4 container/resizer-kube-rbac-proxy constructed/true reason/NotReady missed real "NotReady"
May 25 15:22:32.318 - 0ms   I ns/openshift-cluster-csi-drivers pod/aws-ebs-csi-driver-controller-778f667485-64vl2 uid/0ff75d6c-faf7-42e0-aba1-c5487efe39b4 container/driver-kube-rbac-proxy constructed/true reason/NotReady missed real "NotReady"
May 25 15:22:32.318 - 0ms   I ns/openshift-cluster-csi-drivers pod/aws-ebs-csi-driver-controller-778f667485-64vl2 uid/0ff75d6c-faf7-42e0-aba1-c5487efe39b4 container/provisioner-kube-rbac-proxy constructed/true reason/NotReady missed real "NotReady"
May 25 15:22:32.318 - 0ms   I ns/openshift-cluster-csi-drivers pod/aws-ebs-csi-driver-controller-778f667485-64vl2 uid/0ff75d6c-faf7-42e0-aba1-c5487efe39b4 container/csi-attacher constructed/true reason/NotReady missed real "NotReady"
May 25 15:22:32.318 - 0ms   I ns/openshift-cluster-csi-drivers pod/aws-ebs-csi-driver-controller-778f667485-64vl2 uid/0ff75d6c-faf7-42e0-aba1-c5487efe39b4 container/csi-liveness-probe constructed/true reason/NotReady missed real "NotReady"
May 25 15:22:32.318 - 2s    I ns/openshift-cluster-csi-drivers pod/aws-ebs-csi-driver-controller-778f667485-64vl2 uid/0ff75d6c-faf7-42e0-aba1-c5487efe39b4 container/driver-kube-rbac-proxy constructed/true reason/Ready 
May 25 15:22:32.318 - 2s    I ns/openshift-cluster-csi-drivers pod/aws-ebs-csi-driver-controller-778f667485-64vl2 uid/0ff75d6c-faf7-42e0-aba1-c5487efe39b4 container/csi-provisioner constructed/true reason/Ready 
May 25 15:22:32.318 - 2s    I ns/openshift-cluster-csi-drivers pod/aws-ebs-csi-driver-controller-778f667485-64vl2 uid/0ff75d6c-faf7-42e0-aba1-c5487efe39b4 container/csi-driver constructed/true reason/Ready 
May 25 15:22:32.318 - 2s    I ns/openshift-cluster-csi-drivers pod/aws-ebs-csi-driver-controller-778f667485-64vl2 uid/0ff75d6c-faf7-42e0-aba1-c5487efe39b4 container/snapshotter-kube-rbac-proxy constructed/true reason/Ready 
May 25 15:22:32.318 - 2s    I ns/openshift-cluster-csi-drivers pod/aws-ebs-csi-driver-controller-778f667485-64vl2 uid/0ff75d6c-faf7-42e0-aba1-c5487efe39b4 container/csi-liveness-probe constructed/true reason/Ready 
May 25 15:22:32.318 - 2s    I ns/openshift-cluster-csi-drivers pod/aws-ebs-csi-driver-controller-778f667485-64vl2 uid/0ff75d6c-faf7-42e0-aba1-c5487efe39b4 container/csi-resizer constructed/true reason/Ready 
May 25 15:22:32.318 - 2s    I ns/openshift-cluster-csi-drivers pod/aws-ebs-csi-driver-controller-778f667485-64vl2 uid/0ff75d6c-faf7-42e0-aba1-c5487efe39b4 container/csi-snapshotter constructed/true reason/Ready 
May 25 15:22:32.318 - 2s    I ns/openshift-cluster-csi-drivers pod/aws-ebs-csi-driver-controller-778f667485-64vl2 uid/0ff75d6c-faf7-42e0-aba1-c5487efe39b4 container/provisioner-kube-rbac-proxy constructed/true reason/Ready 
May 25 15:22:32.318 - 2s    I ns/openshift-cluster-csi-drivers pod/aws-ebs-csi-driver-controller-778f667485-64vl2 uid/0ff75d6c-faf7-42e0-aba1-c5487efe39b4 container/attacher-kube-rbac-proxy constructed/true reason/Ready 
May 25 15:22:32.318 - 2s    I ns/openshift-cluster-csi-drivers pod/aws-ebs-csi-driver-controller-778f667485-64vl2 uid/0ff75d6c-faf7-42e0-aba1-c5487efe39b4 container/resizer-kube-rbac-proxy constructed/true reason/Ready 
May 25 15:22:32.318 - 2s    I ns/openshift-cluster-csi-drivers pod/aws-ebs-csi-driver-controller-778f667485-64vl2 uid/0ff75d6c-faf7-42e0-aba1-c5487efe39b4 container/csi-attacher constructed/true reason/Ready 
May 25 15:22:32.318 I ns/openshift-cluster-csi-drivers pod/aws-ebs-csi-driver-controller-778f667485-64vl2 node/ip-10-0-174-32.eu-central-1.compute.internal uid/0ff75d6c-faf7-42e0-aba1-c5487efe39b4 container/resizer-kube-rbac-proxy reason/Ready 
May 25 15:22:32.318 I ns/openshift-cluster-csi-drivers pod/aws-ebs-csi-driver-controller-778f667485-64vl2 node/ip-10-0-174-32.eu-central-1.compute.internal uid/0ff75d6c-faf7-42e0-aba1-c5487efe39b4 container/driver-kube-rbac-proxy reason/Ready 
May 25 15:22:32.318 I ns/openshift-cluster-csi-drivers pod/aws-ebs-csi-driver-controller-778f667485-64vl2 node/ip-10-0-174-32.eu-central-1.compute.internal uid/0ff75d6c-faf7-42e0-aba1-c5487efe39b4 container/csi-liveness-probe reason/Ready 
May 25 15:22:32.318 I ns/openshift-cluster-csi-drivers pod/aws-ebs-csi-driver-controller-778f667485-64vl2 node/ip-10-0-174-32.eu-central-1.compute.internal uid/0ff75d6c-faf7-42e0-aba1-c5487efe39b4 container/csi-resizer reason/Ready 
May 25 15:22:32.318 I ns/openshift-cluster-csi-drivers pod/aws-ebs-csi-driver-controller-778f667485-64vl2 node/ip-10-0-174-32.eu-central-1.compute.internal uid/0ff75d6c-faf7-42e0-aba1-c5487efe39b4 container/csi-provisioner reason/Ready 
May 25 15:22:32.318 I ns/openshift-cluster-csi-drivers pod/aws-ebs-csi-driver-controller-778f667485-64vl2 node/ip-10-0-174-32.eu-central-1.compute.internal uid/0ff75d6c-faf7-42e0-aba1-c5487efe39b4 container/attacher-kube-rbac-proxy reason/Ready 
May 25 15:22:32.318 I ns/openshift-cluster-csi-drivers pod/aws-ebs-csi-driver-controller-778f667485-64vl2 node/ip-10-0-174-32.eu-central-1.compute.internal uid/0ff75d6c-faf7-42e0-aba1-c5487efe39b4 container/csi-snapshotter reason/Ready 
May 25 15:22:32.318 I ns/openshift-cluster-csi-drivers pod/aws-ebs-csi-driver-controller-778f667485-64vl2 node/ip-10-0-174-32.eu-central-1.compute.internal uid/0ff75d6c-faf7-42e0-aba1-c5487efe39b4 container/csi-driver reason/Ready 
May 25 15:22:32.318 I ns/openshift-cluster-csi-drivers pod/aws-ebs-csi-driver-controller-778f667485-64vl2 node/ip-10-0-174-32.eu-central-1.compute.internal uid/0ff75d6c-faf7-42e0-aba1-c5487efe39b4 container/csi-attacher reason/Ready 
May 25 15:22:32.318 I ns/openshift-cluster-csi-drivers pod/aws-ebs-csi-driver-controller-778f667485-64vl2 node/ip-10-0-174-32.eu-central-1.compute.internal uid/0ff75d6c-faf7-42e0-aba1-c5487efe39b4 container/snapshotter-kube-rbac-proxy reason/Ready 
May 25 15:22:32.318 I ns/openshift-cluster-csi-drivers pod/aws-ebs-csi-driver-controller-778f667485-64vl2 node/ip-10-0-174-32.eu-central-1.compute.internal uid/0ff75d6c-faf7-42e0-aba1-c5487efe39b4 container/provisioner-kube-rbac-proxy reason/Ready 
May 25 15:22:32.318 I ns/openshift-cluster-node-tuning-operator pod/tuned-tp6q7 node/ip-10-0-186-221.eu-central-1.compute.internal uid/9a8db5a0-7906-4c3a-9b5d-6a51a488218f reason/Created 
May 25 15:22:32.318 - 2s    I ns/openshift-cluster-node-tuning-operator pod/tuned-tp6q7 uid/9a8db5a0-7906-4c3a-9b5d-6a51a488218f constructed/true reason/Scheduled node/ip-10-0-186-221.eu-central-1.compute.internal
May 25 15:22:32.318 I ns/openshift-cluster-node-tuning-operator pod/tuned-tp6q7 node/ip-10-0-186-221.eu-central-1.compute.internal uid/9a8db5a0-7906-4c3a-9b5d-6a51a488218f reason/Scheduled node/ip-10-0-186-221.eu-central-1.compute.internal
May 25 15:22:32.318 - 2s    I ns/openshift-cluster-node-tuning-operator pod/tuned-tp6q7 uid/9a8db5a0-7906-4c3a-9b5d-6a51a488218f container/tuned constructed/true reason/ContainerStart cause/: 
May 25 15:22:32.318 I ns/openshift-cluster-node-tuning-operator pod/tuned-tp6q7 node/ip-10-0-186-221.eu-central-1.compute.internal uid/9a8db5a0-7906-4c3a-9b5d-6a51a488218f container/tuned reason/ContainerStart cause/: 
May 25 15:22:32.318 - 0ms   I ns/openshift-cluster-node-tuning-operator pod/tuned-tp6q7 uid/9a8db5a0-7906-4c3a-9b5d-6a51a488218f container/tuned constructed/true reason/NotReady missed real "NotReady"
May 25 15:22:32.318 - 2s    I ns/openshift-cluster-node-tuning-operator pod/tuned-tp6q7 uid/9a8db5a0-7906-4c3a-9b5d-6a51a488218f container/tuned constructed/true reason/Ready 
May 25 15:22:32.318 I ns/openshift-cluster-node-tuning-operator pod/tuned-tp6q7 node/ip-10-0-186-221.eu-central-1.compute.internal uid/9a8db5a0-7906-4c3a-9b5d-6a51a488218f container/tuned reason/Ready 
May 25 15:22:32.318 I ns/openshift-etcd pod/installer-6-ip-10-0-174-32.eu-central-1.compute.internal node/ip-10-0-174-32.eu-central-1.compute.internal uid/e5a925c6-0b97-4c81-a768-ddeafb9615c2 reason/Created 
May 25 15:22:32.318 I ns/openshift-etcd pod/installer-6-ip-10-0-174-32.eu-central-1.compute.internal node/ip-10-0-174-32.eu-central-1.compute.internal uid/e5a925c6-0b97-4c81-a768-ddeafb9615c2 reason/Scheduled node/ip-10-0-174-32.eu-central-1.compute.internal
May 25 15:22:32.318 W ns/openshift-etcd pod/installer-6-ip-10-0-174-32.eu-central-1.compute.internal node/ip-10-0-174-32.eu-central-1.compute.internal uid/e5a925c6-0b97-4c81-a768-ddeafb9615c2 container/installer reason/NotReady 
May 25 15:22:32.318 I ns/openshift-kube-apiserver pod/kube-apiserver-guard-ip-10-0-194-125.eu-central-1.compute.internal node/ip-10-0-194-125.eu-central-1.compute.internal uid/1560b0ef-cd34-4dbd-bbca-6824be4ad766 reason/Created 
May 25 15:22:32.318 - 2s    I ns/openshift-kube-apiserver pod/kube-apiserver-guard-ip-10-0-194-125.eu-central-1.compute.internal uid/1560b0ef-cd34-4dbd-bbca-6824be4ad766 constructed/true reason/Scheduled node/ip-10-0-194-125.eu-central-1.compute.internal
May 25 15:22:32.318 I ns/openshift-kube-apiserver pod/kube-apiserver-guard-ip-10-0-194-125.eu-central-1.compute.internal node/ip-10-0-194-125.eu-central-1.compute.internal uid/1560b0ef-cd34-4dbd-bbca-6824be4ad766 reason/Scheduled node/ip-10-0-194-125.eu-central-1.compute.internal
May 25 15:22:32.318 - 2s    I ns/openshift-kube-apiserver pod/kube-apiserver-guard-ip-10-0-194-125.eu-central-1.compute.internal uid/1560b0ef-cd34-4dbd-bbca-6824be4ad766 container/guard constructed/true reason/ContainerStart cause/: 
May 25 15:22:32.318 I ns/openshift-kube-apiserver pod/kube-apiserver-guard-ip-10-0-194-125.eu-central-1.compute.internal node/ip-10-0-194-125.eu-central-1.compute.internal uid/1560b0ef-cd34-4dbd-bbca-6824be4ad766 container/guard reason/ContainerStart cause/: 
May 25 15:22:32.318 - 0ms   I ns/openshift-kube-apiserver pod/kube-apiserver-guard-ip-10-0-194-125.eu-central-1.compute.internal uid/1560b0ef-cd34-4dbd-bbca-6824be4ad766 container/guard constructed/true reason/NotReady missed real "NotReady"
May 25 15:22:32.318 - 2s    I ns/openshift-kube-apiserver pod/kube-apiserver-guard-ip-10-0-194-125.eu-central-1.compute.internal uid/1560b0ef-cd34-4dbd-bbca-6824be4ad766 container/guard constructed/true reason/Ready 
May 25 15:22:32.318 I ns/openshift-kube-apiserver pod/kube-apiserver-guard-ip-10-0-194-125.eu-central-1.compute.internal node/ip-10-0-194-125.eu-central-1.compute.internal uid/1560b0ef-cd34-4dbd-bbca-6824be4ad766 container/guard reason/Ready 
May 25 15:22:32.318 I ns/openshift-operator-lifecycle-manager pod/package-server-manager-8b64d79cf-ntrft node/ip-10-0-174-32.eu-central-1.compute.internal uid/5bffd21c-5820-4eb9-affd-faf8fbd721c7 reason/Created 
May 25 15:22:32.318 - 2s    I ns/openshift-operator-lifecycle-manager pod/package-server-manager-8b64d79cf-ntrft uid/5bffd21c-5820-4eb9-affd-faf8fbd721c7 constructed/true reason/Scheduled node/ip-10-0-174-32.eu-central-1.compute.internal
May 25 15:22:32.318 I ns/openshift-operator-lifecycle-manager pod/package-server-manager-8b64d79cf-ntrft node/ip-10-0-174-32.eu-central-1.compute.internal uid/5bffd21c-5820-4eb9-affd-faf8fbd721c7 reason/Scheduled node/ip-10-0-174-32.eu-central-1.compute.internal
May 25 15:22:32.318 - 2s    I ns/openshift-operator-lifecycle-manager pod/package-server-manager-8b64d79cf-ntrft uid/5bffd21c-5820-4eb9-affd-faf8fbd721c7 container/package-server-manager constructed/true reason/ContainerStart cause/: 
May 25 15:22:32.318 I ns/openshift-operator-lifecycle-manager pod/package-server-manager-8b64d79cf-ntrft node/ip-10-0-174-32.eu-central-1.compute.internal uid/5bffd21c-5820-4eb9-affd-faf8fbd721c7 container/package-server-manager reason/ContainerStart cause/: 
May 25 15:22:32.318 - 0ms   I ns/openshift-operator-lifecycle-manager pod/package-server-manager-8b64d79cf-ntrft uid/5bffd21c-5820-4eb9-affd-faf8fbd721c7 container/package-server-manager constructed/true reason/NotReady missed real "NotReady"
May 25 15:22:32.318 - 2s    I ns/openshift-operator-lifecycle-manager pod/package-server-manager-8b64d79cf-ntrft uid/5bffd21c-5820-4eb9-affd-faf8fbd721c7 container/package-server-manager constructed/true reason/Ready 
May 25 15:22:32.318 I ns/openshift-operator-lifecycle-manager pod/package-server-manager-8b64d79cf-ntrft node/ip-10-0-174-32.eu-central-1.compute.internal uid/5bffd21c-5820-4eb9-affd-faf8fbd721c7 container/package-server-manager reason/Ready 
May 25 15:22:32.318 I ns/openshift-kube-apiserver pod/installer-12-ip-10-0-194-125.eu-central-1.compute.internal node/ip-10-0-194-125.eu-central-1.compute.internal uid/76939e88-365a-4651-8ac9-c3f348fb3e3b reason/Created 
May 25 15:22:32.318 I ns/openshift-kube-apiserver pod/installer-12-ip-10-0-194-125.eu-central-1.compute.internal node/ip-10-0-194-125.eu-central-1.compute.internal uid/76939e88-365a-4651-8ac9-c3f348fb3e3b reason/Scheduled node/ip-10-0-194-125.eu-central-1.compute.internal
May 25 15:22:32.318 W ns/openshift-kube-apiserver pod/installer-12-ip-10-0-194-125.eu-central-1.compute.internal node/ip-10-0-194-125.eu-central-1.compute.internal uid/76939e88-365a-4651-8ac9-c3f348fb3e3b container/installer reason/NotReady 
May 25 15:22:32.318 I ns/openshift-kube-apiserver pod/revision-pruner-13-ip-10-0-136-137.eu-central-1.compute.internal node/ip-10-0-136-137.eu-central-1.compute.internal uid/b58f64a1-6a68-4284-bb8d-dae05d1788c4 reason/Created 
May 25 15:22:32.318 I ns/openshift-kube-apiserver pod/revision-pruner-13-ip-10-0-136-137.eu-central-1.compute.internal node/ip-10-0-136-137.eu-central-1.compute.internal uid/b58f64a1-6a68-4284-bb8d-dae05d1788c4 reason/Scheduled node/ip-10-0-136-137.eu-central-1.compute.internal
May 25 15:22:32.318 W ns/openshift-kube-apiserver pod/revision-pruner-13-ip-10-0-136-137.eu-central-1.compute.internal node/ip-10-0-136-137.eu-central-1.compute.internal uid/b58f64a1-6a68-4284-bb8d-dae05d1788c4 container/pruner reason/NotReady 
May 25 15:22:32.318 I ns/openshift-monitoring pod/node-exporter-hpbmc node/ip-10-0-174-32.eu-central-1.compute.internal uid/b00bc6df-4346-405c-af38-7cc14fbfd80c reason/Created 
May 25 15:22:32.318 - 2s    I ns/openshift-monitoring pod/node-exporter-hpbmc uid/b00bc6df-4346-405c-af38-7cc14fbfd80c constructed/true reason/Scheduled node/ip-10-0-174-32.eu-central-1.compute.internal
May 25 15:22:32.318 I ns/openshift-monitoring pod/node-exporter-hpbmc node/ip-10-0-174-32.eu-central-1.compute.internal uid/b00bc6df-4346-405c-af38-7cc14fbfd80c reason/Scheduled node/ip-10-0-174-32.eu-central-1.compute.internal
May 25 15:22:32.318 - 2s    I ns/openshift-monitoring pod/node-exporter-hpbmc uid/b00bc6df-4346-405c-af38-7cc14fbfd80c container/kube-rbac-proxy constructed/true reason/ContainerStart cause/: 
May 25 15:22:32.318 - 2s    I ns/openshift-monitoring pod/node-exporter-hpbmc uid/b00bc6df-4346-405c-af38-7cc14fbfd80c container/node-exporter constructed/true reason/ContainerStart cause/: 
May 25 15:22:32.318 I ns/openshift-monitoring pod/node-exporter-hpbmc node/ip-10-0-174-32.eu-central-1.compute.internal uid/b00bc6df-4346-405c-af38-7cc14fbfd80c container/kube-rbac-proxy reason/ContainerStart cause/: 
May 25 15:22:32.318 I ns/openshift-monitoring pod/node-exporter-hpbmc node/ip-10-0-174-32.eu-central-1.compute.internal uid/b00bc6df-4346-405c-af38-7cc14fbfd80c container/node-exporter reason/ContainerStart cause/: 
May 25 15:22:32.318 - 0ms   I ns/openshift-monitoring pod/node-exporter-hpbmc uid/b00bc6df-4346-405c-af38-7cc14fbfd80c container/node-exporter constructed/true reason/NotReady missed real "NotReady"
May 25 15:22:32.318 - 0ms   I ns/openshift-monitoring pod/node-exporter-hpbmc uid/b00bc6df-4346-405c-af38-7cc14fbfd80c container/kube-rbac-proxy constructed/true reason/NotReady missed real "NotReady"
May 25 15:22:32.318 - 2s    I ns/openshift-monitoring pod/node-exporter-hpbmc uid/b00bc6df-4346-405c-af38-7cc14fbfd80c container/kube-rbac-proxy constructed/true reason/Ready 
May 25 15:22:32.318 - 2s    I ns/openshift-monitoring pod/node-exporter-hpbmc uid/b00bc6df-4346-405c-af38-7cc14fbfd80c container/node-exporter constructed/true reason/Ready 
May 25 15:22:32.318 I ns/openshift-monitoring pod/node-exporter-hpbmc node/ip-10-0-174-32.eu-central-1.compute.internal uid/b00bc6df-4346-405c-af38-7cc14fbfd80c container/init-textfile reason/Ready 
May 25 15:22:32.318 I ns/openshift-monitoring pod/node-exporter-hpbmc node/ip-10-0-174-32.eu-central-1.compute.internal uid/b00bc6df-4346-405c-af38-7cc14fbfd80c container/node-exporter reason/Ready 
May 25 15:22:32.318 I ns/openshift-monitoring pod/node-exporter-hpbmc node/ip-10-0-174-32.eu-central-1.compute.internal uid/b00bc6df-4346-405c-af38-7cc14fbfd80c container/kube-rbac-proxy reason/Ready 
May 25 15:22:32.318 I ns/openshift-authentication pod/oauth-openshift-67bbb54f68-66kcc node/ip-10-0-136-137.eu-central-1.compute.internal uid/bae8a670-0a0b-49d8-8948-475d0e473bfc reason/Created 
May 25 15:22:32.318 - 2s    I ns/openshift-authentication pod/oauth-openshift-67bbb54f68-66kcc uid/bae8a670-0a0b-49d8-8948-475d0e473bfc constructed/true reason/Scheduled node/ip-10-0-136-137.eu-central-1.compute.internal
May 25 15:22:32.318 I ns/openshift-authentication pod/oauth-openshift-67bbb54f68-66kcc node/ip-10-0-136-137.eu-central-1.compute.internal uid/bae8a670-0a0b-49d8-8948-475d0e473bfc reason/Scheduled node/ip-10-0-136-137.eu-central-1.compute.internal
May 25 15:22:32.318 - 2s    I ns/openshift-authentication pod/oauth-openshift-67bbb54f68-66kcc uid/bae8a670-0a0b-49d8-8948-475d0e473bfc container/oauth-openshift constructed/true reason/ContainerStart cause/: 
May 25 15:22:32.318 I ns/openshift-authentication pod/oauth-openshift-67bbb54f68-66kcc node/ip-10-0-136-137.eu-central-1.compute.internal uid/bae8a670-0a0b-49d8-8948-475d0e473bfc container/oauth-openshift reason/ContainerStart cause/: 
May 25 15:22:32.318 - 0ms   I ns/openshift-authentication pod/oauth-openshift-67bbb54f68-66kcc uid/bae8a670-0a0b-49d8-8948-475d0e473bfc container/oauth-openshift constructed/true reason/NotReady missed real "NotReady"
May 25 15:22:32.318 - 2s    I ns/openshift-authentication pod/oauth-openshift-67bbb54f68-66kcc uid/bae8a670-0a0b-49d8-8948-475d0e473bfc container/oauth-openshift constructed/true reason/Ready 
May 25 15:22:32.318 I ns/openshift-authentication pod/oauth-openshift-67bbb54f68-66kcc node/ip-10-0-136-137.eu-central-1.compute.internal uid/bae8a670-0a0b-49d8-8948-475d0e473bfc container/oauth-openshift reason/Ready 
May 25 15:22:32.318 I ns/openshift-cluster-node-tuning-operator pod/tuned-rxg46 node/ip-10-0-174-32.eu-central-1.compute.internal uid/dfc34549-b932-49b7-a962-3fc149430efb reason/Created 
May 25 15:22:32.318 - 2s    I ns/openshift-cluster-node-tuning-operator pod/tuned-rxg46 uid/dfc34549-b932-49b7-a962-3fc149430efb constructed/true reason/Scheduled node/ip-10-0-174-32.eu-central-1.compute.internal
May 25 15:22:32.318 I ns/openshift-cluster-node-tuning-operator pod/tuned-rxg46 node/ip-10-0-174-32.eu-central-1.compute.internal uid/dfc34549-b932-49b7-a962-3fc149430efb reason/Scheduled node/ip-10-0-174-32.eu-central-1.compute.internal
May 25 15:22:32.318 - 2s    I ns/openshift-cluster-node-tuning-operator pod/tuned-rxg46 uid/dfc34549-b932-49b7-a962-3fc149430efb container/tuned constructed/true reason/ContainerStart cause/: 
May 25 15:22:32.318 I ns/openshift-cluster-node-tuning-operator pod/tuned-rxg46 node/ip-10-0-174-32.eu-central-1.compute.internal uid/dfc34549-b932-49b7-a962-3fc149430efb container/tuned reason/ContainerStart cause/: 
May 25 15:22:32.318 - 0ms   I ns/openshift-cluster-node-tuning-operator pod/tuned-rxg46 uid/dfc34549-b932-49b7-a962-3fc149430efb container/tuned constructed/true reason/NotReady missed real "NotReady"
May 25 15:22:32.318 - 2s    I ns/openshift-cluster-node-tuning-operator pod/tuned-rxg46 uid/dfc34549-b932-49b7-a962-3fc149430efb container/tuned constructed/true reason/Ready 
May 25 15:22:32.318 I ns/openshift-cluster-node-tuning-operator pod/tuned-rxg46 node/ip-10-0-174-32.eu-central-1.compute.internal uid/dfc34549-b932-49b7-a962-3fc149430efb container/tuned reason/Ready 
May 25 15:22:32.318 I ns/openshift-etcd pod/revision-pruner-7-ip-10-0-174-32.eu-central-1.compute.internal node/ip-10-0-174-32.eu-central-1.compute.internal uid/407c49c4-cdf0-440d-aca1-841a6183878d reason/Created 
May 25 15:22:32.318 I ns/openshift-etcd pod/revision-pruner-7-ip-10-0-174-32.eu-central-1.compute.internal node/ip-10-0-174-32.eu-central-1.compute.internal uid/407c49c4-cdf0-440d-aca1-841a6183878d reason/Scheduled node/ip-10-0-174-32.eu-central-1.compute.internal
May 25 15:22:32.318 W ns/openshift-etcd pod/revision-pruner-7-ip-10-0-174-32.eu-central-1.compute.internal node/ip-10-0-174-32.eu-central-1.compute.internal uid/407c49c4-cdf0-440d-aca1-841a6183878d container/pruner reason/NotReady 
May 25 15:22:32.318 I ns/openshift-kube-scheduler pod/installer-6-ip-10-0-174-32.eu-central-1.compute.internal node/ip-10-0-174-32.eu-central-1.compute.internal uid/355425b5-3b86-40f1-91e9-b6e2ca627e38 reason/Created 
May 25 15:22:32.318 I ns/openshift-kube-scheduler pod/installer-6-ip-10-0-174-32.eu-central-1.compute.internal node/ip-10-0-174-32.eu-central-1.compute.internal uid/355425b5-3b86-40f1-91e9-b6e2ca627e38 reason/Scheduled node/ip-10-0-174-32.eu-central-1.compute.internal
May 25 15:22:32.318 W ns/openshift-kube-scheduler pod/installer-6-ip-10-0-174-32.eu-central-1.compute.internal node/ip-10-0-174-32.eu-central-1.compute.internal uid/355425b5-3b86-40f1-91e9-b6e2ca627e38 container/installer reason/NotReady 
May 25 15:22:32.318 I ns/openshift-kube-scheduler pod/openshift-kube-scheduler-guard-ip-10-0-194-125.eu-central-1.compute.internal node/ip-10-0-194-125.eu-central-1.compute.internal uid/2f175ff0-b33a-47b4-964b-2baa4c181c08 reason/Created 
May 25 15:22:32.318 - 2s    I ns/openshift-kube-scheduler pod/openshift-kube-scheduler-guard-ip-10-0-194-125.eu-central-1.compute.internal uid/2f175ff0-b33a-47b4-964b-2baa4c181c08 constructed/true reason/Scheduled node/ip-10-0-194-125.eu-central-1.compute.internal
May 25 15:22:32.318 I ns/openshift-kube-scheduler pod/openshift-kube-scheduler-guard-ip-10-0-194-125.eu-central-1.compute.internal node/ip-10-0-194-125.eu-central-1.compute.internal uid/2f175ff0-b33a-47b4-964b-2baa4c181c08 reason/Scheduled node/ip-10-0-194-125.eu-central-1.compute.internal
May 25 15:22:32.318 - 2s    I ns/openshift-kube-scheduler pod/openshift-kube-scheduler-guard-ip-10-0-194-125.eu-central-1.compute.internal uid/2f175ff0-b33a-47b4-964b-2baa4c181c08 container/guard constructed/true reason/ContainerStart cause/: 
May 25 15:22:32.318 I ns/openshift-kube-scheduler pod/openshift-kube-scheduler-guard-ip-10-0-194-125.eu-central-1.compute.internal node/ip-10-0-194-125.eu-central-1.compute.internal uid/2f175ff0-b33a-47b4-964b-2baa4c181c08 container/guard reason/ContainerStart cause/: 
May 25 15:22:32.318 - 0ms   I ns/openshift-kube-scheduler pod/openshift-kube-scheduler-guard-ip-10-0-194-125.eu-central-1.compute.internal uid/2f175ff0-b33a-47b4-964b-2baa4c181c08 container/guard constructed/true reason/NotReady missed real "NotReady"
May 25 15:22:32.318 - 2s    I ns/openshift-kube-scheduler pod/openshift-kube-scheduler-guard-ip-10-0-194-125.eu-central-1.compute.internal uid/2f175ff0-b33a-47b4-964b-2baa4c181c08 container/guard constructed/true reason/Ready 
May 25 15:22:32.318 I ns/openshift-kube-scheduler pod/openshift-kube-scheduler-guard-ip-10-0-194-125.eu-central-1.compute.internal node/ip-10-0-194-125.eu-central-1.compute.internal uid/2f175ff0-b33a-47b4-964b-2baa4c181c08 container/guard reason/Ready 
May 25 15:22:32.318 I ns/openshift-multus pod/multus-admission-controller-5b522 node/ip-10-0-174-32.eu-central-1.compute.internal uid/1cac330c-7ff4-4801-86a3-acb9747a8448 reason/Created 
May 25 15:22:32.318 - 2s    I ns/openshift-multus pod/multus-admission-controller-5b522 uid/1cac330c-7ff4-4801-86a3-acb9747a8448 constructed/true reason/Scheduled node/ip-10-0-174-32.eu-central-1.compute.internal
May 25 15:22:32.318 I ns/openshift-multus pod/multus-admission-controller-5b522 node/ip-10-0-174-32.eu-central-1.compute.internal uid/1cac330c-7ff4-4801-86a3-acb9747a8448 reason/Scheduled node/ip-10-0-174-32.eu-central-1.compute.internal
May 25 15:22:32.318 - 2s    I ns/openshift-multus pod/multus-admission-controller-5b522 uid/1cac330c-7ff4-4801-86a3-acb9747a8448 container/multus-admission-controller constructed/true reason/ContainerStart cause/: 
May 25 15:22:32.318 - 2s    I ns/openshift-multus pod/multus-admission-controller-5b522 uid/1cac330c-7ff4-4801-86a3-acb9747a8448 container/kube-rbac-proxy constructed/true reason/ContainerStart cause/: 
May 25 15:22:32.318 I ns/openshift-multus pod/multus-admission-controller-5b522 node/ip-10-0-174-32.eu-central-1.compute.internal uid/1cac330c-7ff4-4801-86a3-acb9747a8448 container/kube-rbac-proxy reason/ContainerStart cause/: 
May 25 15:22:32.318 I ns/openshift-multus pod/multus-admission-controller-5b522 node/ip-10-0-174-32.eu-central-1.compute.internal uid/1cac330c-7ff4-4801-86a3-acb9747a8448 container/multus-admission-controller reason/ContainerStart cause/: 
May 25 15:22:32.318 - 0ms   I ns/openshift-multus pod/multus-admission-controller-5b522 uid/1cac330c-7ff4-4801-86a3-acb9747a8448 container/multus-admission-controller constructed/true reason/NotReady missed real "NotReady"
May 25 15:22:32.318 - 0ms   I ns/openshift-multus pod/multus-admission-controller-5b522 uid/1cac330c-7ff4-4801-86a3-acb9747a8448 container/kube-rbac-proxy constructed/true reason/NotReady missed real "NotReady"
May 25 15:22:32.318 - 2s    I ns/openshift-multus pod/multus-admission-controller-5b522 uid/1cac330c-7ff4-4801-86a3-acb9747a8448 container/multus-admission-controller constructed/true reason/Ready 
May 25 15:22:32.318 - 2s    I ns/openshift-multus pod/multus-admission-controller-5b522 uid/1cac330c-7ff4-4801-86a3-acb9747a8448 container/kube-rbac-proxy constructed/true reason/Ready 
May 25 15:22:32.318 I ns/openshift-multus pod/multus-admission-controller-5b522 node/ip-10-0-174-32.eu-central-1.compute.internal uid/1cac330c-7ff4-4801-86a3-acb9747a8448 container/multus-admission-controller reason/Ready 
May 25 15:22:32.318 I ns/openshift-multus pod/multus-admission-controller-5b522 node/ip-10-0-174-32.eu-central-1.compute.internal uid/1cac330c-7ff4-4801-86a3-acb9747a8448 container/kube-rbac-proxy reason/Ready 
May 25 15:22:32.318 I ns/openshift-multus pod/network-metrics-daemon-lgqhk node/ip-10-0-131-226.eu-central-1.compute.internal uid/dcf9cf66-2f80-4424-a90e-15e7eb47e659 reason/Created 
May 25 15:22:32.318 - 2s    I ns/openshift-multus pod/network-metrics-daemon-lgqhk uid/dcf9cf66-2f80-4424-a90e-15e7eb47e659 constructed/true reason/Scheduled node/ip-10-0-131-226.eu-central-1.compute.internal
May 25 15:22:32.318 I ns/openshift-multus pod/network-metrics-daemon-lgqhk node/ip-10-0-131-226.eu-central-1.compute.internal uid/dcf9cf66-2f80-4424-a90e-15e7eb47e659 reason/Scheduled node/ip-10-0-131-226.eu-central-1.compute.internal
May 25 15:22:32.318 - 2s    I ns/openshift-multus pod/network-metrics-daemon-lgqhk uid/dcf9cf66-2f80-4424-a90e-15e7eb47e659 container/network-metrics-daemon constructed/true reason/ContainerStart cause/: 
May 25 15:22:32.318 - 2s    I ns/openshift-multus pod/network-metrics-daemon-lgqhk uid/dcf9cf66-2f80-4424-a90e-15e7eb47e659 container/kube-rbac-proxy constructed/true reason/ContainerStart cause/: 
May 25 15:22:32.318 I ns/openshift-multus pod/network-metrics-daemon-lgqhk node/ip-10-0-131-226.eu-central-1.compute.internal uid/dcf9cf66-2f80-4424-a90e-15e7eb47e659 container/kube-rbac-proxy reason/ContainerStart cause/: 
May 25 15:22:32.318 I ns/openshift-multus pod/network-metrics-daemon-lgqhk node/ip-10-0-131-226.eu-central-1.compute.internal uid/dcf9cf66-2f80-4424-a90e-15e7eb47e659 container/network-metrics-daemon reason/ContainerStart cause/: 
May 25 15:22:32.318 - 0ms   I ns/openshift-multus pod/network-metrics-daemon-lgqhk uid/dcf9cf66-2f80-4424-a90e-15e7eb47e659 container/network-metrics-daemon constructed/true reason/NotReady missed real "NotReady"
May 25 15:22:32.318 - 0ms   I ns/openshift-multus pod/network-metrics-daemon-lgqhk uid/dcf9cf66-2f80-4424-a90e-15e7eb47e659 container/kube-rbac-proxy constructed/true reason/NotReady missed real "NotReady"
May 25 15:22:32.318 - 2s    I ns/openshift-multus pod/network-metrics-daemon-lgqhk uid/dcf9cf66-2f80-4424-a90e-15e7eb47e659 container/kube-rbac-proxy constructed/true reason/Ready 
May 25 15:22:32.318 - 2s    I ns/openshift-multus pod/network-metrics-daemon-lgqhk uid/dcf9cf66-2f80-4424-a90e-15e7eb47e659 container/network-metrics-daemon constructed/true reason/Ready 
May 25 15:22:32.318 I ns/openshift-multus pod/network-metrics-daemon-lgqhk node/ip-10-0-131-226.eu-central-1.compute.internal uid/dcf9cf66-2f80-4424-a90e-15e7eb47e659 container/kube-rbac-proxy reason/Ready 
May 25 15:22:32.318 I ns/openshift-multus pod/network-metrics-daemon-lgqhk node/ip-10-0-131-226.eu-central-1.compute.internal uid/dcf9cf66-2f80-4424-a90e-15e7eb47e659 container/network-metrics-daemon reason/Ready 
May 25 15:22:32.318 I ns/openshift-controller-manager-operator pod/openshift-controller-manager-operator-84dddf5fd5-mddbg node/ip-10-0-174-32.eu-central-1.compute.internal uid/1ebe4302-45ea-456f-92ef-c7ba6a3e6671 reason/Created 
May 25 15:22:32.318 - 2s    I ns/openshift-controller-manager-operator pod/openshift-controller-manager-operator-84dddf5fd5-mddbg uid/1ebe4302-45ea-456f-92ef-c7ba6a3e6671 constructed/true reason/Scheduled node/ip-10-0-174-32.eu-central-1.compute.internal
May 25 15:22:32.318 I ns/openshift-controller-manager-operator pod/openshift-controller-manager-operator-84dddf5fd5-mddbg node/ip-10-0-174-32.eu-central-1.compute.internal uid/1ebe4302-45ea-456f-92ef-c7ba6a3e6671 reason/Scheduled node/ip-10-0-174-32.eu-central-1.compute.internal
May 25 15:22:32.318 - 2s    I ns/openshift-controller-manager-operator pod/openshift-controller-manager-operator-84dddf5fd5-mddbg uid/1ebe4302-45ea-456f-92ef-c7ba6a3e6671 container/openshift-controller-manager-operator constructed/true reason/ContainerStart cause/: 
May 25 15:22:32.318 I ns/openshift-controller-manager-operator pod/openshift-controller-manager-operator-84dddf5fd5-mddbg node/ip-10-0-174-32.eu-central-1.compute.internal uid/1ebe4302-45ea-456f-92ef-c7ba6a3e6671 container/openshift-controller-manager-operator reason/ContainerStart cause/: 
May 25 15:22:32.318 - 0ms   I ns/openshift-controller-manager-operator pod/openshift-controller-manager-operator-84dddf5fd5-mddbg uid/1ebe4302-45ea-456f-92ef-c7ba6a3e6671 container/openshift-controller-manager-operator constructed/true reason/NotReady missed real "NotReady"
May 25 15:22:32.318 - 2s    I ns/openshift-controller-manager-operator pod/openshift-controller-manager-operator-84dddf5fd5-mddbg uid/1ebe4302-45ea-456f-92ef-c7ba6a3e6671 container/openshift-controller-manager-operator constructed/true reason/Ready 
May 25 15:22:32.318 I ns/openshift-controller-manager-operator pod/openshift-controller-manager-operator-84dddf5fd5-mddbg node/ip-10-0-174-32.eu-central-1.compute.internal uid/1ebe4302-45ea-456f-92ef-c7ba6a3e6671 container/openshift-controller-manager-operator reason/Ready 
May 25 15:22:32.318 I ns/openshift-operator-lifecycle-manager pod/packageserver-745fd66bcc-wjdbk node/ip-10-0-174-32.eu-central-1.compute.internal uid/5514c145-89aa-4e34-89c2-433db43ad4d4 reason/Created 
May 25 15:22:32.318 - 2s    I ns/openshift-operator-lifecycle-manager pod/packageserver-745fd66bcc-wjdbk uid/5514c145-89aa-4e34-89c2-433db43ad4d4 constructed/true reason/Scheduled node/ip-10-0-174-32.eu-central-1.compute.internal
May 25 15:22:32.318 I ns/openshift-operator-lifecycle-manager pod/packageserver-745fd66bcc-wjdbk node/ip-10-0-174-32.eu-central-1.compute.internal uid/5514c145-89aa-4e34-89c2-433db43ad4d4 reason/Scheduled node/ip-10-0-174-32.eu-central-1.compute.internal
May 25 15:22:32.318 - 2s    I ns/openshift-operator-lifecycle-manager pod/packageserver-745fd66bcc-wjdbk uid/5514c145-89aa-4e34-89c2-433db43ad4d4 container/packageserver constructed/true reason/ContainerStart cause/: 
May 25 15:22:32.318 I ns/openshift-operator-lifecycle-manager pod/packageserver-745fd66bcc-wjdbk node/ip-10-0-174-32.eu-central-1.compute.internal uid/5514c145-89aa-4e34-89c2-433db43ad4d4 container/packageserver reason/ContainerStart cause/: 
May 25 15:22:32.318 - 0ms   I ns/openshift-operator-lifecycle-manager pod/packageserver-745fd66bcc-wjdbk uid/5514c145-89aa-4e34-89c2-433db43ad4d4 container/packageserver constructed/true reason/NotReady missed real "NotReady"
May 25 15:22:32.318 - 2s    I ns/openshift-operator-lifecycle-manager pod/packageserver-745fd66bcc-wjdbk uid/5514c145-89aa-4e34-89c2-433db43ad4d4 container/packageserver constructed/true reason/Ready 
May 25 15:22:32.318 I ns/openshift-operator-lifecycle-manager pod/packageserver-745fd66bcc-wjdbk node/ip-10-0-174-32.eu-central-1.compute.internal uid/5514c145-89aa-4e34-89c2-433db43ad4d4 container/packageserver reason/Ready 
May 25 15:22:32.318 I ns/openshift-apiserver-operator pod/openshift-apiserver-operator-74f4c55bb7-h85x9 node/ip-10-0-174-32.eu-central-1.compute.internal uid/c2c9f8c7-b631-4284-93a4-87f23c96f1f4 reason/Created 
May 25 15:22:32.318 - 2s    I ns/openshift-apiserver-operator pod/openshift-apiserver-operator-74f4c55bb7-h85x9 uid/c2c9f8c7-b631-4284-93a4-87f23c96f1f4 constructed/true reason/Scheduled node/ip-10-0-174-32.eu-central-1.compute.internal
May 25 15:22:32.318 I ns/openshift-apiserver-operator pod/openshift-apiserver-operator-74f4c55bb7-h85x9 node/ip-10-0-174-32.eu-central-1.compute.internal uid/c2c9f8c7-b631-4284-93a4-87f23c96f1f4 reason/Scheduled node/ip-10-0-174-32.eu-central-1.compute.internal
May 25 15:22:32.318 - 2s    I ns/openshift-apiserver-operator pod/openshift-apiserver-operator-74f4c55bb7-h85x9 uid/c2c9f8c7-b631-4284-93a4-87f23c96f1f4 container/openshift-apiserver-operator constructed/true reason/ContainerStart cause/: 
May 25 15:22:32.318 I ns/openshift-apiserver-operator pod/openshift-apiserver-operator-74f4c55bb7-h85x9 node/ip-10-0-174-32.eu-central-1.compute.internal uid/c2c9f8c7-b631-4284-93a4-87f23c96f1f4 container/openshift-apiserver-operator reason/ContainerStart cause/: 
May 25 15:22:32.318 - 0ms   I ns/openshift-apiserver-operator pod/openshift-apiserver-operator-74f4c55bb7-h85x9 uid/c2c9f8c7-b631-4284-93a4-87f23c96f1f4 container/openshift-apiserver-operator constructed/true reason/NotReady missed real "NotReady"
May 25 15:22:32.318 - 2s    I ns/openshift-apiserver-operator pod/openshift-apiserver-operator-74f4c55bb7-h85x9 uid/c2c9f8c7-b631-4284-93a4-87f23c96f1f4 container/openshift-apiserver-operator constructed/true reason/Ready 
May 25 15:22:32.318 I ns/openshift-apiserver-operator pod/openshift-apiserver-operator-74f4c55bb7-h85x9 node/ip-10-0-174-32.eu-central-1.compute.internal uid/c2c9f8c7-b631-4284-93a4-87f23c96f1f4 container/openshift-apiserver-operator reason/Ready 
May 25 15:22:32.318 I ns/openshift-ingress-canary pod/ingress-canary-tvxkg node/ip-10-0-131-226.eu-central-1.compute.internal uid/3f444a7b-0c2a-4ecf-b009-a0fc1e4444b9 reason/Created 
May 25 15:22:32.318 - 2s    I ns/openshift-ingress-canary pod/ingress-canary-tvxkg uid/3f444a7b-0c2a-4ecf-b009-a0fc1e4444b9 constructed/true reason/Scheduled node/ip-10-0-131-226.eu-central-1.compute.internal
May 25 15:22:32.318 I ns/openshift-ingress-canary pod/ingress-canary-tvxkg node/ip-10-0-131-226.eu-central-1.compute.internal uid/3f444a7b-0c2a-4ecf-b009-a0fc1e4444b9 reason/Scheduled node/ip-10-0-131-226.eu-central-1.compute.internal
May 25 15:22:32.318 - 2s    I ns/openshift-ingress-canary pod/ingress-canary-tvxkg uid/3f444a7b-0c2a-4ecf-b009-a0fc1e4444b9 container/serve-healthcheck-canary constructed/true reason/ContainerStart cause/: 
May 25 15:22:32.318 I ns/openshift-ingress-canary pod/ingress-canary-tvxkg node/ip-10-0-131-226.eu-central-1.compute.internal uid/3f444a7b-0c2a-4ecf-b009-a0fc1e4444b9 container/serve-healthcheck-canary reason/ContainerStart cause/: 
May 25 15:22:32.318 - 0ms   I ns/openshift-ingress-canary pod/ingress-canary-tvxkg uid/3f444a7b-0c2a-4ecf-b009-a0fc1e4444b9 container/serve-healthcheck-canary constructed/true reason/NotReady missed real "NotReady"
May 25 15:22:32.318 - 2s    I ns/openshift-ingress-canary pod/ingress-canary-tvxkg uid/3f444a7b-0c2a-4ecf-b009-a0fc1e4444b9 container/serve-healthcheck-canary constructed/true reason/Ready 
May 25 15:22:32.318 I ns/openshift-ingress-canary pod/ingress-canary-tvxkg node/ip-10-0-131-226.eu-central-1.compute.internal uid/3f444a7b-0c2a-4ecf-b009-a0fc1e4444b9 container/serve-healthcheck-canary reason/Ready 
May 25 15:22:32.318 I ns/openshift-kube-controller-manager pod/installer-6-ip-10-0-136-137.eu-central-1.compute.internal node/ip-10-0-136-137.eu-central-1.compute.internal uid/420e9647-f0a2-4701-a22b-719f91bf099b reason/Created 
May 25 15:22:32.318 I ns/openshift-kube-controller-manager pod/installer-6-ip-10-0-136-137.eu-central-1.compute.internal node/ip-10-0-136-137.eu-central-1.compute.internal uid/420e9647-f0a2-4701-a22b-719f91bf099b reason/Scheduled node/ip-10-0-136-137.eu-central-1.compute.internal
May 25 15:22:32.318 W ns/openshift-kube-controller-manager pod/installer-6-ip-10-0-136-137.eu-central-1.compute.internal node/ip-10-0-136-137.eu-central-1.compute.internal uid/420e9647-f0a2-4701-a22b-719f91bf099b container/installer reason/NotReady 
May 25 15:22:32.318 I ns/openshift-kube-scheduler pod/revision-pruner-6-ip-10-0-174-32.eu-central-1.compute.internal node/ip-10-0-174-32.eu-central-1.compute.internal uid/2e2c69dd-5806-418c-bfae-9c2cfebd1a6a reason/Created 
May 25 15:22:32.318 I ns/openshift-kube-scheduler pod/revision-pruner-6-ip-10-0-174-32.eu-central-1.compute.internal node/ip-10-0-174-32.eu-central-1.compute.internal uid/2e2c69dd-5806-418c-bfae-9c2cfebd1a6a reason/Scheduled node/ip-10-0-174-32.eu-central-1.compute.internal
May 25 15:22:32.318 W ns/openshift-kube-scheduler pod/revision-pruner-6-ip-10-0-174-32.eu-central-1.compute.internal node/ip-10-0-174-32.eu-central-1.compute.internal uid/2e2c69dd-5806-418c-bfae-9c2cfebd1a6a container/pruner reason/NotReady 
May 25 15:22:32.318 I ns/openshift-marketplace pod/redhat-operators-xc72n node/ip-10-0-194-125.eu-central-1.compute.internal uid/d7dff2b4-8bb6-4429-95e0-e17b9d5c023c reason/Created 
May 25 15:22:32.318 - 2s    I ns/openshift-marketplace pod/redhat-operators-xc72n uid/d7dff2b4-8bb6-4429-95e0-e17b9d5c023c constructed/true reason/Scheduled node/ip-10-0-194-125.eu-central-1.compute.internal
May 25 15:22:32.318 I ns/openshift-marketplace pod/redhat-operators-xc72n node/ip-10-0-194-125.eu-central-1.compute.internal uid/d7dff2b4-8bb6-4429-95e0-e17b9d5c023c reason/Scheduled node/ip-10-0-194-125.eu-central-1.compute.internal
May 25 15:22:32.318 - 2s    I ns/openshift-marketplace pod/redhat-operators-xc72n uid/d7dff2b4-8bb6-4429-95e0-e17b9d5c023c container/registry-server constructed/true reason/ContainerStart cause/: 
May 25 15:22:32.318 I ns/openshift-marketplace pod/redhat-operators-xc72n node/ip-10-0-194-125.eu-central-1.compute.internal uid/d7dff2b4-8bb6-4429-95e0-e17b9d5c023c container/registry-server reason/ContainerStart cause/: 
May 25 15:22:32.318 - 0ms   I ns/openshift-marketplace pod/redhat-operators-xc72n uid/d7dff2b4-8bb6-4429-95e0-e17b9d5c023c container/registry-server constructed/true reason/NotReady missed real "NotReady"
May 25 15:22:32.318 - 2s    I ns/openshift-marketplace pod/redhat-operators-xc72n uid/d7dff2b4-8bb6-4429-95e0-e17b9d5c023c container/registry-server constructed/true reason/Ready 
May 25 15:22:32.318 I ns/openshift-marketplace pod/redhat-operators-xc72n node/ip-10-0-194-125.eu-central-1.compute.internal uid/d7dff2b4-8bb6-4429-95e0-e17b9d5c023c container/registry-server reason/Ready 
May 25 15:22:32.318 I ns/openshift-kube-apiserver pod/installer-12-ip-10-0-136-137.eu-central-1.compute.internal node/ip-10-0-136-137.eu-central-1.compute.internal uid/e85c46bb-243c-4ae2-882f-ce19440f781d reason/Created 
May 25 15:22:32.318 I ns/openshift-kube-apiserver pod/installer-12-ip-10-0-136-137.eu-central-1.compute.internal node/ip-10-0-136-137.eu-central-1.compute.internal uid/e85c46bb-243c-4ae2-882f-ce19440f781d reason/Scheduled node/ip-10-0-136-137.eu-central-1.compute.internal
May 25 15:22:32.318 W ns/openshift-kube-apiserver pod/installer-12-ip-10-0-136-137.eu-central-1.compute.internal node/ip-10-0-136-137.eu-central-1.compute.internal uid/e85c46bb-243c-4ae2-882f-ce19440f781d container/installer reason/NotReady 
May 25 15:22:32.319 I ns/openshift-kube-apiserver pod/installer-13-ip-10-0-174-32.eu-central-1.compute.internal node/ip-10-0-174-32.eu-central-1.compute.internal uid/ff8c5375-be40-4d7a-97f7-37ad999d4fff reason/Created 
May 25 15:22:32.319 I ns/openshift-kube-apiserver pod/installer-13-ip-10-0-174-32.eu-central-1.compute.internal node/ip-10-0-174-32.eu-central-1.compute.internal uid/ff8c5375-be40-4d7a-97f7-37ad999d4fff reason/Scheduled node/ip-10-0-174-32.eu-central-1.compute.internal
May 25 15:22:32.319 W ns/openshift-kube-apiserver pod/installer-13-ip-10-0-174-32.eu-central-1.compute.internal node/ip-10-0-174-32.eu-central-1.compute.internal uid/ff8c5375-be40-4d7a-97f7-37ad999d4fff container/installer reason/NotReady 
May 25 15:22:32.319 I ns/openshift-apiserver pod/apiserver-68bb6bf5d-9s9w6 node/ip-10-0-194-125.eu-central-1.compute.internal uid/7914093c-b969-4e9d-aa47-f236b833b4c9 reason/Created 
May 25 15:22:32.319 - 2s    I ns/openshift-apiserver pod/apiserver-68bb6bf5d-9s9w6 uid/7914093c-b969-4e9d-aa47-f236b833b4c9 constructed/true reason/Scheduled node/ip-10-0-194-125.eu-central-1.compute.internal
May 25 15:22:32.319 I ns/openshift-apiserver pod/apiserver-68bb6bf5d-9s9w6 node/ip-10-0-194-125.eu-central-1.compute.internal uid/7914093c-b969-4e9d-aa47-f236b833b4c9 reason/Scheduled node/ip-10-0-194-125.eu-central-1.compute.internal
May 25 15:22:32.319 - 2s    I ns/openshift-apiserver pod/apiserver-68bb6bf5d-9s9w6 uid/7914093c-b969-4e9d-aa47-f236b833b4c9 container/openshift-apiserver constructed/true reason/ContainerStart cause/: 
May 25 15:22:32.319 - 2s    I ns/openshift-apiserver pod/apiserver-68bb6bf5d-9s9w6 uid/7914093c-b969-4e9d-aa47-f236b833b4c9 container/openshift-apiserver-check-endpoints constructed/true reason/ContainerStart cause/: 
May 25 15:22:32.319 I ns/openshift-apiserver pod/apiserver-68bb6bf5d-9s9w6 node/ip-10-0-194-125.eu-central-1.compute.internal uid/7914093c-b969-4e9d-aa47-f236b833b4c9 container/openshift-apiserver-check-endpoints reason/ContainerStart cause/: 
May 25 15:22:32.319 I ns/openshift-apiserver pod/apiserver-68bb6bf5d-9s9w6 node/ip-10-0-194-125.eu-central-1.compute.internal uid/7914093c-b969-4e9d-aa47-f236b833b4c9 container/openshift-apiserver reason/ContainerStart cause/: 
May 25 15:22:32.319 - 0ms   I ns/openshift-apiserver pod/apiserver-68bb6bf5d-9s9w6 uid/7914093c-b969-4e9d-aa47-f236b833b4c9 container/openshift-apiserver constructed/true reason/NotReady missed real "NotReady"
May 25 15:22:32.319 - 0ms   I ns/openshift-apiserver pod/apiserver-68bb6bf5d-9s9w6 uid/7914093c-b969-4e9d-aa47-f236b833b4c9 container/openshift-apiserver-check-endpoints constructed/true reason/NotReady missed real "NotReady"
May 25 15:22:32.319 - 2s    I ns/openshift-apiserver pod/apiserver-68bb6bf5d-9s9w6 uid/7914093c-b969-4e9d-aa47-f236b833b4c9 container/openshift-apiserver-check-endpoints constructed/true reason/Ready 
May 25 15:22:32.319 - 2s    I ns/openshift-apiserver pod/apiserver-68bb6bf5d-9s9w6 uid/7914093c-b969-4e9d-aa47-f236b833b4c9 container/openshift-apiserver constructed/true reason/Ready 
May 25 15:22:32.319 I ns/openshift-apiserver pod/apiserver-68bb6bf5d-9s9w6 node/ip-10-0-194-125.eu-central-1.compute.internal uid/7914093c-b969-4e9d-aa47-f236b833b4c9 container/fix-audit-permissions reason/Ready 
May 25 15:22:32.319 I ns/openshift-apiserver pod/apiserver-68bb6bf5d-9s9w6 node/ip-10-0-194-125.eu-central-1.compute.internal uid/7914093c-b969-4e9d-aa47-f236b833b4c9 container/openshift-apiserver reason/Ready 
May 25 15:22:32.319 I ns/openshift-apiserver pod/apiserver-68bb6bf5d-9s9w6 node/ip-10-0-194-125.eu-central-1.compute.internal uid/7914093c-b969-4e9d-aa47-f236b833b4c9 container/openshift-apiserver-check-endpoints reason/Ready 
May 25 15:22:32.319 I ns/openshift-cluster-storage-operator pod/csi-snapshot-controller-d5dcd7668-dpzgb node/ip-10-0-194-125.eu-central-1.compute.internal uid/e5f7acb3-d5ba-45ef-9fad-64b65b07f102 reason/Created 
May 25 15:22:32.319 - 2s    I ns/openshift-cluster-storage-operator pod/csi-snapshot-controller-d5dcd7668-dpzgb uid/e5f7acb3-d5ba-45ef-9fad-64b65b07f102 constructed/true reason/Scheduled node/ip-10-0-194-125.eu-central-1.compute.internal
May 25 15:22:32.319 I ns/openshift-cluster-storage-operator pod/csi-snapshot-controller-d5dcd7668-dpzgb node/ip-10-0-194-125.eu-central-1.compute.internal uid/e5f7acb3-d5ba-45ef-9fad-64b65b07f102 reason/Scheduled node/ip-10-0-194-125.eu-central-1.compute.internal
May 25 15:22:32.319 - 2s    I ns/openshift-cluster-storage-operator pod/csi-snapshot-controller-d5dcd7668-dpzgb uid/e5f7acb3-d5ba-45ef-9fad-64b65b07f102 container/snapshot-controller constructed/true reason/ContainerStart cause/: 
May 25 15:22:32.319 I ns/openshift-cluster-storage-operator pod/csi-snapshot-controller-d5dcd7668-dpzgb node/ip-10-0-194-125.eu-central-1.compute.internal uid/e5f7acb3-d5ba-45ef-9fad-64b65b07f102 container/snapshot-controller reason/ContainerStart cause/: 
May 25 15:22:32.319 - 0ms   I ns/openshift-cluster-storage-operator pod/csi-snapshot-controller-d5dcd7668-dpzgb uid/e5f7acb3-d5ba-45ef-9fad-64b65b07f102 container/snapshot-controller constructed/true reason/NotReady missed real "NotReady"
May 25 15:22:32.319 - 2s    I ns/openshift-cluster-storage-operator pod/csi-snapshot-controller-d5dcd7668-dpzgb uid/e5f7acb3-d5ba-45ef-9fad-64b65b07f102 container/snapshot-controller constructed/true reason/Ready 
May 25 15:22:32.319 I ns/openshift-cluster-storage-operator pod/csi-snapshot-controller-d5dcd7668-dpzgb node/ip-10-0-194-125.eu-central-1.compute.internal uid/e5f7acb3-d5ba-45ef-9fad-64b65b07f102 container/snapshot-controller reason/Ready 
May 25 15:22:32.319 I ns/openshift-kube-controller-manager pod/revision-pruner-7-ip-10-0-174-32.eu-central-1.compute.internal node/ip-10-0-174-32.eu-central-1.compute.internal uid/17691205-49c3-4243-a857-8b826972a45d reason/Created 
May 25 15:22:32.319 I ns/openshift-kube-controller-manager pod/revision-pruner-7-ip-10-0-174-32.eu-central-1.compute.internal node/ip-10-0-174-32.eu-central-1.compute.internal uid/17691205-49c3-4243-a857-8b826972a45d reason/Scheduled node/ip-10-0-174-32.eu-central-1.compute.internal
May 25 15:22:32.319 W ns/openshift-kube-controller-manager pod/revision-pruner-7-ip-10-0-174-32.eu-central-1.compute.internal node/ip-10-0-174-32.eu-central-1.compute.internal uid/17691205-49c3-4243-a857-8b826972a45d container/pruner reason/NotReady 
May 25 15:22:32.319 I ns/openshift-console pod/console-8659799f66-8j75l node/ip-10-0-174-32.eu-central-1.compute.internal uid/76a73abe-4873-4c36-99fb-9c4b99b2f38a reason/Created 
May 25 15:22:32.319 - 2s    I ns/openshift-console pod/console-8659799f66-8j75l uid/76a73abe-4873-4c36-99fb-9c4b99b2f38a constructed/true reason/Scheduled node/ip-10-0-174-32.eu-central-1.compute.internal
May 25 15:22:32.319 I ns/openshift-console pod/console-8659799f66-8j75l node/ip-10-0-174-32.eu-central-1.compute.internal uid/76a73abe-4873-4c36-99fb-9c4b99b2f38a reason/Scheduled node/ip-10-0-174-32.eu-central-1.compute.internal
May 25 15:22:32.319 - 2s    I ns/openshift-console pod/console-8659799f66-8j75l uid/76a73abe-4873-4c36-99fb-9c4b99b2f38a container/console constructed/true reason/ContainerStart cause/: 
May 25 15:22:32.319 I ns/openshift-console pod/console-8659799f66-8j75l node/ip-10-0-174-32.eu-central-1.compute.internal uid/76a73abe-4873-4c36-99fb-9c4b99b2f38a container/console reason/ContainerStart cause/: 
May 25 15:22:32.319 - 0ms   I ns/openshift-console pod/console-8659799f66-8j75l uid/76a73abe-4873-4c36-99fb-9c4b99b2f38a container/console constructed/true reason/NotReady missed real "NotReady"
May 25 15:22:32.319 - 2s    I ns/openshift-console pod/console-8659799f66-8j75l uid/76a73abe-4873-4c36-99fb-9c4b99b2f38a container/console constructed/true reason/Ready 
May 25 15:22:32.319 I ns/openshift-console pod/console-8659799f66-8j75l node/ip-10-0-174-32.eu-central-1.compute.internal uid/76a73abe-4873-4c36-99fb-9c4b99b2f38a container/console reason/Ready 
May 25 15:22:32.319 I ns/openshift-image-registry pod/node-ca-lc8k7 node/ip-10-0-194-125.eu-central-1.compute.internal uid/125f7b53-631b-45fa-9600-c0b6d27a24e2 reason/Created 
May 25 15:22:32.319 - 2s    I ns/openshift-image-registry pod/node-ca-lc8k7 uid/125f7b53-631b-45fa-9600-c0b6d27a24e2 constructed/true reason/Scheduled node/ip-10-0-194-125.eu-central-1.compute.internal
May 25 15:22:32.319 I ns/openshift-image-registry pod/node-ca-lc8k7 node/ip-10-0-194-125.eu-central-1.compute.internal uid/125f7b53-631b-45fa-9600-c0b6d27a24e2 reason/Scheduled node/ip-10-0-194-125.eu-central-1.compute.internal
May 25 15:22:32.319 - 2s    I ns/openshift-image-registry pod/node-ca-lc8k7 uid/125f7b53-631b-45fa-9600-c0b6d27a24e2 container/node-ca constructed/true reason/ContainerStart cause/: 
May 25 15:22:32.319 I ns/openshift-image-registry pod/node-ca-lc8k7 node/ip-10-0-194-125.eu-central-1.compute.internal uid/125f7b53-631b-45fa-9600-c0b6d27a24e2 container/node-ca reason/ContainerStart cause/: 
May 25 15:22:32.319 - 0ms   I ns/openshift-image-registry pod/node-ca-lc8k7 uid/125f7b53-631b-45fa-9600-c0b6d27a24e2 container/node-ca constructed/true reason/NotReady missed real "NotReady"
May 25 15:22:32.319 - 2s    I ns/openshift-image-registry pod/node-ca-lc8k7 uid/125f7b53-631b-45fa-9600-c0b6d27a24e2 container/node-ca constructed/true reason/Ready 
May 25 15:22:32.319 I ns/openshift-image-registry pod/node-ca-lc8k7 node/ip-10-0-194-125.eu-central-1.compute.internal uid/125f7b53-631b-45fa-9600-c0b6d27a24e2 container/node-ca reason/Ready 
May 25 15:22:32.319 I ns/openshift-kube-scheduler pod/installer-5-ip-10-0-194-125.eu-central-1.compute.internal node/ip-10-0-194-125.eu-central-1.compute.internal uid/5ad7f15d-59cc-4605-b81b-a2fd50294f3b reason/Created 
May 25 15:22:32.319 I ns/openshift-kube-scheduler pod/installer-5-ip-10-0-194-125.eu-central-1.compute.internal node/ip-10-0-194-125.eu-central-1.compute.internal uid/5ad7f15d-59cc-4605-b81b-a2fd50294f3b reason/Scheduled node/ip-10-0-194-125.eu-central-1.compute.internal
May 25 15:22:32.319 W ns/openshift-kube-scheduler pod/installer-5-ip-10-0-194-125.eu-central-1.compute.internal node/ip-10-0-194-125.eu-central-1.compute.internal uid/5ad7f15d-59cc-4605-b81b-a2fd50294f3b container/installer reason/NotReady 
May 25 15:22:32.319 I ns/openshift-multus pod/multus-admission-controller-5lwfq node/ip-10-0-194-125.eu-central-1.compute.internal uid/d3f7d397-7071-4c50-9c30-8fd2344db17f reason/Created 
May 25 15:22:32.319 - 2s    I ns/openshift-multus pod/multus-admission-controller-5lwfq uid/d3f7d397-7071-4c50-9c30-8fd2344db17f constructed/true reason/Scheduled node/ip-10-0-194-125.eu-central-1.compute.internal
May 25 15:22:32.319 I ns/openshift-multus pod/multus-admission-controller-5lwfq node/ip-10-0-194-125.eu-central-1.compute.internal uid/d3f7d397-7071-4c50-9c30-8fd2344db17f reason/Scheduled node/ip-10-0-194-125.eu-central-1.compute.internal
May 25 15:22:32.319 - 2s    I ns/openshift-multus pod/multus-admission-controller-5lwfq uid/d3f7d397-7071-4c50-9c30-8fd2344db17f container/multus-admission-controller constructed/true reason/ContainerStart cause/: 
May 25 15:22:32.319 - 2s    I ns/openshift-multus pod/multus-admission-controller-5lwfq uid/d3f7d397-7071-4c50-9c30-8fd2344db17f container/kube-rbac-proxy constructed/true reason/ContainerStart cause/: 
May 25 15:22:32.319 I ns/openshift-multus pod/multus-admission-controller-5lwfq node/ip-10-0-194-125.eu-central-1.compute.internal uid/d3f7d397-7071-4c50-9c30-8fd2344db17f container/kube-rbac-proxy reason/ContainerStart cause/: 
May 25 15:22:32.319 I ns/openshift-multus pod/multus-admission-controller-5lwfq node/ip-10-0-194-125.eu-central-1.compute.internal uid/d3f7d397-7071-4c50-9c30-8fd2344db17f container/multus-admission-controller reason/ContainerStart cause/: 
May 25 15:22:32.319 - 0ms   I ns/openshift-multus pod/multus-admission-controller-5lwfq uid/d3f7d397-7071-4c50-9c30-8fd2344db17f container/kube-rbac-proxy constructed/true reason/NotReady missed real "NotReady"
May 25 15:22:32.319 - 0ms   I ns/openshift-multus pod/multus-admission-controller-5lwfq uid/d3f7d397-7071-4c50-9c30-8fd2344db17f container/multus-admission-controller constructed/true reason/NotReady missed real "NotReady"
May 25 15:22:32.319 - 2s    I ns/openshift-multus pod/multus-admission-controller-5lwfq uid/d3f7d397-7071-4c50-9c30-8fd2344db17f container/multus-admission-controller constructed/true reason/Ready 
May 25 15:22:32.319 - 2s    I ns/openshift-multus pod/multus-admission-controller-5lwfq uid/d3f7d397-7071-4c50-9c30-8fd2344db17f container/kube-rbac-proxy constructed/true reason/Ready 
May 25 15:22:32.319 I ns/openshift-multus pod/multus-admission-controller-5lwfq node/ip-10-0-194-125.eu-central-1.compute.internal uid/d3f7d397-7071-4c50-9c30-8fd2344db17f container/multus-admission-controller reason/Ready 
May 25 15:22:32.319 I ns/openshift-multus pod/multus-admission-controller-5lwfq node/ip-10-0-194-125.eu-central-1.compute.internal uid/d3f7d397-7071-4c50-9c30-8fd2344db17f container/kube-rbac-proxy reason/Ready 
May 25 15:22:32.319 I ns/openshift-network-diagnostics pod/network-check-source-74b5696f69-p5wnt node/ip-10-0-207-138.eu-central-1.compute.internal uid/b3d2e79f-4261-42b1-8599-a1325a4ec7dc reason/Created 
May 25 15:22:32.319 - 2s    I ns/openshift-network-diagnostics pod/network-check-source-74b5696f69-p5wnt uid/b3d2e79f-4261-42b1-8599-a1325a4ec7dc constructed/true reason/Scheduled node/ip-10-0-207-138.eu-central-1.compute.internal
May 25 15:22:32.319 I ns/openshift-network-diagnostics pod/network-check-source-74b5696f69-p5wnt node/ip-10-0-207-138.eu-central-1.compute.internal uid/b3d2e79f-4261-42b1-8599-a1325a4ec7dc reason/Scheduled node/ip-10-0-207-138.eu-central-1.compute.internal
May 25 15:22:32.319 - 2s    I ns/openshift-network-diagnostics pod/network-check-source-74b5696f69-p5wnt uid/b3d2e79f-4261-42b1-8599-a1325a4ec7dc container/check-endpoints constructed/true reason/ContainerStart cause/: 
May 25 15:22:32.319 I ns/openshift-network-diagnostics pod/network-check-source-74b5696f69-p5wnt node/ip-10-0-207-138.eu-central-1.compute.internal uid/b3d2e79f-4261-42b1-8599-a1325a4ec7dc container/check-endpoints reason/ContainerStart cause/: 
May 25 15:22:32.319 - 0ms   I ns/openshift-network-diagnostics pod/network-check-source-74b5696f69-p5wnt uid/b3d2e79f-4261-42b1-8599-a1325a4ec7dc container/check-endpoints constructed/true reason/NotReady missed real "NotReady"
May 25 15:22:32.319 - 2s    I ns/openshift-network-diagnostics pod/network-check-source-74b5696f69-p5wnt uid/b3d2e79f-4261-42b1-8599-a1325a4ec7dc container/check-endpoints constructed/true reason/Ready 
May 25 15:22:32.319 I ns/openshift-network-diagnostics pod/network-check-source-74b5696f69-p5wnt node/ip-10-0-207-138.eu-central-1.compute.internal uid/b3d2e79f-4261-42b1-8599-a1325a4ec7dc container/check-endpoints reason/Ready 
May 25 15:22:32.319 I ns/openshift-operator-lifecycle-manager pod/collect-profiles-27558195-bpmcv node/ip-10-0-207-138.eu-central-1.compute.internal uid/b5121808-546c-4cfe-b6ae-e33b19eaeea8 reason/Created 
May 25 15:22:32.319 I ns/openshift-operator-lifecycle-manager pod/collect-profiles-27558195-bpmcv node/ip-10-0-207-138.eu-central-1.compute.internal uid/b5121808-546c-4cfe-b6ae-e33b19eaeea8 reason/Scheduled node/ip-10-0-207-138.eu-central-1.compute.internal
May 25 15:22:32.319 W ns/openshift-operator-lifecycle-manager pod/collect-profiles-27558195-bpmcv node/ip-10-0-207-138.eu-central-1.compute.internal uid/b5121808-546c-4cfe-b6ae-e33b19eaeea8 container/collect-profiles reason/NotReady 
May 25 15:22:32.319 I ns/openshift-cloud-controller-manager-operator pod/cluster-cloud-controller-manager-operator-76c598d447-59l5b node/ip-10-0-174-32.eu-central-1.compute.internal uid/0c899937-1095-4812-a64e-0ea24ab0754d reason/Created 
May 25 15:22:32.319 - 2s    I ns/openshift-cloud-controller-manager-operator pod/cluster-cloud-controller-manager-operator-76c598d447-59l5b uid/0c899937-1095-4812-a64e-0ea24ab0754d constructed/true reason/Scheduled node/ip-10-0-174-32.eu-central-1.compute.internal
May 25 15:22:32.319 I ns/openshift-cloud-controller-manager-operator pod/cluster-cloud-controller-manager-operator-76c598d447-59l5b node/ip-10-0-174-32.eu-central-1.compute.internal uid/0c899937-1095-4812-a64e-0ea24ab0754d reason/Scheduled node/ip-10-0-174-32.eu-central-1.compute.internal
May 25 15:22:32.319 - 2s    I ns/openshift-cloud-controller-manager-operator pod/cluster-cloud-controller-manager-operator-76c598d447-59l5b uid/0c899937-1095-4812-a64e-0ea24ab0754d container/cluster-cloud-controller-manager constructed/true reason/ContainerStart cause/: 
May 25 15:22:32.319 - 2s    I ns/openshift-cloud-controller-manager-operator pod/cluster-cloud-controller-manager-operator-76c598d447-59l5b uid/0c899937-1095-4812-a64e-0ea24ab0754d container/config-sync-controllers constructed/true reason/ContainerStart cause/: 
May 25 15:22:32.319 I ns/openshift-cloud-controller-manager-operator pod/cluster-cloud-controller-manager-operator-76c598d447-59l5b node/ip-10-0-174-32.eu-central-1.compute.internal uid/0c899937-1095-4812-a64e-0ea24ab0754d container/cluster-cloud-controller-manager reason/ContainerStart cause/: 
May 25 15:22:32.319 I ns/openshift-cloud-controller-manager-operator pod/cluster-cloud-controller-manager-operator-76c598d447-59l5b node/ip-10-0-174-32.eu-central-1.compute.internal uid/0c899937-1095-4812-a64e-0ea24ab0754d container/config-sync-controllers reason/ContainerStart cause/: 
May 25 15:22:32.319 - 0ms   I ns/openshift-cloud-controller-manager-operator pod/cluster-cloud-controller-manager-operator-76c598d447-59l5b uid/0c899937-1095-4812-a64e-0ea24ab0754d container/cluster-cloud-controller-manager constructed/true reason/NotReady missed real "NotReady"
May 25 15:22:32.319 - 0ms   I ns/openshift-cloud-controller-manager-operator pod/cluster-cloud-controller-manager-operator-76c598d447-59l5b uid/0c899937-1095-4812-a64e-0ea24ab0754d container/config-sync-controllers constructed/true reason/NotReady missed real "NotReady"
May 25 15:22:32.319 - 2s    I ns/openshift-cloud-controller-manager-operator pod/cluster-cloud-controller-manager-operator-76c598d447-59l5b uid/0c899937-1095-4812-a64e-0ea24ab0754d container/cluster-cloud-controller-manager constructed/true reason/Ready 
May 25 15:22:32.319 - 2s    I ns/openshift-cloud-controller-manager-operator pod/cluster-cloud-controller-manager-operator-76c598d447-59l5b uid/0c899937-1095-4812-a64e-0ea24ab0754d container/config-sync-controllers constructed/true reason/Ready 
May 25 15:22:32.319 I ns/openshift-cloud-controller-manager-operator pod/cluster-cloud-controller-manager-operator-76c598d447-59l5b node/ip-10-0-174-32.eu-central-1.compute.internal uid/0c899937-1095-4812-a64e-0ea24ab0754d container/config-sync-controllers reason/Ready 
May 25 15:22:32.319 I ns/openshift-cloud-controller-manager-operator pod/cluster-cloud-controller-manager-operator-76c598d447-59l5b node/ip-10-0-174-32.eu-central-1.compute.internal uid/0c899937-1095-4812-a64e-0ea24ab0754d container/cluster-cloud-controller-manager reason/Ready 
May 25 15:22:32.319 I ns/openshift-kube-apiserver pod/installer-11-ip-10-0-194-125.eu-central-1.compute.internal node/ip-10-0-194-125.eu-central-1.compute.internal uid/140e1287-9117-4f4a-bcf2-d7c72154cad2 reason/Created 
May 25 15:22:32.319 I ns/openshift-kube-apiserver pod/installer-11-ip-10-0-194-125.eu-central-1.compute.internal node/ip-10-0-194-125.eu-central-1.compute.internal uid/140e1287-9117-4f4a-bcf2-d7c72154cad2 reason/Scheduled node/ip-10-0-194-125.eu-central-1.compute.internal
May 25 15:22:32.319 W ns/openshift-kube-apiserver pod/installer-11-ip-10-0-194-125.eu-central-1.compute.internal node/ip-10-0-194-125.eu-central-1.compute.internal uid/140e1287-9117-4f4a-bcf2-d7c72154cad2 container/installer reason/NotReady 
May 25 15:22:32.319 I ns/openshift-kube-controller-manager pod/revision-pruner-7-ip-10-0-194-125.eu-central-1.compute.internal node/ip-10-0-194-125.eu-central-1.compute.internal uid/5de29ae8-5d96-476e-8e48-d390bcdbd379 reason/Created 
May 25 15:22:32.319 I ns/openshift-kube-controller-manager pod/revision-pruner-7-ip-10-0-194-125.eu-central-1.compute.internal node/ip-10-0-194-125.eu-central-1.compute.internal uid/5de29ae8-5d96-476e-8e48-d390bcdbd379 reason/Scheduled node/ip-10-0-194-125.eu-central-1.compute.internal
May 25 15:22:32.319 W ns/openshift-kube-controller-manager pod/revision-pruner-7-ip-10-0-194-125.eu-central-1.compute.internal node/ip-10-0-194-125.eu-central-1.compute.internal uid/5de29ae8-5d96-476e-8e48-d390bcdbd379 container/pruner reason/NotReady 
May 25 15:22:32.319 I ns/openshift-kube-scheduler pod/openshift-kube-scheduler-guard-ip-10-0-136-137.eu-central-1.compute.internal node/ip-10-0-136-137.eu-central-1.compute.internal uid/2eb7fbd0-f748-4365-b59a-d806236f9895 reason/Created 
May 25 15:22:32.319 - 2s    I ns/openshift-kube-scheduler pod/openshift-kube-scheduler-guard-ip-10-0-136-137.eu-central-1.compute.internal uid/2eb7fbd0-f748-4365-b59a-d806236f9895 constructed/true reason/Scheduled node/ip-10-0-136-137.eu-central-1.compute.internal
May 25 15:22:32.319 I ns/openshift-kube-scheduler pod/openshift-kube-scheduler-guard-ip-10-0-136-137.eu-central-1.compute.internal node/ip-10-0-136-137.eu-central-1.compute.internal uid/2eb7fbd0-f748-4365-b59a-d806236f9895 reason/Scheduled node/ip-10-0-136-137.eu-central-1.compute.internal
May 25 15:22:32.319 - 2s    I ns/openshift-kube-scheduler pod/openshift-kube-scheduler-guard-ip-10-0-136-137.eu-central-1.compute.internal uid/2eb7fbd0-f748-4365-b59a-d806236f9895 container/guard constructed/true reason/ContainerStart cause/: 
May 25 15:22:32.319 I ns/openshift-kube-scheduler pod/openshift-kube-scheduler-guard-ip-10-0-136-137.eu-central-1.compute.internal node/ip-10-0-136-137.eu-central-1.compute.internal uid/2eb7fbd0-f748-4365-b59a-d806236f9895 container/guard reason/ContainerStart cause/: 
May 25 15:22:32.319 - 0ms   I ns/openshift-kube-scheduler pod/openshift-kube-scheduler-guard-ip-10-0-136-137.eu-central-1.compute.internal uid/2eb7fbd0-f748-4365-b59a-d806236f9895 container/guard constructed/true reason/NotReady missed real "NotReady"
May 25 15:22:32.319 - 2s    I ns/openshift-kube-scheduler pod/openshift-kube-scheduler-guard-ip-10-0-136-137.eu-central-1.compute.internal uid/2eb7fbd0-f748-4365-b59a-d806236f9895 container/guard constructed/true reason/Ready 
May 25 15:22:32.319 I ns/openshift-kube-scheduler pod/openshift-kube-scheduler-guard-ip-10-0-136-137.eu-central-1.compute.internal node/ip-10-0-136-137.eu-central-1.compute.internal uid/2eb7fbd0-f748-4365-b59a-d806236f9895 container/guard reason/Ready 
May 25 15:22:32.319 I ns/openshift-monitoring pod/node-exporter-25jqm node/ip-10-0-194-125.eu-central-1.compute.internal uid/133132d6-06d3-46a0-813e-02d84f33cd23 reason/Created 
May 25 15:22:32.319 - 2s    I ns/openshift-monitoring pod/node-exporter-25jqm uid/133132d6-06d3-46a0-813e-02d84f33cd23 constructed/true reason/Scheduled node/ip-10-0-194-125.eu-central-1.compute.internal
May 25 15:22:32.319 I ns/openshift-monitoring pod/node-exporter-25jqm node/ip-10-0-194-125.eu-central-1.compute.internal uid/133132d6-06d3-46a0-813e-02d84f33cd23 reason/Scheduled node/ip-10-0-194-125.eu-central-1.compute.internal
May 25 15:22:32.319 - 2s    I ns/openshift-monitoring pod/node-exporter-25jqm uid/133132d6-06d3-46a0-813e-02d84f33cd23 container/node-exporter constructed/true reason/ContainerStart cause/: 
May 25 15:22:32.319 - 2s    I ns/openshift-monitoring pod/node-exporter-25jqm uid/133132d6-06d3-46a0-813e-02d84f33cd23 container/kube-rbac-proxy constructed/true reason/ContainerStart cause/: 
May 25 15:22:32.319 I ns/openshift-monitoring pod/node-exporter-25jqm node/ip-10-0-194-125.eu-central-1.compute.internal uid/133132d6-06d3-46a0-813e-02d84f33cd23 container/kube-rbac-proxy reason/ContainerStart cause/: 
May 25 15:22:32.319 I ns/openshift-monitoring pod/node-exporter-25jqm node/ip-10-0-194-125.eu-central-1.compute.internal uid/133132d6-06d3-46a0-813e-02d84f33cd23 container/node-exporter reason/ContainerStart cause/: 
May 25 15:22:32.319 - 0ms   I ns/openshift-monitoring pod/node-exporter-25jqm uid/133132d6-06d3-46a0-813e-02d84f33cd23 container/kube-rbac-proxy constructed/true reason/NotReady missed real "NotReady"
May 25 15:22:32.319 - 0ms   I ns/openshift-monitoring pod/node-exporter-25jqm uid/133132d6-06d3-46a0-813e-02d84f33cd23 container/node-exporter constructed/true reason/NotReady missed real "NotReady"
May 25 15:22:32.319 - 2s    I ns/openshift-monitoring pod/node-exporter-25jqm uid/133132d6-06d3-46a0-813e-02d84f33cd23 container/kube-rbac-proxy constructed/true reason/Ready 
May 25 15:22:32.319 - 2s    I ns/openshift-monitoring pod/node-exporter-25jqm uid/133132d6-06d3-46a0-813e-02d84f33cd23 container/node-exporter constructed/true reason/Ready 
May 25 15:22:32.319 I ns/openshift-monitoring pod/node-exporter-25jqm node/ip-10-0-194-125.eu-central-1.compute.internal uid/133132d6-06d3-46a0-813e-02d84f33cd23 container/node-exporter reason/Ready 
May 25 15:22:32.319 I ns/openshift-monitoring pod/node-exporter-25jqm node/ip-10-0-194-125.eu-central-1.compute.internal uid/133132d6-06d3-46a0-813e-02d84f33cd23 container/kube-rbac-proxy reason/Ready 
May 25 15:22:32.319 I ns/openshift-monitoring pod/node-exporter-25jqm node/ip-10-0-194-125.eu-central-1.compute.internal uid/133132d6-06d3-46a0-813e-02d84f33cd23 container/init-textfile reason/Ready 
May 25 15:22:32.319 I ns/openshift-kube-scheduler pod/installer-5-ip-10-0-174-32.eu-central-1.compute.internal node/ip-10-0-174-32.eu-central-1.compute.internal uid/27fe04a4-5cc8-45fb-b234-9df1a7d034e1 reason/Created 
May 25 15:22:32.319 I ns/openshift-kube-scheduler pod/installer-5-ip-10-0-174-32.eu-central-1.compute.internal node/ip-10-0-174-32.eu-central-1.compute.internal uid/27fe04a4-5cc8-45fb-b234-9df1a7d034e1 reason/Scheduled node/ip-10-0-174-32.eu-central-1.compute.internal
May 25 15:22:32.319 W ns/openshift-kube-scheduler pod/installer-5-ip-10-0-174-32.eu-central-1.compute.internal node/ip-10-0-174-32.eu-central-1.compute.internal uid/27fe04a4-5cc8-45fb-b234-9df1a7d034e1 container/installer reason/NotReady 
May 25 15:22:32.319 I ns/openshift-machine-api pod/machine-api-controllers-796fcb7bbf-6zpd9 node/ip-10-0-194-125.eu-central-1.compute.internal uid/f062f376-7577-48a6-ac32-436eab5125ac reason/Created 
May 25 15:22:32.319 - 2s    I ns/openshift-machine-api pod/machine-api-controllers-796fcb7bbf-6zpd9 uid/f062f376-7577-48a6-ac32-436eab5125ac constructed/true reason/Scheduled node/ip-10-0-194-125.eu-central-1.compute.internal
May 25 15:22:32.319 I ns/openshift-machine-api pod/machine-api-controllers-796fcb7bbf-6zpd9 node/ip-10-0-194-125.eu-central-1.compute.internal uid/f062f376-7577-48a6-ac32-436eab5125ac reason/Scheduled node/ip-10-0-194-125.eu-central-1.compute.internal
May 25 15:22:32.319 - 2s    I ns/openshift-machine-api pod/machine-api-controllers-796fcb7bbf-6zpd9 uid/f062f376-7577-48a6-ac32-436eab5125ac container/machine-controller constructed/true reason/ContainerStart cause/: 
May 25 15:22:32.319 - 2s    I ns/openshift-machine-api pod/machine-api-controllers-796fcb7bbf-6zpd9 uid/f062f376-7577-48a6-ac32-436eab5125ac container/kube-rbac-proxy-mhc-mtrc constructed/true reason/ContainerStart cause/: 
May 25 15:22:32.319 - 2s    I ns/openshift-machine-api pod/machine-api-controllers-796fcb7bbf-6zpd9 uid/f062f376-7577-48a6-ac32-436eab5125ac container/nodelink-controller constructed/true reason/ContainerStart cause/: 
May 25 15:22:32.319 - 2s    I ns/openshift-machine-api pod/machine-api-controllers-796fcb7bbf-6zpd9 uid/f062f376-7577-48a6-ac32-436eab5125ac container/machine-healthcheck-controller constructed/true reason/ContainerStart cause/: 
May 25 15:22:32.319 - 2s    I ns/openshift-machine-api pod/machine-api-controllers-796fcb7bbf-6zpd9 uid/f062f376-7577-48a6-ac32-436eab5125ac container/kube-rbac-proxy-machineset-mtrc constructed/true reason/ContainerStart cause/: 
May 25 15:22:32.319 - 2s    I ns/openshift-machine-api pod/machine-api-controllers-796fcb7bbf-6zpd9 uid/f062f376-7577-48a6-ac32-436eab5125ac container/machineset-controller constructed/true reason/ContainerStart cause/: 
May 25 15:22:32.319 - 2s    I ns/openshift-machine-api pod/machine-api-controllers-796fcb7bbf-6zpd9 uid/f062f376-7577-48a6-ac32-436eab5125ac container/kube-rbac-proxy-machine-mtrc constructed/true reason/ContainerStart cause/: 
May 25 15:22:32.319 I ns/openshift-machine-api pod/machine-api-controllers-796fcb7bbf-6zpd9 node/ip-10-0-194-125.eu-central-1.compute.internal uid/f062f376-7577-48a6-ac32-436eab5125ac container/nodelink-controller reason/ContainerStart cause/: 
May 25 15:22:32.319 I ns/openshift-machine-api pod/machine-api-controllers-796fcb7bbf-6zpd9 node/ip-10-0-194-125.eu-central-1.compute.internal uid/f062f376-7577-48a6-ac32-436eab5125ac container/machine-healthcheck-controller reason/ContainerStart cause/: 
May 25 15:22:32.319 I ns/openshift-machine-api pod/machine-api-controllers-796fcb7bbf-6zpd9 node/ip-10-0-194-125.eu-central-1.compute.internal uid/f062f376-7577-48a6-ac32-436eab5125ac container/kube-rbac-proxy-machineset-mtrc reason/ContainerStart cause/: 
May 25 15:22:32.319 I ns/openshift-machine-api pod/machine-api-controllers-796fcb7bbf-6zpd9 node/ip-10-0-194-125.eu-central-1.compute.internal uid/f062f376-7577-48a6-ac32-436eab5125ac container/kube-rbac-proxy-mhc-mtrc reason/ContainerStart cause/: 
May 25 15:22:32.319 I ns/openshift-machine-api pod/machine-api-controllers-796fcb7bbf-6zpd9 node/ip-10-0-194-125.eu-central-1.compute.internal uid/f062f376-7577-48a6-ac32-436eab5125ac container/machineset-controller reason/ContainerStart cause/: 
May 25 15:22:32.319 I ns/openshift-machine-api pod/machine-api-controllers-796fcb7bbf-6zpd9 node/ip-10-0-194-125.eu-central-1.compute.internal uid/f062f376-7577-48a6-ac32-436eab5125ac container/kube-rbac-proxy-machine-mtrc reason/ContainerStart cause/: 
May 25 15:22:32.319 I ns/openshift-machine-api pod/machine-api-controllers-796fcb7bbf-6zpd9 node/ip-10-0-194-125.eu-central-1.compute.internal uid/f062f376-7577-48a6-ac32-436eab5125ac container/machine-controller reason/ContainerStart cause/: 
May 25 15:22:32.319 - 0ms   I ns/openshift-machine-api pod/machine-api-controllers-796fcb7bbf-6zpd9 uid/f062f376-7577-48a6-ac32-436eab5125ac container/kube-rbac-proxy-mhc-mtrc constructed/true reason/NotReady missed real "NotReady"
May 25 15:22:32.319 - 0ms   I ns/openshift-machine-api pod/machine-api-controllers-796fcb7bbf-6zpd9 uid/f062f376-7577-48a6-ac32-436eab5125ac container/machine-controller constructed/true reason/NotReady missed real "NotReady"
May 25 15:22:32.319 - 0ms   I ns/openshift-machine-api pod/machine-api-controllers-796fcb7bbf-6zpd9 uid/f062f376-7577-48a6-ac32-436eab5125ac container/machineset-controller constructed/true reason/NotReady missed real "NotReady"
May 25 15:22:32.319 - 0ms   I ns/openshift-machine-api pod/machine-api-controllers-796fcb7bbf-6zpd9 uid/f062f376-7577-48a6-ac32-436eab5125ac container/kube-rbac-proxy-machineset-mtrc constructed/true reason/NotReady missed real "NotReady"
May 25 15:22:32.319 - 0ms   I ns/openshift-machine-api pod/machine-api-controllers-796fcb7bbf-6zpd9 uid/f062f376-7577-48a6-ac32-436eab5125ac container/kube-rbac-proxy-machine-mtrc constructed/true reason/NotReady missed real "NotReady"
May 25 15:22:32.319 - 0ms   I ns/openshift-machine-api pod/machine-api-controllers-796fcb7bbf-6zpd9 uid/f062f376-7577-48a6-ac32-436eab5125ac container/machine-healthcheck-controller constructed/true reason/NotReady missed real "NotReady"
May 25 15:22:32.319 - 0ms   I ns/openshift-machine-api pod/machine-api-controllers-796fcb7bbf-6zpd9 uid/f062f376-7577-48a6-ac32-436eab5125ac container/nodelink-controller constructed/true reason/NotReady missed real "NotReady"
May 25 15:22:32.319 - 2s    I ns/openshift-machine-api pod/machine-api-controllers-796fcb7bbf-6zpd9 uid/f062f376-7577-48a6-ac32-436eab5125ac container/nodelink-controller constructed/true reason/Ready 
May 25 15:22:32.319 - 2s    I ns/openshift-machine-api pod/machine-api-controllers-796fcb7bbf-6zpd9 uid/f062f376-7577-48a6-ac32-436eab5125ac container/machine-healthcheck-controller constructed/true reason/Ready 
May 25 15:22:32.319 - 2s    I ns/openshift-machine-api pod/machine-api-controllers-796fcb7bbf-6zpd9 uid/f062f376-7577-48a6-ac32-436eab5125ac container/kube-rbac-proxy-mhc-mtrc constructed/true reason/Ready 
May 25 15:22:32.319 - 2s    I ns/openshift-machine-api pod/machine-api-controllers-796fcb7bbf-6zpd9 uid/f062f376-7577-48a6-ac32-436eab5125ac container/machineset-controller constructed/true reason/Ready 
May 25 15:22:32.319 - 2s    I ns/openshift-machine-api pod/machine-api-controllers-796fcb7bbf-6zpd9 uid/f062f376-7577-48a6-ac32-436eab5125ac container/machine-controller constructed/true reason/Ready 
May 25 15:22:32.319 - 2s    I ns/openshift-machine-api pod/machine-api-controllers-796fcb7bbf-6zpd9 uid/f062f376-7577-48a6-ac32-436eab5125ac container/kube-rbac-proxy-machineset-mtrc constructed/true reason/Ready 
May 25 15:22:32.319 - 2s    I ns/openshift-machine-api pod/machine-api-controllers-796fcb7bbf-6zpd9 uid/f062f376-7577-48a6-ac32-436eab5125ac container/kube-rbac-proxy-machine-mtrc constructed/true reason/Ready 
May 25 15:22:32.319 I ns/openshift-machine-api pod/machine-api-controllers-796fcb7bbf-6zpd9 node/ip-10-0-194-125.eu-central-1.compute.internal uid/f062f376-7577-48a6-ac32-436eab5125ac container/machine-controller reason/Ready 
May 25 15:22:32.319 I ns/openshift-machine-api pod/machine-api-controllers-796fcb7bbf-6zpd9 node/ip-10-0-194-125.eu-central-1.compute.internal uid/f062f376-7577-48a6-ac32-436eab5125ac container/kube-rbac-proxy-machineset-mtrc reason/Ready 
May 25 15:22:32.319 I ns/openshift-machine-api pod/machine-api-controllers-796fcb7bbf-6zpd9 node/ip-10-0-194-125.eu-central-1.compute.internal uid/f062f376-7577-48a6-ac32-436eab5125ac container/machineset-controller reason/Ready 
May 25 15:22:32.319 I ns/openshift-machine-api pod/machine-api-controllers-796fcb7bbf-6zpd9 node/ip-10-0-194-125.eu-central-1.compute.internal uid/f062f376-7577-48a6-ac32-436eab5125ac container/kube-rbac-proxy-machine-mtrc reason/Ready 
May 25 15:22:32.319 I ns/openshift-machine-api pod/machine-api-controllers-796fcb7bbf-6zpd9 node/ip-10-0-194-125.eu-central-1.compute.internal uid/f062f376-7577-48a6-ac32-436eab5125ac container/nodelink-controller reason/Ready 
May 25 15:22:32.319 I ns/openshift-machine-api pod/machine-api-controllers-796fcb7bbf-6zpd9 node/ip-10-0-194-125.eu-central-1.compute.internal uid/f062f376-7577-48a6-ac32-436eab5125ac container/machine-healthcheck-controller reason/Ready 
May 25 15:22:32.319 I ns/openshift-machine-api pod/machine-api-controllers-796fcb7bbf-6zpd9 node/ip-10-0-194-125.eu-central-1.compute.internal uid/f062f376-7577-48a6-ac32-436eab5125ac container/kube-rbac-proxy-mhc-mtrc reason/Ready 
May 25 15:22:32.319 I ns/openshift-machine-config-operator pod/machine-config-controller-cb944b7cc-ngplx node/ip-10-0-194-125.eu-central-1.compute.internal uid/19197486-4f00-415e-a8c7-7be05d8be85e reason/Created 
May 25 15:22:32.319 - 2s    I ns/openshift-machine-config-operator pod/machine-config-controller-cb944b7cc-ngplx uid/19197486-4f00-415e-a8c7-7be05d8be85e constructed/true reason/Scheduled node/ip-10-0-194-125.eu-central-1.compute.internal
May 25 15:22:32.319 I ns/openshift-machine-config-operator pod/machine-config-controller-cb944b7cc-ngplx node/ip-10-0-194-125.eu-central-1.compute.internal uid/19197486-4f00-415e-a8c7-7be05d8be85e reason/Scheduled node/ip-10-0-194-125.eu-central-1.compute.internal
May 25 15:22:32.319 - 2s    I ns/openshift-machine-config-operator pod/machine-config-controller-cb944b7cc-ngplx uid/19197486-4f00-415e-a8c7-7be05d8be85e container/machine-config-controller constructed/true reason/ContainerStart cause/: 
May 25 15:22:32.319 - 2s    I ns/openshift-machine-config-operator pod/machine-config-controller-cb944b7cc-ngplx uid/19197486-4f00-415e-a8c7-7be05d8be85e container/oauth-proxy constructed/true reason/ContainerStart cause/: 
May 25 15:22:32.319 I ns/openshift-machine-config-operator pod/machine-config-controller-cb944b7cc-ngplx node/ip-10-0-194-125.eu-central-1.compute.internal uid/19197486-4f00-415e-a8c7-7be05d8be85e container/oauth-proxy reason/ContainerStart cause/: 
May 25 15:22:32.319 I ns/openshift-machine-config-operator pod/machine-config-controller-cb944b7cc-ngplx node/ip-10-0-194-125.eu-central-1.compute.internal uid/19197486-4f00-415e-a8c7-7be05d8be85e container/machine-config-controller reason/ContainerStart cause/: 
May 25 15:22:32.319 - 0ms   I ns/openshift-machine-config-operator pod/machine-config-controller-cb944b7cc-ngplx uid/19197486-4f00-415e-a8c7-7be05d8be85e container/oauth-proxy constructed/true reason/NotReady missed real "NotReady"
May 25 15:22:32.319 - 0ms   I ns/openshift-machine-config-operator pod/machine-config-controller-cb944b7cc-ngplx uid/19197486-4f00-415e-a8c7-7be05d8be85e container/machine-config-controller constructed/true reason/NotReady missed real "NotReady"
May 25 15:22:32.319 - 2s    I ns/openshift-machine-config-operator pod/machine-config-controller-cb944b7cc-ngplx uid/19197486-4f00-415e-a8c7-7be05d8be85e container/machine-config-controller constructed/true reason/Ready 
May 25 15:22:32.319 - 2s    I ns/openshift-machine-config-operator pod/machine-config-controller-cb944b7cc-ngplx uid/19197486-4f00-415e-a8c7-7be05d8be85e container/oauth-proxy constructed/true reason/Ready 
May 25 15:22:32.319 I ns/openshift-machine-config-operator pod/machine-config-controller-cb944b7cc-ngplx node/ip-10-0-194-125.eu-central-1.compute.internal uid/19197486-4f00-415e-a8c7-7be05d8be85e container/oauth-proxy reason/Ready 
May 25 15:22:32.319 I ns/openshift-machine-config-operator pod/machine-config-controller-cb944b7cc-ngplx node/ip-10-0-194-125.eu-central-1.compute.internal uid/19197486-4f00-415e-a8c7-7be05d8be85e container/machine-config-controller reason/Ready 
May 25 15:22:32.319 I ns/openshift-monitoring pod/thanos-querier-6947f98d5b-kw6d2 node/ip-10-0-207-138.eu-central-1.compute.internal uid/925f7eee-a883-4536-89d3-19cde6cc3a0b reason/Created 
May 25 15:22:32.319 - 2s    I ns/openshift-monitoring pod/thanos-querier-6947f98d5b-kw6d2 uid/925f7eee-a883-4536-89d3-19cde6cc3a0b constructed/true reason/Scheduled node/ip-10-0-207-138.eu-central-1.compute.internal
May 25 15:22:32.319 I ns/openshift-monitoring pod/thanos-querier-6947f98d5b-kw6d2 node/ip-10-0-207-138.eu-central-1.compute.internal uid/925f7eee-a883-4536-89d3-19cde6cc3a0b reason/Scheduled node/ip-10-0-207-138.eu-central-1.compute.internal
May 25 15:22:32.319 - 2s    I ns/openshift-monitoring pod/thanos-querier-6947f98d5b-kw6d2 uid/925f7eee-a883-4536-89d3-19cde6cc3a0b container/kube-rbac-proxy-rules constructed/true reason/ContainerStart cause/: 
May 25 15:22:32.319 - 2s    I ns/openshift-monitoring pod/thanos-querier-6947f98d5b-kw6d2 uid/925f7eee-a883-4536-89d3-19cde6cc3a0b container/thanos-query constructed/true reason/ContainerStart cause/: 
May 25 15:22:32.319 - 2s    I ns/openshift-monitoring pod/thanos-querier-6947f98d5b-kw6d2 uid/925f7eee-a883-4536-89d3-19cde6cc3a0b container/kube-rbac-proxy-metrics constructed/true reason/ContainerStart cause/: 
May 25 15:22:32.319 - 2s    I ns/openshift-monitoring pod/thanos-querier-6947f98d5b-kw6d2 uid/925f7eee-a883-4536-89d3-19cde6cc3a0b container/kube-rbac-proxy constructed/true reason/ContainerStart cause/: 
May 25 15:22:32.319 - 2s    I ns/openshift-monitoring pod/thanos-querier-6947f98d5b-kw6d2 uid/925f7eee-a883-4536-89d3-19cde6cc3a0b container/prom-label-proxy constructed/true reason/ContainerStart cause/: 
May 25 15:22:32.319 - 2s    I ns/openshift-monitoring pod/thanos-querier-6947f98d5b-kw6d2 uid/925f7eee-a883-4536-89d3-19cde6cc3a0b container/oauth-proxy constructed/true reason/ContainerStart cause/: 
May 25 15:22:32.319 I ns/openshift-monitoring pod/thanos-querier-6947f98d5b-kw6d2 node/ip-10-0-207-138.eu-central-1.compute.internal uid/925f7eee-a883-4536-89d3-19cde6cc3a0b container/thanos-query reason/ContainerStart cause/: 
May 25 15:22:32.319 I ns/openshift-monitoring pod/thanos-querier-6947f98d5b-kw6d2 node/ip-10-0-207-138.eu-central-1.compute.internal uid/925f7eee-a883-4536-89d3-19cde6cc3a0b container/kube-rbac-proxy reason/ContainerStart cause/: 
May 25 15:22:32.319 I ns/openshift-monitoring pod/thanos-querier-6947f98d5b-kw6d2 node/ip-10-0-207-138.eu-central-1.compute.internal uid/925f7eee-a883-4536-89d3-19cde6cc3a0b container/oauth-proxy reason/ContainerStart cause/: 
May 25 15:22:32.319 I ns/openshift-monitoring pod/thanos-querier-6947f98d5b-kw6d2 node/ip-10-0-207-138.eu-central-1.compute.internal uid/925f7eee-a883-4536-89d3-19cde6cc3a0b container/kube-rbac-proxy-rules reason/ContainerStart cause/: 
May 25 15:22:32.319 I ns/openshift-monitoring pod/thanos-querier-6947f98d5b-kw6d2 node/ip-10-0-207-138.eu-central-1.compute.internal uid/925f7eee-a883-4536-89d3-19cde6cc3a0b container/kube-rbac-proxy-metrics reason/ContainerStart cause/: 
May 25 15:22:32.319 I ns/openshift-monitoring pod/thanos-querier-6947f98d5b-kw6d2 node/ip-10-0-207-138.eu-central-1.compute.internal uid/925f7eee-a883-4536-89d3-19cde6cc3a0b container/prom-label-proxy reason/ContainerStart cause/: 
May 25 15:22:32.319 - 0ms   I ns/openshift-monitoring pod/thanos-querier-6947f98d5b-kw6d2 uid/925f7eee-a883-4536-89d3-19cde6cc3a0b container/oauth-proxy constructed/true reason/NotReady missed real "NotReady"
May 25 15:22:32.319 - 0ms   I ns/openshift-monitoring pod/thanos-querier-6947f98d5b-kw6d2 uid/925f7eee-a883-4536-89d3-19cde6cc3a0b container/kube-rbac-proxy constructed/true reason/NotReady missed real "NotReady"
May 25 15:22:32.319 - 0ms   I ns/openshift-monitoring pod/thanos-querier-6947f98d5b-kw6d2 uid/925f7eee-a883-4536-89d3-19cde6cc3a0b container/kube-rbac-proxy-rules constructed/true reason/NotReady missed real "NotReady"
May 25 15:22:32.319 - 0ms   I ns/openshift-monitoring pod/thanos-querier-6947f98d5b-kw6d2 uid/925f7eee-a883-4536-89d3-19cde6cc3a0b container/kube-rbac-proxy-metrics constructed/true reason/NotReady missed real "NotReady"
May 25 15:22:32.319 - 0ms   I ns/openshift-monitoring pod/thanos-querier-6947f98d5b-kw6d2 uid/925f7eee-a883-4536-89d3-19cde6cc3a0b container/thanos-query constructed/true reason/NotReady missed real "NotReady"
May 25 15:22:32.319 - 0ms   I ns/openshift-monitoring pod/thanos-querier-6947f98d5b-kw6d2 uid/925f7eee-a883-4536-89d3-19cde6cc3a0b container/prom-label-proxy constructed/true reason/NotReady missed real "NotReady"
May 25 15:22:32.319 - 2s    I ns/openshift-monitoring pod/thanos-querier-6947f98d5b-kw6d2 uid/925f7eee-a883-4536-89d3-19cde6cc3a0b container/kube-rbac-proxy-metrics constructed/true reason/Ready 
May 25 15:22:32.319 - 2s    I ns/openshift-monitoring pod/thanos-querier-6947f98d5b-kw6d2 uid/925f7eee-a883-4536-89d3-19cde6cc3a0b container/prom-label-proxy constructed/true reason/Ready 
May 25 15:22:32.319 - 2s    I ns/openshift-monitoring pod/thanos-querier-6947f98d5b-kw6d2 uid/925f7eee-a883-4536-89d3-19cde6cc3a0b container/kube-rbac-proxy-rules constructed/true reason/Ready 
May 25 15:22:32.319 - 2s    I ns/openshift-monitoring pod/thanos-querier-6947f98d5b-kw6d2 uid/925f7eee-a883-4536-89d3-19cde6cc3a0b container/oauth-proxy constructed/true reason/Ready 
May 25 15:22:32.319 - 2s    I ns/openshift-monitoring pod/thanos-querier-6947f98d5b-kw6d2 uid/925f7eee-a883-4536-89d3-19cde6cc3a0b container/thanos-query constructed/true reason/Ready 
May 25 15:22:32.319 - 2s    I ns/openshift-monitoring pod/thanos-querier-6947f98d5b-kw6d2 uid/925f7eee-a883-4536-89d3-19cde6cc3a0b container/kube-rbac-proxy constructed/true reason/Ready 
May 25 15:22:32.319 I ns/openshift-monitoring pod/thanos-querier-6947f98d5b-kw6d2 node/ip-10-0-207-138.eu-central-1.compute.internal uid/925f7eee-a883-4536-89d3-19cde6cc3a0b container/kube-rbac-proxy-metrics reason/Ready 
May 25 15:22:32.319 I ns/openshift-monitoring pod/thanos-querier-6947f98d5b-kw6d2 node/ip-10-0-207-138.eu-central-1.compute.internal uid/925f7eee-a883-4536-89d3-19cde6cc3a0b container/kube-rbac-proxy reason/Ready 
May 25 15:22:32.319 I ns/openshift-monitoring pod/thanos-querier-6947f98d5b-kw6d2 node/ip-10-0-207-138.eu-central-1.compute.internal uid/925f7eee-a883-4536-89d3-19cde6cc3a0b container/prom-label-proxy reason/Ready 
May 25 15:22:32.319 I ns/openshift-monitoring pod/thanos-querier-6947f98d5b-kw6d2 node/ip-10-0-207-138.eu-central-1.compute.internal uid/925f7eee-a883-4536-89d3-19cde6cc3a0b container/kube-rbac-proxy-rules reason/Ready 
May 25 15:22:32.319 I ns/openshift-monitoring pod/thanos-querier-6947f98d5b-kw6d2 node/ip-10-0-207-138.eu-central-1.compute.internal uid/925f7eee-a883-4536-89d3-19cde6cc3a0b container/thanos-query reason/Ready 
May 25 15:22:32.319 I ns/openshift-monitoring pod/thanos-querier-6947f98d5b-kw6d2 node/ip-10-0-207-138.eu-central-1.compute.internal uid/925f7eee-a883-4536-89d3-19cde6cc3a0b container/oauth-proxy reason/Ready 
May 25 15:22:32.319 I ns/openshift-multus pod/multus-additional-cni-plugins-s455f node/ip-10-0-136-137.eu-central-1.compute.internal uid/18ccc14d-fd72-4587-9b09-c88e88a4ddd9 reason/Created 
May 25 15:22:32.319 - 2s    I ns/openshift-multus pod/multus-additional-cni-plugins-s455f uid/18ccc14d-fd72-4587-9b09-c88e88a4ddd9 constructed/true reason/Scheduled node/ip-10-0-136-137.eu-central-1.compute.internal
May 25 15:22:32.319 I ns/openshift-multus pod/multus-additional-cni-plugins-s455f node/ip-10-0-136-137.eu-central-1.compute.internal uid/18ccc14d-fd72-4587-9b09-c88e88a4ddd9 reason/Scheduled node/ip-10-0-136-137.eu-central-1.compute.internal
May 25 15:22:32.319 - 2s    I ns/openshift-multus pod/multus-additional-cni-plugins-s455f uid/18ccc14d-fd72-4587-9b09-c88e88a4ddd9 container/kube-multus-additional-cni-plugins constructed/true reason/ContainerStart cause/: 
May 25 15:22:32.319 I ns/openshift-multus pod/multus-additional-cni-plugins-s455f node/ip-10-0-136-137.eu-central-1.compute.internal uid/18ccc14d-fd72-4587-9b09-c88e88a4ddd9 container/kube-multus-additional-cni-plugins reason/ContainerStart cause/: 
May 25 15:22:32.319 - 0ms   I ns/openshift-multus pod/multus-additional-cni-plugins-s455f uid/18ccc14d-fd72-4587-9b09-c88e88a4ddd9 container/kube-multus-additional-cni-plugins constructed/true reason/NotReady missed real "NotReady"
May 25 15:22:32.319 - 2s    I ns/openshift-multus pod/multus-additional-cni-plugins-s455f uid/18ccc14d-fd72-4587-9b09-c88e88a4ddd9 container/kube-multus-additional-cni-plugins constructed/true reason/Ready 
May 25 15:22:32.319 I ns/openshift-multus pod/multus-additional-cni-plugins-s455f node/ip-10-0-136-137.eu-central-1.compute.internal uid/18ccc14d-fd72-4587-9b09-c88e88a4ddd9 container/whereabouts-cni reason/Ready 
May 25 15:22:32.319 I ns/openshift-multus pod/multus-additional-cni-plugins-s455f node/ip-10-0-136-137.eu-central-1.compute.internal uid/18ccc14d-fd72-4587-9b09-c88e88a4ddd9 container/cni-plugins reason/Ready 
May 25 15:22:32.319 I ns/openshift-multus pod/multus-additional-cni-plugins-s455f node/ip-10-0-136-137.eu-central-1.compute.internal uid/18ccc14d-fd72-4587-9b09-c88e88a4ddd9 container/egress-router-binary-copy reason/Ready 
May 25 15:22:32.319 I ns/openshift-multus pod/multus-additional-cni-plugins-s455f node/ip-10-0-136-137.eu-central-1.compute.internal uid/18ccc14d-fd72-4587-9b09-c88e88a4ddd9 container/whereabouts-cni-bincopy reason/Ready 
May 25 15:22:32.319 I ns/openshift-multus pod/multus-additional-cni-plugins-s455f node/ip-10-0-136-137.eu-central-1.compute.internal uid/18ccc14d-fd72-4587-9b09-c88e88a4ddd9 container/bond-cni-plugin reason/Ready 
May 25 15:22:32.319 I ns/openshift-multus pod/multus-additional-cni-plugins-s455f node/ip-10-0-136-137.eu-central-1.compute.internal uid/18ccc14d-fd72-4587-9b09-c88e88a4ddd9 container/kube-multus-additional-cni-plugins reason/Ready 
May 25 15:22:32.319 I ns/openshift-multus pod/multus-additional-cni-plugins-s455f node/ip-10-0-136-137.eu-central-1.compute.internal uid/18ccc14d-fd72-4587-9b09-c88e88a4ddd9 container/routeoverride-cni reason/Ready 
May 25 15:22:32.319 I ns/openshift-operator-lifecycle-manager pod/packageserver-745fd66bcc-6xk5g node/ip-10-0-194-125.eu-central-1.compute.internal uid/a5dd4e10-2e60-41f9-a695-c56466d933f4 reason/Created 
May 25 15:22:32.319 - 2s    I ns/openshift-operator-lifecycle-manager pod/packageserver-745fd66bcc-6xk5g uid/a5dd4e10-2e60-41f9-a695-c56466d933f4 constructed/true reason/Scheduled node/ip-10-0-194-125.eu-central-1.compute.internal
May 25 15:22:32.319 I ns/openshift-operator-lifecycle-manager pod/packageserver-745fd66bcc-6xk5g node/ip-10-0-194-125.eu-central-1.compute.internal uid/a5dd4e10-2e60-41f9-a695-c56466d933f4 reason/Scheduled node/ip-10-0-194-125.eu-central-1.compute.internal
May 25 15:22:32.319 - 2s    I ns/openshift-operator-lifecycle-manager pod/packageserver-745fd66bcc-6xk5g uid/a5dd4e10-2e60-41f9-a695-c56466d933f4 container/packageserver constructed/true reason/ContainerStart cause/: 
May 25 15:22:32.319 I ns/openshift-operator-lifecycle-manager pod/packageserver-745fd66bcc-6xk5g node/ip-10-0-194-125.eu-central-1.compute.internal uid/a5dd4e10-2e60-41f9-a695-c56466d933f4 container/packageserver reason/ContainerStart cause/: 
May 25 15:22:32.319 - 0ms   I ns/openshift-operator-lifecycle-manager pod/packageserver-745fd66bcc-6xk5g uid/a5dd4e10-2e60-41f9-a695-c56466d933f4 container/packageserver constructed/true reason/NotReady missed real "NotReady"
May 25 15:22:32.319 - 2s    I ns/openshift-operator-lifecycle-manager pod/packageserver-745fd66bcc-6xk5g uid/a5dd4e10-2e60-41f9-a695-c56466d933f4 container/packageserver constructed/true reason/Ready 
May 25 15:22:32.319 I ns/openshift-operator-lifecycle-manager pod/packageserver-745fd66bcc-6xk5g node/ip-10-0-194-125.eu-central-1.compute.internal uid/a5dd4e10-2e60-41f9-a695-c56466d933f4 container/packageserver reason/Ready 
May 25 15:22:32.319 I ns/openshift-cluster-node-tuning-operator pod/tuned-pk2x4 node/ip-10-0-194-125.eu-central-1.compute.internal uid/34bebe14-42ce-4363-9c68-8b97021d2fb2 reason/Created 
May 25 15:22:32.319 - 2s    I ns/openshift-cluster-node-tuning-operator pod/tuned-pk2x4 uid/34bebe14-42ce-4363-9c68-8b97021d2fb2 constructed/true reason/Scheduled node/ip-10-0-194-125.eu-central-1.compute.internal
May 25 15:22:32.319 I ns/openshift-cluster-node-tuning-operator pod/tuned-pk2x4 node/ip-10-0-194-125.eu-central-1.compute.internal uid/34bebe14-42ce-4363-9c68-8b97021d2fb2 reason/Scheduled node/ip-10-0-194-125.eu-central-1.compute.internal
May 25 15:22:32.319 - 2s    I ns/openshift-cluster-node-tuning-operator pod/tuned-pk2x4 uid/34bebe14-42ce-4363-9c68-8b97021d2fb2 container/tuned constructed/true reason/ContainerStart cause/: 
May 25 15:22:32.319 I ns/openshift-cluster-node-tuning-operator pod/tuned-pk2x4 node/ip-10-0-194-125.eu-central-1.compute.internal uid/34bebe14-42ce-4363-9c68-8b97021d2fb2 container/tuned reason/ContainerStart cause/: 
May 25 15:22:32.319 - 0ms   I ns/openshift-cluster-node-tuning-operator pod/tuned-pk2x4 uid/34bebe14-42ce-4363-9c68-8b97021d2fb2 container/tuned constructed/true reason/NotReady missed real "NotReady"
May 25 15:22:32.319 - 2s    I ns/openshift-cluster-node-tuning-operator pod/tuned-pk2x4 uid/34bebe14-42ce-4363-9c68-8b97021d2fb2 container/tuned constructed/true reason/Ready 
May 25 15:22:32.319 I ns/openshift-cluster-node-tuning-operator pod/tuned-pk2x4 node/ip-10-0-194-125.eu-central-1.compute.internal uid/34bebe14-42ce-4363-9c68-8b97021d2fb2 container/tuned reason/Ready 
May 25 15:22:32.319 I ns/openshift-etcd pod/installer-7-ip-10-0-174-32.eu-central-1.compute.internal node/ip-10-0-174-32.eu-central-1.compute.internal uid/2a368bde-7f86-4421-a164-db6ba894ebc6 reason/Created 
May 25 15:22:32.319 I ns/openshift-etcd pod/installer-7-ip-10-0-174-32.eu-central-1.compute.internal node/ip-10-0-174-32.eu-central-1.compute.internal uid/2a368bde-7f86-4421-a164-db6ba894ebc6 reason/Scheduled node/ip-10-0-174-32.eu-central-1.compute.internal
May 25 15:22:32.319 W ns/openshift-etcd pod/installer-7-ip-10-0-174-32.eu-central-1.compute.internal node/ip-10-0-174-32.eu-central-1.compute.internal uid/2a368bde-7f86-4421-a164-db6ba894ebc6 container/installer reason/NotReady 
May 25 15:22:32.319 I ns/openshift-kube-controller-manager pod/installer-6-ip-10-0-174-32.eu-central-1.compute.internal node/ip-10-0-174-32.eu-central-1.compute.internal uid/9475299b-1920-4211-b214-bfab85f27460 reason/Created 
May 25 15:22:32.319 I ns/openshift-kube-controller-manager pod/installer-6-ip-10-0-174-32.eu-central-1.compute.internal node/ip-10-0-174-32.eu-central-1.compute.internal uid/9475299b-1920-4211-b214-bfab85f27460 reason/Scheduled node/ip-10-0-174-32.eu-central-1.compute.internal
May 25 15:22:32.319 W ns/openshift-kube-controller-manager pod/installer-6-ip-10-0-174-32.eu-central-1.compute.internal node/ip-10-0-174-32.eu-central-1.compute.internal uid/9475299b-1920-4211-b214-bfab85f27460 container/installer reason/NotReady 
May 25 15:22:32.319 I ns/openshift-network-diagnostics pod/network-check-target-jvtjp node/ip-10-0-186-221.eu-central-1.compute.internal uid/b9dcab0d-6a24-4cdd-9eaf-d544911150f7 reason/Created 
May 25 15:22:32.319 - 2s    I ns/openshift-network-diagnostics pod/network-check-target-jvtjp uid/b9dcab0d-6a24-4cdd-9eaf-d544911150f7 constructed/true reason/Scheduled node/ip-10-0-186-221.eu-central-1.compute.internal
May 25 15:22:32.319 I ns/openshift-network-diagnostics pod/network-check-target-jvtjp node/ip-10-0-186-221.eu-central-1.compute.internal uid/b9dcab0d-6a24-4cdd-9eaf-d544911150f7 reason/Scheduled node/ip-10-0-186-221.eu-central-1.compute.internal
May 25 15:22:32.319 - 2s    I ns/openshift-network-diagnostics pod/network-check-target-jvtjp uid/b9dcab0d-6a24-4cdd-9eaf-d544911150f7 container/network-check-target-container constructed/true reason/ContainerStart cause/: 
May 25 15:22:32.319 I ns/openshift-network-diagnostics pod/network-check-target-jvtjp node/ip-10-0-186-221.eu-central-1.compute.internal uid/b9dcab0d-6a24-4cdd-9eaf-d544911150f7 container/network-check-target-container reason/ContainerStart cause/: 
May 25 15:22:32.319 - 0ms   I ns/openshift-network-diagnostics pod/network-check-target-jvtjp uid/b9dcab0d-6a24-4cdd-9eaf-d544911150f7 container/network-check-target-container constructed/true reason/NotReady missed real "NotReady"
May 25 15:22:32.319 - 2s    I ns/openshift-network-diagnostics pod/network-check-target-jvtjp uid/b9dcab0d-6a24-4cdd-9eaf-d544911150f7 container/network-check-target-container constructed/true reason/Ready 
May 25 15:22:32.319 I ns/openshift-network-diagnostics pod/network-check-target-jvtjp node/ip-10-0-186-221.eu-central-1.compute.internal uid/b9dcab0d-6a24-4cdd-9eaf-d544911150f7 container/network-check-target-container reason/Ready 
May 25 15:22:32.319 I ns/openshift-apiserver pod/apiserver-68bb6bf5d-lhn8s node/ip-10-0-136-137.eu-central-1.compute.internal uid/3f668a9b-ef25-4b6a-b6cc-2936c85637cb reason/Created 
May 25 15:22:32.319 - 2s    I ns/openshift-apiserver pod/apiserver-68bb6bf5d-lhn8s uid/3f668a9b-ef25-4b6a-b6cc-2936c85637cb constructed/true reason/Scheduled node/ip-10-0-136-137.eu-central-1.compute.internal
May 25 15:22:32.319 I ns/openshift-apiserver pod/apiserver-68bb6bf5d-lhn8s node/ip-10-0-136-137.eu-central-1.compute.internal uid/3f668a9b-ef25-4b6a-b6cc-2936c85637cb reason/Scheduled node/ip-10-0-136-137.eu-central-1.compute.internal
May 25 15:22:32.319 - 2s    I ns/openshift-apiserver pod/apiserver-68bb6bf5d-lhn8s uid/3f668a9b-ef25-4b6a-b6cc-2936c85637cb container/openshift-apiserver constructed/true reason/ContainerStart cause/: 
May 25 15:22:32.319 - 2s    I ns/openshift-apiserver pod/apiserver-68bb6bf5d-lhn8s uid/3f668a9b-ef25-4b6a-b6cc-2936c85637cb container/openshift-apiserver-check-endpoints constructed/true reason/ContainerStart cause/: 
May 25 15:22:32.319 I ns/openshift-apiserver pod/apiserver-68bb6bf5d-lhn8s node/ip-10-0-136-137.eu-central-1.compute.internal uid/3f668a9b-ef25-4b6a-b6cc-2936c85637cb container/openshift-apiserver reason/ContainerStart cause/: 
May 25 15:22:32.319 I ns/openshift-apiserver pod/apiserver-68bb6bf5d-lhn8s node/ip-10-0-136-137.eu-central-1.compute.internal uid/3f668a9b-ef25-4b6a-b6cc-2936c85637cb container/openshift-apiserver-check-endpoints reason/ContainerStart cause/: 
May 25 15:22:32.319 - 0ms   I ns/openshift-apiserver pod/apiserver-68bb6bf5d-lhn8s uid/3f668a9b-ef25-4b6a-b6cc-2936c85637cb container/openshift-apiserver-check-endpoints constructed/true reason/NotReady missed real "NotReady"
May 25 15:22:32.319 - 0ms   I ns/openshift-apiserver pod/apiserver-68bb6bf5d-lhn8s uid/3f668a9b-ef25-4b6a-b6cc-2936c85637cb container/openshift-apiserver constructed/true reason/NotReady missed real "NotReady"
May 25 15:22:32.319 - 2s    I ns/openshift-apiserver pod/apiserver-68bb6bf5d-lhn8s uid/3f668a9b-ef25-4b6a-b6cc-2936c85637cb container/openshift-apiserver-check-endpoints constructed/true reason/Ready 
May 25 15:22:32.319 - 2s    I ns/openshift-apiserver pod/apiserver-68bb6bf5d-lhn8s uid/3f668a9b-ef25-4b6a-b6cc-2936c85637cb container/openshift-apiserver constructed/true reason/Ready 
May 25 15:22:32.319 I ns/openshift-apiserver pod/apiserver-68bb6bf5d-lhn8s node/ip-10-0-136-137.eu-central-1.compute.internal uid/3f668a9b-ef25-4b6a-b6cc-2936c85637cb container/openshift-apiserver-check-endpoints reason/Ready 
May 25 15:22:32.319 I ns/openshift-apiserver pod/apiserver-68bb6bf5d-lhn8s node/ip-10-0-136-137.eu-central-1.compute.internal uid/3f668a9b-ef25-4b6a-b6cc-2936c85637cb container/fix-audit-permissions reason/Ready 
May 25 15:22:32.319 I ns/openshift-apiserver pod/apiserver-68bb6bf5d-lhn8s node/ip-10-0-136-137.eu-central-1.compute.internal uid/3f668a9b-ef25-4b6a-b6cc-2936c85637cb container/openshift-apiserver reason/Ready 
May 25 15:22:32.319 I ns/openshift-cluster-csi-drivers pod/aws-ebs-csi-driver-node-qjwtm node/ip-10-0-136-137.eu-central-1.compute.internal uid/cd48b5ad-bfd6-4d49-a553-a7e84e756233 reason/Created 
May 25 15:22:32.319 - 2s    I ns/openshift-cluster-csi-drivers pod/aws-ebs-csi-driver-node-qjwtm uid/cd48b5ad-bfd6-4d49-a553-a7e84e756233 constructed/true reason/Scheduled node/ip-10-0-136-137.eu-central-1.compute.internal
May 25 15:22:32.319 I ns/openshift-cluster-csi-drivers pod/aws-ebs-csi-driver-node-qjwtm node/ip-10-0-136-137.eu-central-1.compute.internal uid/cd48b5ad-bfd6-4d49-a553-a7e84e756233 reason/Scheduled node/ip-10-0-136-137.eu-central-1.compute.internal
May 25 15:22:32.319 - 2s    I ns/openshift-cluster-csi-drivers pod/aws-ebs-csi-driver-node-qjwtm uid/cd48b5ad-bfd6-4d49-a553-a7e84e756233 container/csi-node-driver-registrar constructed/true reason/ContainerStart cause/: 
May 25 15:22:32.319 - 2s    I ns/openshift-cluster-csi-drivers pod/aws-ebs-csi-driver-node-qjwtm uid/cd48b5ad-bfd6-4d49-a553-a7e84e756233 container/csi-liveness-probe constructed/true reason/ContainerStart cause/: 
May 25 15:22:32.319 - 2s    I ns/openshift-cluster-csi-drivers pod/aws-ebs-csi-driver-node-qjwtm uid/cd48b5ad-bfd6-4d49-a553-a7e84e756233 container/csi-driver constructed/true reason/ContainerStart cause/: 
May 25 15:22:32.319 I ns/openshift-cluster-csi-drivers pod/aws-ebs-csi-driver-node-qjwtm node/ip-10-0-136-137.eu-central-1.compute.internal uid/cd48b5ad-bfd6-4d49-a553-a7e84e756233 container/csi-liveness-probe reason/ContainerStart cause/: 
May 25 15:22:32.319 I ns/openshift-cluster-csi-drivers pod/aws-ebs-csi-driver-node-qjwtm node/ip-10-0-136-137.eu-central-1.compute.internal uid/cd48b5ad-bfd6-4d49-a553-a7e84e756233 container/csi-node-driver-registrar reason/ContainerStart cause/: 
May 25 15:22:32.319 I ns/openshift-cluster-csi-drivers pod/aws-ebs-csi-driver-node-qjwtm node/ip-10-0-136-137.eu-central-1.compute.internal uid/cd48b5ad-bfd6-4d49-a553-a7e84e756233 container/csi-driver reason/ContainerStart cause/: 
May 25 15:22:32.319 - 0ms   I ns/openshift-cluster-csi-drivers pod/aws-ebs-csi-driver-node-qjwtm uid/cd48b5ad-bfd6-4d49-a553-a7e84e756233 container/csi-liveness-probe constructed/true reason/NotReady missed real "NotReady"
May 25 15:22:32.319 - 0ms   I ns/openshift-cluster-csi-drivers pod/aws-ebs-csi-driver-node-qjwtm uid/cd48b5ad-bfd6-4d49-a553-a7e84e756233 container/csi-node-driver-registrar constructed/true reason/NotReady missed real "NotReady"
May 25 15:22:32.319 - 0ms   I ns/openshift-cluster-csi-drivers pod/aws-ebs-csi-driver-node-qjwtm uid/cd48b5ad-bfd6-4d49-a553-a7e84e756233 container/csi-driver constructed/true reason/NotReady missed real "NotReady"
May 25 15:22:32.319 - 2s    I ns/openshift-cluster-csi-drivers pod/aws-ebs-csi-driver-node-qjwtm uid/cd48b5ad-bfd6-4d49-a553-a7e84e756233 container/csi-node-driver-registrar constructed/true reason/Ready 
May 25 15:22:32.319 - 2s    I ns/openshift-cluster-csi-drivers pod/aws-ebs-csi-driver-node-qjwtm uid/cd48b5ad-bfd6-4d49-a553-a7e84e756233 container/csi-driver constructed/true reason/Ready 
May 25 15:22:32.319 - 2s    I ns/openshift-cluster-csi-drivers pod/aws-ebs-csi-driver-node-qjwtm uid/cd48b5ad-bfd6-4d49-a553-a7e84e756233 container/csi-liveness-probe constructed/true reason/Ready 
May 25 15:22:32.319 I ns/openshift-cluster-csi-drivers pod/aws-ebs-csi-driver-node-qjwtm node/ip-10-0-136-137.eu-central-1.compute.internal uid/cd48b5ad-bfd6-4d49-a553-a7e84e756233 container/csi-liveness-probe reason/Ready 
May 25 15:22:32.319 I ns/openshift-cluster-csi-drivers pod/aws-ebs-csi-driver-node-qjwtm node/ip-10-0-136-137.eu-central-1.compute.internal uid/cd48b5ad-bfd6-4d49-a553-a7e84e756233 container/csi-node-driver-registrar reason/Ready 
May 25 15:22:32.319 I ns/openshift-cluster-csi-drivers pod/aws-ebs-csi-driver-node-qjwtm node/ip-10-0-136-137.eu-central-1.compute.internal uid/cd48b5ad-bfd6-4d49-a553-a7e84e756233 container/csi-driver reason/Ready 
May 25 15:22:32.319 I ns/openshift-console pod/downloads-5f948684f-nrc7s node/ip-10-0-194-125.eu-central-1.compute.internal uid/50e8d3f2-0504-47cf-aee2-984db3390068 reason/Created 
May 25 15:22:32.319 - 2s    I ns/openshift-console pod/downloads-5f948684f-nrc7s uid/50e8d3f2-0504-47cf-aee2-984db3390068 constructed/true reason/Scheduled node/ip-10-0-194-125.eu-central-1.compute.internal
May 25 15:22:32.319 I ns/openshift-console pod/downloads-5f948684f-nrc7s node/ip-10-0-194-125.eu-central-1.compute.internal uid/50e8d3f2-0504-47cf-aee2-984db3390068 reason/Scheduled node/ip-10-0-194-125.eu-central-1.compute.internal
May 25 15:22:32.319 - 2s    I ns/openshift-console pod/downloads-5f948684f-nrc7s uid/50e8d3f2-0504-47cf-aee2-984db3390068 container/download-server constructed/true reason/ContainerStart cause/: 
May 25 15:22:32.319 I ns/openshift-console pod/downloads-5f948684f-nrc7s node/ip-10-0-194-125.eu-central-1.compute.internal uid/50e8d3f2-0504-47cf-aee2-984db3390068 container/download-server reason/ContainerStart cause/: 
May 25 15:22:32.319 - 0ms   I ns/openshift-console pod/downloads-5f948684f-nrc7s uid/50e8d3f2-0504-47cf-aee2-984db3390068 container/download-server constructed/true reason/NotReady missed real "NotReady"
May 25 15:22:32.319 - 2s    I ns/openshift-console pod/downloads-5f948684f-nrc7s uid/50e8d3f2-0504-47cf-aee2-984db3390068 container/download-server constructed/true reason/Ready 
May 25 15:22:32.319 I ns/openshift-console pod/downloads-5f948684f-nrc7s node/ip-10-0-194-125.eu-central-1.compute.internal uid/50e8d3f2-0504-47cf-aee2-984db3390068 container/download-server reason/Ready 
May 25 15:22:32.319 I ns/openshift-image-registry pod/node-ca-9hzrv node/ip-10-0-174-32.eu-central-1.compute.internal uid/5150ba0b-b857-4851-832e-b15a4993163e reason/Created 
May 25 15:22:32.319 - 2s    I ns/openshift-image-registry pod/node-ca-9hzrv uid/5150ba0b-b857-4851-832e-b15a4993163e constructed/true reason/Scheduled node/ip-10-0-174-32.eu-central-1.compute.internal
May 25 15:22:32.319 I ns/openshift-image-registry pod/node-ca-9hzrv node/ip-10-0-174-32.eu-central-1.compute.internal uid/5150ba0b-b857-4851-832e-b15a4993163e reason/Scheduled node/ip-10-0-174-32.eu-central-1.compute.internal
May 25 15:22:32.319 - 2s    I ns/openshift-image-registry pod/node-ca-9hzrv uid/5150ba0b-b857-4851-832e-b15a4993163e container/node-ca constructed/true reason/ContainerStart cause/: 
May 25 15:22:32.319 I ns/openshift-image-registry pod/node-ca-9hzrv node/ip-10-0-174-32.eu-central-1.compute.internal uid/5150ba0b-b857-4851-832e-b15a4993163e container/node-ca reason/ContainerStart cause/: 
May 25 15:22:32.319 - 0ms   I ns/openshift-image-registry pod/node-ca-9hzrv uid/5150ba0b-b857-4851-832e-b15a4993163e container/node-ca constructed/true reason/NotReady missed real "NotReady"
May 25 15:22:32.319 - 2s    I ns/openshift-image-registry pod/node-ca-9hzrv uid/5150ba0b-b857-4851-832e-b15a4993163e container/node-ca constructed/true reason/Ready 
May 25 15:22:32.319 I ns/openshift-image-registry pod/node-ca-9hzrv node/ip-10-0-174-32.eu-central-1.compute.internal uid/5150ba0b-b857-4851-832e-b15a4993163e container/node-ca reason/Ready 
May 25 15:22:32.319 I ns/openshift-kube-apiserver-operator pod/kube-apiserver-operator-765b885666-tlrfh node/ip-10-0-174-32.eu-central-1.compute.internal uid/985f0889-dac5-4b57-89cf-d8ce56dd539e reason/Created 
May 25 15:22:32.319 - 2s    I ns/openshift-kube-apiserver-operator pod/kube-apiserver-operator-765b885666-tlrfh uid/985f0889-dac5-4b57-89cf-d8ce56dd539e constructed/true reason/Scheduled node/ip-10-0-174-32.eu-central-1.compute.internal
May 25 15:22:32.319 I ns/openshift-kube-apiserver-operator pod/kube-apiserver-operator-765b885666-tlrfh node/ip-10-0-174-32.eu-central-1.compute.internal uid/985f0889-dac5-4b57-89cf-d8ce56dd539e reason/Scheduled node/ip-10-0-174-32.eu-central-1.compute.internal
May 25 15:22:32.319 - 2s    I ns/openshift-kube-apiserver-operator pod/kube-apiserver-operator-765b885666-tlrfh uid/985f0889-dac5-4b57-89cf-d8ce56dd539e container/kube-apiserver-operator constructed/true reason/ContainerStart cause/: 
May 25 15:22:32.319 I ns/openshift-kube-apiserver-operator pod/kube-apiserver-operator-765b885666-tlrfh node/ip-10-0-174-32.eu-central-1.compute.internal uid/985f0889-dac5-4b57-89cf-d8ce56dd539e container/kube-apiserver-operator reason/ContainerStart cause/: 
May 25 15:22:32.319 - 0ms   I ns/openshift-kube-apiserver-operator pod/kube-apiserver-operator-765b885666-tlrfh uid/985f0889-dac5-4b57-89cf-d8ce56dd539e container/kube-apiserver-operator constructed/true reason/NotReady missed real "NotReady"
May 25 15:22:32.319 - 2s    I ns/openshift-kube-apiserver-operator pod/kube-apiserver-operator-765b885666-tlrfh uid/985f0889-dac5-4b57-89cf-d8ce56dd539e container/kube-apiserver-operator constructed/true reason/Ready 
May 25 15:22:32.319 I ns/openshift-kube-apiserver-operator pod/kube-apiserver-operator-765b885666-tlrfh node/ip-10-0-174-32.eu-central-1.compute.internal uid/985f0889-dac5-4b57-89cf-d8ce56dd539e container/kube-apiserver-operator reason/Ready 
May 25 15:22:32.319 I ns/openshift-kube-scheduler pod/installer-6-ip-10-0-136-137.eu-central-1.compute.internal node/ip-10-0-136-137.eu-central-1.compute.internal uid/ea848f81-6c7d-4c85-b439-4a18f553d136 reason/Created 
May 25 15:22:32.319 I ns/openshift-kube-scheduler pod/installer-6-ip-10-0-136-137.eu-central-1.compute.internal node/ip-10-0-136-137.eu-central-1.compute.internal uid/ea848f81-6c7d-4c85-b439-4a18f553d136 reason/Scheduled node/ip-10-0-136-137.eu-central-1.compute.internal
May 25 15:22:32.319 W ns/openshift-kube-scheduler pod/installer-6-ip-10-0-136-137.eu-central-1.compute.internal node/ip-10-0-136-137.eu-central-1.compute.internal uid/ea848f81-6c7d-4c85-b439-4a18f553d136 container/installer reason/NotReady 
May 25 15:22:32.319 I ns/openshift-multus pod/multus-rg89x node/ip-10-0-186-221.eu-central-1.compute.internal uid/7f6ca60a-ebc7-45a0-ad59-a4e45d96670e reason/Created 
May 25 15:22:32.319 - 2s    I ns/openshift-multus pod/multus-rg89x uid/7f6ca60a-ebc7-45a0-ad59-a4e45d96670e constructed/true reason/Scheduled node/ip-10-0-186-221.eu-central-1.compute.internal
May 25 15:22:32.319 I ns/openshift-multus pod/multus-rg89x node/ip-10-0-186-221.eu-central-1.compute.internal uid/7f6ca60a-ebc7-45a0-ad59-a4e45d96670e reason/Scheduled node/ip-10-0-186-221.eu-central-1.compute.internal
May 25 15:22:32.319 - 2s    I ns/openshift-multus pod/multus-rg89x uid/7f6ca60a-ebc7-45a0-ad59-a4e45d96670e container/kube-multus constructed/true reason/ContainerStart cause/: 
May 25 15:22:32.319 I ns/openshift-multus pod/multus-rg89x node/ip-10-0-186-221.eu-central-1.compute.internal uid/7f6ca60a-ebc7-45a0-ad59-a4e45d96670e container/kube-multus reason/ContainerStart cause/: 
May 25 15:22:32.319 - 0ms   I ns/openshift-multus pod/multus-rg89x uid/7f6ca60a-ebc7-45a0-ad59-a4e45d96670e container/kube-multus constructed/true reason/NotReady missed real "NotReady"
May 25 15:22:32.319 - 2s    I ns/openshift-multus pod/multus-rg89x uid/7f6ca60a-ebc7-45a0-ad59-a4e45d96670e container/kube-multus constructed/true reason/Ready 
May 25 15:22:32.319 I ns/openshift-multus pod/multus-rg89x node/ip-10-0-186-221.eu-central-1.compute.internal uid/7f6ca60a-ebc7-45a0-ad59-a4e45d96670e container/kube-multus reason/Ready 
May 25 15:22:32.319 I ns/openshift-monitoring pod/prometheus-adapter-84d8b54d77-xhbk6 node/ip-10-0-186-221.eu-central-1.compute.internal uid/c8669bfa-e61a-4de3-8dcb-d5b493fa8980 reason/Created 
May 25 15:22:32.319 - 2s    I ns/openshift-monitoring pod/prometheus-adapter-84d8b54d77-xhbk6 uid/c8669bfa-e61a-4de3-8dcb-d5b493fa8980 constructed/true reason/Scheduled node/ip-10-0-186-221.eu-central-1.compute.internal
May 25 15:22:32.319 I ns/openshift-monitoring pod/prometheus-adapter-84d8b54d77-xhbk6 node/ip-10-0-186-221.eu-central-1.compute.internal uid/c8669bfa-e61a-4de3-8dcb-d5b493fa8980 reason/Scheduled node/ip-10-0-186-221.eu-central-1.compute.internal
May 25 15:22:32.319 - 2s    I ns/openshift-monitoring pod/prometheus-adapter-84d8b54d77-xhbk6 uid/c8669bfa-e61a-4de3-8dcb-d5b493fa8980 container/prometheus-adapter constructed/true reason/ContainerStart cause/: 
May 25 15:22:32.319 I ns/openshift-monitoring pod/prometheus-adapter-84d8b54d77-xhbk6 node/ip-10-0-186-221.eu-central-1.compute.internal uid/c8669bfa-e61a-4de3-8dcb-d5b493fa8980 container/prometheus-adapter reason/ContainerStart cause/: 
May 25 15:22:32.319 - 0ms   I ns/openshift-monitoring pod/prometheus-adapter-84d8b54d77-xhbk6 uid/c8669bfa-e61a-4de3-8dcb-d5b493fa8980 container/prometheus-adapter constructed/true reason/NotReady missed real "NotReady"
May 25 15:22:32.319 - 2s    I ns/openshift-monitoring pod/prometheus-adapter-84d8b54d77-xhbk6 uid/c8669bfa-e61a-4de3-8dcb-d5b493fa8980 container/prometheus-adapter constructed/true reason/Ready 
May 25 15:22:32.319 I ns/openshift-monitoring pod/prometheus-adapter-84d8b54d77-xhbk6 node/ip-10-0-186-221.eu-central-1.compute.internal uid/c8669bfa-e61a-4de3-8dcb-d5b493fa8980 container/prometheus-adapter reason/Ready 
May 25 15:22:32.319 I ns/openshift-dns pod/dns-default-8kvnb node/ip-10-0-131-226.eu-central-1.compute.internal uid/80349239-3cbc-4a54-b975-de61d43e45a7 reason/Created 
May 25 15:22:32.319 - 2s    I ns/openshift-dns pod/dns-default-8kvnb uid/80349239-3cbc-4a54-b975-de61d43e45a7 constructed/true reason/Scheduled node/ip-10-0-131-226.eu-central-1.compute.internal
May 25 15:22:32.319 I ns/openshift-dns pod/dns-default-8kvnb node/ip-10-0-131-226.eu-central-1.compute.internal uid/80349239-3cbc-4a54-b975-de61d43e45a7 reason/Scheduled node/ip-10-0-131-226.eu-central-1.compute.internal
May 25 15:22:32.319 - 2s    I ns/openshift-dns pod/dns-default-8kvnb uid/80349239-3cbc-4a54-b975-de61d43e45a7 container/kube-rbac-proxy constructed/true reason/ContainerStart cause/: 
May 25 15:22:32.319 - 2s    I ns/openshift-dns pod/dns-default-8kvnb uid/80349239-3cbc-4a54-b975-de61d43e45a7 container/dns constructed/true reason/ContainerStart cause/: 
May 25 15:22:32.319 I ns/openshift-dns pod/dns-default-8kvnb node/ip-10-0-131-226.eu-central-1.compute.internal uid/80349239-3cbc-4a54-b975-de61d43e45a7 container/kube-rbac-proxy reason/ContainerStart cause/: 
May 25 15:22:32.319 I ns/openshift-dns pod/dns-default-8kvnb node/ip-10-0-131-226.eu-central-1.compute.internal uid/80349239-3cbc-4a54-b975-de61d43e45a7 container/dns reason/ContainerStart cause/: 
May 25 15:22:32.319 - 0ms   I ns/openshift-dns pod/dns-default-8kvnb uid/80349239-3cbc-4a54-b975-de61d43e45a7 container/dns constructed/true reason/NotReady missed real "NotReady"
May 25 15:22:32.319 - 0ms   I ns/openshift-dns pod/dns-default-8kvnb uid/80349239-3cbc-4a54-b975-de61d43e45a7 container/kube-rbac-proxy constructed/true reason/NotReady missed real "NotReady"
May 25 15:22:32.319 - 2s    I ns/openshift-dns pod/dns-default-8kvnb uid/80349239-3cbc-4a54-b975-de61d43e45a7 container/dns constructed/true reason/Ready 
May 25 15:22:32.319 - 2s    I ns/openshift-dns pod/dns-default-8kvnb uid/80349239-3cbc-4a54-b975-de61d43e45a7 container/kube-rbac-proxy constructed/true reason/Ready 
May 25 15:22:32.319 I ns/openshift-dns pod/dns-default-8kvnb node/ip-10-0-131-226.eu-central-1.compute.internal uid/80349239-3cbc-4a54-b975-de61d43e45a7 container/dns reason/Ready 
May 25 15:22:32.319 I ns/openshift-dns pod/dns-default-8kvnb node/ip-10-0-131-226.eu-central-1.compute.internal uid/80349239-3cbc-4a54-b975-de61d43e45a7 container/kube-rbac-proxy reason/Ready 
May 25 15:22:32.319 I ns/openshift-etcd pod/etcd-ip-10-0-136-137.eu-central-1.compute.internal node/ip-10-0-136-137.eu-central-1.compute.internal uid/4408018a-707d-4c71-9425-bb1e82b0126d reason/Created 
May 25 15:22:32.319 - 2s    I ns/openshift-etcd pod/etcd-ip-10-0-136-137.eu-central-1.compute.internal uid/4408018a-707d-4c71-9425-bb1e82b0126d constructed/true reason/Scheduled node/ip-10-0-136-137.eu-central-1.compute.internal
May 25 15:22:32.319 I ns/openshift-etcd pod/etcd-ip-10-0-136-137.eu-central-1.compute.internal node/ip-10-0-136-137.eu-central-1.compute.internal uid/4408018a-707d-4c71-9425-bb1e82b0126d reason/Scheduled node/ip-10-0-136-137.eu-central-1.compute.internal
May 25 15:22:32.319 - 2s    I ns/openshift-etcd pod/etcd-ip-10-0-136-137.eu-central-1.compute.internal uid/4408018a-707d-4c71-9425-bb1e82b0126d container/etcdctl constructed/true reason/ContainerStart cause/: 
May 25 15:22:32.319 - 2s    I ns/openshift-etcd pod/etcd-ip-10-0-136-137.eu-central-1.compute.internal uid/4408018a-707d-4c71-9425-bb1e82b0126d container/etcd-health-monitor constructed/true reason/ContainerStart cause/: 
May 25 15:22:32.319 - 2s    I ns/openshift-etcd pod/etcd-ip-10-0-136-137.eu-central-1.compute.internal uid/4408018a-707d-4c71-9425-bb1e82b0126d container/etcd constructed/true reason/ContainerStart cause/: 
May 25 15:22:32.319 - 2s    I ns/openshift-etcd pod/etcd-ip-10-0-136-137.eu-central-1.compute.internal uid/4408018a-707d-4c71-9425-bb1e82b0126d container/etcd-metrics constructed/true reason/ContainerStart cause/: 
May 25 15:22:32.319 - 2s    I ns/openshift-etcd pod/etcd-ip-10-0-136-137.eu-central-1.compute.internal uid/4408018a-707d-4c71-9425-bb1e82b0126d container/etcd-readyz constructed/true reason/ContainerStart cause/: 
May 25 15:22:32.319 I ns/openshift-etcd pod/etcd-ip-10-0-136-137.eu-central-1.compute.internal node/ip-10-0-136-137.eu-central-1.compute.internal uid/4408018a-707d-4c71-9425-bb1e82b0126d container/etcd-metrics reason/ContainerStart cause/: 
May 25 15:22:32.319 I ns/openshift-etcd pod/etcd-ip-10-0-136-137.eu-central-1.compute.internal node/ip-10-0-136-137.eu-central-1.compute.internal uid/4408018a-707d-4c71-9425-bb1e82b0126d container/etcd reason/ContainerStart cause/: 
May 25 15:22:32.319 I ns/openshift-etcd pod/etcd-ip-10-0-136-137.eu-central-1.compute.internal node/ip-10-0-136-137.eu-central-1.compute.internal uid/4408018a-707d-4c71-9425-bb1e82b0126d container/etcdctl reason/ContainerStart cause/: 
May 25 15:22:32.319 I ns/openshift-etcd pod/etcd-ip-10-0-136-137.eu-central-1.compute.internal node/ip-10-0-136-137.eu-central-1.compute.internal uid/4408018a-707d-4c71-9425-bb1e82b0126d container/etcd-readyz reason/ContainerStart cause/: 
May 25 15:22:32.319 I ns/openshift-etcd pod/etcd-ip-10-0-136-137.eu-central-1.compute.internal node/ip-10-0-136-137.eu-central-1.compute.internal uid/4408018a-707d-4c71-9425-bb1e82b0126d container/etcd-health-monitor reason/ContainerStart cause/: 
May 25 15:22:32.319 - 0ms   I ns/openshift-etcd pod/etcd-ip-10-0-136-137.eu-central-1.compute.internal uid/4408018a-707d-4c71-9425-bb1e82b0126d container/etcdctl constructed/true reason/NotReady missed real "NotReady"
May 25 15:22:32.319 - 0ms   I ns/openshift-etcd pod/etcd-ip-10-0-136-137.eu-central-1.compute.internal uid/4408018a-707d-4c71-9425-bb1e82b0126d container/etcd-metrics constructed/true reason/NotReady missed real "NotReady"
May 25 15:22:32.319 - 0ms   I ns/openshift-etcd pod/etcd-ip-10-0-136-137.eu-central-1.compute.internal uid/4408018a-707d-4c71-9425-bb1e82b0126d container/etcd-readyz constructed/true reason/NotReady missed real "NotReady"
May 25 15:22:32.319 - 0ms   I ns/openshift-etcd pod/etcd-ip-10-0-136-137.eu-central-1.compute.internal uid/4408018a-707d-4c71-9425-bb1e82b0126d container/etcd constructed/true reason/NotReady missed real "NotReady"
May 25 15:22:32.319 - 0ms   I ns/openshift-etcd pod/etcd-ip-10-0-136-137.eu-central-1.compute.internal uid/4408018a-707d-4c71-9425-bb1e82b0126d container/etcd-health-monitor constructed/true reason/NotReady missed real "NotReady"
May 25 15:22:32.319 - 2s    I ns/openshift-etcd pod/etcd-ip-10-0-136-137.eu-central-1.compute.internal uid/4408018a-707d-4c71-9425-bb1e82b0126d container/etcd-readyz constructed/true reason/Ready 
May 25 15:22:32.319 - 2s    I ns/openshift-etcd pod/etcd-ip-10-0-136-137.eu-central-1.compute.internal uid/4408018a-707d-4c71-9425-bb1e82b0126d container/etcd-health-monitor constructed/true reason/Ready 
May 25 15:22:32.319 - 2s    I ns/openshift-etcd pod/etcd-ip-10-0-136-137.eu-central-1.compute.internal uid/4408018a-707d-4c71-9425-bb1e82b0126d container/etcd constructed/true reason/Ready 
May 25 15:22:32.319 - 2s    I ns/openshift-etcd pod/etcd-ip-10-0-136-137.eu-central-1.compute.internal uid/4408018a-707d-4c71-9425-bb1e82b0126d container/etcd-metrics constructed/true reason/Ready 
May 25 15:22:32.319 - 2s    I ns/openshift-etcd pod/etcd-ip-10-0-136-137.eu-central-1.compute.internal uid/4408018a-707d-4c71-9425-bb1e82b0126d container/etcdctl constructed/true reason/Ready 
May 25 15:22:32.319 I ns/openshift-etcd pod/etcd-ip-10-0-136-137.eu-central-1.compute.internal node/ip-10-0-136-137.eu-central-1.compute.internal uid/4408018a-707d-4c71-9425-bb1e82b0126d container/etcd-ensure-env-vars reason/Ready 
May 25 15:22:32.319 I ns/openshift-etcd pod/etcd-ip-10-0-136-137.eu-central-1.compute.internal node/ip-10-0-136-137.eu-central-1.compute.internal uid/4408018a-707d-4c71-9425-bb1e82b0126d container/etcd-metrics reason/Ready 
May 25 15:22:32.319 I ns/openshift-etcd pod/etcd-ip-10-0-136-137.eu-central-1.compute.internal node/ip-10-0-136-137.eu-central-1.compute.internal uid/4408018a-707d-4c71-9425-bb1e82b0126d container/etcdctl reason/Ready 
May 25 15:22:32.319 I ns/openshift-etcd pod/etcd-ip-10-0-136-137.eu-central-1.compute.internal node/ip-10-0-136-137.eu-central-1.compute.internal uid/4408018a-707d-4c71-9425-bb1e82b0126d container/etcd reason/Ready 
May 25 15:22:32.319 I ns/openshift-etcd pod/etcd-ip-10-0-136-137.eu-central-1.compute.internal node/ip-10-0-136-137.eu-central-1.compute.internal uid/4408018a-707d-4c71-9425-bb1e82b0126d container/setup reason/Ready 
May 25 15:22:32.319 I ns/openshift-etcd pod/etcd-ip-10-0-136-137.eu-central-1.compute.internal node/ip-10-0-136-137.eu-central-1.compute.internal uid/4408018a-707d-4c71-9425-bb1e82b0126d container/etcd-readyz reason/Ready 
May 25 15:22:32.319 I ns/openshift-etcd pod/etcd-ip-10-0-136-137.eu-central-1.compute.internal node/ip-10-0-136-137.eu-central-1.compute.internal uid/4408018a-707d-4c71-9425-bb1e82b0126d container/etcd-resources-copy reason/Ready 
May 25 15:22:32.319 I ns/openshift-etcd pod/etcd-ip-10-0-136-137.eu-central-1.compute.internal node/ip-10-0-136-137.eu-central-1.compute.internal uid/4408018a-707d-4c71-9425-bb1e82b0126d container/etcd-health-monitor reason/Ready 
May 25 15:22:32.319 I ns/openshift-ingress pod/router-default-6f6fcdcfbf-ppjzn node/ip-10-0-186-221.eu-central-1.compute.internal uid/b079e17c-502d-42b9-a06f-751b957af78e reason/Created 
May 25 15:22:32.319 - 2s    I ns/openshift-ingress pod/router-default-6f6fcdcfbf-ppjzn uid/b079e17c-502d-42b9-a06f-751b957af78e constructed/true reason/Scheduled node/ip-10-0-186-221.eu-central-1.compute.internal
May 25 15:22:32.319 I ns/openshift-ingress pod/router-default-6f6fcdcfbf-ppjzn node/ip-10-0-186-221.eu-central-1.compute.internal uid/b079e17c-502d-42b9-a06f-751b957af78e reason/Scheduled node/ip-10-0-186-221.eu-central-1.compute.internal
May 25 15:22:32.319 - 2s    I ns/openshift-ingress pod/router-default-6f6fcdcfbf-ppjzn uid/b079e17c-502d-42b9-a06f-751b957af78e container/router constructed/true reason/ContainerStart cause/: 
May 25 15:22:32.319 I ns/openshift-ingress pod/router-default-6f6fcdcfbf-ppjzn node/ip-10-0-186-221.eu-central-1.compute.internal uid/b079e17c-502d-42b9-a06f-751b957af78e container/router reason/ContainerStart cause/: 
May 25 15:22:32.319 - 0ms   I ns/openshift-ingress pod/router-default-6f6fcdcfbf-ppjzn uid/b079e17c-502d-42b9-a06f-751b957af78e container/router constructed/true reason/NotReady missed real "NotReady"
May 25 15:22:32.319 - 2s    I ns/openshift-ingress pod/router-default-6f6fcdcfbf-ppjzn uid/b079e17c-502d-42b9-a06f-751b957af78e container/router constructed/true reason/Ready 
May 25 15:22:32.319 I ns/openshift-ingress pod/router-default-6f6fcdcfbf-ppjzn node/ip-10-0-186-221.eu-central-1.compute.internal uid/b079e17c-502d-42b9-a06f-751b957af78e container/router reason/Ready 
May 25 15:22:32.319 I ns/openshift-kube-apiserver pod/installer-9-ip-10-0-174-32.eu-central-1.compute.internal node/ip-10-0-174-32.eu-central-1.compute.internal uid/17876a32-4c17-4863-90f5-510b30ac53a7 reason/Created 
May 25 15:22:32.319 I ns/openshift-kube-apiserver pod/installer-9-ip-10-0-174-32.eu-central-1.compute.internal node/ip-10-0-174-32.eu-central-1.compute.internal uid/17876a32-4c17-4863-90f5-510b30ac53a7 reason/Scheduled node/ip-10-0-174-32.eu-central-1.compute.internal
May 25 15:22:32.319 W ns/openshift-kube-apiserver pod/installer-9-ip-10-0-174-32.eu-central-1.compute.internal node/ip-10-0-174-32.eu-central-1.compute.internal uid/17876a32-4c17-4863-90f5-510b30ac53a7 container/installer reason/NotReady 
May 25 15:22:32.319 I ns/openshift-kube-controller-manager-operator pod/kube-controller-manager-operator-f694d7bcb-sfd9s node/ip-10-0-174-32.eu-central-1.compute.internal uid/5b660358-fe07-4210-b8ec-722862cc33c7 reason/Created 
May 25 15:22:32.319 - 2s    I ns/openshift-kube-controller-manager-operator pod/kube-controller-manager-operator-f694d7bcb-sfd9s uid/5b660358-fe07-4210-b8ec-722862cc33c7 constructed/true reason/Scheduled node/ip-10-0-174-32.eu-central-1.compute.internal
May 25 15:22:32.319 I ns/openshift-kube-controller-manager-operator pod/kube-controller-manager-operator-f694d7bcb-sfd9s node/ip-10-0-174-32.eu-central-1.compute.internal uid/5b660358-fe07-4210-b8ec-722862cc33c7 reason/Scheduled node/ip-10-0-174-32.eu-central-1.compute.internal
May 25 15:22:32.319 - 2s    I ns/openshift-kube-controller-manager-operator pod/kube-controller-manager-operator-f694d7bcb-sfd9s uid/5b660358-fe07-4210-b8ec-722862cc33c7 container/kube-controller-manager-operator constructed/true reason/ContainerStart cause/: 
May 25 15:22:32.319 I ns/openshift-kube-controller-manager-operator pod/kube-controller-manager-operator-f694d7bcb-sfd9s node/ip-10-0-174-32.eu-central-1.compute.internal uid/5b660358-fe07-4210-b8ec-722862cc33c7 container/kube-controller-manager-operator reason/ContainerStart cause/: 
May 25 15:22:32.319 - 0ms   I ns/openshift-kube-controller-manager-operator pod/kube-controller-manager-operator-f694d7bcb-sfd9s uid/5b660358-fe07-4210-b8ec-722862cc33c7 container/kube-controller-manager-operator constructed/true reason/NotReady missed real "NotReady"
May 25 15:22:32.319 - 2s    I ns/openshift-kube-controller-manager-operator pod/kube-controller-manager-operator-f694d7bcb-sfd9s uid/5b660358-fe07-4210-b8ec-722862cc33c7 container/kube-controller-manager-operator constructed/true reason/Ready 
May 25 15:22:32.319 I ns/openshift-kube-controller-manager-operator pod/kube-controller-manager-operator-f694d7bcb-sfd9s node/ip-10-0-174-32.eu-central-1.compute.internal uid/5b660358-fe07-4210-b8ec-722862cc33c7 container/kube-controller-manager-operator reason/Ready 
May 25 15:22:32.319 I ns/openshift-authentication pod/oauth-openshift-67bbb54f68-kzl2f node/ip-10-0-194-125.eu-central-1.compute.internal uid/034ddd64-4e4f-4ed7-826d-47b95da2f09a reason/Created 
May 25 15:22:32.319 - 2s    I ns/openshift-authentication pod/oauth-openshift-67bbb54f68-kzl2f uid/034ddd64-4e4f-4ed7-826d-47b95da2f09a constructed/true reason/Scheduled node/ip-10-0-194-125.eu-central-1.compute.internal
May 25 15:22:32.319 I ns/openshift-authentication pod/oauth-openshift-67bbb54f68-kzl2f node/ip-10-0-194-125.eu-central-1.compute.internal uid/034ddd64-4e4f-4ed7-826d-47b95da2f09a reason/Scheduled node/ip-10-0-194-125.eu-central-1.compute.internal
May 25 15:22:32.319 - 2s    I ns/openshift-authentication pod/oauth-openshift-67bbb54f68-kzl2f uid/034ddd64-4e4f-4ed7-826d-47b95da2f09a container/oauth-openshift constructed/true reason/ContainerStart cause/: 
May 25 15:22:32.319 I ns/openshift-authentication pod/oauth-openshift-67bbb54f68-kzl2f node/ip-10-0-194-125.eu-central-1.compute.internal uid/034ddd64-4e4f-4ed7-826d-47b95da2f09a container/oauth-openshift reason/ContainerStart cause/: 
May 25 15:22:32.319 - 0ms   I ns/openshift-authentication pod/oauth-openshift-67bbb54f68-kzl2f uid/034ddd64-4e4f-4ed7-826d-47b95da2f09a container/oauth-openshift constructed/true reason/NotReady missed real "NotReady"
May 25 15:22:32.319 - 2s    I ns/openshift-authentication pod/oauth-openshift-67bbb54f68-kzl2f uid/034ddd64-4e4f-4ed7-826d-47b95da2f09a container/oauth-openshift constructed/true reason/Ready 
May 25 15:22:32.319 I ns/openshift-authentication pod/oauth-openshift-67bbb54f68-kzl2f node/ip-10-0-194-125.eu-central-1.compute.internal uid/034ddd64-4e4f-4ed7-826d-47b95da2f09a container/oauth-openshift reason/Ready 
May 25 15:22:32.319 I ns/openshift-kube-controller-manager pod/installer-7-ip-10-0-174-32.eu-central-1.compute.internal node/ip-10-0-174-32.eu-central-1.compute.internal uid/eab1bfab-72dd-404d-bc67-6700cbd88e10 reason/Created 
May 25 15:22:32.319 I ns/openshift-kube-controller-manager pod/installer-7-ip-10-0-174-32.eu-central-1.compute.internal node/ip-10-0-174-32.eu-central-1.compute.internal uid/eab1bfab-72dd-404d-bc67-6700cbd88e10 reason/Scheduled node/ip-10-0-174-32.eu-central-1.compute.internal
May 25 15:22:32.319 W ns/openshift-kube-controller-manager pod/installer-7-ip-10-0-174-32.eu-central-1.compute.internal node/ip-10-0-174-32.eu-central-1.compute.internal uid/eab1bfab-72dd-404d-bc67-6700cbd88e10 container/installer reason/NotReady 
May 25 15:22:32.319 I ns/openshift-cluster-csi-drivers pod/aws-ebs-csi-driver-controller-778f667485-nb6nl node/ip-10-0-194-125.eu-central-1.compute.internal uid/539b664d-e996-4698-a920-7f6aa34dc162 reason/Created 
May 25 15:22:32.319 - 2s    I ns/openshift-cluster-csi-drivers pod/aws-ebs-csi-driver-controller-778f667485-nb6nl uid/539b664d-e996-4698-a920-7f6aa34dc162 constructed/true reason/Scheduled node/ip-10-0-194-125.eu-central-1.compute.internal
May 25 15:22:32.319 I ns/openshift-cluster-csi-drivers pod/aws-ebs-csi-driver-controller-778f667485-nb6nl node/ip-10-0-194-125.eu-central-1.compute.internal uid/539b664d-e996-4698-a920-7f6aa34dc162 reason/Scheduled node/ip-10-0-194-125.eu-central-1.compute.internal
May 25 15:22:32.319 - 2s    I ns/openshift-cluster-csi-drivers pod/aws-ebs-csi-driver-controller-778f667485-nb6nl uid/539b664d-e996-4698-a920-7f6aa34dc162 container/attacher-kube-rbac-proxy constructed/true reason/ContainerStart cause/: 
May 25 15:22:32.319 - 2s    I ns/openshift-cluster-csi-drivers pod/aws-ebs-csi-driver-controller-778f667485-nb6nl uid/539b664d-e996-4698-a920-7f6aa34dc162 container/csi-liveness-probe constructed/true reason/ContainerStart cause/: 
May 25 15:22:32.319 - 2s    I ns/openshift-cluster-csi-drivers pod/aws-ebs-csi-driver-controller-778f667485-nb6nl uid/539b664d-e996-4698-a920-7f6aa34dc162 container/resizer-kube-rbac-proxy constructed/true reason/ContainerStart cause/: 
May 25 15:22:32.319 - 2s    I ns/openshift-cluster-csi-drivers pod/aws-ebs-csi-driver-controller-778f667485-nb6nl uid/539b664d-e996-4698-a920-7f6aa34dc162 container/csi-attacher constructed/true reason/ContainerStart cause/: 
May 25 15:22:32.319 - 2s    I ns/openshift-cluster-csi-drivers pod/aws-ebs-csi-driver-controller-778f667485-nb6nl uid/539b664d-e996-4698-a920-7f6aa34dc162 container/driver-kube-rbac-proxy constructed/true reason/ContainerStart cause/: 
May 25 15:22:32.319 - 2s    I ns/openshift-cluster-csi-drivers pod/aws-ebs-csi-driver-controller-778f667485-nb6nl uid/539b664d-e996-4698-a920-7f6aa34dc162 container/provisioner-kube-rbac-proxy constructed/true reason/ContainerStart cause/: 
May 25 15:22:32.319 - 2s    I ns/openshift-cluster-csi-drivers pod/aws-ebs-csi-driver-controller-778f667485-nb6nl uid/539b664d-e996-4698-a920-7f6aa34dc162 container/csi-snapshotter constructed/true reason/ContainerStart cause/: 
May 25 15:22:32.319 - 2s    I ns/openshift-cluster-csi-drivers pod/aws-ebs-csi-driver-controller-778f667485-nb6nl uid/539b664d-e996-4698-a920-7f6aa34dc162 container/csi-driver constructed/true reason/ContainerStart cause/: 
May 25 15:22:32.319 - 2s    I ns/openshift-cluster-csi-drivers pod/aws-ebs-csi-driver-controller-778f667485-nb6nl uid/539b664d-e996-4698-a920-7f6aa34dc162 container/csi-resizer constructed/true reason/ContainerStart cause/: 
May 25 15:22:32.319 - 2s    I ns/openshift-cluster-csi-drivers pod/aws-ebs-csi-driver-controller-778f667485-nb6nl uid/539b664d-e996-4698-a920-7f6aa34dc162 container/snapshotter-kube-rbac-proxy constructed/true reason/ContainerStart cause/: 
May 25 15:22:32.319 - 2s    I ns/openshift-cluster-csi-drivers pod/aws-ebs-csi-driver-controller-778f667485-nb6nl uid/539b664d-e996-4698-a920-7f6aa34dc162 container/csi-provisioner constructed/true reason/ContainerStart cause/: 
May 25 15:22:32.319 I ns/openshift-cluster-csi-drivers pod/aws-ebs-csi-driver-controller-778f667485-nb6nl node/ip-10-0-194-125.eu-central-1.compute.internal uid/539b664d-e996-4698-a920-7f6aa34dc162 container/csi-snapshotter reason/ContainerStart cause/: 
May 25 15:22:32.319 I ns/openshift-cluster-csi-drivers pod/aws-ebs-csi-driver-controller-778f667485-nb6nl node/ip-10-0-194-125.eu-central-1.compute.internal uid/539b664d-e996-4698-a920-7f6aa34dc162 container/csi-attacher reason/ContainerStart cause/: 
May 25 15:22:32.319 I ns/openshift-cluster-csi-drivers pod/aws-ebs-csi-driver-controller-778f667485-nb6nl node/ip-10-0-194-125.eu-central-1.compute.internal uid/539b664d-e996-4698-a920-7f6aa34dc162 container/csi-resizer reason/ContainerStart cause/: 
May 25 15:22:32.319 I ns/openshift-cluster-csi-drivers pod/aws-ebs-csi-driver-controller-778f667485-nb6nl node/ip-10-0-194-125.eu-central-1.compute.internal uid/539b664d-e996-4698-a920-7f6aa34dc162 container/provisioner-kube-rbac-proxy reason/ContainerStart cause/: 
May 25 15:22:32.319 I ns/openshift-cluster-csi-drivers pod/aws-ebs-csi-driver-controller-778f667485-nb6nl node/ip-10-0-194-125.eu-central-1.compute.internal uid/539b664d-e996-4698-a920-7f6aa34dc162 container/csi-provisioner reason/ContainerStart cause/: 
May 25 15:22:32.319 I ns/openshift-cluster-csi-drivers pod/aws-ebs-csi-driver-controller-778f667485-nb6nl node/ip-10-0-194-125.eu-central-1.compute.internal uid/539b664d-e996-4698-a920-7f6aa34dc162 container/csi-driver reason/ContainerStart cause/: 
May 25 15:22:32.319 I ns/openshift-cluster-csi-drivers pod/aws-ebs-csi-driver-controller-778f667485-nb6nl node/ip-10-0-194-125.eu-central-1.compute.internal uid/539b664d-e996-4698-a920-7f6aa34dc162 container/snapshotter-kube-rbac-proxy reason/ContainerStart cause/: 
May 25 15:22:32.319 I ns/openshift-cluster-csi-drivers pod/aws-ebs-csi-driver-controller-778f667485-nb6nl node/ip-10-0-194-125.eu-central-1.compute.internal uid/539b664d-e996-4698-a920-7f6aa34dc162 container/csi-liveness-probe reason/ContainerStart cause/: 
May 25 15:22:32.319 I ns/openshift-cluster-csi-drivers pod/aws-ebs-csi-driver-controller-778f667485-nb6nl node/ip-10-0-194-125.eu-central-1.compute.internal uid/539b664d-e996-4698-a920-7f6aa34dc162 container/resizer-kube-rbac-proxy reason/ContainerStart cause/: 
May 25 15:22:32.319 I ns/openshift-cluster-csi-drivers pod/aws-ebs-csi-driver-controller-778f667485-nb6nl node/ip-10-0-194-125.eu-central-1.compute.internal uid/539b664d-e996-4698-a920-7f6aa34dc162 container/driver-kube-rbac-proxy reason/ContainerStart cause/: 
May 25 15:22:32.319 I ns/openshift-cluster-csi-drivers pod/aws-ebs-csi-driver-controller-778f667485-nb6nl node/ip-10-0-194-125.eu-central-1.compute.internal uid/539b664d-e996-4698-a920-7f6aa34dc162 container/attacher-kube-rbac-proxy reason/ContainerStart cause/: 
May 25 15:22:32.319 - 0ms   I ns/openshift-cluster-csi-drivers pod/aws-ebs-csi-driver-controller-778f667485-nb6nl uid/539b664d-e996-4698-a920-7f6aa34dc162 container/csi-driver constructed/true reason/NotReady missed real "NotReady"
May 25 15:22:32.319 - 0ms   I ns/openshift-cluster-csi-drivers pod/aws-ebs-csi-driver-controller-778f667485-nb6nl uid/539b664d-e996-4698-a920-7f6aa34dc162 container/csi-snapshotter constructed/true reason/NotReady missed real "NotReady"
May 25 15:22:32.319 - 0ms   I ns/openshift-cluster-csi-drivers pod/aws-ebs-csi-driver-controller-778f667485-nb6nl uid/539b664d-e996-4698-a920-7f6aa34dc162 container/provisioner-kube-rbac-proxy constructed/true reason/NotReady missed real "NotReady"
May 25 15:22:32.319 - 0ms   I ns/openshift-cluster-csi-drivers pod/aws-ebs-csi-driver-controller-778f667485-nb6nl uid/539b664d-e996-4698-a920-7f6aa34dc162 container/attacher-kube-rbac-proxy constructed/true reason/NotReady missed real "NotReady"
May 25 15:22:32.319 - 0ms   I ns/openshift-cluster-csi-drivers pod/aws-ebs-csi-driver-controller-778f667485-nb6nl uid/539b664d-e996-4698-a920-7f6aa34dc162 container/resizer-kube-rbac-proxy constructed/true reason/NotReady missed real "NotReady"
May 25 15:22:32.319 - 0ms   I ns/openshift-cluster-csi-drivers pod/aws-ebs-csi-driver-controller-778f667485-nb6nl uid/539b664d-e996-4698-a920-7f6aa34dc162 container/csi-liveness-probe constructed/true reason/NotReady missed real "NotReady"
May 25 15:22:32.319 - 0ms   I ns/openshift-cluster-csi-drivers pod/aws-ebs-csi-driver-controller-778f667485-nb6nl uid/539b664d-e996-4698-a920-7f6aa34dc162 container/csi-resizer constructed/true reason/NotReady missed real "NotReady"
May 25 15:22:32.319 - 0ms   I ns/openshift-cluster-csi-drivers pod/aws-ebs-csi-driver-controller-778f667485-nb6nl uid/539b664d-e996-4698-a920-7f6aa34dc162 container/csi-provisioner constructed/true reason/NotReady missed real "NotReady"
May 25 15:22:32.319 - 0ms   I ns/openshift-cluster-csi-drivers pod/aws-ebs-csi-driver-controller-778f667485-nb6nl uid/539b664d-e996-4698-a920-7f6aa34dc162 container/snapshotter-kube-rbac-proxy constructed/true reason/NotReady missed real "NotReady"
May 25 15:22:32.319 - 0ms   I ns/openshift-cluster-csi-drivers pod/aws-ebs-csi-driver-controller-778f667485-nb6nl uid/539b664d-e996-4698-a920-7f6aa34dc162 container/csi-attacher constructed/true reason/NotReady missed real "NotReady"
May 25 15:22:32.319 - 0ms   I ns/openshift-cluster-csi-drivers pod/aws-ebs-csi-driver-controller-778f667485-nb6nl uid/539b664d-e996-4698-a920-7f6aa34dc162 container/driver-kube-rbac-proxy constructed/true reason/NotReady missed real "NotReady"
May 25 15:22:32.319 - 2s    I ns/openshift-cluster-csi-drivers pod/aws-ebs-csi-driver-controller-778f667485-nb6nl uid/539b664d-e996-4698-a920-7f6aa34dc162 container/resizer-kube-rbac-proxy constructed/true reason/Ready 
May 25 15:22:32.319 - 2s    I ns/openshift-cluster-csi-drivers pod/aws-ebs-csi-driver-controller-778f667485-nb6nl uid/539b664d-e996-4698-a920-7f6aa34dc162 container/provisioner-kube-rbac-proxy constructed/true reason/Ready 
May 25 15:22:32.319 - 2s    I ns/openshift-cluster-csi-drivers pod/aws-ebs-csi-driver-controller-778f667485-nb6nl uid/539b664d-e996-4698-a920-7f6aa34dc162 container/csi-provisioner constructed/true reason/Ready 
May 25 15:22:32.319 - 2s    I ns/openshift-cluster-csi-drivers pod/aws-ebs-csi-driver-controller-778f667485-nb6nl uid/539b664d-e996-4698-a920-7f6aa34dc162 container/driver-kube-rbac-proxy constructed/true reason/Ready 
May 25 15:22:32.319 - 2s    I ns/openshift-cluster-csi-drivers pod/aws-ebs-csi-driver-controller-778f667485-nb6nl uid/539b664d-e996-4698-a920-7f6aa34dc162 container/snapshotter-kube-rbac-proxy constructed/true reason/Ready 
May 25 15:22:32.319 - 2s    I ns/openshift-cluster-csi-drivers pod/aws-ebs-csi-driver-controller-778f667485-nb6nl uid/539b664d-e996-4698-a920-7f6aa34dc162 container/csi-attacher constructed/true reason/Ready 
May 25 15:22:32.319 - 2s    I ns/openshift-cluster-csi-drivers pod/aws-ebs-csi-driver-controller-778f667485-nb6nl uid/539b664d-e996-4698-a920-7f6aa34dc162 container/csi-liveness-probe constructed/true reason/Ready 
May 25 15:22:32.319 - 2s    I ns/openshift-cluster-csi-drivers pod/aws-ebs-csi-driver-controller-778f667485-nb6nl uid/539b664d-e996-4698-a920-7f6aa34dc162 container/csi-resizer constructed/true reason/Ready 
May 25 15:22:32.319 - 2s    I ns/openshift-cluster-csi-drivers pod/aws-ebs-csi-driver-controller-778f667485-nb6nl uid/539b664d-e996-4698-a920-7f6aa34dc162 container/csi-driver constructed/true reason/Ready 
May 25 15:22:32.319 - 2s    I ns/openshift-cluster-csi-drivers pod/aws-ebs-csi-driver-controller-778f667485-nb6nl uid/539b664d-e996-4698-a920-7f6aa34dc162 container/attacher-kube-rbac-proxy constructed/true reason/Ready 
May 25 15:22:32.319 - 2s    I ns/openshift-cluster-csi-drivers pod/aws-ebs-csi-driver-controller-778f667485-nb6nl uid/539b664d-e996-4698-a920-7f6aa34dc162 container/csi-snapshotter constructed/true reason/Ready 
May 25 15:22:32.319 I ns/openshift-cluster-csi-drivers pod/aws-ebs-csi-driver-controller-778f667485-nb6nl node/ip-10-0-194-125.eu-central-1.compute.internal uid/539b664d-e996-4698-a920-7f6aa34dc162 container/driver-kube-rbac-proxy reason/Ready 
May 25 15:22:32.319 I ns/openshift-cluster-csi-drivers pod/aws-ebs-csi-driver-controller-778f667485-nb6nl node/ip-10-0-194-125.eu-central-1.compute.internal uid/539b664d-e996-4698-a920-7f6aa34dc162 container/csi-liveness-probe reason/Ready 
May 25 15:22:32.319 I ns/openshift-cluster-csi-drivers pod/aws-ebs-csi-driver-controller-778f667485-nb6nl node/ip-10-0-194-125.eu-central-1.compute.internal uid/539b664d-e996-4698-a920-7f6aa34dc162 container/csi-resizer reason/Ready 
May 25 15:22:32.319 I ns/openshift-cluster-csi-drivers pod/aws-ebs-csi-driver-controller-778f667485-nb6nl node/ip-10-0-194-125.eu-central-1.compute.internal uid/539b664d-e996-4698-a920-7f6aa34dc162 container/csi-snapshotter reason/Ready 
May 25 15:22:32.319 I ns/openshift-cluster-csi-drivers pod/aws-ebs-csi-driver-controller-778f667485-nb6nl node/ip-10-0-194-125.eu-central-1.compute.internal uid/539b664d-e996-4698-a920-7f6aa34dc162 container/provisioner-kube-rbac-proxy reason/Ready 
May 25 15:22:32.319 I ns/openshift-cluster-csi-drivers pod/aws-ebs-csi-driver-controller-778f667485-nb6nl node/ip-10-0-194-125.eu-central-1.compute.internal uid/539b664d-e996-4698-a920-7f6aa34dc162 container/resizer-kube-rbac-proxy reason/Ready 
May 25 15:22:32.319 I ns/openshift-cluster-csi-drivers pod/aws-ebs-csi-driver-controller-778f667485-nb6nl node/ip-10-0-194-125.eu-central-1.compute.internal uid/539b664d-e996-4698-a920-7f6aa34dc162 container/csi-provisioner reason/Ready 
May 25 15:22:32.319 I ns/openshift-cluster-csi-drivers pod/aws-ebs-csi-driver-controller-778f667485-nb6nl node/ip-10-0-194-125.eu-central-1.compute.internal uid/539b664d-e996-4698-a920-7f6aa34dc162 container/csi-attacher reason/Ready 
May 25 15:22:32.319 I ns/openshift-cluster-csi-drivers pod/aws-ebs-csi-driver-controller-778f667485-nb6nl node/ip-10-0-194-125.eu-central-1.compute.internal uid/539b664d-e996-4698-a920-7f6aa34dc162 container/attacher-kube-rbac-proxy reason/Ready 
May 25 15:22:32.319 I ns/openshift-cluster-csi-drivers pod/aws-ebs-csi-driver-controller-778f667485-nb6nl node/ip-10-0-194-125.eu-central-1.compute.internal uid/539b664d-e996-4698-a920-7f6aa34dc162 container/snapshotter-kube-rbac-proxy reason/Ready 
May 25 15:22:32.319 I ns/openshift-cluster-csi-drivers pod/aws-ebs-csi-driver-controller-778f667485-nb6nl node/ip-10-0-194-125.eu-central-1.compute.internal uid/539b664d-e996-4698-a920-7f6aa34dc162 container/csi-driver reason/Ready 
May 25 15:22:32.319 I ns/openshift-dns pod/node-resolver-tr7ng node/ip-10-0-136-137.eu-central-1.compute.internal uid/78f026ed-80c4-4bfa-91f7-8b8614fbbbce reason/Created 
May 25 15:22:32.319 - 2s    I ns/openshift-dns pod/node-resolver-tr7ng uid/78f026ed-80c4-4bfa-91f7-8b8614fbbbce constructed/true reason/Scheduled node/ip-10-0-136-137.eu-central-1.compute.internal
May 25 15:22:32.319 I ns/openshift-dns pod/node-resolver-tr7ng node/ip-10-0-136-137.eu-central-1.compute.internal uid/78f026ed-80c4-4bfa-91f7-8b8614fbbbce reason/Scheduled node/ip-10-0-136-137.eu-central-1.compute.internal
May 25 15:22:32.319 - 2s    I ns/openshift-dns pod/node-resolver-tr7ng uid/78f026ed-80c4-4bfa-91f7-8b8614fbbbce container/dns-node-resolver constructed/true reason/ContainerStart cause/: 
May 25 15:22:32.319 I ns/openshift-dns pod/node-resolver-tr7ng node/ip-10-0-136-137.eu-central-1.compute.internal uid/78f026ed-80c4-4bfa-91f7-8b8614fbbbce container/dns-node-resolver reason/ContainerStart cause/: 
May 25 15:22:32.319 - 0ms   I ns/openshift-dns pod/node-resolver-tr7ng uid/78f026ed-80c4-4bfa-91f7-8b8614fbbbce container/dns-node-resolver constructed/true reason/NotReady missed real "NotReady"
May 25 15:22:32.319 - 2s    I ns/openshift-dns pod/node-resolver-tr7ng uid/78f026ed-80c4-4bfa-91f7-8b8614fbbbce container/dns-node-resolver constructed/true reason/Ready 
May 25 15:22:32.319 I ns/openshift-dns pod/node-resolver-tr7ng node/ip-10-0-136-137.eu-central-1.compute.internal uid/78f026ed-80c4-4bfa-91f7-8b8614fbbbce container/dns-node-resolver reason/Ready 
May 25 15:22:32.319 I ns/openshift-cluster-version pod/cluster-version-operator-6cfd5fdfdd-6pmxd node/ip-10-0-174-32.eu-central-1.compute.internal uid/029c045f-63f0-47e3-a1df-edec78f5f2e7 reason/Created 
May 25 15:22:32.319 - 2s    I ns/openshift-cluster-version pod/cluster-version-operator-6cfd5fdfdd-6pmxd uid/029c045f-63f0-47e3-a1df-edec78f5f2e7 constructed/true reason/Scheduled node/ip-10-0-174-32.eu-central-1.compute.internal
May 25 15:22:32.319 I ns/openshift-cluster-version pod/cluster-version-operator-6cfd5fdfdd-6pmxd node/ip-10-0-174-32.eu-central-1.compute.internal uid/029c045f-63f0-47e3-a1df-edec78f5f2e7 reason/Scheduled node/ip-10-0-174-32.eu-central-1.compute.internal
May 25 15:22:32.319 - 2s    I ns/openshift-cluster-version pod/cluster-version-operator-6cfd5fdfdd-6pmxd uid/029c045f-63f0-47e3-a1df-edec78f5f2e7 container/cluster-version-operator constructed/true reason/ContainerStart cause/: 
May 25 15:22:32.319 I ns/openshift-cluster-version pod/cluster-version-operator-6cfd5fdfdd-6pmxd node/ip-10-0-174-32.eu-central-1.compute.internal uid/029c045f-63f0-47e3-a1df-edec78f5f2e7 container/cluster-version-operator reason/ContainerStart cause/: 
May 25 15:22:32.319 - 0ms   I ns/openshift-cluster-version pod/cluster-version-operator-6cfd5fdfdd-6pmxd uid/029c045f-63f0-47e3-a1df-edec78f5f2e7 container/cluster-version-operator constructed/true reason/NotReady missed real "NotReady"
May 25 15:22:32.319 - 2s    I ns/openshift-cluster-version pod/cluster-version-operator-6cfd5fdfdd-6pmxd uid/029c045f-63f0-47e3-a1df-edec78f5f2e7 container/cluster-version-operator constructed/true reason/Ready 
May 25 15:22:32.319 I ns/openshift-cluster-version pod/cluster-version-operator-6cfd5fdfdd-6pmxd node/ip-10-0-174-32.eu-central-1.compute.internal uid/029c045f-63f0-47e3-a1df-edec78f5f2e7 container/cluster-version-operator reason/Ready 
May 25 15:22:32.319 I ns/openshift-image-registry pod/node-ca-5zdrp node/ip-10-0-207-138.eu-central-1.compute.internal uid/019a9e70-cd98-4495-b3b1-d755d1fa0663 reason/Created 
May 25 15:22:32.319 - 2s    I ns/openshift-image-registry pod/node-ca-5zdrp uid/019a9e70-cd98-4495-b3b1-d755d1fa0663 constructed/true reason/Scheduled node/ip-10-0-207-138.eu-central-1.compute.internal
May 25 15:22:32.319 I ns/openshift-image-registry pod/node-ca-5zdrp node/ip-10-0-207-138.eu-central-1.compute.internal uid/019a9e70-cd98-4495-b3b1-d755d1fa0663 reason/Scheduled node/ip-10-0-207-138.eu-central-1.compute.internal
May 25 15:22:32.319 - 2s    I ns/openshift-image-registry pod/node-ca-5zdrp uid/019a9e70-cd98-4495-b3b1-d755d1fa0663 container/node-ca constructed/true reason/ContainerStart cause/: 
May 25 15:22:32.319 I ns/openshift-image-registry pod/node-ca-5zdrp node/ip-10-0-207-138.eu-central-1.compute.internal uid/019a9e70-cd98-4495-b3b1-d755d1fa0663 container/node-ca reason/ContainerStart cause/: 
May 25 15:22:32.319 - 0ms   I ns/openshift-image-registry pod/node-ca-5zdrp uid/019a9e70-cd98-4495-b3b1-d755d1fa0663 container/node-ca constructed/true reason/NotReady missed real "NotReady"
May 25 15:22:32.319 - 2s    I ns/openshift-image-registry pod/node-ca-5zdrp uid/019a9e70-cd98-4495-b3b1-d755d1fa0663 container/node-ca constructed/true reason/Ready 
May 25 15:22:32.319 I ns/openshift-image-registry pod/node-ca-5zdrp node/ip-10-0-207-138.eu-central-1.compute.internal uid/019a9e70-cd98-4495-b3b1-d755d1fa0663 container/node-ca reason/Ready 
May 25 15:22:32.319 I ns/openshift-kube-controller-manager pod/installer-7-ip-10-0-194-125.eu-central-1.compute.internal node/ip-10-0-194-125.eu-central-1.compute.internal uid/ac6ef33d-ff98-4022-b9ba-1bc408a41c3d reason/Created 
May 25 15:22:32.319 I ns/openshift-kube-controller-manager pod/installer-7-ip-10-0-194-125.eu-central-1.compute.internal node/ip-10-0-194-125.eu-central-1.compute.internal uid/ac6ef33d-ff98-4022-b9ba-1bc408a41c3d reason/Scheduled node/ip-10-0-194-125.eu-central-1.compute.internal
May 25 15:22:32.319 W ns/openshift-kube-controller-manager pod/installer-7-ip-10-0-194-125.eu-central-1.compute.internal node/ip-10-0-194-125.eu-central-1.compute.internal uid/ac6ef33d-ff98-4022-b9ba-1bc408a41c3d container/installer reason/NotReady 
May 25 15:22:32.319 I ns/openshift-console-operator pod/console-operator-5ddbdb69c4-nf47x node/ip-10-0-136-137.eu-central-1.compute.internal uid/57ef71eb-34fc-478a-9bb6-45aae072f413 reason/Created 
May 25 15:22:32.319 - 2s    I ns/openshift-console-operator pod/console-operator-5ddbdb69c4-nf47x uid/57ef71eb-34fc-478a-9bb6-45aae072f413 constructed/true reason/Scheduled node/ip-10-0-136-137.eu-central-1.compute.internal
May 25 15:22:32.319 I ns/openshift-console-operator pod/console-operator-5ddbdb69c4-nf47x node/ip-10-0-136-137.eu-central-1.compute.internal uid/57ef71eb-34fc-478a-9bb6-45aae072f413 reason/Scheduled node/ip-10-0-136-137.eu-central-1.compute.internal
May 25 15:22:32.319 - 2s    I ns/openshift-console-operator pod/console-operator-5ddbdb69c4-nf47x uid/57ef71eb-34fc-478a-9bb6-45aae072f413 container/console-operator constructed/true reason/ContainerStart cause/: 
May 25 15:22:32.319 I ns/openshift-console-operator pod/console-operator-5ddbdb69c4-nf47x node/ip-10-0-136-137.eu-central-1.compute.internal uid/57ef71eb-34fc-478a-9bb6-45aae072f413 container/console-operator reason/ContainerStart cause/: 
May 25 15:22:32.319 - 0ms   I ns/openshift-console-operator pod/console-operator-5ddbdb69c4-nf47x uid/57ef71eb-34fc-478a-9bb6-45aae072f413 container/console-operator constructed/true reason/NotReady missed real "NotReady"
May 25 15:22:32.319 - 2s    I ns/openshift-console-operator pod/console-operator-5ddbdb69c4-nf47x uid/57ef71eb-34fc-478a-9bb6-45aae072f413 container/console-operator constructed/true reason/Ready 
May 25 15:22:32.319 I ns/openshift-console-operator pod/console-operator-5ddbdb69c4-nf47x node/ip-10-0-136-137.eu-central-1.compute.internal uid/57ef71eb-34fc-478a-9bb6-45aae072f413 container/console-operator reason/Ready 
May 25 15:22:32.319 I ns/openshift-kube-apiserver pod/installer-11-ip-10-0-136-137.eu-central-1.compute.internal node/ip-10-0-136-137.eu-central-1.compute.internal uid/5c0d717a-8cad-4771-b6ad-0dd3b3f43772 reason/Created 
May 25 15:22:32.319 I ns/openshift-kube-apiserver pod/installer-11-ip-10-0-136-137.eu-central-1.compute.internal node/ip-10-0-136-137.eu-central-1.compute.internal uid/5c0d717a-8cad-4771-b6ad-0dd3b3f43772 reason/Scheduled node/ip-10-0-136-137.eu-central-1.compute.internal
May 25 15:22:32.319 W ns/openshift-kube-apiserver pod/installer-11-ip-10-0-136-137.eu-central-1.compute.internal node/ip-10-0-136-137.eu-central-1.compute.internal uid/5c0d717a-8cad-4771-b6ad-0dd3b3f43772 container/installer reason/NotReady 
May 25 15:22:32.319 I ns/openshift-kube-controller-manager pod/kube-controller-manager-ip-10-0-136-137.eu-central-1.compute.internal node/ip-10-0-136-137.eu-central-1.compute.internal uid/6a941900-a0df-4fd1-afae-dcc02c77d861 reason/Created 
May 25 15:22:32.319 - 2s    I ns/openshift-kube-controller-manager pod/kube-controller-manager-ip-10-0-136-137.eu-central-1.compute.internal uid/6a941900-a0df-4fd1-afae-dcc02c77d861 constructed/true reason/Scheduled node/ip-10-0-136-137.eu-central-1.compute.internal
May 25 15:22:32.319 I ns/openshift-kube-controller-manager pod/kube-controller-manager-ip-10-0-136-137.eu-central-1.compute.internal node/ip-10-0-136-137.eu-central-1.compute.internal uid/6a941900-a0df-4fd1-afae-dcc02c77d861 reason/Scheduled node/ip-10-0-136-137.eu-central-1.compute.internal
May 25 15:22:32.319 - 2s    I ns/openshift-kube-controller-manager pod/kube-controller-manager-ip-10-0-136-137.eu-central-1.compute.internal uid/6a941900-a0df-4fd1-afae-dcc02c77d861 container/cluster-policy-controller constructed/true reason/ContainerStart cause/: 
May 25 15:22:32.319 - 2s    I ns/openshift-kube-controller-manager pod/kube-controller-manager-ip-10-0-136-137.eu-central-1.compute.internal uid/6a941900-a0df-4fd1-afae-dcc02c77d861 container/kube-controller-manager-cert-syncer constructed/true reason/ContainerStart cause/: 
May 25 15:22:32.319 - 2s    I ns/openshift-kube-controller-manager pod/kube-controller-manager-ip-10-0-136-137.eu-central-1.compute.internal uid/6a941900-a0df-4fd1-afae-dcc02c77d861 container/kube-controller-manager-recovery-controller constructed/true reason/ContainerStart cause/: 
May 25 15:22:32.319 - 2s    I ns/openshift-kube-controller-manager pod/kube-controller-manager-ip-10-0-136-137.eu-central-1.compute.internal uid/6a941900-a0df-4fd1-afae-dcc02c77d861 container/kube-controller-manager constructed/true reason/ContainerStart cause/: 
May 25 15:22:32.319 I ns/openshift-kube-controller-manager pod/kube-controller-manager-ip-10-0-136-137.eu-central-1.compute.internal node/ip-10-0-136-137.eu-central-1.compute.internal uid/6a941900-a0df-4fd1-afae-dcc02c77d861 container/cluster-policy-controller reason/ContainerStart cause/: 
May 25 15:22:32.319 I ns/openshift-kube-controller-manager pod/kube-controller-manager-ip-10-0-136-137.eu-central-1.compute.internal node/ip-10-0-136-137.eu-central-1.compute.internal uid/6a941900-a0df-4fd1-afae-dcc02c77d861 container/kube-controller-manager-cert-syncer reason/ContainerStart cause/: 
May 25 15:22:32.319 I ns/openshift-kube-controller-manager pod/kube-controller-manager-ip-10-0-136-137.eu-central-1.compute.internal node/ip-10-0-136-137.eu-central-1.compute.internal uid/6a941900-a0df-4fd1-afae-dcc02c77d861 container/kube-controller-manager reason/ContainerStart cause/: 
May 25 15:22:32.319 I ns/openshift-kube-controller-manager pod/kube-controller-manager-ip-10-0-136-137.eu-central-1.compute.internal node/ip-10-0-136-137.eu-central-1.compute.internal uid/6a941900-a0df-4fd1-afae-dcc02c77d861 container/kube-controller-manager-recovery-controller reason/ContainerStart cause/: 
May 25 15:22:32.319 - 0ms   I ns/openshift-kube-controller-manager pod/kube-controller-manager-ip-10-0-136-137.eu-central-1.compute.internal uid/6a941900-a0df-4fd1-afae-dcc02c77d861 container/kube-controller-manager-recovery-controller constructed/true reason/NotReady missed real "NotReady"
May 25 15:22:32.319 - 0ms   I ns/openshift-kube-controller-manager pod/kube-controller-manager-ip-10-0-136-137.eu-central-1.compute.internal uid/6a941900-a0df-4fd1-afae-dcc02c77d861 container/kube-controller-manager constructed/true reason/NotReady missed real "NotReady"
May 25 15:22:32.319 - 0ms   I ns/openshift-kube-controller-manager pod/kube-controller-manager-ip-10-0-136-137.eu-central-1.compute.internal uid/6a941900-a0df-4fd1-afae-dcc02c77d861 container/kube-controller-manager-cert-syncer constructed/true reason/NotReady missed real "NotReady"
May 25 15:22:32.319 - 0ms   I ns/openshift-kube-controller-manager pod/kube-controller-manager-ip-10-0-136-137.eu-central-1.compute.internal uid/6a941900-a0df-4fd1-afae-dcc02c77d861 container/cluster-policy-controller constructed/true reason/NotReady missed real "NotReady"
May 25 15:22:32.319 - 2s    I ns/openshift-kube-controller-manager pod/kube-controller-manager-ip-10-0-136-137.eu-central-1.compute.internal uid/6a941900-a0df-4fd1-afae-dcc02c77d861 container/kube-controller-manager constructed/true reason/Ready 
May 25 15:22:32.319 - 2s    I ns/openshift-kube-controller-manager pod/kube-controller-manager-ip-10-0-136-137.eu-central-1.compute.internal uid/6a941900-a0df-4fd1-afae-dcc02c77d861 container/kube-controller-manager-cert-syncer constructed/true reason/Ready 
May 25 15:22:32.319 - 2s    I ns/openshift-kube-controller-manager pod/kube-controller-manager-ip-10-0-136-137.eu-central-1.compute.internal uid/6a941900-a0df-4fd1-afae-dcc02c77d861 container/kube-controller-manager-recovery-controller constructed/true reason/Ready 
May 25 15:22:32.319 - 2s    I ns/openshift-kube-controller-manager pod/kube-controller-manager-ip-10-0-136-137.eu-central-1.compute.internal uid/6a941900-a0df-4fd1-afae-dcc02c77d861 container/cluster-policy-controller constructed/true reason/Ready 
May 25 15:22:32.319 I ns/openshift-kube-controller-manager pod/kube-controller-manager-ip-10-0-136-137.eu-central-1.compute.internal node/ip-10-0-136-137.eu-central-1.compute.internal uid/6a941900-a0df-4fd1-afae-dcc02c77d861 container/cluster-policy-controller reason/Ready 
May 25 15:22:32.319 I ns/openshift-kube-controller-manager pod/kube-controller-manager-ip-10-0-136-137.eu-central-1.compute.internal node/ip-10-0-136-137.eu-central-1.compute.internal uid/6a941900-a0df-4fd1-afae-dcc02c77d861 container/kube-controller-manager-recovery-controller reason/Ready 
May 25 15:22:32.319 I ns/openshift-kube-controller-manager pod/kube-controller-manager-ip-10-0-136-137.eu-central-1.compute.internal node/ip-10-0-136-137.eu-central-1.compute.internal uid/6a941900-a0df-4fd1-afae-dcc02c77d861 container/kube-controller-manager-cert-syncer reason/Ready 
May 25 15:22:32.319 I ns/openshift-kube-controller-manager pod/kube-controller-manager-ip-10-0-136-137.eu-central-1.compute.internal node/ip-10-0-136-137.eu-central-1.compute.internal uid/6a941900-a0df-4fd1-afae-dcc02c77d861 container/kube-controller-manager reason/Ready 
May 25 15:22:32.319 I ns/openshift-monitoring pod/prometheus-operator-admission-webhook-587f88cbb-tlqk4 node/ip-10-0-186-221.eu-central-1.compute.internal uid/4e2cc56d-d4b8-444c-a6b9-fd84d48b3b2b reason/Created 
May 25 15:22:32.319 - 2s    I ns/openshift-monitoring pod/prometheus-operator-admission-webhook-587f88cbb-tlqk4 uid/4e2cc56d-d4b8-444c-a6b9-fd84d48b3b2b constructed/true reason/Scheduled node/ip-10-0-186-221.eu-central-1.compute.internal
May 25 15:22:32.319 I ns/openshift-monitoring pod/prometheus-operator-admission-webhook-587f88cbb-tlqk4 node/ip-10-0-186-221.eu-central-1.compute.internal uid/4e2cc56d-d4b8-444c-a6b9-fd84d48b3b2b reason/Scheduled node/ip-10-0-186-221.eu-central-1.compute.internal
May 25 15:22:32.319 - 2s    I ns/openshift-monitoring pod/prometheus-operator-admission-webhook-587f88cbb-tlqk4 uid/4e2cc56d-d4b8-444c-a6b9-fd84d48b3b2b container/prometheus-operator-admission-webhook constructed/true reason/ContainerStart cause/: 
May 25 15:22:32.319 I ns/openshift-monitoring pod/prometheus-operator-admission-webhook-587f88cbb-tlqk4 node/ip-10-0-186-221.eu-central-1.compute.internal uid/4e2cc56d-d4b8-444c-a6b9-fd84d48b3b2b container/prometheus-operator-admission-webhook reason/ContainerStart cause/: 
May 25 15:22:32.319 - 0ms   I ns/openshift-monitoring pod/prometheus-operator-admission-webhook-587f88cbb-tlqk4 uid/4e2cc56d-d4b8-444c-a6b9-fd84d48b3b2b container/prometheus-operator-admission-webhook constructed/true reason/NotReady missed real "NotReady"
May 25 15:22:32.319 - 2s    I ns/openshift-monitoring pod/prometheus-operator-admission-webhook-587f88cbb-tlqk4 uid/4e2cc56d-d4b8-444c-a6b9-fd84d48b3b2b container/prometheus-operator-admission-webhook constructed/true reason/Ready 
May 25 15:22:32.319 I ns/openshift-monitoring pod/prometheus-operator-admission-webhook-587f88cbb-tlqk4 node/ip-10-0-186-221.eu-central-1.compute.internal uid/4e2cc56d-d4b8-444c-a6b9-fd84d48b3b2b container/prometheus-operator-admission-webhook reason/Ready 
May 25 15:22:32.319 I ns/openshift-multus pod/multus-additional-cni-plugins-cwkg8 node/ip-10-0-131-226.eu-central-1.compute.internal uid/4fc1e3ef-327d-4e7a-b29d-483cbf60b9d6 reason/Created 
May 25 15:22:32.319 - 2s    I ns/openshift-multus pod/multus-additional-cni-plugins-cwkg8 uid/4fc1e3ef-327d-4e7a-b29d-483cbf60b9d6 constructed/true reason/Scheduled node/ip-10-0-131-226.eu-central-1.compute.internal
May 25 15:22:32.319 I ns/openshift-multus pod/multus-additional-cni-plugins-cwkg8 node/ip-10-0-131-226.eu-central-1.compute.internal uid/4fc1e3ef-327d-4e7a-b29d-483cbf60b9d6 reason/Scheduled node/ip-10-0-131-226.eu-central-1.compute.internal
May 25 15:22:32.319 - 2s    I ns/openshift-multus pod/multus-additional-cni-plugins-cwkg8 uid/4fc1e3ef-327d-4e7a-b29d-483cbf60b9d6 container/kube-multus-additional-cni-plugins constructed/true reason/ContainerStart cause/: 
May 25 15:22:32.319 I ns/openshift-multus pod/multus-additional-cni-plugins-cwkg8 node/ip-10-0-131-226.eu-central-1.compute.internal uid/4fc1e3ef-327d-4e7a-b29d-483cbf60b9d6 container/kube-multus-additional-cni-plugins reason/ContainerStart cause/: 
May 25 15:22:32.319 - 0ms   I ns/openshift-multus pod/multus-additional-cni-plugins-cwkg8 uid/4fc1e3ef-327d-4e7a-b29d-483cbf60b9d6 container/kube-multus-additional-cni-plugins constructed/true reason/NotReady missed real "NotReady"
May 25 15:22:32.319 - 2s    I ns/openshift-multus pod/multus-additional-cni-plugins-cwkg8 uid/4fc1e3ef-327d-4e7a-b29d-483cbf60b9d6 container/kube-multus-additional-cni-plugins constructed/true reason/Ready 
May 25 15:22:32.319 I ns/openshift-multus pod/multus-additional-cni-plugins-cwkg8 node/ip-10-0-131-226.eu-central-1.compute.internal uid/4fc1e3ef-327d-4e7a-b29d-483cbf60b9d6 container/cni-plugins reason/Ready 
May 25 15:22:32.319 I ns/openshift-multus pod/multus-additional-cni-plugins-cwkg8 node/ip-10-0-131-226.eu-central-1.compute.internal uid/4fc1e3ef-327d-4e7a-b29d-483cbf60b9d6 container/egress-router-binary-copy reason/Ready 
May 25 15:22:32.319 I ns/openshift-multus pod/multus-additional-cni-plugins-cwkg8 node/ip-10-0-131-226.eu-central-1.compute.internal uid/4fc1e3ef-327d-4e7a-b29d-483cbf60b9d6 container/whereabouts-cni-bincopy reason/Ready 
May 25 15:22:32.319 I ns/openshift-multus pod/multus-additional-cni-plugins-cwkg8 node/ip-10-0-131-226.eu-central-1.compute.internal uid/4fc1e3ef-327d-4e7a-b29d-483cbf60b9d6 container/whereabouts-cni reason/Ready 
May 25 15:22:32.319 I ns/openshift-multus pod/multus-additional-cni-plugins-cwkg8 node/ip-10-0-131-226.eu-central-1.compute.internal uid/4fc1e3ef-327d-4e7a-b29d-483cbf60b9d6 container/kube-multus-additional-cni-plugins reason/Ready 
May 25 15:22:32.319 I ns/openshift-multus pod/multus-additional-cni-plugins-cwkg8 node/ip-10-0-131-226.eu-central-1.compute.internal uid/4fc1e3ef-327d-4e7a-b29d-483cbf60b9d6 container/bond-cni-plugin reason/Ready 
May 25 15:22:32.319 I ns/openshift-multus pod/multus-additional-cni-plugins-cwkg8 node/ip-10-0-131-226.eu-central-1.compute.internal uid/4fc1e3ef-327d-4e7a-b29d-483cbf60b9d6 container/routeoverride-cni reason/Ready 
May 25 15:22:32.319 I ns/openshift-cluster-csi-drivers pod/aws-ebs-csi-driver-node-8wd9g node/ip-10-0-174-32.eu-central-1.compute.internal uid/e47d6e77-6372-4904-b1d5-6cde674b528b reason/Created 
May 25 15:22:32.319 - 2s    I ns/openshift-cluster-csi-drivers pod/aws-ebs-csi-driver-node-8wd9g uid/e47d6e77-6372-4904-b1d5-6cde674b528b constructed/true reason/Scheduled node/ip-10-0-174-32.eu-central-1.compute.internal
May 25 15:22:32.319 I ns/openshift-cluster-csi-drivers pod/aws-ebs-csi-driver-node-8wd9g node/ip-10-0-174-32.eu-central-1.compute.internal uid/e47d6e77-6372-4904-b1d5-6cde674b528b reason/Scheduled node/ip-10-0-174-32.eu-central-1.compute.internal
May 25 15:22:32.319 - 2s    I ns/openshift-cluster-csi-drivers pod/aws-ebs-csi-driver-node-8wd9g uid/e47d6e77-6372-4904-b1d5-6cde674b528b container/csi-liveness-probe constructed/true reason/ContainerStart cause/: 
May 25 15:22:32.319 - 2s    I ns/openshift-cluster-csi-drivers pod/aws-ebs-csi-driver-node-8wd9g uid/e47d6e77-6372-4904-b1d5-6cde674b528b container/csi-driver constructed/true reason/ContainerStart cause/: 
May 25 15:22:32.319 - 2s    I ns/openshift-cluster-csi-drivers pod/aws-ebs-csi-driver-node-8wd9g uid/e47d6e77-6372-4904-b1d5-6cde674b528b container/csi-node-driver-registrar constructed/true reason/ContainerStart cause/: 
May 25 15:22:32.319 I ns/openshift-cluster-csi-drivers pod/aws-ebs-csi-driver-node-8wd9g node/ip-10-0-174-32.eu-central-1.compute.internal uid/e47d6e77-6372-4904-b1d5-6cde674b528b container/csi-driver reason/ContainerStart cause/: 
May 25 15:22:32.319 I ns/openshift-cluster-csi-drivers pod/aws-ebs-csi-driver-node-8wd9g node/ip-10-0-174-32.eu-central-1.compute.internal uid/e47d6e77-6372-4904-b1d5-6cde674b528b container/csi-node-driver-registrar reason/ContainerStart cause/: 
May 25 15:22:32.319 I ns/openshift-cluster-csi-drivers pod/aws-ebs-csi-driver-node-8wd9g node/ip-10-0-174-32.eu-central-1.compute.internal uid/e47d6e77-6372-4904-b1d5-6cde674b528b container/csi-liveness-probe reason/ContainerStart cause/: 
May 25 15:22:32.319 - 0ms   I ns/openshift-cluster-csi-drivers pod/aws-ebs-csi-driver-node-8wd9g uid/e47d6e77-6372-4904-b1d5-6cde674b528b container/csi-liveness-probe constructed/true reason/NotReady missed real "NotReady"
May 25 15:22:32.319 - 0ms   I ns/openshift-cluster-csi-drivers pod/aws-ebs-csi-driver-node-8wd9g uid/e47d6e77-6372-4904-b1d5-6cde674b528b container/csi-node-driver-registrar constructed/true reason/NotReady missed real "NotReady"
May 25 15:22:32.319 - 0ms   I ns/openshift-cluster-csi-drivers pod/aws-ebs-csi-driver-node-8wd9g uid/e47d6e77-6372-4904-b1d5-6cde674b528b container/csi-driver constructed/true reason/NotReady missed real "NotReady"
May 25 15:22:32.319 - 2s    I ns/openshift-cluster-csi-drivers pod/aws-ebs-csi-driver-node-8wd9g uid/e47d6e77-6372-4904-b1d5-6cde674b528b container/csi-liveness-probe constructed/true reason/Ready 
May 25 15:22:32.319 - 2s    I ns/openshift-cluster-csi-drivers pod/aws-ebs-csi-driver-node-8wd9g uid/e47d6e77-6372-4904-b1d5-6cde674b528b container/csi-node-driver-registrar constructed/true reason/Ready 
May 25 15:22:32.319 - 2s    I ns/openshift-cluster-csi-drivers pod/aws-ebs-csi-driver-node-8wd9g uid/e47d6e77-6372-4904-b1d5-6cde674b528b container/csi-driver constructed/true reason/Ready 
May 25 15:22:32.319 I ns/openshift-cluster-csi-drivers pod/aws-ebs-csi-driver-node-8wd9g node/ip-10-0-174-32.eu-central-1.compute.internal uid/e47d6e77-6372-4904-b1d5-6cde674b528b container/csi-liveness-probe reason/Ready 
May 25 15:22:32.319 I ns/openshift-cluster-csi-drivers pod/aws-ebs-csi-driver-node-8wd9g node/ip-10-0-174-32.eu-central-1.compute.internal uid/e47d6e77-6372-4904-b1d5-6cde674b528b container/csi-driver reason/Ready 
May 25 15:22:32.319 I ns/openshift-cluster-csi-drivers pod/aws-ebs-csi-driver-node-8wd9g node/ip-10-0-174-32.eu-central-1.compute.internal uid/e47d6e77-6372-4904-b1d5-6cde674b528b container/csi-node-driver-registrar reason/Ready 
May 25 15:22:32.319 I ns/openshift-cluster-node-tuning-operator pod/cluster-node-tuning-operator-c77757cb7-s8qvt node/ip-10-0-174-32.eu-central-1.compute.internal uid/2a2264b1-aa90-41de-b514-26f2d4a7ffb8 reason/Created 
May 25 15:22:32.319 - 2s    I ns/openshift-cluster-node-tuning-operator pod/cluster-node-tuning-operator-c77757cb7-s8qvt uid/2a2264b1-aa90-41de-b514-26f2d4a7ffb8 constructed/true reason/Scheduled node/ip-10-0-174-32.eu-central-1.compute.internal
May 25 15:22:32.319 I ns/openshift-cluster-node-tuning-operator pod/cluster-node-tuning-operator-c77757cb7-s8qvt node/ip-10-0-174-32.eu-central-1.compute.internal uid/2a2264b1-aa90-41de-b514-26f2d4a7ffb8 reason/Scheduled node/ip-10-0-174-32.eu-central-1.compute.internal
May 25 15:22:32.319 - 2s    I ns/openshift-cluster-node-tuning-operator pod/cluster-node-tuning-operator-c77757cb7-s8qvt uid/2a2264b1-aa90-41de-b514-26f2d4a7ffb8 container/cluster-node-tuning-operator constructed/true reason/ContainerStart cause/: 
May 25 15:22:32.319 I ns/openshift-cluster-node-tuning-operator pod/cluster-node-tuning-operator-c77757cb7-s8qvt node/ip-10-0-174-32.eu-central-1.compute.internal uid/2a2264b1-aa90-41de-b514-26f2d4a7ffb8 container/cluster-node-tuning-operator reason/ContainerStart cause/: 
May 25 15:22:32.319 - 0ms   I ns/openshift-cluster-node-tuning-operator pod/cluster-node-tuning-operator-c77757cb7-s8qvt uid/2a2264b1-aa90-41de-b514-26f2d4a7ffb8 container/cluster-node-tuning-operator constructed/true reason/NotReady missed real "NotReady"
May 25 15:22:32.319 - 2s    I ns/openshift-cluster-node-tuning-operator pod/cluster-node-tuning-operator-c77757cb7-s8qvt uid/2a2264b1-aa90-41de-b514-26f2d4a7ffb8 container/cluster-node-tuning-operator constructed/true reason/Ready 
May 25 15:22:32.319 I ns/openshift-cluster-node-tuning-operator pod/cluster-node-tuning-operator-c77757cb7-s8qvt node/ip-10-0-174-32.eu-central-1.compute.internal uid/2a2264b1-aa90-41de-b514-26f2d4a7ffb8 container/cluster-node-tuning-operator reason/Ready 
May 25 15:22:32.319 I ns/openshift-controller-manager pod/controller-manager-bcnhg node/ip-10-0-136-137.eu-central-1.compute.internal uid/ffaeac8a-c3db-465d-bdfd-ffd5826f37a2 reason/Created 
May 25 15:22:32.319 - 2s    I ns/openshift-controller-manager pod/controller-manager-bcnhg uid/ffaeac8a-c3db-465d-bdfd-ffd5826f37a2 constructed/true reason/Scheduled node/ip-10-0-136-137.eu-central-1.compute.internal
May 25 15:22:32.319 I ns/openshift-controller-manager pod/controller-manager-bcnhg node/ip-10-0-136-137.eu-central-1.compute.internal uid/ffaeac8a-c3db-465d-bdfd-ffd5826f37a2 reason/Scheduled node/ip-10-0-136-137.eu-central-1.compute.internal
May 25 15:22:32.319 - 2s    I ns/openshift-controller-manager pod/controller-manager-bcnhg uid/ffaeac8a-c3db-465d-bdfd-ffd5826f37a2 container/controller-manager constructed/true reason/ContainerStart cause/: 
May 25 15:22:32.319 I ns/openshift-controller-manager pod/controller-manager-bcnhg node/ip-10-0-136-137.eu-central-1.compute.internal uid/ffaeac8a-c3db-465d-bdfd-ffd5826f37a2 container/controller-manager reason/ContainerStart cause/: 
May 25 15:22:32.319 - 0ms   I ns/openshift-controller-manager pod/controller-manager-bcnhg uid/ffaeac8a-c3db-465d-bdfd-ffd5826f37a2 container/controller-manager constructed/true reason/NotReady missed real "NotReady"
May 25 15:22:32.319 - 2s    I ns/openshift-controller-manager pod/controller-manager-bcnhg uid/ffaeac8a-c3db-465d-bdfd-ffd5826f37a2 container/controller-manager constructed/true reason/Ready 
May 25 15:22:32.319 I ns/openshift-controller-manager pod/controller-manager-bcnhg node/ip-10-0-136-137.eu-central-1.compute.internal uid/ffaeac8a-c3db-465d-bdfd-ffd5826f37a2 container/controller-manager reason/Ready 
May 25 15:22:32.319 I ns/openshift-image-registry pod/node-ca-8fq85 node/ip-10-0-186-221.eu-central-1.compute.internal uid/2ee088da-ab91-45f2-bdfc-e60997e259ea reason/Created 
May 25 15:22:32.319 - 2s    I ns/openshift-image-registry pod/node-ca-8fq85 uid/2ee088da-ab91-45f2-bdfc-e60997e259ea constructed/true reason/Scheduled node/ip-10-0-186-221.eu-central-1.compute.internal
May 25 15:22:32.319 I ns/openshift-image-registry pod/node-ca-8fq85 node/ip-10-0-186-221.eu-central-1.compute.internal uid/2ee088da-ab91-45f2-bdfc-e60997e259ea reason/Scheduled node/ip-10-0-186-221.eu-central-1.compute.internal
May 25 15:22:32.319 - 2s    I ns/openshift-image-registry pod/node-ca-8fq85 uid/2ee088da-ab91-45f2-bdfc-e60997e259ea container/node-ca constructed/true reason/ContainerStart cause/: 
May 25 15:22:32.319 I ns/openshift-image-registry pod/node-ca-8fq85 node/ip-10-0-186-221.eu-central-1.compute.internal uid/2ee088da-ab91-45f2-bdfc-e60997e259ea container/node-ca reason/ContainerStart cause/: 
May 25 15:22:32.319 - 0ms   I ns/openshift-image-registry pod/node-ca-8fq85 uid/2ee088da-ab91-45f2-bdfc-e60997e259ea container/node-ca constructed/true reason/NotReady missed real "NotReady"
May 25 15:22:32.319 - 2s    I ns/openshift-image-registry pod/node-ca-8fq85 uid/2ee088da-ab91-45f2-bdfc-e60997e259ea container/node-ca constructed/true reason/Ready 
May 25 15:22:32.319 I ns/openshift-image-registry pod/node-ca-8fq85 node/ip-10-0-186-221.eu-central-1.compute.internal uid/2ee088da-ab91-45f2-bdfc-e60997e259ea container/node-ca reason/Ready 
May 25 15:22:32.319 I ns/openshift-monitoring pod/alertmanager-main-0 node/ip-10-0-131-226.eu-central-1.compute.internal uid/17ac3364-8c37-4b49-beba-c4a7a4d1c553 reason/Created 
May 25 15:22:32.319 - 2s    I ns/openshift-monitoring pod/alertmanager-main-0 uid/17ac3364-8c37-4b49-beba-c4a7a4d1c553 constructed/true reason/Scheduled node/ip-10-0-131-226.eu-central-1.compute.internal
May 25 15:22:32.319 I ns/openshift-monitoring pod/alertmanager-main-0 node/ip-10-0-131-226.eu-central-1.compute.internal uid/17ac3364-8c37-4b49-beba-c4a7a4d1c553 reason/Scheduled node/ip-10-0-131-226.eu-central-1.compute.internal
May 25 15:22:32.319 - 2s    I ns/openshift-monitoring pod/alertmanager-main-0 uid/17ac3364-8c37-4b49-beba-c4a7a4d1c553 container/config-reloader constructed/true reason/ContainerStart cause/: 
May 25 15:22:32.319 - 2s    I ns/openshift-monitoring pod/alertmanager-main-0 uid/17ac3364-8c37-4b49-beba-c4a7a4d1c553 container/prom-label-proxy constructed/true reason/ContainerStart cause/: 
May 25 15:22:32.319 - 2s    I ns/openshift-monitoring pod/alertmanager-main-0 uid/17ac3364-8c37-4b49-beba-c4a7a4d1c553 container/alertmanager constructed/true reason/ContainerStart cause/: 
May 25 15:22:32.319 - 2s    I ns/openshift-monitoring pod/alertmanager-main-0 uid/17ac3364-8c37-4b49-beba-c4a7a4d1c553 container/kube-rbac-proxy constructed/true reason/ContainerStart cause/: 
May 25 15:22:32.319 - 2s    I ns/openshift-monitoring pod/alertmanager-main-0 uid/17ac3364-8c37-4b49-beba-c4a7a4d1c553 container/alertmanager-proxy constructed/true reason/ContainerStart cause/: 
May 25 15:22:32.319 - 2s    I ns/openshift-monitoring pod/alertmanager-main-0 uid/17ac3364-8c37-4b49-beba-c4a7a4d1c553 container/kube-rbac-proxy-metric constructed/true reason/ContainerStart cause/: 
May 25 15:22:32.319 I ns/openshift-monitoring pod/alertmanager-main-0 node/ip-10-0-131-226.eu-central-1.compute.internal uid/17ac3364-8c37-4b49-beba-c4a7a4d1c553 container/kube-rbac-proxy-metric reason/ContainerStart cause/: 
May 25 15:22:32.319 I ns/openshift-monitoring pod/alertmanager-main-0 node/ip-10-0-131-226.eu-central-1.compute.internal uid/17ac3364-8c37-4b49-beba-c4a7a4d1c553 container/config-reloader reason/ContainerStart cause/: 
May 25 15:22:32.319 I ns/openshift-monitoring pod/alertmanager-main-0 node/ip-10-0-131-226.eu-central-1.compute.internal uid/17ac3364-8c37-4b49-beba-c4a7a4d1c553 container/prom-label-proxy reason/ContainerStart cause/: 
May 25 15:22:32.319 I ns/openshift-monitoring pod/alertmanager-main-0 node/ip-10-0-131-226.eu-central-1.compute.internal uid/17ac3364-8c37-4b49-beba-c4a7a4d1c553 container/alertmanager-proxy reason/ContainerStart cause/: 
May 25 15:22:32.319 I ns/openshift-monitoring pod/alertmanager-main-0 node/ip-10-0-131-226.eu-central-1.compute.internal uid/17ac3364-8c37-4b49-beba-c4a7a4d1c553 container/kube-rbac-proxy reason/ContainerStart cause/: 
May 25 15:22:32.319 I ns/openshift-monitoring pod/alertmanager-main-0 node/ip-10-0-131-226.eu-central-1.compute.internal uid/17ac3364-8c37-4b49-beba-c4a7a4d1c553 container/alertmanager reason/ContainerStart cause/: 
May 25 15:22:32.319 - 0ms   I ns/openshift-monitoring pod/alertmanager-main-0 uid/17ac3364-8c37-4b49-beba-c4a7a4d1c553 container/kube-rbac-proxy constructed/true reason/NotReady missed real "NotReady"
May 25 15:22:32.319 - 0ms   I ns/openshift-monitoring pod/alertmanager-main-0 uid/17ac3364-8c37-4b49-beba-c4a7a4d1c553 container/kube-rbac-proxy-metric constructed/true reason/NotReady missed real "NotReady"
May 25 15:22:32.319 - 0ms   I ns/openshift-monitoring pod/alertmanager-main-0 uid/17ac3364-8c37-4b49-beba-c4a7a4d1c553 container/alertmanager constructed/true reason/NotReady missed real "NotReady"
May 25 15:22:32.319 - 0ms   I ns/openshift-monitoring pod/alertmanager-main-0 uid/17ac3364-8c37-4b49-beba-c4a7a4d1c553 container/config-reloader constructed/true reason/NotReady missed real "NotReady"
May 25 15:22:32.319 - 0ms   I ns/openshift-monitoring pod/alertmanager-main-0 uid/17ac3364-8c37-4b49-beba-c4a7a4d1c553 container/alertmanager-proxy constructed/true reason/NotReady missed real "NotReady"
May 25 15:22:32.319 - 0ms   I ns/openshift-monitoring pod/alertmanager-main-0 uid/17ac3364-8c37-4b49-beba-c4a7a4d1c553 container/prom-label-proxy constructed/true reason/NotReady missed real "NotReady"
May 25 15:22:32.319 - 2s    I ns/openshift-monitoring pod/alertmanager-main-0 uid/17ac3364-8c37-4b49-beba-c4a7a4d1c553 container/prom-label-proxy constructed/true reason/Ready 
May 25 15:22:32.319 - 2s    I ns/openshift-monitoring pod/alertmanager-main-0 uid/17ac3364-8c37-4b49-beba-c4a7a4d1c553 container/kube-rbac-proxy-metric constructed/true reason/Ready 
May 25 15:22:32.319 - 2s    I ns/openshift-monitoring pod/alertmanager-main-0 uid/17ac3364-8c37-4b49-beba-c4a7a4d1c553 container/alertmanager-proxy constructed/true reason/Ready 
May 25 15:22:32.319 - 2s    I ns/openshift-monitoring pod/alertmanager-main-0 uid/17ac3364-8c37-4b49-beba-c4a7a4d1c553 container/alertmanager constructed/true reason/Ready 
May 25 15:22:32.319 - 2s    I ns/openshift-monitoring pod/alertmanager-main-0 uid/17ac3364-8c37-4b49-beba-c4a7a4d1c553 container/kube-rbac-proxy constructed/true reason/Ready 
May 25 15:22:32.319 - 2s    I ns/openshift-monitoring pod/alertmanager-main-0 uid/17ac3364-8c37-4b49-beba-c4a7a4d1c553 container/config-reloader constructed/true reason/Ready 
May 25 15:22:32.319 I ns/openshift-monitoring pod/alertmanager-main-0 node/ip-10-0-131-226.eu-central-1.compute.internal uid/17ac3364-8c37-4b49-beba-c4a7a4d1c553 container/alertmanager reason/Ready 
May 25 15:22:32.319 I ns/openshift-monitoring pod/alertmanager-main-0 node/ip-10-0-131-226.eu-central-1.compute.internal uid/17ac3364-8c37-4b49-beba-c4a7a4d1c553 container/kube-rbac-proxy reason/Ready 
May 25 15:22:32.319 I ns/openshift-monitoring pod/alertmanager-main-0 node/ip-10-0-131-226.eu-central-1.compute.internal uid/17ac3364-8c37-4b49-beba-c4a7a4d1c553 container/prom-label-proxy reason/Ready 
May 25 15:22:32.319 I ns/openshift-monitoring pod/alertmanager-main-0 node/ip-10-0-131-226.eu-central-1.compute.internal uid/17ac3364-8c37-4b49-beba-c4a7a4d1c553 container/config-reloader reason/Ready 
May 25 15:22:32.319 I ns/openshift-monitoring pod/alertmanager-main-0 node/ip-10-0-131-226.eu-central-1.compute.internal uid/17ac3364-8c37-4b49-beba-c4a7a4d1c553 container/kube-rbac-proxy-metric reason/Ready 
May 25 15:22:32.319 I ns/openshift-monitoring pod/alertmanager-main-0 node/ip-10-0-131-226.eu-central-1.compute.internal uid/17ac3364-8c37-4b49-beba-c4a7a4d1c553 container/alertmanager-proxy reason/Ready 
May 25 15:22:32.319 I ns/openshift-etcd pod/revision-pruner-7-ip-10-0-136-137.eu-central-1.compute.internal node/ip-10-0-136-137.eu-central-1.compute.internal uid/7a6e55fe-acc2-47ad-86cb-9f1faa2b5802 reason/Created 
May 25 15:22:32.319 I ns/openshift-etcd pod/revision-pruner-7-ip-10-0-136-137.eu-central-1.compute.internal node/ip-10-0-136-137.eu-central-1.compute.internal uid/7a6e55fe-acc2-47ad-86cb-9f1faa2b5802 reason/Scheduled node/ip-10-0-136-137.eu-central-1.compute.internal
May 25 15:22:32.319 W ns/openshift-etcd pod/revision-pruner-7-ip-10-0-136-137.eu-central-1.compute.internal node/ip-10-0-136-137.eu-central-1.compute.internal uid/7a6e55fe-acc2-47ad-86cb-9f1faa2b5802 container/pruner reason/NotReady 
May 25 15:22:32.319 I ns/openshift-kube-apiserver pod/revision-pruner-11-ip-10-0-194-125.eu-central-1.compute.internal node/ip-10-0-194-125.eu-central-1.compute.internal uid/97f5ade1-7a8e-4ad2-8628-aceb66d8c80f reason/Created 
May 25 15:22:32.319 I ns/openshift-kube-apiserver pod/revision-pruner-11-ip-10-0-194-125.eu-central-1.compute.internal node/ip-10-0-194-125.eu-central-1.compute.internal uid/97f5ade1-7a8e-4ad2-8628-aceb66d8c80f reason/Scheduled node/ip-10-0-194-125.eu-central-1.compute.internal
May 25 15:22:32.319 W ns/openshift-kube-apiserver pod/revision-pruner-11-ip-10-0-194-125.eu-central-1.compute.internal node/ip-10-0-194-125.eu-central-1.compute.internal uid/97f5ade1-7a8e-4ad2-8628-aceb66d8c80f container/pruner reason/NotReady 
May 25 15:22:32.319 I ns/openshift-machine-config-operator pod/machine-config-daemon-ftqz7 node/ip-10-0-136-137.eu-central-1.compute.internal uid/96ecc531-3056-4528-801b-d20843cc47bc reason/Created 
May 25 15:22:32.319 - 2s    I ns/openshift-machine-config-operator pod/machine-config-daemon-ftqz7 uid/96ecc531-3056-4528-801b-d20843cc47bc constructed/true reason/Scheduled node/ip-10-0-136-137.eu-central-1.compute.internal
May 25 15:22:32.319 I ns/openshift-machine-config-operator pod/machine-config-daemon-ftqz7 node/ip-10-0-136-137.eu-central-1.compute.internal uid/96ecc531-3056-4528-801b-d20843cc47bc reason/Scheduled node/ip-10-0-136-137.eu-central-1.compute.internal
May 25 15:22:32.319 - 2s    I ns/openshift-machine-config-operator pod/machine-config-daemon-ftqz7 uid/96ecc531-3056-4528-801b-d20843cc47bc container/machine-config-daemon constructed/true reason/ContainerStart cause/: 
May 25 15:22:32.319 - 2s    I ns/openshift-machine-config-operator pod/machine-config-daemon-ftqz7 uid/96ecc531-3056-4528-801b-d20843cc47bc container/oauth-proxy constructed/true reason/ContainerStart cause/: 
May 25 15:22:32.319 I ns/openshift-machine-config-operator pod/machine-config-daemon-ftqz7 node/ip-10-0-136-137.eu-central-1.compute.internal uid/96ecc531-3056-4528-801b-d20843cc47bc container/machine-config-daemon reason/ContainerStart cause/: 
May 25 15:22:32.319 I ns/openshift-machine-config-operator pod/machine-config-daemon-ftqz7 node/ip-10-0-136-137.eu-central-1.compute.internal uid/96ecc531-3056-4528-801b-d20843cc47bc container/oauth-proxy reason/ContainerStart cause/: 
May 25 15:22:32.319 - 0ms   I ns/openshift-machine-config-operator pod/machine-config-daemon-ftqz7 uid/96ecc531-3056-4528-801b-d20843cc47bc container/machine-config-daemon constructed/true reason/NotReady missed real "NotReady"
May 25 15:22:32.319 - 0ms   I ns/openshift-machine-config-operator pod/machine-config-daemon-ftqz7 uid/96ecc531-3056-4528-801b-d20843cc47bc container/oauth-proxy constructed/true reason/NotReady missed real "NotReady"
May 25 15:22:32.319 - 2s    I ns/openshift-machine-config-operator pod/machine-config-daemon-ftqz7 uid/96ecc531-3056-4528-801b-d20843cc47bc container/oauth-proxy constructed/true reason/Ready 
May 25 15:22:32.319 - 2s    I ns/openshift-machine-config-operator pod/machine-config-daemon-ftqz7 uid/96ecc531-3056-4528-801b-d20843cc47bc container/machine-config-daemon constructed/true reason/Ready 
May 25 15:22:32.319 I ns/openshift-machine-config-operator pod/machine-config-daemon-ftqz7 node/ip-10-0-136-137.eu-central-1.compute.internal uid/96ecc531-3056-4528-801b-d20843cc47bc container/oauth-proxy reason/Ready 
May 25 15:22:32.319 I ns/openshift-machine-config-operator pod/machine-config-daemon-ftqz7 node/ip-10-0-136-137.eu-central-1.compute.internal uid/96ecc531-3056-4528-801b-d20843cc47bc container/machine-config-daemon reason/Ready 
May 25 15:22:32.320 I ns/openshift-sdn pod/sdn-dh6fr node/ip-10-0-194-125.eu-central-1.compute.internal uid/7ba72709-744b-4298-9b45-9d2ab245ad9d reason/Created 
May 25 15:22:32.320 - 2s    I ns/openshift-sdn pod/sdn-dh6fr uid/7ba72709-744b-4298-9b45-9d2ab245ad9d constructed/true reason/Scheduled node/ip-10-0-194-125.eu-central-1.compute.internal
May 25 15:22:32.320 I ns/openshift-sdn pod/sdn-dh6fr node/ip-10-0-194-125.eu-central-1.compute.internal uid/7ba72709-744b-4298-9b45-9d2ab245ad9d reason/Scheduled node/ip-10-0-194-125.eu-central-1.compute.internal
May 25 15:22:32.320 - 2s    I ns/openshift-sdn pod/sdn-dh6fr uid/7ba72709-744b-4298-9b45-9d2ab245ad9d container/sdn constructed/true reason/ContainerStart cause/: 
May 25 15:22:32.320 - 2s    I ns/openshift-sdn pod/sdn-dh6fr uid/7ba72709-744b-4298-9b45-9d2ab245ad9d container/kube-rbac-proxy constructed/true reason/ContainerStart cause/: 
May 25 15:22:32.320 I ns/openshift-sdn pod/sdn-dh6fr node/ip-10-0-194-125.eu-central-1.compute.internal uid/7ba72709-744b-4298-9b45-9d2ab245ad9d container/sdn reason/ContainerStart cause/: 
May 25 15:22:32.320 I ns/openshift-sdn pod/sdn-dh6fr node/ip-10-0-194-125.eu-central-1.compute.internal uid/7ba72709-744b-4298-9b45-9d2ab245ad9d container/kube-rbac-proxy reason/ContainerStart cause/: 
May 25 15:22:32.320 - 0ms   I ns/openshift-sdn pod/sdn-dh6fr uid/7ba72709-744b-4298-9b45-9d2ab245ad9d container/kube-rbac-proxy constructed/true reason/NotReady missed real "NotReady"
May 25 15:22:32.320 - 0ms   I ns/openshift-sdn pod/sdn-dh6fr uid/7ba72709-744b-4298-9b45-9d2ab245ad9d container/sdn constructed/true reason/NotReady missed real "NotReady"
May 25 15:22:32.320 - 2s    I ns/openshift-sdn pod/sdn-dh6fr uid/7ba72709-744b-4298-9b45-9d2ab245ad9d container/kube-rbac-proxy constructed/true reason/Ready 
May 25 15:22:32.320 - 2s    I ns/openshift-sdn pod/sdn-dh6fr uid/7ba72709-744b-4298-9b45-9d2ab245ad9d container/sdn constructed/true reason/Ready 
May 25 15:22:32.320 I ns/openshift-sdn pod/sdn-dh6fr node/ip-10-0-194-125.eu-central-1.compute.internal uid/7ba72709-744b-4298-9b45-9d2ab245ad9d container/sdn reason/Ready 
May 25 15:22:32.320 I ns/openshift-sdn pod/sdn-dh6fr node/ip-10-0-194-125.eu-central-1.compute.internal uid/7ba72709-744b-4298-9b45-9d2ab245ad9d container/kube-rbac-proxy reason/Ready 
May 25 15:22:32.320 I ns/openshift-machine-api pod/cluster-autoscaler-operator-7d8db9f945-xx4mv node/ip-10-0-174-32.eu-central-1.compute.internal uid/460d4317-e909-4e61-aa82-400c3563131e reason/Created 
May 25 15:22:32.320 - 2s    I ns/openshift-machine-api pod/cluster-autoscaler-operator-7d8db9f945-xx4mv uid/460d4317-e909-4e61-aa82-400c3563131e constructed/true reason/Scheduled node/ip-10-0-174-32.eu-central-1.compute.internal
May 25 15:22:32.320 I ns/openshift-machine-api pod/cluster-autoscaler-operator-7d8db9f945-xx4mv node/ip-10-0-174-32.eu-central-1.compute.internal uid/460d4317-e909-4e61-aa82-400c3563131e reason/Scheduled node/ip-10-0-174-32.eu-central-1.compute.internal
May 25 15:22:32.320 - 2s    I ns/openshift-machine-api pod/cluster-autoscaler-operator-7d8db9f945-xx4mv uid/460d4317-e909-4e61-aa82-400c3563131e container/cluster-autoscaler-operator constructed/true reason/ContainerStart cause/: 
May 25 15:22:32.320 - 2s    I ns/openshift-machine-api pod/cluster-autoscaler-operator-7d8db9f945-xx4mv uid/460d4317-e909-4e61-aa82-400c3563131e container/kube-rbac-proxy constructed/true reason/ContainerStart cause/: 
May 25 15:22:32.320 I ns/openshift-machine-api pod/cluster-autoscaler-operator-7d8db9f945-xx4mv node/ip-10-0-174-32.eu-central-1.compute.internal uid/460d4317-e909-4e61-aa82-400c3563131e container/kube-rbac-proxy reason/ContainerStart cause/: 
May 25 15:22:32.320 I ns/openshift-machine-api pod/cluster-autoscaler-operator-7d8db9f945-xx4mv node/ip-10-0-174-32.eu-central-1.compute.internal uid/460d4317-e909-4e61-aa82-400c3563131e container/cluster-autoscaler-operator reason/ContainerStart cause/: 
May 25 15:22:32.320 - 0ms   I ns/openshift-machine-api pod/cluster-autoscaler-operator-7d8db9f945-xx4mv uid/460d4317-e909-4e61-aa82-400c3563131e container/cluster-autoscaler-operator constructed/true reason/NotReady missed real "NotReady"
May 25 15:22:32.320 - 0ms   I ns/openshift-machine-api pod/cluster-autoscaler-operator-7d8db9f945-xx4mv uid/460d4317-e909-4e61-aa82-400c3563131e container/kube-rbac-proxy constructed/true reason/NotReady missed real "NotReady"
May 25 15:22:32.320 - 2s    I ns/openshift-machine-api pod/cluster-autoscaler-operator-7d8db9f945-xx4mv uid/460d4317-e909-4e61-aa82-400c3563131e container/cluster-autoscaler-operator constructed/true reason/Ready 
May 25 15:22:32.320 - 2s    I ns/openshift-machine-api pod/cluster-autoscaler-operator-7d8db9f945-xx4mv uid/460d4317-e909-4e61-aa82-400c3563131e container/kube-rbac-proxy constructed/true reason/Ready 
May 25 15:22:32.320 I ns/openshift-machine-api pod/cluster-autoscaler-operator-7d8db9f945-xx4mv node/ip-10-0-174-32.eu-central-1.compute.internal uid/460d4317-e909-4e61-aa82-400c3563131e container/kube-rbac-proxy reason/Ready 
May 25 15:22:32.320 I ns/openshift-machine-api pod/cluster-autoscaler-operator-7d8db9f945-xx4mv node/ip-10-0-174-32.eu-central-1.compute.internal uid/460d4317-e909-4e61-aa82-400c3563131e container/cluster-autoscaler-operator reason/Ready 
May 25 15:22:32.320 I ns/openshift-machine-config-operator pod/machine-config-server-xsmzh node/ip-10-0-174-32.eu-central-1.compute.internal uid/3c78740b-2f95-435e-8b30-ba106422bd6d reason/Created 
May 25 15:22:32.320 - 2s    I ns/openshift-machine-config-operator pod/machine-config-server-xsmzh uid/3c78740b-2f95-435e-8b30-ba106422bd6d constructed/true reason/Scheduled node/ip-10-0-174-32.eu-central-1.compute.internal
May 25 15:22:32.320 I ns/openshift-machine-config-operator pod/machine-config-server-xsmzh node/ip-10-0-174-32.eu-central-1.compute.internal uid/3c78740b-2f95-435e-8b30-ba106422bd6d reason/Scheduled node/ip-10-0-174-32.eu-central-1.compute.internal
May 25 15:22:32.320 - 2s    I ns/openshift-machine-config-operator pod/machine-config-server-xsmzh uid/3c78740b-2f95-435e-8b30-ba106422bd6d container/machine-config-server constructed/true reason/ContainerStart cause/: 
May 25 15:22:32.320 I ns/openshift-machine-config-operator pod/machine-config-server-xsmzh node/ip-10-0-174-32.eu-central-1.compute.internal uid/3c78740b-2f95-435e-8b30-ba106422bd6d container/machine-config-server reason/ContainerStart cause/: 
May 25 15:22:32.320 - 0ms   I ns/openshift-machine-config-operator pod/machine-config-server-xsmzh uid/3c78740b-2f95-435e-8b30-ba106422bd6d container/machine-config-server constructed/true reason/NotReady missed real "NotReady"
May 25 15:22:32.320 - 2s    I ns/openshift-machine-config-operator pod/machine-config-server-xsmzh uid/3c78740b-2f95-435e-8b30-ba106422bd6d container/machine-config-server constructed/true reason/Ready 
May 25 15:22:32.320 I ns/openshift-machine-config-operator pod/machine-config-server-xsmzh node/ip-10-0-174-32.eu-central-1.compute.internal uid/3c78740b-2f95-435e-8b30-ba106422bd6d container/machine-config-server reason/Ready 
May 25 15:22:32.320 I ns/openshift-sdn pod/sdn-controller-j86dp node/ip-10-0-174-32.eu-central-1.compute.internal uid/548d6dae-e049-4e31-88e7-d87e12b367f1 reason/Created 
May 25 15:22:32.320 - 2s    I ns/openshift-sdn pod/sdn-controller-j86dp uid/548d6dae-e049-4e31-88e7-d87e12b367f1 constructed/true reason/Scheduled node/ip-10-0-174-32.eu-central-1.compute.internal
May 25 15:22:32.320 I ns/openshift-sdn pod/sdn-controller-j86dp node/ip-10-0-174-32.eu-central-1.compute.internal uid/548d6dae-e049-4e31-88e7-d87e12b367f1 reason/Scheduled node/ip-10-0-174-32.eu-central-1.compute.internal
May 25 15:22:32.320 - 2s    I ns/openshift-sdn pod/sdn-controller-j86dp uid/548d6dae-e049-4e31-88e7-d87e12b367f1 container/sdn-controller constructed/true reason/ContainerStart cause/: 
May 25 15:22:32.320 - 2s    I ns/openshift-sdn pod/sdn-controller-j86dp uid/548d6dae-e049-4e31-88e7-d87e12b367f1 container/kube-rbac-proxy constructed/true reason/ContainerStart cause/: 
May 25 15:22:32.320 I ns/openshift-sdn pod/sdn-controller-j86dp node/ip-10-0-174-32.eu-central-1.compute.internal uid/548d6dae-e049-4e31-88e7-d87e12b367f1 container/kube-rbac-proxy reason/ContainerStart cause/: 
May 25 15:22:32.320 I ns/openshift-sdn pod/sdn-controller-j86dp node/ip-10-0-174-32.eu-central-1.compute.internal uid/548d6dae-e049-4e31-88e7-d87e12b367f1 container/sdn-controller reason/ContainerStart cause/: 
May 25 15:22:32.320 - 0ms   I ns/openshift-sdn pod/sdn-controller-j86dp uid/548d6dae-e049-4e31-88e7-d87e12b367f1 container/sdn-controller constructed/true reason/NotReady missed real "NotReady"
May 25 15:22:32.320 - 0ms   I ns/openshift-sdn pod/sdn-controller-j86dp uid/548d6dae-e049-4e31-88e7-d87e12b367f1 container/kube-rbac-proxy constructed/true reason/NotReady missed real "NotReady"
May 25 15:22:32.320 - 2s    I ns/openshift-sdn pod/sdn-controller-j86dp uid/548d6dae-e049-4e31-88e7-d87e12b367f1 container/kube-rbac-proxy constructed/true reason/Ready 
May 25 15:22:32.320 - 2s    I ns/openshift-sdn pod/sdn-controller-j86dp uid/548d6dae-e049-4e31-88e7-d87e12b367f1 container/sdn-controller constructed/true reason/Ready 
May 25 15:22:32.320 I ns/openshift-sdn pod/sdn-controller-j86dp node/ip-10-0-174-32.eu-central-1.compute.internal uid/548d6dae-e049-4e31-88e7-d87e12b367f1 container/kube-rbac-proxy reason/Ready 
May 25 15:22:32.320 I ns/openshift-sdn pod/sdn-controller-j86dp node/ip-10-0-174-32.eu-central-1.compute.internal uid/548d6dae-e049-4e31-88e7-d87e12b367f1 container/sdn-controller reason/Ready 
May 25 15:22:32.320 I ns/openshift-sdn pod/sdn-controller-wv7lg node/ip-10-0-136-137.eu-central-1.compute.internal uid/616fb3bf-e4ae-4ef5-af35-761f62d2d4db reason/Created 
May 25 15:22:32.320 - 2s    I ns/openshift-sdn pod/sdn-controller-wv7lg uid/616fb3bf-e4ae-4ef5-af35-761f62d2d4db constructed/true reason/Scheduled node/ip-10-0-136-137.eu-central-1.compute.internal
May 25 15:22:32.320 I ns/openshift-sdn pod/sdn-controller-wv7lg node/ip-10-0-136-137.eu-central-1.compute.internal uid/616fb3bf-e4ae-4ef5-af35-761f62d2d4db reason/Scheduled node/ip-10-0-136-137.eu-central-1.compute.internal
May 25 15:22:32.320 - 2s    I ns/openshift-sdn pod/sdn-controller-wv7lg uid/616fb3bf-e4ae-4ef5-af35-761f62d2d4db container/sdn-controller constructed/true reason/ContainerStart cause/: 
May 25 15:22:32.320 - 2s    I ns/openshift-sdn pod/sdn-controller-wv7lg uid/616fb3bf-e4ae-4ef5-af35-761f62d2d4db container/kube-rbac-proxy constructed/true reason/ContainerStart cause/: 
May 25 15:22:32.320 I ns/openshift-sdn pod/sdn-controller-wv7lg node/ip-10-0-136-137.eu-central-1.compute.internal uid/616fb3bf-e4ae-4ef5-af35-761f62d2d4db container/kube-rbac-proxy reason/ContainerStart cause/: 
May 25 15:22:32.320 I ns/openshift-sdn pod/sdn-controller-wv7lg node/ip-10-0-136-137.eu-central-1.compute.internal uid/616fb3bf-e4ae-4ef5-af35-761f62d2d4db container/sdn-controller reason/ContainerStart cause/: 
May 25 15:22:32.320 - 0ms   I ns/openshift-sdn pod/sdn-controller-wv7lg uid/616fb3bf-e4ae-4ef5-af35-761f62d2d4db container/sdn-controller constructed/true reason/NotReady missed real "NotReady"
May 25 15:22:32.320 - 0ms   I ns/openshift-sdn pod/sdn-controller-wv7lg uid/616fb3bf-e4ae-4ef5-af35-761f62d2d4db container/kube-rbac-proxy constructed/true reason/NotReady missed real "NotReady"
May 25 15:22:32.320 - 2s    I ns/openshift-sdn pod/sdn-controller-wv7lg uid/616fb3bf-e4ae-4ef5-af35-761f62d2d4db container/sdn-controller constructed/true reason/Ready 
May 25 15:22:32.320 - 2s    I ns/openshift-sdn pod/sdn-controller-wv7lg uid/616fb3bf-e4ae-4ef5-af35-761f62d2d4db container/kube-rbac-proxy constructed/true reason/Ready 
May 25 15:22:32.320 I ns/openshift-sdn pod/sdn-controller-wv7lg node/ip-10-0-136-137.eu-central-1.compute.internal uid/616fb3bf-e4ae-4ef5-af35-761f62d2d4db container/sdn-controller reason/Ready 
May 25 15:22:32.320 I ns/openshift-sdn pod/sdn-controller-wv7lg node/ip-10-0-136-137.eu-central-1.compute.internal uid/616fb3bf-e4ae-4ef5-af35-761f62d2d4db container/kube-rbac-proxy reason/Ready 
May 25 15:22:32.320 I ns/openshift-kube-apiserver pod/kube-apiserver-guard-ip-10-0-174-32.eu-central-1.compute.internal node/ip-10-0-174-32.eu-central-1.compute.internal uid/132c3cac-62a0-412f-942c-7da22391be10 reason/Created 
May 25 15:22:32.320 - 2s    I ns/openshift-kube-apiserver pod/kube-apiserver-guard-ip-10-0-174-32.eu-central-1.compute.internal uid/132c3cac-62a0-412f-942c-7da22391be10 constructed/true reason/Scheduled node/ip-10-0-174-32.eu-central-1.compute.internal
May 25 15:22:32.320 I ns/openshift-kube-apiserver pod/kube-apiserver-guard-ip-10-0-174-32.eu-central-1.compute.internal node/ip-10-0-174-32.eu-central-1.compute.internal uid/132c3cac-62a0-412f-942c-7da22391be10 reason/Scheduled node/ip-10-0-174-32.eu-central-1.compute.internal
May 25 15:22:32.320 - 2s    I ns/openshift-kube-apiserver pod/kube-apiserver-guard-ip-10-0-174-32.eu-central-1.compute.internal uid/132c3cac-62a0-412f-942c-7da22391be10 container/guard constructed/true reason/ContainerStart cause/: 
May 25 15:22:32.320 I ns/openshift-kube-apiserver pod/kube-apiserver-guard-ip-10-0-174-32.eu-central-1.compute.internal node/ip-10-0-174-32.eu-central-1.compute.internal uid/132c3cac-62a0-412f-942c-7da22391be10 container/guard reason/ContainerStart cause/: 
May 25 15:22:32.320 - 0ms   I ns/openshift-kube-apiserver pod/kube-apiserver-guard-ip-10-0-174-32.eu-central-1.compute.internal uid/132c3cac-62a0-412f-942c-7da22391be10 container/guard constructed/true reason/NotReady missed real "NotReady"
May 25 15:22:32.320 - 2s    I ns/openshift-kube-apiserver pod/kube-apiserver-guard-ip-10-0-174-32.eu-central-1.compute.internal uid/132c3cac-62a0-412f-942c-7da22391be10 container/guard constructed/true reason/Ready 
May 25 15:22:32.320 I ns/openshift-kube-apiserver pod/kube-apiserver-guard-ip-10-0-174-32.eu-central-1.compute.internal node/ip-10-0-174-32.eu-central-1.compute.internal uid/132c3cac-62a0-412f-942c-7da22391be10 container/guard reason/Ready 
May 25 15:22:32.320 I ns/openshift-kube-apiserver pod/revision-pruner-11-ip-10-0-174-32.eu-central-1.compute.internal node/ip-10-0-174-32.eu-central-1.compute.internal uid/dbf35960-0c19-49b2-83a8-0b296d7a4202 reason/Created 
May 25 15:22:32.320 I ns/openshift-kube-apiserver pod/revision-pruner-11-ip-10-0-174-32.eu-central-1.compute.internal node/ip-10-0-174-32.eu-central-1.compute.internal uid/dbf35960-0c19-49b2-83a8-0b296d7a4202 reason/Scheduled node/ip-10-0-174-32.eu-central-1.compute.internal
May 25 15:22:32.320 W ns/openshift-kube-apiserver pod/revision-pruner-11-ip-10-0-174-32.eu-central-1.compute.internal node/ip-10-0-174-32.eu-central-1.compute.internal uid/dbf35960-0c19-49b2-83a8-0b296d7a4202 container/pruner reason/NotReady 
May 25 15:22:32.320 I ns/openshift-machine-config-operator pod/machine-config-server-tfqhm node/ip-10-0-194-125.eu-central-1.compute.internal uid/d69d46c5-bebf-4b55-bf4d-8cac0ca8c843 reason/Created 
May 25 15:22:32.320 - 2s    I ns/openshift-machine-config-operator pod/machine-config-server-tfqhm uid/d69d46c5-bebf-4b55-bf4d-8cac0ca8c843 constructed/true reason/Scheduled node/ip-10-0-194-125.eu-central-1.compute.internal
May 25 15:22:32.320 I ns/openshift-machine-config-operator pod/machine-config-server-tfqhm node/ip-10-0-194-125.eu-central-1.compute.internal uid/d69d46c5-bebf-4b55-bf4d-8cac0ca8c843 reason/Scheduled node/ip-10-0-194-125.eu-central-1.compute.internal
May 25 15:22:32.320 - 2s    I ns/openshift-machine-config-operator pod/machine-config-server-tfqhm uid/d69d46c5-bebf-4b55-bf4d-8cac0ca8c843 container/machine-config-server constructed/true reason/ContainerStart cause/: 
May 25 15:22:32.320 I ns/openshift-machine-config-operator pod/machine-config-server-tfqhm node/ip-10-0-194-125.eu-central-1.compute.internal uid/d69d46c5-bebf-4b55-bf4d-8cac0ca8c843 container/machine-config-server reason/ContainerStart cause/: 
May 25 15:22:32.320 - 0ms   I ns/openshift-machine-config-operator pod/machine-config-server-tfqhm uid/d69d46c5-bebf-4b55-bf4d-8cac0ca8c843 container/machine-config-server constructed/true reason/NotReady missed real "NotReady"
May 25 15:22:32.320 - 2s    I ns/openshift-machine-config-operator pod/machine-config-server-tfqhm uid/d69d46c5-bebf-4b55-bf4d-8cac0ca8c843 container/machine-config-server constructed/true reason/Ready 
May 25 15:22:32.320 I ns/openshift-machine-config-operator pod/machine-config-server-tfqhm node/ip-10-0-194-125.eu-central-1.compute.internal uid/d69d46c5-bebf-4b55-bf4d-8cac0ca8c843 container/machine-config-server reason/Ready 
May 25 15:22:32.320 I ns/openshift-monitoring pod/thanos-querier-6947f98d5b-4b4sh node/ip-10-0-186-221.eu-central-1.compute.internal uid/84f6c132-6d9c-48d4-b744-03142f088c4c reason/Created 
May 25 15:22:32.320 - 2s    I ns/openshift-monitoring pod/thanos-querier-6947f98d5b-4b4sh uid/84f6c132-6d9c-48d4-b744-03142f088c4c constructed/true reason/Scheduled node/ip-10-0-186-221.eu-central-1.compute.internal
May 25 15:22:32.320 I ns/openshift-monitoring pod/thanos-querier-6947f98d5b-4b4sh node/ip-10-0-186-221.eu-central-1.compute.internal uid/84f6c132-6d9c-48d4-b744-03142f088c4c reason/Scheduled node/ip-10-0-186-221.eu-central-1.compute.internal
May 25 15:22:32.320 - 2s    I ns/openshift-monitoring pod/thanos-querier-6947f98d5b-4b4sh uid/84f6c132-6d9c-48d4-b744-03142f088c4c container/kube-rbac-proxy-rules constructed/true reason/ContainerStart cause/: 
May 25 15:22:32.320 - 2s    I ns/openshift-monitoring pod/thanos-querier-6947f98d5b-4b4sh uid/84f6c132-6d9c-48d4-b744-03142f088c4c container/kube-rbac-proxy-metrics constructed/true reason/ContainerStart cause/: 
May 25 15:22:32.320 - 2s    I ns/openshift-monitoring pod/thanos-querier-6947f98d5b-4b4sh uid/84f6c132-6d9c-48d4-b744-03142f088c4c container/thanos-query constructed/true reason/ContainerStart cause/: 
May 25 15:22:32.320 - 2s    I ns/openshift-monitoring pod/thanos-querier-6947f98d5b-4b4sh uid/84f6c132-6d9c-48d4-b744-03142f088c4c container/oauth-proxy constructed/true reason/ContainerStart cause/: 
May 25 15:22:32.320 - 2s    I ns/openshift-monitoring pod/thanos-querier-6947f98d5b-4b4sh uid/84f6c132-6d9c-48d4-b744-03142f088c4c container/prom-label-proxy constructed/true reason/ContainerStart cause/: 
May 25 15:22:32.320 - 2s    I ns/openshift-monitoring pod/thanos-querier-6947f98d5b-4b4sh uid/84f6c132-6d9c-48d4-b744-03142f088c4c container/kube-rbac-proxy constructed/true reason/ContainerStart cause/: 
May 25 15:22:32.320 I ns/openshift-monitoring pod/thanos-querier-6947f98d5b-4b4sh node/ip-10-0-186-221.eu-central-1.compute.internal uid/84f6c132-6d9c-48d4-b744-03142f088c4c container/kube-rbac-proxy-metrics reason/ContainerStart cause/: 
May 25 15:22:32.320 I ns/openshift-monitoring pod/thanos-querier-6947f98d5b-4b4sh node/ip-10-0-186-221.eu-central-1.compute.internal uid/84f6c132-6d9c-48d4-b744-03142f088c4c container/kube-rbac-proxy reason/ContainerStart cause/: 
May 25 15:22:32.320 I ns/openshift-monitoring pod/thanos-querier-6947f98d5b-4b4sh node/ip-10-0-186-221.eu-central-1.compute.internal uid/84f6c132-6d9c-48d4-b744-03142f088c4c container/kube-rbac-proxy-rules reason/ContainerStart cause/: 
May 25 15:22:32.320 I ns/openshift-monitoring pod/thanos-querier-6947f98d5b-4b4sh node/ip-10-0-186-221.eu-central-1.compute.internal uid/84f6c132-6d9c-48d4-b744-03142f088c4c container/oauth-proxy reason/ContainerStart cause/: 
May 25 15:22:32.320 I ns/openshift-monitoring pod/thanos-querier-6947f98d5b-4b4sh node/ip-10-0-186-221.eu-central-1.compute.internal uid/84f6c132-6d9c-48d4-b744-03142f088c4c container/prom-label-proxy reason/ContainerStart cause/: 
May 25 15:22:32.320 I ns/openshift-monitoring pod/thanos-querier-6947f98d5b-4b4sh node/ip-10-0-186-221.eu-central-1.compute.internal uid/84f6c132-6d9c-48d4-b744-03142f088c4c container/thanos-query reason/ContainerStart cause/: 
May 25 15:22:32.320 - 0ms   I ns/openshift-monitoring pod/thanos-querier-6947f98d5b-4b4sh uid/84f6c132-6d9c-48d4-b744-03142f088c4c container/kube-rbac-proxy-metrics constructed/true reason/NotReady missed real "NotReady"
May 25 15:22:32.320 - 0ms   I ns/openshift-monitoring pod/thanos-querier-6947f98d5b-4b4sh uid/84f6c132-6d9c-48d4-b744-03142f088c4c container/oauth-proxy constructed/true reason/NotReady missed real "NotReady"
May 25 15:22:32.320 - 0ms   I ns/openshift-monitoring pod/thanos-querier-6947f98d5b-4b4sh uid/84f6c132-6d9c-48d4-b744-03142f088c4c container/kube-rbac-proxy-rules constructed/true reason/NotReady missed real "NotReady"
May 25 15:22:32.320 - 0ms   I ns/openshift-monitoring pod/thanos-querier-6947f98d5b-4b4sh uid/84f6c132-6d9c-48d4-b744-03142f088c4c container/thanos-query constructed/true reason/NotReady missed real "NotReady"
May 25 15:22:32.320 - 0ms   I ns/openshift-monitoring pod/thanos-querier-6947f98d5b-4b4sh uid/84f6c132-6d9c-48d4-b744-03142f088c4c container/prom-label-proxy constructed/true reason/NotReady missed real "NotReady"
May 25 15:22:32.320 - 0ms   I ns/openshift-monitoring pod/thanos-querier-6947f98d5b-4b4sh uid/84f6c132-6d9c-48d4-b744-03142f088c4c container/kube-rbac-proxy constructed/true reason/NotReady missed real "NotReady"
May 25 15:22:32.320 - 2s    I ns/openshift-monitoring pod/thanos-querier-6947f98d5b-4b4sh uid/84f6c132-6d9c-48d4-b744-03142f088c4c container/oauth-proxy constructed/true reason/Ready 
May 25 15:22:32.320 - 2s    I ns/openshift-monitoring pod/thanos-querier-6947f98d5b-4b4sh uid/84f6c132-6d9c-48d4-b744-03142f088c4c container/kube-rbac-proxy-rules constructed/true reason/Ready 
May 25 15:22:32.320 - 2s    I ns/openshift-monitoring pod/thanos-querier-6947f98d5b-4b4sh uid/84f6c132-6d9c-48d4-b744-03142f088c4c container/thanos-query constructed/true reason/Ready 
May 25 15:22:32.320 - 2s    I ns/openshift-monitoring pod/thanos-querier-6947f98d5b-4b4sh uid/84f6c132-6d9c-48d4-b744-03142f088c4c container/prom-label-proxy constructed/true reason/Ready 
May 25 15:22:32.320 - 2s    I ns/openshift-monitoring pod/thanos-querier-6947f98d5b-4b4sh uid/84f6c132-6d9c-48d4-b744-03142f088c4c container/kube-rbac-proxy constructed/true reason/Ready 
May 25 15:22:32.320 - 2s    I ns/openshift-monitoring pod/thanos-querier-6947f98d5b-4b4sh uid/84f6c132-6d9c-48d4-b744-03142f088c4c container/kube-rbac-proxy-metrics constructed/true reason/Ready 
May 25 15:22:32.320 I ns/openshift-monitoring pod/thanos-querier-6947f98d5b-4b4sh node/ip-10-0-186-221.eu-central-1.compute.internal uid/84f6c132-6d9c-48d4-b744-03142f088c4c container/kube-rbac-proxy reason/Ready 
May 25 15:22:32.320 I ns/openshift-monitoring pod/thanos-querier-6947f98d5b-4b4sh node/ip-10-0-186-221.eu-central-1.compute.internal uid/84f6c132-6d9c-48d4-b744-03142f088c4c container/kube-rbac-proxy-rules reason/Ready 
May 25 15:22:32.320 I ns/openshift-monitoring pod/thanos-querier-6947f98d5b-4b4sh node/ip-10-0-186-221.eu-central-1.compute.internal uid/84f6c132-6d9c-48d4-b744-03142f088c4c container/oauth-proxy reason/Ready 
May 25 15:22:32.320 I ns/openshift-monitoring pod/thanos-querier-6947f98d5b-4b4sh node/ip-10-0-186-221.eu-central-1.compute.internal uid/84f6c132-6d9c-48d4-b744-03142f088c4c container/thanos-query reason/Ready 
May 25 15:22:32.320 I ns/openshift-monitoring pod/thanos-querier-6947f98d5b-4b4sh node/ip-10-0-186-221.eu-central-1.compute.internal uid/84f6c132-6d9c-48d4-b744-03142f088c4c container/kube-rbac-proxy-metrics reason/Ready 
May 25 15:22:32.320 I ns/openshift-monitoring pod/thanos-querier-6947f98d5b-4b4sh node/ip-10-0-186-221.eu-central-1.compute.internal uid/84f6c132-6d9c-48d4-b744-03142f088c4c container/prom-label-proxy reason/Ready 
May 25 15:22:32.320 I ns/openshift-service-ca-operator pod/service-ca-operator-8544744867-99s28 node/ip-10-0-174-32.eu-central-1.compute.internal uid/ddc21fe5-bb2d-4c35-a9af-53696852301c reason/Created 
May 25 15:22:32.320 - 2s    I ns/openshift-service-ca-operator pod/service-ca-operator-8544744867-99s28 uid/ddc21fe5-bb2d-4c35-a9af-53696852301c constructed/true reason/Scheduled node/ip-10-0-174-32.eu-central-1.compute.internal
May 25 15:22:32.320 I ns/openshift-service-ca-operator pod/service-ca-operator-8544744867-99s28 node/ip-10-0-174-32.eu-central-1.compute.internal uid/ddc21fe5-bb2d-4c35-a9af-53696852301c reason/Scheduled node/ip-10-0-174-32.eu-central-1.compute.internal
May 25 15:22:32.320 - 2s    I ns/openshift-service-ca-operator pod/service-ca-operator-8544744867-99s28 uid/ddc21fe5-bb2d-4c35-a9af-53696852301c container/service-ca-operator constructed/true reason/ContainerStart cause/: 
May 25 15:22:32.320 I ns/openshift-service-ca-operator pod/service-ca-operator-8544744867-99s28 node/ip-10-0-174-32.eu-central-1.compute.internal uid/ddc21fe5-bb2d-4c35-a9af-53696852301c container/service-ca-operator reason/ContainerStart cause/: 
May 25 15:22:32.320 - 0ms   I ns/openshift-service-ca-operator pod/service-ca-operator-8544744867-99s28 uid/ddc21fe5-bb2d-4c35-a9af-53696852301c container/service-ca-operator constructed/true reason/NotReady missed real "NotReady"
May 25 15:22:32.320 - 2s    I ns/openshift-service-ca-operator pod/service-ca-operator-8544744867-99s28 uid/ddc21fe5-bb2d-4c35-a9af-53696852301c container/service-ca-operator constructed/true reason/Ready 
May 25 15:22:32.320 I ns/openshift-service-ca-operator pod/service-ca-operator-8544744867-99s28 node/ip-10-0-174-32.eu-central-1.compute.internal uid/ddc21fe5-bb2d-4c35-a9af-53696852301c container/service-ca-operator reason/Ready 
May 25 15:22:32.320 I ns/openshift-marketplace pod/community-operators-qz9gl node/ip-10-0-136-137.eu-central-1.compute.internal uid/3e230a7b-ad8a-4cf4-b9ec-c978e3fa9f1a reason/Created 
May 25 15:22:32.320 - 2s    I ns/openshift-marketplace pod/community-operators-qz9gl uid/3e230a7b-ad8a-4cf4-b9ec-c978e3fa9f1a constructed/true reason/Scheduled node/ip-10-0-136-137.eu-central-1.compute.internal
May 25 15:22:32.320 I ns/openshift-marketplace pod/community-operators-qz9gl node/ip-10-0-136-137.eu-central-1.compute.internal uid/3e230a7b-ad8a-4cf4-b9ec-c978e3fa9f1a reason/Scheduled node/ip-10-0-136-137.eu-central-1.compute.internal
May 25 15:22:32.320 - 2s    I ns/openshift-marketplace pod/community-operators-qz9gl uid/3e230a7b-ad8a-4cf4-b9ec-c978e3fa9f1a container/registry-server constructed/true reason/ContainerStart cause/: 
May 25 15:22:32.320 I ns/openshift-marketplace pod/community-operators-qz9gl node/ip-10-0-136-137.eu-central-1.compute.internal uid/3e230a7b-ad8a-4cf4-b9ec-c978e3fa9f1a container/registry-server reason/ContainerStart cause/: 
May 25 15:22:32.320 - 0ms   I ns/openshift-marketplace pod/community-operators-qz9gl uid/3e230a7b-ad8a-4cf4-b9ec-c978e3fa9f1a container/registry-server constructed/true reason/NotReady missed real "NotReady"
May 25 15:22:32.320 - 2s    I ns/openshift-marketplace pod/community-operators-qz9gl uid/3e230a7b-ad8a-4cf4-b9ec-c978e3fa9f1a container/registry-server constructed/true reason/Ready 
May 25 15:22:32.320 I ns/openshift-marketplace pod/community-operators-qz9gl node/ip-10-0-136-137.eu-central-1.compute.internal uid/3e230a7b-ad8a-4cf4-b9ec-c978e3fa9f1a container/registry-server reason/Ready 
May 25 15:22:32.320 I ns/openshift-cluster-csi-drivers pod/aws-ebs-csi-driver-node-mdzbs node/ip-10-0-194-125.eu-central-1.compute.internal uid/c8925037-542f-465b-98c9-f4b1d77c6e34 reason/Created 
May 25 15:22:32.320 - 2s    I ns/openshift-cluster-csi-drivers pod/aws-ebs-csi-driver-node-mdzbs uid/c8925037-542f-465b-98c9-f4b1d77c6e34 constructed/true reason/Scheduled node/ip-10-0-194-125.eu-central-1.compute.internal
May 25 15:22:32.320 I ns/openshift-cluster-csi-drivers pod/aws-ebs-csi-driver-node-mdzbs node/ip-10-0-194-125.eu-central-1.compute.internal uid/c8925037-542f-465b-98c9-f4b1d77c6e34 reason/Scheduled node/ip-10-0-194-125.eu-central-1.compute.internal
May 25 15:22:32.320 - 2s    I ns/openshift-cluster-csi-drivers pod/aws-ebs-csi-driver-node-mdzbs uid/c8925037-542f-465b-98c9-f4b1d77c6e34 container/csi-node-driver-registrar constructed/true reason/ContainerStart cause/: 
May 25 15:22:32.320 - 2s    I ns/openshift-cluster-csi-drivers pod/aws-ebs-csi-driver-node-mdzbs uid/c8925037-542f-465b-98c9-f4b1d77c6e34 container/csi-liveness-probe constructed/true reason/ContainerStart cause/: 
May 25 15:22:32.320 - 2s    I ns/openshift-cluster-csi-drivers pod/aws-ebs-csi-driver-node-mdzbs uid/c8925037-542f-465b-98c9-f4b1d77c6e34 container/csi-driver constructed/true reason/ContainerStart cause/: 
May 25 15:22:32.320 I ns/openshift-cluster-csi-drivers pod/aws-ebs-csi-driver-node-mdzbs node/ip-10-0-194-125.eu-central-1.compute.internal uid/c8925037-542f-465b-98c9-f4b1d77c6e34 container/csi-node-driver-registrar reason/ContainerStart cause/: 
May 25 15:22:32.320 I ns/openshift-cluster-csi-drivers pod/aws-ebs-csi-driver-node-mdzbs node/ip-10-0-194-125.eu-central-1.compute.internal uid/c8925037-542f-465b-98c9-f4b1d77c6e34 container/csi-liveness-probe reason/ContainerStart cause/: 
May 25 15:22:32.320 I ns/openshift-cluster-csi-drivers pod/aws-ebs-csi-driver-node-mdzbs node/ip-10-0-194-125.eu-central-1.compute.internal uid/c8925037-542f-465b-98c9-f4b1d77c6e34 container/csi-driver reason/ContainerStart cause/: 
May 25 15:22:32.320 - 0ms   I ns/openshift-cluster-csi-drivers pod/aws-ebs-csi-driver-node-mdzbs uid/c8925037-542f-465b-98c9-f4b1d77c6e34 container/csi-driver constructed/true reason/NotReady missed real "NotReady"
May 25 15:22:32.320 - 0ms   I ns/openshift-cluster-csi-drivers pod/aws-ebs-csi-driver-node-mdzbs uid/c8925037-542f-465b-98c9-f4b1d77c6e34 container/csi-node-driver-registrar constructed/true reason/NotReady missed real "NotReady"
May 25 15:22:32.320 - 0ms   I ns/openshift-cluster-csi-drivers pod/aws-ebs-csi-driver-node-mdzbs uid/c8925037-542f-465b-98c9-f4b1d77c6e34 container/csi-liveness-probe constructed/true reason/NotReady missed real "NotReady"
May 25 15:22:32.320 - 2s    I ns/openshift-cluster-csi-drivers pod/aws-ebs-csi-driver-node-mdzbs uid/c8925037-542f-465b-98c9-f4b1d77c6e34 container/csi-driver constructed/true reason/Ready 
May 25 15:22:32.320 - 2s    I ns/openshift-cluster-csi-drivers pod/aws-ebs-csi-driver-node-mdzbs uid/c8925037-542f-465b-98c9-f4b1d77c6e34 container/csi-liveness-probe constructed/true reason/Ready 
May 25 15:22:32.320 - 2s    I ns/openshift-cluster-csi-drivers pod/aws-ebs-csi-driver-node-mdzbs uid/c8925037-542f-465b-98c9-f4b1d77c6e34 container/csi-node-driver-registrar constructed/true reason/Ready 
May 25 15:22:32.320 I ns/openshift-cluster-csi-drivers pod/aws-ebs-csi-driver-node-mdzbs node/ip-10-0-194-125.eu-central-1.compute.internal uid/c8925037-542f-465b-98c9-f4b1d77c6e34 container/csi-liveness-probe reason/Ready 
May 25 15:22:32.320 I ns/openshift-cluster-csi-drivers pod/aws-ebs-csi-driver-node-mdzbs node/ip-10-0-194-125.eu-central-1.compute.internal uid/c8925037-542f-465b-98c9-f4b1d77c6e34 container/csi-node-driver-registrar reason/Ready 
May 25 15:22:32.320 I ns/openshift-cluster-csi-drivers pod/aws-ebs-csi-driver-node-mdzbs node/ip-10-0-194-125.eu-central-1.compute.internal uid/c8925037-542f-465b-98c9-f4b1d77c6e34 container/csi-driver reason/Ready 
May 25 15:22:32.320 I ns/openshift-etcd pod/etcd-ip-10-0-194-125.eu-central-1.compute.internal node/ip-10-0-194-125.eu-central-1.compute.internal uid/7524a13f-982d-416e-bc15-eb04d95744d6 reason/Created 
May 25 15:22:32.320 - 2s    I ns/openshift-etcd pod/etcd-ip-10-0-194-125.eu-central-1.compute.internal uid/7524a13f-982d-416e-bc15-eb04d95744d6 constructed/true reason/Scheduled node/ip-10-0-194-125.eu-central-1.compute.internal
May 25 15:22:32.320 I ns/openshift-etcd pod/etcd-ip-10-0-194-125.eu-central-1.compute.internal node/ip-10-0-194-125.eu-central-1.compute.internal uid/7524a13f-982d-416e-bc15-eb04d95744d6 reason/Scheduled node/ip-10-0-194-125.eu-central-1.compute.internal
May 25 15:22:32.320 - 2s    I ns/openshift-etcd pod/etcd-ip-10-0-194-125.eu-central-1.compute.internal uid/7524a13f-982d-416e-bc15-eb04d95744d6 container/etcd constructed/true reason/ContainerStart cause/: 
May 25 15:22:32.320 - 2s    I ns/openshift-etcd pod/etcd-ip-10-0-194-125.eu-central-1.compute.internal uid/7524a13f-982d-416e-bc15-eb04d95744d6 container/etcd-readyz constructed/true reason/ContainerStart cause/: 
May 25 15:22:32.320 - 2s    I ns/openshift-etcd pod/etcd-ip-10-0-194-125.eu-central-1.compute.internal uid/7524a13f-982d-416e-bc15-eb04d95744d6 container/etcdctl constructed/true reason/ContainerStart cause/: 
May 25 15:22:32.320 - 2s    I ns/openshift-etcd pod/etcd-ip-10-0-194-125.eu-central-1.compute.internal uid/7524a13f-982d-416e-bc15-eb04d95744d6 container/etcd-health-monitor constructed/true reason/ContainerStart cause/: 
May 25 15:22:32.320 - 2s    I ns/openshift-etcd pod/etcd-ip-10-0-194-125.eu-central-1.compute.internal uid/7524a13f-982d-416e-bc15-eb04d95744d6 container/etcd-metrics constructed/true reason/ContainerStart cause/: 
May 25 15:22:32.320 I ns/openshift-etcd pod/etcd-ip-10-0-194-125.eu-central-1.compute.internal node/ip-10-0-194-125.eu-central-1.compute.internal uid/7524a13f-982d-416e-bc15-eb04d95744d6 container/etcd-health-monitor reason/ContainerStart cause/: 
May 25 15:22:32.320 I ns/openshift-etcd pod/etcd-ip-10-0-194-125.eu-central-1.compute.internal node/ip-10-0-194-125.eu-central-1.compute.internal uid/7524a13f-982d-416e-bc15-eb04d95744d6 container/etcd reason/ContainerStart cause/: 
May 25 15:22:32.320 I ns/openshift-etcd pod/etcd-ip-10-0-194-125.eu-central-1.compute.internal node/ip-10-0-194-125.eu-central-1.compute.internal uid/7524a13f-982d-416e-bc15-eb04d95744d6 container/etcd-readyz reason/ContainerStart cause/: 
May 25 15:22:32.320 I ns/openshift-etcd pod/etcd-ip-10-0-194-125.eu-central-1.compute.internal node/ip-10-0-194-125.eu-central-1.compute.internal uid/7524a13f-982d-416e-bc15-eb04d95744d6 container/etcdctl reason/ContainerStart cause/: 
May 25 15:22:32.320 I ns/openshift-etcd pod/etcd-ip-10-0-194-125.eu-central-1.compute.internal node/ip-10-0-194-125.eu-central-1.compute.internal uid/7524a13f-982d-416e-bc15-eb04d95744d6 container/etcd-metrics reason/ContainerStart cause/: 
May 25 15:22:32.320 - 0ms   I ns/openshift-etcd pod/etcd-ip-10-0-194-125.eu-central-1.compute.internal uid/7524a13f-982d-416e-bc15-eb04d95744d6 container/etcd-health-monitor constructed/true reason/NotReady missed real "NotReady"
May 25 15:22:32.320 - 0ms   I ns/openshift-etcd pod/etcd-ip-10-0-194-125.eu-central-1.compute.internal uid/7524a13f-982d-416e-bc15-eb04d95744d6 container/etcdctl constructed/true reason/NotReady missed real "NotReady"
May 25 15:22:32.320 - 0ms   I ns/openshift-etcd pod/etcd-ip-10-0-194-125.eu-central-1.compute.internal uid/7524a13f-982d-416e-bc15-eb04d95744d6 container/etcd-metrics constructed/true reason/NotReady missed real "NotReady"
May 25 15:22:32.320 - 0ms   I ns/openshift-etcd pod/etcd-ip-10-0-194-125.eu-central-1.compute.internal uid/7524a13f-982d-416e-bc15-eb04d95744d6 container/etcd-readyz constructed/true reason/NotReady missed real "NotReady"
May 25 15:22:32.320 - 0ms   I ns/openshift-etcd pod/etcd-ip-10-0-194-125.eu-central-1.compute.internal uid/7524a13f-982d-416e-bc15-eb04d95744d6 container/etcd constructed/true reason/NotReady missed real "NotReady"
May 25 15:22:32.320 - 2s    I ns/openshift-etcd pod/etcd-ip-10-0-194-125.eu-central-1.compute.internal uid/7524a13f-982d-416e-bc15-eb04d95744d6 container/etcd-metrics constructed/true reason/Ready 
May 25 15:22:32.320 - 2s    I ns/openshift-etcd pod/etcd-ip-10-0-194-125.eu-central-1.compute.internal uid/7524a13f-982d-416e-bc15-eb04d95744d6 container/etcdctl constructed/true reason/Ready 
May 25 15:22:32.320 - 2s    I ns/openshift-etcd pod/etcd-ip-10-0-194-125.eu-central-1.compute.internal uid/7524a13f-982d-416e-bc15-eb04d95744d6 container/etcd constructed/true reason/Ready 
May 25 15:22:32.320 - 2s    I ns/openshift-etcd pod/etcd-ip-10-0-194-125.eu-central-1.compute.internal uid/7524a13f-982d-416e-bc15-eb04d95744d6 container/etcd-health-monitor constructed/true reason/Ready 
May 25 15:22:32.320 - 2s    I ns/openshift-etcd pod/etcd-ip-10-0-194-125.eu-central-1.compute.internal uid/7524a13f-982d-416e-bc15-eb04d95744d6 container/etcd-readyz constructed/true reason/Ready 
May 25 15:22:32.320 I ns/openshift-etcd pod/etcd-ip-10-0-194-125.eu-central-1.compute.internal node/ip-10-0-194-125.eu-central-1.compute.internal uid/7524a13f-982d-416e-bc15-eb04d95744d6 container/etcdctl reason/Ready 
May 25 15:22:32.320 I ns/openshift-etcd pod/etcd-ip-10-0-194-125.eu-central-1.compute.internal node/ip-10-0-194-125.eu-central-1.compute.internal uid/7524a13f-982d-416e-bc15-eb04d95744d6 container/etcd-readyz reason/Ready 
May 25 15:22:32.320 I ns/openshift-etcd pod/etcd-ip-10-0-194-125.eu-central-1.compute.internal node/ip-10-0-194-125.eu-central-1.compute.internal uid/7524a13f-982d-416e-bc15-eb04d95744d6 container/setup reason/Ready 
May 25 15:22:32.320 I ns/openshift-etcd pod/etcd-ip-10-0-194-125.eu-central-1.compute.internal node/ip-10-0-194-125.eu-central-1.compute.internal uid/7524a13f-982d-416e-bc15-eb04d95744d6 container/etcd-health-monitor reason/Ready 
May 25 15:22:32.320 I ns/openshift-etcd pod/etcd-ip-10-0-194-125.eu-central-1.compute.internal node/ip-10-0-194-125.eu-central-1.compute.internal uid/7524a13f-982d-416e-bc15-eb04d95744d6 container/etcd-metrics reason/Ready 
May 25 15:22:32.320 I ns/openshift-etcd pod/etcd-ip-10-0-194-125.eu-central-1.compute.internal node/ip-10-0-194-125.eu-central-1.compute.internal uid/7524a13f-982d-416e-bc15-eb04d95744d6 container/etcd reason/Ready 
May 25 15:22:32.320 I ns/openshift-etcd pod/etcd-ip-10-0-194-125.eu-central-1.compute.internal node/ip-10-0-194-125.eu-central-1.compute.internal uid/7524a13f-982d-416e-bc15-eb04d95744d6 container/etcd-resources-copy reason/Ready 
May 25 15:22:32.320 I ns/openshift-etcd pod/etcd-ip-10-0-194-125.eu-central-1.compute.internal node/ip-10-0-194-125.eu-central-1.compute.internal uid/7524a13f-982d-416e-bc15-eb04d95744d6 container/etcd-ensure-env-vars reason/Ready 
May 25 15:22:32.320 I ns/openshift-etcd pod/revision-pruner-6-ip-10-0-194-125.eu-central-1.compute.internal node/ip-10-0-194-125.eu-central-1.compute.internal uid/007dea96-137b-406b-b405-9315de825bbf reason/Created 
May 25 15:22:32.320 I ns/openshift-etcd pod/revision-pruner-6-ip-10-0-194-125.eu-central-1.compute.internal node/ip-10-0-194-125.eu-central-1.compute.internal uid/007dea96-137b-406b-b405-9315de825bbf reason/Scheduled node/ip-10-0-194-125.eu-central-1.compute.internal
May 25 15:22:32.320 W ns/openshift-etcd pod/revision-pruner-6-ip-10-0-194-125.eu-central-1.compute.internal node/ip-10-0-194-125.eu-central-1.compute.internal uid/007dea96-137b-406b-b405-9315de825bbf container/pruner reason/NotReady 
May 25 15:22:32.320 I ns/openshift-kube-controller-manager pod/kube-controller-manager-guard-ip-10-0-136-137.eu-central-1.compute.internal node/ip-10-0-136-137.eu-central-1.compute.internal uid/352d2212-ad0e-4591-8578-3c7e19a8e12d reason/Created 
May 25 15:22:32.320 - 2s    I ns/openshift-kube-controller-manager pod/kube-controller-manager-guard-ip-10-0-136-137.eu-central-1.compute.internal uid/352d2212-ad0e-4591-8578-3c7e19a8e12d constructed/true reason/Scheduled node/ip-10-0-136-137.eu-central-1.compute.internal
May 25 15:22:32.320 I ns/openshift-kube-controller-manager pod/kube-controller-manager-guard-ip-10-0-136-137.eu-central-1.compute.internal node/ip-10-0-136-137.eu-central-1.compute.internal uid/352d2212-ad0e-4591-8578-3c7e19a8e12d reason/Scheduled node/ip-10-0-136-137.eu-central-1.compute.internal
May 25 15:22:32.320 - 2s    I ns/openshift-kube-controller-manager pod/kube-controller-manager-guard-ip-10-0-136-137.eu-central-1.compute.internal uid/352d2212-ad0e-4591-8578-3c7e19a8e12d container/guard constructed/true reason/ContainerStart cause/: 
May 25 15:22:32.320 I ns/openshift-kube-controller-manager pod/kube-controller-manager-guard-ip-10-0-136-137.eu-central-1.compute.internal node/ip-10-0-136-137.eu-central-1.compute.internal uid/352d2212-ad0e-4591-8578-3c7e19a8e12d container/guard reason/ContainerStart cause/: 
May 25 15:22:32.320 - 0ms   I ns/openshift-kube-controller-manager pod/kube-controller-manager-guard-ip-10-0-136-137.eu-central-1.compute.internal uid/352d2212-ad0e-4591-8578-3c7e19a8e12d container/guard constructed/true reason/NotReady missed real "NotReady"
May 25 15:22:32.320 - 2s    I ns/openshift-kube-controller-manager pod/kube-controller-manager-guard-ip-10-0-136-137.eu-central-1.compute.internal uid/352d2212-ad0e-4591-8578-3c7e19a8e12d container/guard constructed/true reason/Ready 
May 25 15:22:32.320 I ns/openshift-kube-controller-manager pod/kube-controller-manager-guard-ip-10-0-136-137.eu-central-1.compute.internal node/ip-10-0-136-137.eu-central-1.compute.internal uid/352d2212-ad0e-4591-8578-3c7e19a8e12d container/guard reason/Ready 
May 25 15:22:32.320 I ns/openshift-kube-controller-manager pod/kube-controller-manager-ip-10-0-174-32.eu-central-1.compute.internal node/ip-10-0-174-32.eu-central-1.compute.internal uid/305143d4-64be-44e8-abf3-910c907c4c04 reason/Created 
May 25 15:22:32.320 - 2s    I ns/openshift-kube-controller-manager pod/kube-controller-manager-ip-10-0-174-32.eu-central-1.compute.internal uid/305143d4-64be-44e8-abf3-910c907c4c04 constructed/true reason/Scheduled node/ip-10-0-174-32.eu-central-1.compute.internal
May 25 15:22:32.320 I ns/openshift-kube-controller-manager pod/kube-controller-manager-ip-10-0-174-32.eu-central-1.compute.internal node/ip-10-0-174-32.eu-central-1.compute.internal uid/305143d4-64be-44e8-abf3-910c907c4c04 reason/Scheduled node/ip-10-0-174-32.eu-central-1.compute.internal
May 25 15:22:32.320 - 2s    I ns/openshift-kube-controller-manager pod/kube-controller-manager-ip-10-0-174-32.eu-central-1.compute.internal uid/305143d4-64be-44e8-abf3-910c907c4c04 container/kube-controller-manager-cert-syncer constructed/true reason/ContainerStart cause/: 
May 25 15:22:32.320 - 2s    I ns/openshift-kube-controller-manager pod/kube-controller-manager-ip-10-0-174-32.eu-central-1.compute.internal uid/305143d4-64be-44e8-abf3-910c907c4c04 container/kube-controller-manager-recovery-controller constructed/true reason/ContainerStart cause/: 
May 25 15:22:32.320 - 2s    I ns/openshift-kube-controller-manager pod/kube-controller-manager-ip-10-0-174-32.eu-central-1.compute.internal uid/305143d4-64be-44e8-abf3-910c907c4c04 container/kube-controller-manager constructed/true reason/ContainerStart cause/: 
May 25 15:22:32.320 - 2s    I ns/openshift-kube-controller-manager pod/kube-controller-manager-ip-10-0-174-32.eu-central-1.compute.internal uid/305143d4-64be-44e8-abf3-910c907c4c04 container/cluster-policy-controller constructed/true reason/ContainerStart cause/: 
May 25 15:22:32.320 I ns/openshift-kube-controller-manager pod/kube-controller-manager-ip-10-0-174-32.eu-central-1.compute.internal node/ip-10-0-174-32.eu-central-1.compute.internal uid/305143d4-64be-44e8-abf3-910c907c4c04 container/kube-controller-manager-cert-syncer reason/ContainerStart cause/: 
May 25 15:22:32.320 I ns/openshift-kube-controller-manager pod/kube-controller-manager-ip-10-0-174-32.eu-central-1.compute.internal node/ip-10-0-174-32.eu-central-1.compute.internal uid/305143d4-64be-44e8-abf3-910c907c4c04 container/kube-controller-manager reason/ContainerStart cause/: 
May 25 15:22:32.320 I ns/openshift-kube-controller-manager pod/kube-controller-manager-ip-10-0-174-32.eu-central-1.compute.internal node/ip-10-0-174-32.eu-central-1.compute.internal uid/305143d4-64be-44e8-abf3-910c907c4c04 container/kube-controller-manager-recovery-controller reason/ContainerStart cause/: 
May 25 15:22:32.320 I ns/openshift-kube-controller-manager pod/kube-controller-manager-ip-10-0-174-32.eu-central-1.compute.internal node/ip-10-0-174-32.eu-central-1.compute.internal uid/305143d4-64be-44e8-abf3-910c907c4c04 container/cluster-policy-controller reason/ContainerStart cause/: 
May 25 15:22:32.320 - 0ms   I ns/openshift-kube-controller-manager pod/kube-controller-manager-ip-10-0-174-32.eu-central-1.compute.internal uid/305143d4-64be-44e8-abf3-910c907c4c04 container/cluster-policy-controller constructed/true reason/NotReady missed real "NotReady"
May 25 15:22:32.320 - 0ms   I ns/openshift-kube-controller-manager pod/kube-controller-manager-ip-10-0-174-32.eu-central-1.compute.internal uid/305143d4-64be-44e8-abf3-910c907c4c04 container/kube-controller-manager constructed/true reason/NotReady missed real "NotReady"
May 25 15:22:32.320 - 0ms   I ns/openshift-kube-controller-manager pod/kube-controller-manager-ip-10-0-174-32.eu-central-1.compute.internal uid/305143d4-64be-44e8-abf3-910c907c4c04 container/kube-controller-manager-recovery-controller constructed/true reason/NotReady missed real "NotReady"
May 25 15:22:32.320 - 0ms   I ns/openshift-kube-controller-manager pod/kube-controller-manager-ip-10-0-174-32.eu-central-1.compute.internal uid/305143d4-64be-44e8-abf3-910c907c4c04 container/kube-controller-manager-cert-syncer constructed/true reason/NotReady missed real "NotReady"
May 25 15:22:32.320 - 2s    I ns/openshift-kube-controller-manager pod/kube-controller-manager-ip-10-0-174-32.eu-central-1.compute.internal uid/305143d4-64be-44e8-abf3-910c907c4c04 container/kube-controller-manager-recovery-controller constructed/true reason/Ready 
May 25 15:22:32.320 - 2s    I ns/openshift-kube-controller-manager pod/kube-controller-manager-ip-10-0-174-32.eu-central-1.compute.internal uid/305143d4-64be-44e8-abf3-910c907c4c04 container/kube-controller-manager-cert-syncer constructed/true reason/Ready 
May 25 15:22:32.320 - 2s    I ns/openshift-kube-controller-manager pod/kube-controller-manager-ip-10-0-174-32.eu-central-1.compute.internal uid/305143d4-64be-44e8-abf3-910c907c4c04 container/kube-controller-manager constructed/true reason/Ready 
May 25 15:22:32.320 - 2s    I ns/openshift-kube-controller-manager pod/kube-controller-manager-ip-10-0-174-32.eu-central-1.compute.internal uid/305143d4-64be-44e8-abf3-910c907c4c04 container/cluster-policy-controller constructed/true reason/Ready 
May 25 15:22:32.320 I ns/openshift-kube-controller-manager pod/kube-controller-manager-ip-10-0-174-32.eu-central-1.compute.internal node/ip-10-0-174-32.eu-central-1.compute.internal uid/305143d4-64be-44e8-abf3-910c907c4c04 container/cluster-policy-controller reason/Ready 
May 25 15:22:32.320 I ns/openshift-kube-controller-manager pod/kube-controller-manager-ip-10-0-174-32.eu-central-1.compute.internal node/ip-10-0-174-32.eu-central-1.compute.internal uid/305143d4-64be-44e8-abf3-910c907c4c04 container/kube-controller-manager-cert-syncer reason/Ready 
May 25 15:22:32.320 I ns/openshift-kube-controller-manager pod/kube-controller-manager-ip-10-0-174-32.eu-central-1.compute.internal node/ip-10-0-174-32.eu-central-1.compute.internal uid/305143d4-64be-44e8-abf3-910c907c4c04 container/kube-controller-manager reason/Ready 
May 25 15:22:32.320 I ns/openshift-kube-controller-manager pod/kube-controller-manager-ip-10-0-174-32.eu-central-1.compute.internal node/ip-10-0-174-32.eu-central-1.compute.internal uid/305143d4-64be-44e8-abf3-910c907c4c04 container/kube-controller-manager-recovery-controller reason/Ready 
May 25 15:22:32.320 I ns/openshift-cluster-csi-drivers pod/aws-ebs-csi-driver-node-c5gww node/ip-10-0-131-226.eu-central-1.compute.internal uid/988202af-369c-4f05-8586-9ad5aff7c899 reason/Created 
May 25 15:22:32.320 - 2s    I ns/openshift-cluster-csi-drivers pod/aws-ebs-csi-driver-node-c5gww uid/988202af-369c-4f05-8586-9ad5aff7c899 constructed/true reason/Scheduled node/ip-10-0-131-226.eu-central-1.compute.internal
May 25 15:22:32.320 I ns/openshift-cluster-csi-drivers pod/aws-ebs-csi-driver-node-c5gww node/ip-10-0-131-226.eu-central-1.compute.internal uid/988202af-369c-4f05-8586-9ad5aff7c899 reason/Scheduled node/ip-10-0-131-226.eu-central-1.compute.internal
May 25 15:22:32.320 - 2s    I ns/openshift-cluster-csi-drivers pod/aws-ebs-csi-driver-node-c5gww uid/988202af-369c-4f05-8586-9ad5aff7c899 container/csi-node-driver-registrar constructed/true reason/ContainerStart cause/: 
May 25 15:22:32.320 - 2s    I ns/openshift-cluster-csi-drivers pod/aws-ebs-csi-driver-node-c5gww uid/988202af-369c-4f05-8586-9ad5aff7c899 container/csi-liveness-probe constructed/true reason/ContainerStart cause/: 
May 25 15:22:32.320 - 2s    I ns/openshift-cluster-csi-drivers pod/aws-ebs-csi-driver-node-c5gww uid/988202af-369c-4f05-8586-9ad5aff7c899 container/csi-driver constructed/true reason/ContainerStart cause/: 
May 25 15:22:32.320 I ns/openshift-cluster-csi-drivers pod/aws-ebs-csi-driver-node-c5gww node/ip-10-0-131-226.eu-central-1.compute.internal uid/988202af-369c-4f05-8586-9ad5aff7c899 container/csi-node-driver-registrar reason/ContainerStart cause/: 
May 25 15:22:32.320 I ns/openshift-cluster-csi-drivers pod/aws-ebs-csi-driver-node-c5gww node/ip-10-0-131-226.eu-central-1.compute.internal uid/988202af-369c-4f05-8586-9ad5aff7c899 container/csi-driver reason/ContainerStart cause/: 
May 25 15:22:32.320 I ns/openshift-cluster-csi-drivers pod/aws-ebs-csi-driver-node-c5gww node/ip-10-0-131-226.eu-central-1.compute.internal uid/988202af-369c-4f05-8586-9ad5aff7c899 container/csi-liveness-probe reason/ContainerStart cause/: 
May 25 15:22:32.320 - 0ms   I ns/openshift-cluster-csi-drivers pod/aws-ebs-csi-driver-node-c5gww uid/988202af-369c-4f05-8586-9ad5aff7c899 container/csi-node-driver-registrar constructed/true reason/NotReady missed real "NotReady"
May 25 15:22:32.320 - 0ms   I ns/openshift-cluster-csi-drivers pod/aws-ebs-csi-driver-node-c5gww uid/988202af-369c-4f05-8586-9ad5aff7c899 container/csi-liveness-probe constructed/true reason/NotReady missed real "NotReady"
May 25 15:22:32.320 - 0ms   I ns/openshift-cluster-csi-drivers pod/aws-ebs-csi-driver-node-c5gww uid/988202af-369c-4f05-8586-9ad5aff7c899 container/csi-driver constructed/true reason/NotReady missed real "NotReady"
May 25 15:22:32.320 - 2s    I ns/openshift-cluster-csi-drivers pod/aws-ebs-csi-driver-node-c5gww uid/988202af-369c-4f05-8586-9ad5aff7c899 container/csi-liveness-probe constructed/true reason/Ready 
May 25 15:22:32.320 - 2s    I ns/openshift-cluster-csi-drivers pod/aws-ebs-csi-driver-node-c5gww uid/988202af-369c-4f05-8586-9ad5aff7c899 container/csi-node-driver-registrar constructed/true reason/Ready 
May 25 15:22:32.320 - 2s    I ns/openshift-cluster-csi-drivers pod/aws-ebs-csi-driver-node-c5gww uid/988202af-369c-4f05-8586-9ad5aff7c899 container/csi-driver constructed/true reason/Ready 
May 25 15:22:32.320 I ns/openshift-cluster-csi-drivers pod/aws-ebs-csi-driver-node-c5gww node/ip-10-0-131-226.eu-central-1.compute.internal uid/988202af-369c-4f05-8586-9ad5aff7c899 container/csi-liveness-probe reason/Ready 
May 25 15:22:32.320 I ns/openshift-cluster-csi-drivers pod/aws-ebs-csi-driver-node-c5gww node/ip-10-0-131-226.eu-central-1.compute.internal uid/988202af-369c-4f05-8586-9ad5aff7c899 container/csi-node-driver-registrar reason/Ready 
May 25 15:22:32.320 I ns/openshift-cluster-csi-drivers pod/aws-ebs-csi-driver-node-c5gww node/ip-10-0-131-226.eu-central-1.compute.internal uid/988202af-369c-4f05-8586-9ad5aff7c899 container/csi-driver reason/Ready 
May 25 15:22:32.320 I ns/openshift-dns pod/dns-default-2slbl node/ip-10-0-174-32.eu-central-1.compute.internal uid/f90ced6f-14fd-47f8-983a-5c61497d147f reason/Created 
May 25 15:22:32.320 - 2s    I ns/openshift-dns pod/dns-default-2slbl uid/f90ced6f-14fd-47f8-983a-5c61497d147f constructed/true reason/Scheduled node/ip-10-0-174-32.eu-central-1.compute.internal
May 25 15:22:32.320 I ns/openshift-dns pod/dns-default-2slbl node/ip-10-0-174-32.eu-central-1.compute.internal uid/f90ced6f-14fd-47f8-983a-5c61497d147f reason/Scheduled node/ip-10-0-174-32.eu-central-1.compute.internal
May 25 15:22:32.320 - 2s    I ns/openshift-dns pod/dns-default-2slbl uid/f90ced6f-14fd-47f8-983a-5c61497d147f container/dns constructed/true reason/ContainerStart cause/: 
May 25 15:22:32.320 - 2s    I ns/openshift-dns pod/dns-default-2slbl uid/f90ced6f-14fd-47f8-983a-5c61497d147f container/kube-rbac-proxy constructed/true reason/ContainerStart cause/: 
May 25 15:22:32.320 I ns/openshift-dns pod/dns-default-2slbl node/ip-10-0-174-32.eu-central-1.compute.internal uid/f90ced6f-14fd-47f8-983a-5c61497d147f container/dns reason/ContainerStart cause/: 
May 25 15:22:32.320 I ns/openshift-dns pod/dns-default-2slbl node/ip-10-0-174-32.eu-central-1.compute.internal uid/f90ced6f-14fd-47f8-983a-5c61497d147f container/kube-rbac-proxy reason/ContainerStart cause/: 
May 25 15:22:32.320 - 0ms   I ns/openshift-dns pod/dns-default-2slbl uid/f90ced6f-14fd-47f8-983a-5c61497d147f container/dns constructed/true reason/NotReady missed real "NotReady"
May 25 15:22:32.320 - 0ms   I ns/openshift-dns pod/dns-default-2slbl uid/f90ced6f-14fd-47f8-983a-5c61497d147f container/kube-rbac-proxy constructed/true reason/NotReady missed real "NotReady"
May 25 15:22:32.320 - 2s    I ns/openshift-dns pod/dns-default-2slbl uid/f90ced6f-14fd-47f8-983a-5c61497d147f container/dns constructed/true reason/Ready 
May 25 15:22:32.320 - 2s    I ns/openshift-dns pod/dns-default-2slbl uid/f90ced6f-14fd-47f8-983a-5c61497d147f container/kube-rbac-proxy constructed/true reason/Ready 
May 25 15:22:32.320 I ns/openshift-dns pod/dns-default-2slbl node/ip-10-0-174-32.eu-central-1.compute.internal uid/f90ced6f-14fd-47f8-983a-5c61497d147f container/dns reason/Ready 
May 25 15:22:32.320 I ns/openshift-dns pod/dns-default-2slbl node/ip-10-0-174-32.eu-central-1.compute.internal uid/f90ced6f-14fd-47f8-983a-5c61497d147f container/kube-rbac-proxy reason/Ready 
May 25 15:22:32.320 I ns/openshift-etcd pod/etcd-ip-10-0-174-32.eu-central-1.compute.internal node/ip-10-0-174-32.eu-central-1.compute.internal uid/4e7cadf2-d590-4358-b1cd-e5895132bb2b reason/Created 
May 25 15:22:32.320 - 2s    I ns/openshift-etcd pod/etcd-ip-10-0-174-32.eu-central-1.compute.internal uid/4e7cadf2-d590-4358-b1cd-e5895132bb2b constructed/true reason/Scheduled node/ip-10-0-174-32.eu-central-1.compute.internal
May 25 15:22:32.320 I ns/openshift-etcd pod/etcd-ip-10-0-174-32.eu-central-1.compute.internal node/ip-10-0-174-32.eu-central-1.compute.internal uid/4e7cadf2-d590-4358-b1cd-e5895132bb2b reason/Scheduled node/ip-10-0-174-32.eu-central-1.compute.internal
May 25 15:22:32.320 - 2s    I ns/openshift-etcd pod/etcd-ip-10-0-174-32.eu-central-1.compute.internal uid/4e7cadf2-d590-4358-b1cd-e5895132bb2b container/etcd-health-monitor constructed/true reason/ContainerStart cause/: 
May 25 15:22:32.320 - 2s    I ns/openshift-etcd pod/etcd-ip-10-0-174-32.eu-central-1.compute.internal uid/4e7cadf2-d590-4358-b1cd-e5895132bb2b container/etcd-metrics constructed/true reason/ContainerStart cause/: 
May 25 15:22:32.320 - 2s    I ns/openshift-etcd pod/etcd-ip-10-0-174-32.eu-central-1.compute.internal uid/4e7cadf2-d590-4358-b1cd-e5895132bb2b container/etcd-readyz constructed/true reason/ContainerStart cause/: 
May 25 15:22:32.320 - 2s    I ns/openshift-etcd pod/etcd-ip-10-0-174-32.eu-central-1.compute.internal uid/4e7cadf2-d590-4358-b1cd-e5895132bb2b container/etcd constructed/true reason/ContainerStart cause/: 
May 25 15:22:32.320 - 2s    I ns/openshift-etcd pod/etcd-ip-10-0-174-32.eu-central-1.compute.internal uid/4e7cadf2-d590-4358-b1cd-e5895132bb2b container/etcdctl constructed/true reason/ContainerStart cause/: 
May 25 15:22:32.320 I ns/openshift-etcd pod/etcd-ip-10-0-174-32.eu-central-1.compute.internal node/ip-10-0-174-32.eu-central-1.compute.internal uid/4e7cadf2-d590-4358-b1cd-e5895132bb2b container/etcdctl reason/ContainerStart cause/: 
May 25 15:22:32.320 I ns/openshift-etcd pod/etcd-ip-10-0-174-32.eu-central-1.compute.internal node/ip-10-0-174-32.eu-central-1.compute.internal uid/4e7cadf2-d590-4358-b1cd-e5895132bb2b container/etcd-metrics reason/ContainerStart cause/: 
May 25 15:22:32.320 I ns/openshift-etcd pod/etcd-ip-10-0-174-32.eu-central-1.compute.internal node/ip-10-0-174-32.eu-central-1.compute.internal uid/4e7cadf2-d590-4358-b1cd-e5895132bb2b container/etcd reason/ContainerStart cause/: 
May 25 15:22:32.320 I ns/openshift-etcd pod/etcd-ip-10-0-174-32.eu-central-1.compute.internal node/ip-10-0-174-32.eu-central-1.compute.internal uid/4e7cadf2-d590-4358-b1cd-e5895132bb2b container/etcd-readyz reason/ContainerStart cause/: 
May 25 15:22:32.320 I ns/openshift-etcd pod/etcd-ip-10-0-174-32.eu-central-1.compute.internal node/ip-10-0-174-32.eu-central-1.compute.internal uid/4e7cadf2-d590-4358-b1cd-e5895132bb2b container/etcd-health-monitor reason/ContainerStart cause/: 
May 25 15:22:32.320 - 0ms   I ns/openshift-etcd pod/etcd-ip-10-0-174-32.eu-central-1.compute.internal uid/4e7cadf2-d590-4358-b1cd-e5895132bb2b container/etcd-health-monitor constructed/true reason/NotReady missed real "NotReady"
May 25 15:22:32.320 - 0ms   I ns/openshift-etcd pod/etcd-ip-10-0-174-32.eu-central-1.compute.internal uid/4e7cadf2-d590-4358-b1cd-e5895132bb2b container/etcdctl constructed/true reason/NotReady missed real "NotReady"
May 25 15:22:32.320 - 0ms   I ns/openshift-etcd pod/etcd-ip-10-0-174-32.eu-central-1.compute.internal uid/4e7cadf2-d590-4358-b1cd-e5895132bb2b container/etcd-metrics constructed/true reason/NotReady missed real "NotReady"
May 25 15:22:32.320 - 0ms   I ns/openshift-etcd pod/etcd-ip-10-0-174-32.eu-central-1.compute.internal uid/4e7cadf2-d590-4358-b1cd-e5895132bb2b container/etcd-readyz constructed/true reason/NotReady missed real "NotReady"
May 25 15:22:32.320 - 0ms   I ns/openshift-etcd pod/etcd-ip-10-0-174-32.eu-central-1.compute.internal uid/4e7cadf2-d590-4358-b1cd-e5895132bb2b container/etcd constructed/true reason/NotReady missed real "NotReady"
May 25 15:22:32.320 - 2s    I ns/openshift-etcd pod/etcd-ip-10-0-174-32.eu-central-1.compute.internal uid/4e7cadf2-d590-4358-b1cd-e5895132bb2b container/etcd constructed/true reason/Ready 
May 25 15:22:32.320 - 2s    I ns/openshift-etcd pod/etcd-ip-10-0-174-32.eu-central-1.compute.internal uid/4e7cadf2-d590-4358-b1cd-e5895132bb2b container/etcd-metrics constructed/true reason/Ready 
May 25 15:22:32.320 - 2s    I ns/openshift-etcd pod/etcd-ip-10-0-174-32.eu-central-1.compute.internal uid/4e7cadf2-d590-4358-b1cd-e5895132bb2b container/etcd-health-monitor constructed/true reason/Ready 
May 25 15:22:32.320 - 2s    I ns/openshift-etcd pod/etcd-ip-10-0-174-32.eu-central-1.compute.internal uid/4e7cadf2-d590-4358-b1cd-e5895132bb2b container/etcdctl constructed/true reason/Ready 
May 25 15:22:32.320 - 2s    I ns/openshift-etcd pod/etcd-ip-10-0-174-32.eu-central-1.compute.internal uid/4e7cadf2-d590-4358-b1cd-e5895132bb2b container/etcd-readyz constructed/true reason/Ready 
May 25 15:22:32.320 I ns/openshift-etcd pod/etcd-ip-10-0-174-32.eu-central-1.compute.internal node/ip-10-0-174-32.eu-central-1.compute.internal uid/4e7cadf2-d590-4358-b1cd-e5895132bb2b container/etcd-readyz reason/Ready 
May 25 15:22:32.320 I ns/openshift-etcd pod/etcd-ip-10-0-174-32.eu-central-1.compute.internal node/ip-10-0-174-32.eu-central-1.compute.internal uid/4e7cadf2-d590-4358-b1cd-e5895132bb2b container/etcd-resources-copy reason/Ready 
May 25 15:22:32.320 I ns/openshift-etcd pod/etcd-ip-10-0-174-32.eu-central-1.compute.internal node/ip-10-0-174-32.eu-central-1.compute.internal uid/4e7cadf2-d590-4358-b1cd-e5895132bb2b container/etcd-health-monitor reason/Ready 
May 25 15:22:32.320 I ns/openshift-etcd pod/etcd-ip-10-0-174-32.eu-central-1.compute.internal node/ip-10-0-174-32.eu-central-1.compute.internal uid/4e7cadf2-d590-4358-b1cd-e5895132bb2b container/etcd reason/Ready 
May 25 15:22:32.320 I ns/openshift-etcd pod/etcd-ip-10-0-174-32.eu-central-1.compute.internal node/ip-10-0-174-32.eu-central-1.compute.internal uid/4e7cadf2-d590-4358-b1cd-e5895132bb2b container/etcd-ensure-env-vars reason/Ready 
May 25 15:22:32.320 I ns/openshift-etcd pod/etcd-ip-10-0-174-32.eu-central-1.compute.internal node/ip-10-0-174-32.eu-central-1.compute.internal uid/4e7cadf2-d590-4358-b1cd-e5895132bb2b container/setup reason/Ready 
May 25 15:22:32.320 I ns/openshift-etcd pod/etcd-ip-10-0-174-32.eu-central-1.compute.internal node/ip-10-0-174-32.eu-central-1.compute.internal uid/4e7cadf2-d590-4358-b1cd-e5895132bb2b container/etcd-metrics reason/Ready 
May 25 15:22:32.320 I ns/openshift-etcd pod/etcd-ip-10-0-174-32.eu-central-1.compute.internal node/ip-10-0-174-32.eu-central-1.compute.internal uid/4e7cadf2-d590-4358-b1cd-e5895132bb2b container/etcdctl reason/Ready 
May 25 15:22:32.320 I ns/openshift-kube-apiserver pod/revision-pruner-10-ip-10-0-194-125.eu-central-1.compute.internal node/ip-10-0-194-125.eu-central-1.compute.internal uid/9ebe45be-5b9c-4fcb-abe2-1263ad49d972 reason/Created 
May 25 15:22:32.320 I ns/openshift-kube-apiserver pod/revision-pruner-10-ip-10-0-194-125.eu-central-1.compute.internal node/ip-10-0-194-125.eu-central-1.compute.internal uid/9ebe45be-5b9c-4fcb-abe2-1263ad49d972 reason/Scheduled node/ip-10-0-194-125.eu-central-1.compute.internal
May 25 15:22:32.320 W ns/openshift-kube-apiserver pod/revision-pruner-10-ip-10-0-194-125.eu-central-1.compute.internal node/ip-10-0-194-125.eu-central-1.compute.internal uid/9ebe45be-5b9c-4fcb-abe2-1263ad49d972 container/pruner reason/NotReady 
May 25 15:22:32.320 I ns/openshift-kube-apiserver pod/revision-pruner-9-ip-10-0-194-125.eu-central-1.compute.internal node/ip-10-0-194-125.eu-central-1.compute.internal uid/150051cc-063b-4e8f-bd1f-975b764a41c8 reason/Created 
May 25 15:22:32.320 I ns/openshift-kube-apiserver pod/revision-pruner-9-ip-10-0-194-125.eu-central-1.compute.internal node/ip-10-0-194-125.eu-central-1.compute.internal uid/150051cc-063b-4e8f-bd1f-975b764a41c8 reason/Scheduled node/ip-10-0-194-125.eu-central-1.compute.internal
May 25 15:22:32.320 W ns/openshift-kube-apiserver pod/revision-pruner-9-ip-10-0-194-125.eu-central-1.compute.internal node/ip-10-0-194-125.eu-central-1.compute.internal uid/150051cc-063b-4e8f-bd1f-975b764a41c8 container/pruner reason/NotReady 
May 25 15:22:32.320 I ns/openshift-monitoring pod/telemeter-client-76b89b5b56-79d2b node/ip-10-0-207-138.eu-central-1.compute.internal uid/2c272589-883a-424b-8fe7-7a4a6b120692 reason/Created 
May 25 15:22:32.320 - 2s    I ns/openshift-monitoring pod/telemeter-client-76b89b5b56-79d2b uid/2c272589-883a-424b-8fe7-7a4a6b120692 constructed/true reason/Scheduled node/ip-10-0-207-138.eu-central-1.compute.internal
May 25 15:22:32.320 I ns/openshift-monitoring pod/telemeter-client-76b89b5b56-79d2b node/ip-10-0-207-138.eu-central-1.compute.internal uid/2c272589-883a-424b-8fe7-7a4a6b120692 reason/Scheduled node/ip-10-0-207-138.eu-central-1.compute.internal
May 25 15:22:32.320 - 2s    I ns/openshift-monitoring pod/telemeter-client-76b89b5b56-79d2b uid/2c272589-883a-424b-8fe7-7a4a6b120692 container/reload constructed/true reason/ContainerStart cause/: 
May 25 15:22:32.320 - 2s    I ns/openshift-monitoring pod/telemeter-client-76b89b5b56-79d2b uid/2c272589-883a-424b-8fe7-7a4a6b120692 container/kube-rbac-proxy constructed/true reason/ContainerStart cause/: 
May 25 15:22:32.320 - 2s    I ns/openshift-monitoring pod/telemeter-client-76b89b5b56-79d2b uid/2c272589-883a-424b-8fe7-7a4a6b120692 container/telemeter-client constructed/true reason/ContainerStart cause/: 
May 25 15:22:32.320 I ns/openshift-monitoring pod/telemeter-client-76b89b5b56-79d2b node/ip-10-0-207-138.eu-central-1.compute.internal uid/2c272589-883a-424b-8fe7-7a4a6b120692 container/telemeter-client reason/ContainerStart cause/: 
May 25 15:22:32.320 I ns/openshift-monitoring pod/telemeter-client-76b89b5b56-79d2b node/ip-10-0-207-138.eu-central-1.compute.internal uid/2c272589-883a-424b-8fe7-7a4a6b120692 container/kube-rbac-proxy reason/ContainerStart cause/: 
May 25 15:22:32.320 I ns/openshift-monitoring pod/telemeter-client-76b89b5b56-79d2b node/ip-10-0-207-138.eu-central-1.compute.internal uid/2c272589-883a-424b-8fe7-7a4a6b120692 container/reload reason/ContainerStart cause/: 
May 25 15:22:32.320 - 0ms   I ns/openshift-monitoring pod/telemeter-client-76b89b5b56-79d2b uid/2c272589-883a-424b-8fe7-7a4a6b120692 container/kube-rbac-proxy constructed/true reason/NotReady missed real "NotReady"
May 25 15:22:32.320 - 0ms   I ns/openshift-monitoring pod/telemeter-client-76b89b5b56-79d2b uid/2c272589-883a-424b-8fe7-7a4a6b120692 container/reload constructed/true reason/NotReady missed real "NotReady"
May 25 15:22:32.320 - 0ms   I ns/openshift-monitoring pod/telemeter-client-76b89b5b56-79d2b uid/2c272589-883a-424b-8fe7-7a4a6b120692 container/telemeter-client constructed/true reason/NotReady missed real "NotReady"
May 25 15:22:32.320 - 2s    I ns/openshift-monitoring pod/telemeter-client-76b89b5b56-79d2b uid/2c272589-883a-424b-8fe7-7a4a6b120692 container/telemeter-client constructed/true reason/Ready 
May 25 15:22:32.320 - 2s    I ns/openshift-monitoring pod/telemeter-client-76b89b5b56-79d2b uid/2c272589-883a-424b-8fe7-7a4a6b120692 container/reload constructed/true reason/Ready 
May 25 15:22:32.320 - 2s    I ns/openshift-monitoring pod/telemeter-client-76b89b5b56-79d2b uid/2c272589-883a-424b-8fe7-7a4a6b120692 container/kube-rbac-proxy constructed/true reason/Ready 
May 25 15:22:32.320 I ns/openshift-monitoring pod/telemeter-client-76b89b5b56-79d2b node/ip-10-0-207-138.eu-central-1.compute.internal uid/2c272589-883a-424b-8fe7-7a4a6b120692 container/telemeter-client reason/Ready 
May 25 15:22:32.320 I ns/openshift-monitoring pod/telemeter-client-76b89b5b56-79d2b node/ip-10-0-207-138.eu-central-1.compute.internal uid/2c272589-883a-424b-8fe7-7a4a6b120692 container/reload reason/Ready 
May 25 15:22:32.320 I ns/openshift-monitoring pod/telemeter-client-76b89b5b56-79d2b node/ip-10-0-207-138.eu-central-1.compute.internal uid/2c272589-883a-424b-8fe7-7a4a6b120692 container/kube-rbac-proxy reason/Ready 
May 25 15:22:32.320 I ns/openshift-cluster-storage-operator pod/cluster-storage-operator-5868dc659d-gpm2m node/ip-10-0-174-32.eu-central-1.compute.internal uid/31519a24-4b75-4998-a344-70d56020d0bc reason/Created 
May 25 15:22:32.320 - 2s    I ns/openshift-cluster-storage-operator pod/cluster-storage-operator-5868dc659d-gpm2m uid/31519a24-4b75-4998-a344-70d56020d0bc constructed/true reason/Scheduled node/ip-10-0-174-32.eu-central-1.compute.internal
May 25 15:22:32.320 I ns/openshift-cluster-storage-operator pod/cluster-storage-operator-5868dc659d-gpm2m node/ip-10-0-174-32.eu-central-1.compute.internal uid/31519a24-4b75-4998-a344-70d56020d0bc reason/Scheduled node/ip-10-0-174-32.eu-central-1.compute.internal
May 25 15:22:32.320 - 2s    I ns/openshift-cluster-storage-operator pod/cluster-storage-operator-5868dc659d-gpm2m uid/31519a24-4b75-4998-a344-70d56020d0bc container/cluster-storage-operator constructed/true reason/ContainerStart cause/: 
May 25 15:22:32.320 I ns/openshift-cluster-storage-operator pod/cluster-storage-operator-5868dc659d-gpm2m node/ip-10-0-174-32.eu-central-1.compute.internal uid/31519a24-4b75-4998-a344-70d56020d0bc container/cluster-storage-operator reason/ContainerStart cause/: 
May 25 15:22:32.320 - 0ms   I ns/openshift-cluster-storage-operator pod/cluster-storage-operator-5868dc659d-gpm2m uid/31519a24-4b75-4998-a344-70d56020d0bc container/cluster-storage-operator constructed/true reason/NotReady missed real "NotReady"
May 25 15:22:32.320 - 2s    I ns/openshift-cluster-storage-operator pod/cluster-storage-operator-5868dc659d-gpm2m uid/31519a24-4b75-4998-a344-70d56020d0bc container/cluster-storage-operator constructed/true reason/Ready 
May 25 15:22:32.320 I ns/openshift-cluster-storage-operator pod/cluster-storage-operator-5868dc659d-gpm2m node/ip-10-0-174-32.eu-central-1.compute.internal uid/31519a24-4b75-4998-a344-70d56020d0bc container/cluster-storage-operator reason/Ready 
May 25 15:22:32.320 I ns/openshift-kube-scheduler pod/revision-pruner-6-ip-10-0-136-137.eu-central-1.compute.internal node/ip-10-0-136-137.eu-central-1.compute.internal uid/cffbe512-0752-4b7d-a7d1-316efc147434 reason/Created 
May 25 15:22:32.320 I ns/openshift-kube-scheduler pod/revision-pruner-6-ip-10-0-136-137.eu-central-1.compute.internal node/ip-10-0-136-137.eu-central-1.compute.internal uid/cffbe512-0752-4b7d-a7d1-316efc147434 reason/Scheduled node/ip-10-0-136-137.eu-central-1.compute.internal
May 25 15:22:32.320 W ns/openshift-kube-scheduler pod/revision-pruner-6-ip-10-0-136-137.eu-central-1.compute.internal node/ip-10-0-136-137.eu-central-1.compute.internal uid/cffbe512-0752-4b7d-a7d1-316efc147434 container/pruner reason/NotReady 
May 25 15:22:32.320 I ns/openshift-kube-controller-manager pod/installer-5-ip-10-0-174-32.eu-central-1.compute.internal node/ip-10-0-174-32.eu-central-1.compute.internal uid/fe61ee9b-77b8-4d6f-a64b-6d09e8cd18c5 reason/Created 
May 25 15:22:32.320 I ns/openshift-kube-controller-manager pod/installer-5-ip-10-0-174-32.eu-central-1.compute.internal node/ip-10-0-174-32.eu-central-1.compute.internal uid/fe61ee9b-77b8-4d6f-a64b-6d09e8cd18c5 reason/Scheduled node/ip-10-0-174-32.eu-central-1.compute.internal
May 25 15:22:32.320 W ns/openshift-kube-controller-manager pod/installer-5-ip-10-0-174-32.eu-central-1.compute.internal node/ip-10-0-174-32.eu-central-1.compute.internal uid/fe61ee9b-77b8-4d6f-a64b-6d09e8cd18c5 container/installer reason/NotReady 
May 25 15:22:32.320 I ns/openshift-kube-controller-manager pod/kube-controller-manager-guard-ip-10-0-194-125.eu-central-1.compute.internal node/ip-10-0-194-125.eu-central-1.compute.internal uid/2c541dc3-daf2-4943-9736-6d7230939d99 reason/Created 
May 25 15:22:32.320 - 2s    I ns/openshift-kube-controller-manager pod/kube-controller-manager-guard-ip-10-0-194-125.eu-central-1.compute.internal uid/2c541dc3-daf2-4943-9736-6d7230939d99 constructed/true reason/Scheduled node/ip-10-0-194-125.eu-central-1.compute.internal
May 25 15:22:32.320 I ns/openshift-kube-controller-manager pod/kube-controller-manager-guard-ip-10-0-194-125.eu-central-1.compute.internal node/ip-10-0-194-125.eu-central-1.compute.internal uid/2c541dc3-daf2-4943-9736-6d7230939d99 reason/Scheduled node/ip-10-0-194-125.eu-central-1.compute.internal
May 25 15:22:32.320 - 2s    I ns/openshift-kube-controller-manager pod/kube-controller-manager-guard-ip-10-0-194-125.eu-central-1.compute.internal uid/2c541dc3-daf2-4943-9736-6d7230939d99 container/guard constructed/true reason/ContainerStart cause/: 
May 25 15:22:32.320 I ns/openshift-kube-controller-manager pod/kube-controller-manager-guard-ip-10-0-194-125.eu-central-1.compute.internal node/ip-10-0-194-125.eu-central-1.compute.internal uid/2c541dc3-daf2-4943-9736-6d7230939d99 container/guard reason/ContainerStart cause/: 
May 25 15:22:32.320 - 0ms   I ns/openshift-kube-controller-manager pod/kube-controller-manager-guard-ip-10-0-194-125.eu-central-1.compute.internal uid/2c541dc3-daf2-4943-9736-6d7230939d99 container/guard constructed/true reason/NotReady missed real "NotReady"
May 25 15:22:32.320 - 2s    I ns/openshift-kube-controller-manager pod/kube-controller-manager-guard-ip-10-0-194-125.eu-central-1.compute.internal uid/2c541dc3-daf2-4943-9736-6d7230939d99 container/guard constructed/true reason/Ready 
May 25 15:22:32.320 I ns/openshift-kube-controller-manager pod/kube-controller-manager-guard-ip-10-0-194-125.eu-central-1.compute.internal node/ip-10-0-194-125.eu-central-1.compute.internal uid/2c541dc3-daf2-4943-9736-6d7230939d99 container/guard reason/Ready 
May 25 15:22:32.320 I ns/openshift-cluster-machine-approver pod/machine-approver-b4468db55-4jkdg node/ip-10-0-174-32.eu-central-1.compute.internal uid/4658d68e-9916-46f5-9556-07723356b4bc reason/Created 
May 25 15:22:32.320 - 2s    I ns/openshift-cluster-machine-approver pod/machine-approver-b4468db55-4jkdg uid/4658d68e-9916-46f5-9556-07723356b4bc constructed/true reason/Scheduled node/ip-10-0-174-32.eu-central-1.compute.internal
May 25 15:22:32.320 I ns/openshift-cluster-machine-approver pod/machine-approver-b4468db55-4jkdg node/ip-10-0-174-32.eu-central-1.compute.internal uid/4658d68e-9916-46f5-9556-07723356b4bc reason/Scheduled node/ip-10-0-174-32.eu-central-1.compute.internal
May 25 15:22:32.320 - 2s    I ns/openshift-cluster-machine-approver pod/machine-approver-b4468db55-4jkdg uid/4658d68e-9916-46f5-9556-07723356b4bc container/machine-approver-controller constructed/true reason/ContainerStart cause/: 
May 25 15:22:32.320 - 2s    I ns/openshift-cluster-machine-approver pod/machine-approver-b4468db55-4jkdg uid/4658d68e-9916-46f5-9556-07723356b4bc container/kube-rbac-proxy constructed/true reason/ContainerStart cause/: 
May 25 15:22:32.320 I ns/openshift-cluster-machine-approver pod/machine-approver-b4468db55-4jkdg node/ip-10-0-174-32.eu-central-1.compute.internal uid/4658d68e-9916-46f5-9556-07723356b4bc container/kube-rbac-proxy reason/ContainerStart cause/: 
May 25 15:22:32.320 I ns/openshift-cluster-machine-approver pod/machine-approver-b4468db55-4jkdg node/ip-10-0-174-32.eu-central-1.compute.internal uid/4658d68e-9916-46f5-9556-07723356b4bc container/machine-approver-controller reason/ContainerStart cause/: 
May 25 15:22:32.320 - 0ms   I ns/openshift-cluster-machine-approver pod/machine-approver-b4468db55-4jkdg uid/4658d68e-9916-46f5-9556-07723356b4bc container/machine-approver-controller constructed/true reason/NotReady missed real "NotReady"
May 25 15:22:32.320 - 0ms   I ns/openshift-cluster-machine-approver pod/machine-approver-b4468db55-4jkdg uid/4658d68e-9916-46f5-9556-07723356b4bc container/kube-rbac-proxy constructed/true reason/NotReady missed real "NotReady"
May 25 15:22:32.320 - 2s    I ns/openshift-cluster-machine-approver pod/machine-approver-b4468db55-4jkdg uid/4658d68e-9916-46f5-9556-07723356b4bc container/machine-approver-controller constructed/true reason/Ready 
May 25 15:22:32.320 - 2s    I ns/openshift-cluster-machine-approver pod/machine-approver-b4468db55-4jkdg uid/4658d68e-9916-46f5-9556-07723356b4bc container/kube-rbac-proxy constructed/true reason/Ready 
May 25 15:22:32.320 I ns/openshift-cluster-machine-approver pod/machine-approver-b4468db55-4jkdg node/ip-10-0-174-32.eu-central-1.compute.internal uid/4658d68e-9916-46f5-9556-07723356b4bc container/machine-approver-controller reason/Ready 
May 25 15:22:32.320 I ns/openshift-cluster-machine-approver pod/machine-approver-b4468db55-4jkdg node/ip-10-0-174-32.eu-central-1.compute.internal uid/4658d68e-9916-46f5-9556-07723356b4bc container/kube-rbac-proxy reason/Ready 
May 25 15:22:32.320 I ns/openshift-kube-apiserver pod/kube-apiserver-ip-10-0-136-137.eu-central-1.compute.internal node/ip-10-0-136-137.eu-central-1.compute.internal uid/5bacc249-2423-468f-b12c-3a04a8ad8dd6 reason/Created 
May 25 15:22:32.320 - 2s    I ns/openshift-kube-apiserver pod/kube-apiserver-ip-10-0-136-137.eu-central-1.compute.internal uid/5bacc249-2423-468f-b12c-3a04a8ad8dd6 constructed/true reason/Scheduled node/ip-10-0-136-137.eu-central-1.compute.internal
May 25 15:22:32.320 I ns/openshift-kube-apiserver pod/kube-apiserver-ip-10-0-136-137.eu-central-1.compute.internal node/ip-10-0-136-137.eu-central-1.compute.internal uid/5bacc249-2423-468f-b12c-3a04a8ad8dd6 reason/Scheduled node/ip-10-0-136-137.eu-central-1.compute.internal
May 25 15:22:32.320 - 2s    I ns/openshift-kube-apiserver pod/kube-apiserver-ip-10-0-136-137.eu-central-1.compute.internal uid/5bacc249-2423-468f-b12c-3a04a8ad8dd6 container/kube-apiserver-insecure-readyz constructed/true reason/ContainerStart cause/: 
May 25 15:22:32.320 - 2s    I ns/openshift-kube-apiserver pod/kube-apiserver-ip-10-0-136-137.eu-central-1.compute.internal uid/5bacc249-2423-468f-b12c-3a04a8ad8dd6 container/kube-apiserver-cert-regeneration-controller constructed/true reason/ContainerStart cause/: 
May 25 15:22:32.320 - 2s    I ns/openshift-kube-apiserver pod/kube-apiserver-ip-10-0-136-137.eu-central-1.compute.internal uid/5bacc249-2423-468f-b12c-3a04a8ad8dd6 container/kube-apiserver constructed/true reason/ContainerStart cause/: 
May 25 15:22:32.320 - 2s    I ns/openshift-kube-apiserver pod/kube-apiserver-ip-10-0-136-137.eu-central-1.compute.internal uid/5bacc249-2423-468f-b12c-3a04a8ad8dd6 container/kube-apiserver-check-endpoints constructed/true reason/ContainerStart cause/: 
May 25 15:22:32.320 - 2s    I ns/openshift-kube-apiserver pod/kube-apiserver-ip-10-0-136-137.eu-central-1.compute.internal uid/5bacc249-2423-468f-b12c-3a04a8ad8dd6 container/kube-apiserver-cert-syncer constructed/true reason/ContainerStart cause/: 
May 25 15:22:32.320 I ns/openshift-kube-apiserver pod/kube-apiserver-ip-10-0-136-137.eu-central-1.compute.internal node/ip-10-0-136-137.eu-central-1.compute.internal uid/5bacc249-2423-468f-b12c-3a04a8ad8dd6 container/kube-apiserver-cert-regeneration-controller reason/ContainerStart cause/: 
May 25 15:22:32.320 I ns/openshift-kube-apiserver pod/kube-apiserver-ip-10-0-136-137.eu-central-1.compute.internal node/ip-10-0-136-137.eu-central-1.compute.internal uid/5bacc249-2423-468f-b12c-3a04a8ad8dd6 container/kube-apiserver-check-endpoints reason/ContainerStart cause/: 
May 25 15:22:32.320 I ns/openshift-kube-apiserver pod/kube-apiserver-ip-10-0-136-137.eu-central-1.compute.internal node/ip-10-0-136-137.eu-central-1.compute.internal uid/5bacc249-2423-468f-b12c-3a04a8ad8dd6 container/kube-apiserver-cert-syncer reason/ContainerStart cause/: 
May 25 15:22:32.320 I ns/openshift-kube-apiserver pod/kube-apiserver-ip-10-0-136-137.eu-central-1.compute.internal node/ip-10-0-136-137.eu-central-1.compute.internal uid/5bacc249-2423-468f-b12c-3a04a8ad8dd6 container/kube-apiserver-insecure-readyz reason/ContainerStart cause/: 
May 25 15:22:32.320 I ns/openshift-kube-apiserver pod/kube-apiserver-ip-10-0-136-137.eu-central-1.compute.internal node/ip-10-0-136-137.eu-central-1.compute.internal uid/5bacc249-2423-468f-b12c-3a04a8ad8dd6 container/kube-apiserver reason/ContainerStart cause/: 
May 25 15:22:32.320 - 0ms   I ns/openshift-kube-apiserver pod/kube-apiserver-ip-10-0-136-137.eu-central-1.compute.internal uid/5bacc249-2423-468f-b12c-3a04a8ad8dd6 container/kube-apiserver-cert-regeneration-controller constructed/true reason/NotReady missed real "NotReady"
May 25 15:22:32.320 - 0ms   I ns/openshift-kube-apiserver pod/kube-apiserver-ip-10-0-136-137.eu-central-1.compute.internal uid/5bacc249-2423-468f-b12c-3a04a8ad8dd6 container/kube-apiserver-check-endpoints constructed/true reason/NotReady missed real "NotReady"
May 25 15:22:32.320 - 0ms   I ns/openshift-kube-apiserver pod/kube-apiserver-ip-10-0-136-137.eu-central-1.compute.internal uid/5bacc249-2423-468f-b12c-3a04a8ad8dd6 container/kube-apiserver constructed/true reason/NotReady missed real "NotReady"
May 25 15:22:32.320 - 0ms   I ns/openshift-kube-apiserver pod/kube-apiserver-ip-10-0-136-137.eu-central-1.compute.internal uid/5bacc249-2423-468f-b12c-3a04a8ad8dd6 container/kube-apiserver-insecure-readyz constructed/true reason/NotReady missed real "NotReady"
May 25 15:22:32.320 - 0ms   I ns/openshift-kube-apiserver pod/kube-apiserver-ip-10-0-136-137.eu-central-1.compute.internal uid/5bacc249-2423-468f-b12c-3a04a8ad8dd6 container/kube-apiserver-cert-syncer constructed/true reason/NotReady missed real "NotReady"
May 25 15:22:32.320 - 2s    I ns/openshift-kube-apiserver pod/kube-apiserver-ip-10-0-136-137.eu-central-1.compute.internal uid/5bacc249-2423-468f-b12c-3a04a8ad8dd6 container/kube-apiserver-insecure-readyz constructed/true reason/Ready 
May 25 15:22:32.320 - 2s    I ns/openshift-kube-apiserver pod/kube-apiserver-ip-10-0-136-137.eu-central-1.compute.internal uid/5bacc249-2423-468f-b12c-3a04a8ad8dd6 container/kube-apiserver constructed/true reason/Ready 
May 25 15:22:32.320 - 2s    I ns/openshift-kube-apiserver pod/kube-apiserver-ip-10-0-136-137.eu-central-1.compute.internal uid/5bacc249-2423-468f-b12c-3a04a8ad8dd6 container/kube-apiserver-cert-syncer constructed/true reason/Ready 
May 25 15:22:32.320 - 2s    I ns/openshift-kube-apiserver pod/kube-apiserver-ip-10-0-136-137.eu-central-1.compute.internal uid/5bacc249-2423-468f-b12c-3a04a8ad8dd6 container/kube-apiserver-cert-regeneration-controller constructed/true reason/Ready 
May 25 15:22:32.320 - 2s    I ns/openshift-kube-apiserver pod/kube-apiserver-ip-10-0-136-137.eu-central-1.compute.internal uid/5bacc249-2423-468f-b12c-3a04a8ad8dd6 container/kube-apiserver-check-endpoints constructed/true reason/Ready 
May 25 15:22:32.320 I ns/openshift-kube-apiserver pod/kube-apiserver-ip-10-0-136-137.eu-central-1.compute.internal node/ip-10-0-136-137.eu-central-1.compute.internal uid/5bacc249-2423-468f-b12c-3a04a8ad8dd6 container/kube-apiserver-cert-regeneration-controller reason/Ready 
May 25 15:22:32.320 I ns/openshift-kube-apiserver pod/kube-apiserver-ip-10-0-136-137.eu-central-1.compute.internal node/ip-10-0-136-137.eu-central-1.compute.internal uid/5bacc249-2423-468f-b12c-3a04a8ad8dd6 container/kube-apiserver-insecure-readyz reason/Ready 
May 25 15:22:32.320 I ns/openshift-kube-apiserver pod/kube-apiserver-ip-10-0-136-137.eu-central-1.compute.internal node/ip-10-0-136-137.eu-central-1.compute.internal uid/5bacc249-2423-468f-b12c-3a04a8ad8dd6 container/kube-apiserver-cert-syncer reason/Ready 
May 25 15:22:32.320 I ns/openshift-kube-apiserver pod/kube-apiserver-ip-10-0-136-137.eu-central-1.compute.internal node/ip-10-0-136-137.eu-central-1.compute.internal uid/5bacc249-2423-468f-b12c-3a04a8ad8dd6 container/kube-apiserver-check-endpoints reason/Ready 
May 25 15:22:32.320 I ns/openshift-kube-apiserver pod/kube-apiserver-ip-10-0-136-137.eu-central-1.compute.internal node/ip-10-0-136-137.eu-central-1.compute.internal uid/5bacc249-2423-468f-b12c-3a04a8ad8dd6 container/setup reason/Ready 
May 25 15:22:32.320 I ns/openshift-kube-apiserver pod/kube-apiserver-ip-10-0-136-137.eu-central-1.compute.internal node/ip-10-0-136-137.eu-central-1.compute.internal uid/5bacc249-2423-468f-b12c-3a04a8ad8dd6 container/kube-apiserver reason/Ready 
May 25 15:22:32.320 I ns/openshift-machine-config-operator pod/machine-config-daemon-kqp76 node/ip-10-0-207-138.eu-central-1.compute.internal uid/d4c40da9-9f2c-495b-87c4-0fea5080f447 reason/Created 
May 25 15:22:32.320 - 2s    I ns/openshift-machine-config-operator pod/machine-config-daemon-kqp76 uid/d4c40da9-9f2c-495b-87c4-0fea5080f447 constructed/true reason/Scheduled node/ip-10-0-207-138.eu-central-1.compute.internal
May 25 15:22:32.320 I ns/openshift-machine-config-operator pod/machine-config-daemon-kqp76 node/ip-10-0-207-138.eu-central-1.compute.internal uid/d4c40da9-9f2c-495b-87c4-0fea5080f447 reason/Scheduled node/ip-10-0-207-138.eu-central-1.compute.internal
May 25 15:22:32.320 - 2s    I ns/openshift-machine-config-operator pod/machine-config-daemon-kqp76 uid/d4c40da9-9f2c-495b-87c4-0fea5080f447 container/machine-config-daemon constructed/true reason/ContainerStart cause/: 
May 25 15:22:32.320 - 2s    I ns/openshift-machine-config-operator pod/machine-config-daemon-kqp76 uid/d4c40da9-9f2c-495b-87c4-0fea5080f447 container/oauth-proxy constructed/true reason/ContainerStart cause/: 
May 25 15:22:32.320 I ns/openshift-machine-config-operator pod/machine-config-daemon-kqp76 node/ip-10-0-207-138.eu-central-1.compute.internal uid/d4c40da9-9f2c-495b-87c4-0fea5080f447 container/machine-config-daemon reason/ContainerStart cause/: 
May 25 15:22:32.320 I ns/openshift-machine-config-operator pod/machine-config-daemon-kqp76 node/ip-10-0-207-138.eu-central-1.compute.internal uid/d4c40da9-9f2c-495b-87c4-0fea5080f447 container/oauth-proxy reason/ContainerStart cause/: 
May 25 15:22:32.320 - 0ms   I ns/openshift-machine-config-operator pod/machine-config-daemon-kqp76 uid/d4c40da9-9f2c-495b-87c4-0fea5080f447 container/oauth-proxy constructed/true reason/NotReady missed real "NotReady"
May 25 15:22:32.320 - 0ms   I ns/openshift-machine-config-operator pod/machine-config-daemon-kqp76 uid/d4c40da9-9f2c-495b-87c4-0fea5080f447 container/machine-config-daemon constructed/true reason/NotReady missed real "NotReady"
May 25 15:22:32.320 - 2s    I ns/openshift-machine-config-operator pod/machine-config-daemon-kqp76 uid/d4c40da9-9f2c-495b-87c4-0fea5080f447 container/machine-config-daemon constructed/true reason/Ready 
May 25 15:22:32.320 - 2s    I ns/openshift-machine-config-operator pod/machine-config-daemon-kqp76 uid/d4c40da9-9f2c-495b-87c4-0fea5080f447 container/oauth-proxy constructed/true reason/Ready 
May 25 15:22:32.320 I ns/openshift-machine-config-operator pod/machine-config-daemon-kqp76 node/ip-10-0-207-138.eu-central-1.compute.internal uid/d4c40da9-9f2c-495b-87c4-0fea5080f447 container/machine-config-daemon reason/Ready 
May 25 15:22:32.320 I ns/openshift-machine-config-operator pod/machine-config-daemon-kqp76 node/ip-10-0-207-138.eu-central-1.compute.internal uid/d4c40da9-9f2c-495b-87c4-0fea5080f447 container/oauth-proxy reason/Ready 
May 25 15:22:32.320 I ns/openshift-machine-config-operator pod/machine-config-daemon-wlm5k node/ip-10-0-131-226.eu-central-1.compute.internal uid/03bdbdc6-1efd-4b8d-835d-bfec160071bf reason/Created 
May 25 15:22:32.320 - 2s    I ns/openshift-machine-config-operator pod/machine-config-daemon-wlm5k uid/03bdbdc6-1efd-4b8d-835d-bfec160071bf constructed/true reason/Scheduled node/ip-10-0-131-226.eu-central-1.compute.internal
May 25 15:22:32.320 I ns/openshift-machine-config-operator pod/machine-config-daemon-wlm5k node/ip-10-0-131-226.eu-central-1.compute.internal uid/03bdbdc6-1efd-4b8d-835d-bfec160071bf reason/Scheduled node/ip-10-0-131-226.eu-central-1.compute.internal
May 25 15:22:32.320 - 2s    I ns/openshift-machine-config-operator pod/machine-config-daemon-wlm5k uid/03bdbdc6-1efd-4b8d-835d-bfec160071bf container/oauth-proxy constructed/true reason/ContainerStart cause/: 
May 25 15:22:32.320 - 2s    I ns/openshift-machine-config-operator pod/machine-config-daemon-wlm5k uid/03bdbdc6-1efd-4b8d-835d-bfec160071bf container/machine-config-daemon constructed/true reason/ContainerStart cause/: 
May 25 15:22:32.320 I ns/openshift-machine-config-operator pod/machine-config-daemon-wlm5k node/ip-10-0-131-226.eu-central-1.compute.internal uid/03bdbdc6-1efd-4b8d-835d-bfec160071bf container/oauth-proxy reason/ContainerStart cause/: 
May 25 15:22:32.320 I ns/openshift-machine-config-operator pod/machine-config-daemon-wlm5k node/ip-10-0-131-226.eu-central-1.compute.internal uid/03bdbdc6-1efd-4b8d-835d-bfec160071bf container/machine-config-daemon reason/ContainerStart cause/: 
May 25 15:22:32.320 - 0ms   I ns/openshift-machine-config-operator pod/machine-config-daemon-wlm5k uid/03bdbdc6-1efd-4b8d-835d-bfec160071bf container/oauth-proxy constructed/true reason/NotReady missed real "NotReady"
May 25 15:22:32.320 - 0ms   I ns/openshift-machine-config-operator pod/machine-config-daemon-wlm5k uid/03bdbdc6-1efd-4b8d-835d-bfec160071bf container/machine-config-daemon constructed/true reason/NotReady missed real "NotReady"
May 25 15:22:32.320 - 2s    I ns/openshift-machine-config-operator pod/machine-config-daemon-wlm5k uid/03bdbdc6-1efd-4b8d-835d-bfec160071bf container/oauth-proxy constructed/true reason/Ready 
May 25 15:22:32.320 - 2s    I ns/openshift-machine-config-operator pod/machine-config-daemon-wlm5k uid/03bdbdc6-1efd-4b8d-835d-bfec160071bf container/machine-config-daemon constructed/true reason/Ready 
May 25 15:22:32.320 I ns/openshift-machine-config-operator pod/machine-config-daemon-wlm5k node/ip-10-0-131-226.eu-central-1.compute.internal uid/03bdbdc6-1efd-4b8d-835d-bfec160071bf container/oauth-proxy reason/Ready 
May 25 15:22:32.320 I ns/openshift-machine-config-operator pod/machine-config-daemon-wlm5k node/ip-10-0-131-226.eu-central-1.compute.internal uid/03bdbdc6-1efd-4b8d-835d-bfec160071bf container/machine-config-daemon reason/Ready 
May 25 15:22:32.320 I ns/openshift-service-ca pod/service-ca-679bcff8cf-7mqwh node/ip-10-0-194-125.eu-central-1.compute.internal uid/61195f29-2bb7-4687-95c2-1e2b07ffdb53 reason/Created 
May 25 15:22:32.320 - 2s    I ns/openshift-service-ca pod/service-ca-679bcff8cf-7mqwh uid/61195f29-2bb7-4687-95c2-1e2b07ffdb53 constructed/true reason/Scheduled node/ip-10-0-194-125.eu-central-1.compute.internal
May 25 15:22:32.320 I ns/openshift-service-ca pod/service-ca-679bcff8cf-7mqwh node/ip-10-0-194-125.eu-central-1.compute.internal uid/61195f29-2bb7-4687-95c2-1e2b07ffdb53 reason/Scheduled node/ip-10-0-194-125.eu-central-1.compute.internal
May 25 15:22:32.320 - 2s    I ns/openshift-service-ca pod/service-ca-679bcff8cf-7mqwh uid/61195f29-2bb7-4687-95c2-1e2b07ffdb53 container/service-ca-controller constructed/true reason/ContainerStart cause/: 
May 25 15:22:32.320 I ns/openshift-service-ca pod/service-ca-679bcff8cf-7mqwh node/ip-10-0-194-125.eu-central-1.compute.internal uid/61195f29-2bb7-4687-95c2-1e2b07ffdb53 container/service-ca-controller reason/ContainerStart cause/: 
May 25 15:22:32.320 - 0ms   I ns/openshift-service-ca pod/service-ca-679bcff8cf-7mqwh uid/61195f29-2bb7-4687-95c2-1e2b07ffdb53 container/service-ca-controller constructed/true reason/NotReady missed real "NotReady"
May 25 15:22:32.320 - 2s    I ns/openshift-service-ca pod/service-ca-679bcff8cf-7mqwh uid/61195f29-2bb7-4687-95c2-1e2b07ffdb53 container/service-ca-controller constructed/true reason/Ready 
May 25 15:22:32.320 I ns/openshift-service-ca pod/service-ca-679bcff8cf-7mqwh node/ip-10-0-194-125.eu-central-1.compute.internal uid/61195f29-2bb7-4687-95c2-1e2b07ffdb53 container/service-ca-controller reason/Ready 
May 25 15:22:32.320 I ns/openshift-etcd pod/installer-7-ip-10-0-136-137.eu-central-1.compute.internal node/ip-10-0-136-137.eu-central-1.compute.internal uid/71491523-da19-4ed5-9682-d68fa705afe2 reason/Created 
May 25 15:22:32.320 I ns/openshift-etcd pod/installer-7-ip-10-0-136-137.eu-central-1.compute.internal node/ip-10-0-136-137.eu-central-1.compute.internal uid/71491523-da19-4ed5-9682-d68fa705afe2 reason/Scheduled node/ip-10-0-136-137.eu-central-1.compute.internal
May 25 15:22:32.320 W ns/openshift-etcd pod/installer-7-ip-10-0-136-137.eu-central-1.compute.internal node/ip-10-0-136-137.eu-central-1.compute.internal uid/71491523-da19-4ed5-9682-d68fa705afe2 container/installer reason/NotReady 
May 25 15:22:32.320 I ns/openshift-etcd pod/revision-pruner-7-ip-10-0-194-125.eu-central-1.compute.internal node/ip-10-0-194-125.eu-central-1.compute.internal uid/5d24ba88-69a4-4769-b7eb-dcd0b58cbc34 reason/Created 
May 25 15:22:32.320 I ns/openshift-etcd pod/revision-pruner-7-ip-10-0-194-125.eu-central-1.compute.internal node/ip-10-0-194-125.eu-central-1.compute.internal uid/5d24ba88-69a4-4769-b7eb-dcd0b58cbc34 reason/Scheduled node/ip-10-0-194-125.eu-central-1.compute.internal
May 25 15:22:32.320 W ns/openshift-etcd pod/revision-pruner-7-ip-10-0-194-125.eu-central-1.compute.internal node/ip-10-0-194-125.eu-central-1.compute.internal uid/5d24ba88-69a4-4769-b7eb-dcd0b58cbc34 container/pruner reason/NotReady 
May 25 15:22:32.320 I ns/openshift-image-registry pod/node-ca-nkzzn node/ip-10-0-136-137.eu-central-1.compute.internal uid/e5408efd-ea9a-433c-beb6-ee14b93e297b reason/Created 
May 25 15:22:32.320 - 2s    I ns/openshift-image-registry pod/node-ca-nkzzn uid/e5408efd-ea9a-433c-beb6-ee14b93e297b constructed/true reason/Scheduled node/ip-10-0-136-137.eu-central-1.compute.internal
May 25 15:22:32.320 I ns/openshift-image-registry pod/node-ca-nkzzn node/ip-10-0-136-137.eu-central-1.compute.internal uid/e5408efd-ea9a-433c-beb6-ee14b93e297b reason/Scheduled node/ip-10-0-136-137.eu-central-1.compute.internal
May 25 15:22:32.320 - 2s    I ns/openshift-image-registry pod/node-ca-nkzzn uid/e5408efd-ea9a-433c-beb6-ee14b93e297b container/node-ca constructed/true reason/ContainerStart cause/: 
May 25 15:22:32.320 I ns/openshift-image-registry pod/node-ca-nkzzn node/ip-10-0-136-137.eu-central-1.compute.internal uid/e5408efd-ea9a-433c-beb6-ee14b93e297b container/node-ca reason/ContainerStart cause/: 
May 25 15:22:32.320 - 0ms   I ns/openshift-image-registry pod/node-ca-nkzzn uid/e5408efd-ea9a-433c-beb6-ee14b93e297b container/node-ca constructed/true reason/NotReady missed real "NotReady"
May 25 15:22:32.320 - 2s    I ns/openshift-image-registry pod/node-ca-nkzzn uid/e5408efd-ea9a-433c-beb6-ee14b93e297b container/node-ca constructed/true reason/Ready 
May 25 15:22:32.320 I ns/openshift-image-registry pod/node-ca-nkzzn node/ip-10-0-136-137.eu-central-1.compute.internal uid/e5408efd-ea9a-433c-beb6-ee14b93e297b container/node-ca reason/Ready 
May 25 15:22:32.320 I ns/openshift-kube-apiserver pod/revision-pruner-9-ip-10-0-136-137.eu-central-1.compute.internal node/ip-10-0-136-137.eu-central-1.compute.internal uid/ef382f26-632a-4b14-a03f-8f93be2275e7 reason/Created 
May 25 15:22:32.320 I ns/openshift-kube-apiserver pod/revision-pruner-9-ip-10-0-136-137.eu-central-1.compute.internal node/ip-10-0-136-137.eu-central-1.compute.internal uid/ef382f26-632a-4b14-a03f-8f93be2275e7 reason/Scheduled node/ip-10-0-136-137.eu-central-1.compute.internal
May 25 15:22:32.320 W ns/openshift-kube-apiserver pod/revision-pruner-9-ip-10-0-136-137.eu-central-1.compute.internal node/ip-10-0-136-137.eu-central-1.compute.internal uid/ef382f26-632a-4b14-a03f-8f93be2275e7 container/pruner reason/NotReady 
May 25 15:22:32.320 I ns/openshift-multus pod/multus-additional-cni-plugins-dx6mj node/ip-10-0-207-138.eu-central-1.compute.internal uid/2821d192-d1c0-4f7e-89cf-a807c24246b7 reason/Created 
May 25 15:22:32.320 - 2s    I ns/openshift-multus pod/multus-additional-cni-plugins-dx6mj uid/2821d192-d1c0-4f7e-89cf-a807c24246b7 constructed/true reason/Scheduled node/ip-10-0-207-138.eu-central-1.compute.internal
May 25 15:22:32.320 I ns/openshift-multus pod/multus-additional-cni-plugins-dx6mj node/ip-10-0-207-138.eu-central-1.compute.internal uid/2821d192-d1c0-4f7e-89cf-a807c24246b7 reason/Scheduled node/ip-10-0-207-138.eu-central-1.compute.internal
May 25 15:22:32.320 - 2s    I ns/openshift-multus pod/multus-additional-cni-plugins-dx6mj uid/2821d192-d1c0-4f7e-89cf-a807c24246b7 container/kube-multus-additional-cni-plugins constructed/true reason/ContainerStart cause/: 
May 25 15:22:32.320 I ns/openshift-multus pod/multus-additional-cni-plugins-dx6mj node/ip-10-0-207-138.eu-central-1.compute.internal uid/2821d192-d1c0-4f7e-89cf-a807c24246b7 container/kube-multus-additional-cni-plugins reason/ContainerStart cause/: 
May 25 15:22:32.320 - 0ms   I ns/openshift-multus pod/multus-additional-cni-plugins-dx6mj uid/2821d192-d1c0-4f7e-89cf-a807c24246b7 container/kube-multus-additional-cni-plugins constructed/true reason/NotReady missed real "NotReady"
May 25 15:22:32.320 - 2s    I ns/openshift-multus pod/multus-additional-cni-plugins-dx6mj uid/2821d192-d1c0-4f7e-89cf-a807c24246b7 container/kube-multus-additional-cni-plugins constructed/true reason/Ready 
May 25 15:22:32.320 I ns/openshift-multus pod/multus-additional-cni-plugins-dx6mj node/ip-10-0-207-138.eu-central-1.compute.internal uid/2821d192-d1c0-4f7e-89cf-a807c24246b7 container/bond-cni-plugin reason/Ready 
May 25 15:22:32.320 I ns/openshift-multus pod/multus-additional-cni-plugins-dx6mj node/ip-10-0-207-138.eu-central-1.compute.internal uid/2821d192-d1c0-4f7e-89cf-a807c24246b7 container/cni-plugins reason/Ready 
May 25 15:22:32.320 I ns/openshift-multus pod/multus-additional-cni-plugins-dx6mj node/ip-10-0-207-138.eu-central-1.compute.internal uid/2821d192-d1c0-4f7e-89cf-a807c24246b7 container/routeoverride-cni reason/Ready 
May 25 15:22:32.320 I ns/openshift-multus pod/multus-additional-cni-plugins-dx6mj node/ip-10-0-207-138.eu-central-1.compute.internal uid/2821d192-d1c0-4f7e-89cf-a807c24246b7 container/egress-router-binary-copy reason/Ready 
May 25 15:22:32.320 I ns/openshift-multus pod/multus-additional-cni-plugins-dx6mj node/ip-10-0-207-138.eu-central-1.compute.internal uid/2821d192-d1c0-4f7e-89cf-a807c24246b7 container/kube-multus-additional-cni-plugins reason/Ready 
May 25 15:22:32.320 I ns/openshift-multus pod/multus-additional-cni-plugins-dx6mj node/ip-10-0-207-138.eu-central-1.compute.internal uid/2821d192-d1c0-4f7e-89cf-a807c24246b7 container/whereabouts-cni-bincopy reason/Ready 
May 25 15:22:32.320 I ns/openshift-multus pod/multus-additional-cni-plugins-dx6mj node/ip-10-0-207-138.eu-central-1.compute.internal uid/2821d192-d1c0-4f7e-89cf-a807c24246b7 container/whereabouts-cni reason/Ready 
May 25 15:22:32.320 I ns/openshift-network-operator pod/network-operator-7978bcf596-9vpls node/ip-10-0-174-32.eu-central-1.compute.internal uid/6d601c3d-b9d5-4099-9bd2-7d66db5a7f28 reason/Created 
May 25 15:22:32.320 - 2s    I ns/openshift-network-operator pod/network-operator-7978bcf596-9vpls uid/6d601c3d-b9d5-4099-9bd2-7d66db5a7f28 constructed/true reason/Scheduled node/ip-10-0-174-32.eu-central-1.compute.internal
May 25 15:22:32.320 I ns/openshift-network-operator pod/network-operator-7978bcf596-9vpls node/ip-10-0-174-32.eu-central-1.compute.internal uid/6d601c3d-b9d5-4099-9bd2-7d66db5a7f28 reason/Scheduled node/ip-10-0-174-32.eu-central-1.compute.internal
May 25 15:22:32.320 - 2s    I ns/openshift-network-operator pod/network-operator-7978bcf596-9vpls uid/6d601c3d-b9d5-4099-9bd2-7d66db5a7f28 container/network-operator constructed/true reason/ContainerStart cause/: 
May 25 15:22:32.320 I ns/openshift-network-operator pod/network-operator-7978bcf596-9vpls node/ip-10-0-174-32.eu-central-1.compute.internal uid/6d601c3d-b9d5-4099-9bd2-7d66db5a7f28 container/network-operator reason/ContainerStart cause/: 
May 25 15:22:32.320 - 0ms   I ns/openshift-network-operator pod/network-operator-7978bcf596-9vpls uid/6d601c3d-b9d5-4099-9bd2-7d66db5a7f28 container/network-operator constructed/true reason/NotReady missed real "NotReady"
May 25 15:22:32.320 - 2s    I ns/openshift-network-operator pod/network-operator-7978bcf596-9vpls uid/6d601c3d-b9d5-4099-9bd2-7d66db5a7f28 container/network-operator constructed/true reason/Ready 
May 25 15:22:32.320 I ns/openshift-network-operator pod/network-operator-7978bcf596-9vpls node/ip-10-0-174-32.eu-central-1.compute.internal uid/6d601c3d-b9d5-4099-9bd2-7d66db5a7f28 container/network-operator reason/Ready 
May 25 15:22:32.320 I ns/openshift-image-registry pod/image-pruner-27557280-2kjps node/ip-10-0-131-226.eu-central-1.compute.internal uid/b0b162f9-f3ef-48e6-b197-a95cb4fd14d9 reason/Created 
May 25 15:22:32.320 I ns/openshift-image-registry pod/image-pruner-27557280-2kjps node/ip-10-0-131-226.eu-central-1.compute.internal uid/b0b162f9-f3ef-48e6-b197-a95cb4fd14d9 reason/Scheduled node/ip-10-0-131-226.eu-central-1.compute.internal
May 25 15:22:32.320 W ns/openshift-image-registry pod/image-pruner-27557280-2kjps node/ip-10-0-131-226.eu-central-1.compute.internal uid/b0b162f9-f3ef-48e6-b197-a95cb4fd14d9 container/image-pruner reason/NotReady 
May 25 15:22:32.320 I ns/openshift-kube-apiserver pod/revision-pruner-11-ip-10-0-136-137.eu-central-1.compute.internal node/ip-10-0-136-137.eu-central-1.compute.internal uid/228cddca-4d1e-406d-a2cb-39d4aed645ea reason/Created 
May 25 15:22:32.320 I ns/openshift-kube-apiserver pod/revision-pruner-11-ip-10-0-136-137.eu-central-1.compute.internal node/ip-10-0-136-137.eu-central-1.compute.internal uid/228cddca-4d1e-406d-a2cb-39d4aed645ea reason/Scheduled node/ip-10-0-136-137.eu-central-1.compute.internal
May 25 15:22:32.320 W ns/openshift-kube-apiserver pod/revision-pruner-11-ip-10-0-136-137.eu-central-1.compute.internal node/ip-10-0-136-137.eu-central-1.compute.internal uid/228cddca-4d1e-406d-a2cb-39d4aed645ea container/pruner reason/NotReady 
May 25 15:22:32.320 I ns/openshift-kube-storage-version-migrator-operator pod/kube-storage-version-migrator-operator-f6d9d5d6f-dbjz7 node/ip-10-0-174-32.eu-central-1.compute.internal uid/002e57d4-71be-4af7-950e-5db59395941c reason/Created 
May 25 15:22:32.320 - 2s    I ns/openshift-kube-storage-version-migrator-operator pod/kube-storage-version-migrator-operator-f6d9d5d6f-dbjz7 uid/002e57d4-71be-4af7-950e-5db59395941c constructed/true reason/Scheduled node/ip-10-0-174-32.eu-central-1.compute.internal
May 25 15:22:32.320 I ns/openshift-kube-storage-version-migrator-operator pod/kube-storage-version-migrator-operator-f6d9d5d6f-dbjz7 node/ip-10-0-174-32.eu-central-1.compute.internal uid/002e57d4-71be-4af7-950e-5db59395941c reason/Scheduled node/ip-10-0-174-32.eu-central-1.compute.internal
May 25 15:22:32.320 - 2s    I ns/openshift-kube-storage-version-migrator-operator pod/kube-storage-version-migrator-operator-f6d9d5d6f-dbjz7 uid/002e57d4-71be-4af7-950e-5db59395941c container/kube-storage-version-migrator-operator constructed/true reason/ContainerStart cause/: 
May 25 15:22:32.320 I ns/openshift-kube-storage-version-migrator-operator pod/kube-storage-version-migrator-operator-f6d9d5d6f-dbjz7 node/ip-10-0-174-32.eu-central-1.compute.internal uid/002e57d4-71be-4af7-950e-5db59395941c container/kube-storage-version-migrator-operator reason/ContainerStart cause/: 
May 25 15:22:32.320 - 0ms   I ns/openshift-kube-storage-version-migrator-operator pod/kube-storage-version-migrator-operator-f6d9d5d6f-dbjz7 uid/002e57d4-71be-4af7-950e-5db59395941c container/kube-storage-version-migrator-operator constructed/true reason/NotReady missed real "NotReady"
May 25 15:22:32.320 - 2s    I ns/openshift-kube-storage-version-migrator-operator pod/kube-storage-version-migrator-operator-f6d9d5d6f-dbjz7 uid/002e57d4-71be-4af7-950e-5db59395941c container/kube-storage-version-migrator-operator constructed/true reason/Ready 
May 25 15:22:32.320 I ns/openshift-kube-storage-version-migrator-operator pod/kube-storage-version-migrator-operator-f6d9d5d6f-dbjz7 node/ip-10-0-174-32.eu-central-1.compute.internal uid/002e57d4-71be-4af7-950e-5db59395941c container/kube-storage-version-migrator-operator reason/Ready 
May 25 15:22:32.320 I ns/openshift-machine-config-operator pod/machine-config-server-5cznc node/ip-10-0-136-137.eu-central-1.compute.internal uid/8f1e32c4-8163-4867-a88c-c41010a6a4bf reason/Created 
May 25 15:22:32.320 - 2s    I ns/openshift-machine-config-operator pod/machine-config-server-5cznc uid/8f1e32c4-8163-4867-a88c-c41010a6a4bf constructed/true reason/Scheduled node/ip-10-0-136-137.eu-central-1.compute.internal
May 25 15:22:32.320 I ns/openshift-machine-config-operator pod/machine-config-server-5cznc node/ip-10-0-136-137.eu-central-1.compute.internal uid/8f1e32c4-8163-4867-a88c-c41010a6a4bf reason/Scheduled node/ip-10-0-136-137.eu-central-1.compute.internal
May 25 15:22:32.320 - 2s    I ns/openshift-machine-config-operator pod/machine-config-server-5cznc uid/8f1e32c4-8163-4867-a88c-c41010a6a4bf container/machine-config-server constructed/true reason/ContainerStart cause/: 
May 25 15:22:32.320 I ns/openshift-machine-config-operator pod/machine-config-server-5cznc node/ip-10-0-136-137.eu-central-1.compute.internal uid/8f1e32c4-8163-4867-a88c-c41010a6a4bf container/machine-config-server reason/ContainerStart cause/: 
May 25 15:22:32.320 - 0ms   I ns/openshift-machine-config-operator pod/machine-config-server-5cznc uid/8f1e32c4-8163-4867-a88c-c41010a6a4bf container/machine-config-server constructed/true reason/NotReady missed real "NotReady"
May 25 15:22:32.320 - 2s    I ns/openshift-machine-config-operator pod/machine-config-server-5cznc uid/8f1e32c4-8163-4867-a88c-c41010a6a4bf container/machine-config-server constructed/true reason/Ready 
May 25 15:22:32.320 I ns/openshift-machine-config-operator pod/machine-config-server-5cznc node/ip-10-0-136-137.eu-central-1.compute.internal uid/8f1e32c4-8163-4867-a88c-c41010a6a4bf container/machine-config-server reason/Ready 
May 25 15:22:32.320 I ns/openshift-multus pod/multus-additional-cni-plugins-7gjwc node/ip-10-0-194-125.eu-central-1.compute.internal uid/92c101a1-1e3f-4a81-999f-02ccaf012925 reason/Created 
May 25 15:22:32.320 - 2s    I ns/openshift-multus pod/multus-additional-cni-plugins-7gjwc uid/92c101a1-1e3f-4a81-999f-02ccaf012925 constructed/true reason/Scheduled node/ip-10-0-194-125.eu-central-1.compute.internal
May 25 15:22:32.320 I ns/openshift-multus pod/multus-additional-cni-plugins-7gjwc node/ip-10-0-194-125.eu-central-1.compute.internal uid/92c101a1-1e3f-4a81-999f-02ccaf012925 reason/Scheduled node/ip-10-0-194-125.eu-central-1.compute.internal
May 25 15:22:32.320 - 2s    I ns/openshift-multus pod/multus-additional-cni-plugins-7gjwc uid/92c101a1-1e3f-4a81-999f-02ccaf012925 container/kube-multus-additional-cni-plugins constructed/true reason/ContainerStart cause/: 
May 25 15:22:32.320 I ns/openshift-multus pod/multus-additional-cni-plugins-7gjwc node/ip-10-0-194-125.eu-central-1.compute.internal uid/92c101a1-1e3f-4a81-999f-02ccaf012925 container/kube-multus-additional-cni-plugins reason/ContainerStart cause/: 
May 25 15:22:32.320 - 0ms   I ns/openshift-multus pod/multus-additional-cni-plugins-7gjwc uid/92c101a1-1e3f-4a81-999f-02ccaf012925 container/kube-multus-additional-cni-plugins constructed/true reason/NotReady missed real "NotReady"
May 25 15:22:32.320 - 2s    I ns/openshift-multus pod/multus-additional-cni-plugins-7gjwc uid/92c101a1-1e3f-4a81-999f-02ccaf012925 container/kube-multus-additional-cni-plugins constructed/true reason/Ready 
May 25 15:22:32.320 I ns/openshift-multus pod/multus-additional-cni-plugins-7gjwc node/ip-10-0-194-125.eu-central-1.compute.internal uid/92c101a1-1e3f-4a81-999f-02ccaf012925 container/egress-router-binary-copy reason/Ready 
May 25 15:22:32.320 I ns/openshift-multus pod/multus-additional-cni-plugins-7gjwc node/ip-10-0-194-125.eu-central-1.compute.internal uid/92c101a1-1e3f-4a81-999f-02ccaf012925 container/bond-cni-plugin reason/Ready 
May 25 15:22:32.320 I ns/openshift-multus pod/multus-additional-cni-plugins-7gjwc node/ip-10-0-194-125.eu-central-1.compute.internal uid/92c101a1-1e3f-4a81-999f-02ccaf012925 container/whereabouts-cni-bincopy reason/Ready 
May 25 15:22:32.320 I ns/openshift-multus pod/multus-additional-cni-plugins-7gjwc node/ip-10-0-194-125.eu-central-1.compute.internal uid/92c101a1-1e3f-4a81-999f-02ccaf012925 container/kube-multus-additional-cni-plugins reason/Ready 
May 25 15:22:32.320 I ns/openshift-multus pod/multus-additional-cni-plugins-7gjwc node/ip-10-0-194-125.eu-central-1.compute.internal uid/92c101a1-1e3f-4a81-999f-02ccaf012925 container/whereabouts-cni reason/Ready 
May 25 15:22:32.320 I ns/openshift-multus pod/multus-additional-cni-plugins-7gjwc node/ip-10-0-194-125.eu-central-1.compute.internal uid/92c101a1-1e3f-4a81-999f-02ccaf012925 container/routeoverride-cni reason/Ready 
May 25 15:22:32.320 I ns/openshift-multus pod/multus-additional-cni-plugins-7gjwc node/ip-10-0-194-125.eu-central-1.compute.internal uid/92c101a1-1e3f-4a81-999f-02ccaf012925 container/cni-plugins reason/Ready 
May 25 15:22:32.320 I ns/openshift-oauth-apiserver pod/apiserver-55cd9c6c66-vfwjm node/ip-10-0-194-125.eu-central-1.compute.internal uid/79b97b2d-1090-4d0f-b9ce-2a5ea64cafc6 reason/Created 
May 25 15:22:32.320 - 2s    I ns/openshift-oauth-apiserver pod/apiserver-55cd9c6c66-vfwjm uid/79b97b2d-1090-4d0f-b9ce-2a5ea64cafc6 constructed/true reason/Scheduled node/ip-10-0-194-125.eu-central-1.compute.internal
May 25 15:22:32.320 I ns/openshift-oauth-apiserver pod/apiserver-55cd9c6c66-vfwjm node/ip-10-0-194-125.eu-central-1.compute.internal uid/79b97b2d-1090-4d0f-b9ce-2a5ea64cafc6 reason/Scheduled node/ip-10-0-194-125.eu-central-1.compute.internal
May 25 15:22:32.320 - 2s    I ns/openshift-oauth-apiserver pod/apiserver-55cd9c6c66-vfwjm uid/79b97b2d-1090-4d0f-b9ce-2a5ea64cafc6 container/oauth-apiserver constructed/true reason/ContainerStart cause/: 
May 25 15:22:32.320 I ns/openshift-oauth-apiserver pod/apiserver-55cd9c6c66-vfwjm node/ip-10-0-194-125.eu-central-1.compute.internal uid/79b97b2d-1090-4d0f-b9ce-2a5ea64cafc6 container/oauth-apiserver reason/ContainerStart cause/: 
May 25 15:22:32.320 - 0ms   I ns/openshift-oauth-apiserver pod/apiserver-55cd9c6c66-vfwjm uid/79b97b2d-1090-4d0f-b9ce-2a5ea64cafc6 container/oauth-apiserver constructed/true reason/NotReady missed real "NotReady"
May 25 15:22:32.320 - 2s    I ns/openshift-oauth-apiserver pod/apiserver-55cd9c6c66-vfwjm uid/79b97b2d-1090-4d0f-b9ce-2a5ea64cafc6 container/oauth-apiserver constructed/true reason/Ready 
May 25 15:22:32.320 I ns/openshift-oauth-apiserver pod/apiserver-55cd9c6c66-vfwjm node/ip-10-0-194-125.eu-central-1.compute.internal uid/79b97b2d-1090-4d0f-b9ce-2a5ea64cafc6 container/fix-audit-permissions reason/Ready 
May 25 15:22:32.320 I ns/openshift-oauth-apiserver pod/apiserver-55cd9c6c66-vfwjm node/ip-10-0-194-125.eu-central-1.compute.internal uid/79b97b2d-1090-4d0f-b9ce-2a5ea64cafc6 container/oauth-apiserver reason/Ready 
May 25 15:22:32.320 I ns/openshift-sdn pod/sdn-rknx2 node/ip-10-0-207-138.eu-central-1.compute.internal uid/31ea151c-b002-447d-95a5-2c96de183a95 reason/Created 
May 25 15:22:32.320 - 2s    I ns/openshift-sdn pod/sdn-rknx2 uid/31ea151c-b002-447d-95a5-2c96de183a95 constructed/true reason/Scheduled node/ip-10-0-207-138.eu-central-1.compute.internal
May 25 15:22:32.320 I ns/openshift-sdn pod/sdn-rknx2 node/ip-10-0-207-138.eu-central-1.compute.internal uid/31ea151c-b002-447d-95a5-2c96de183a95 reason/Scheduled node/ip-10-0-207-138.eu-central-1.compute.internal
May 25 15:22:32.320 - 2s    I ns/openshift-sdn pod/sdn-rknx2 uid/31ea151c-b002-447d-95a5-2c96de183a95 container/sdn constructed/true reason/ContainerStart cause/: 
May 25 15:22:32.320 - 2s    I ns/openshift-sdn pod/sdn-rknx2 uid/31ea151c-b002-447d-95a5-2c96de183a95 container/kube-rbac-proxy constructed/true reason/ContainerStart cause/: 
May 25 15:22:32.320 I ns/openshift-sdn pod/sdn-rknx2 node/ip-10-0-207-138.eu-central-1.compute.internal uid/31ea151c-b002-447d-95a5-2c96de183a95 container/kube-rbac-proxy reason/ContainerStart cause/: 
May 25 15:22:32.320 I ns/openshift-sdn pod/sdn-rknx2 node/ip-10-0-207-138.eu-central-1.compute.internal uid/31ea151c-b002-447d-95a5-2c96de183a95 container/sdn reason/ContainerStart cause/: 
May 25 15:22:32.320 - 0ms   I ns/openshift-sdn pod/sdn-rknx2 uid/31ea151c-b002-447d-95a5-2c96de183a95 container/kube-rbac-proxy constructed/true reason/NotReady missed real "NotReady"
May 25 15:22:32.320 - 0ms   I ns/openshift-sdn pod/sdn-rknx2 uid/31ea151c-b002-447d-95a5-2c96de183a95 container/sdn constructed/true reason/NotReady missed real "NotReady"
May 25 15:22:32.320 - 2s    I ns/openshift-sdn pod/sdn-rknx2 uid/31ea151c-b002-447d-95a5-2c96de183a95 container/kube-rbac-proxy constructed/true reason/Ready 
May 25 15:22:32.320 - 2s    I ns/openshift-sdn pod/sdn-rknx2 uid/31ea151c-b002-447d-95a5-2c96de183a95 container/sdn constructed/true reason/Ready 
May 25 15:22:32.320 I ns/openshift-sdn pod/sdn-rknx2 node/ip-10-0-207-138.eu-central-1.compute.internal uid/31ea151c-b002-447d-95a5-2c96de183a95 container/sdn reason/Ready 
May 25 15:22:32.320 I ns/openshift-sdn pod/sdn-rknx2 node/ip-10-0-207-138.eu-central-1.compute.internal uid/31ea151c-b002-447d-95a5-2c96de183a95 container/kube-rbac-proxy reason/Ready 
May 25 15:22:32.320 I ns/openshift-config-operator pod/openshift-config-operator-55b86f9cc9-nmfml node/ip-10-0-174-32.eu-central-1.compute.internal uid/c7cf346c-1f07-4c2a-b4c6-b32854bee2a2 reason/Created 
May 25 15:22:32.320 - 2s    I ns/openshift-config-operator pod/openshift-config-operator-55b86f9cc9-nmfml uid/c7cf346c-1f07-4c2a-b4c6-b32854bee2a2 constructed/true reason/Scheduled node/ip-10-0-174-32.eu-central-1.compute.internal
May 25 15:22:32.320 I ns/openshift-config-operator pod/openshift-config-operator-55b86f9cc9-nmfml node/ip-10-0-174-32.eu-central-1.compute.internal uid/c7cf346c-1f07-4c2a-b4c6-b32854bee2a2 reason/Scheduled node/ip-10-0-174-32.eu-central-1.compute.internal
May 25 15:22:32.320 - 2s    I ns/openshift-config-operator pod/openshift-config-operator-55b86f9cc9-nmfml uid/c7cf346c-1f07-4c2a-b4c6-b32854bee2a2 container/openshift-config-operator constructed/true reason/ContainerStart cause/: 
May 25 15:22:32.320 I ns/openshift-config-operator pod/openshift-config-operator-55b86f9cc9-nmfml node/ip-10-0-174-32.eu-central-1.compute.internal uid/c7cf346c-1f07-4c2a-b4c6-b32854bee2a2 container/openshift-config-operator reason/ContainerStart cause/: 
May 25 15:22:32.320 - 0ms   I ns/openshift-config-operator pod/openshift-config-operator-55b86f9cc9-nmfml uid/c7cf346c-1f07-4c2a-b4c6-b32854bee2a2 container/openshift-config-operator constructed/true reason/NotReady missed real "NotReady"
May 25 15:22:32.320 - 2s    I ns/openshift-config-operator pod/openshift-config-operator-55b86f9cc9-nmfml uid/c7cf346c-1f07-4c2a-b4c6-b32854bee2a2 container/openshift-config-operator constructed/true reason/Ready 
May 25 15:22:32.320 I ns/openshift-config-operator pod/openshift-config-operator-55b86f9cc9-nmfml node/ip-10-0-174-32.eu-central-1.compute.internal uid/c7cf346c-1f07-4c2a-b4c6-b32854bee2a2 container/openshift-config-operator reason/Ready 
May 25 15:22:32.320 I ns/openshift-kube-apiserver pod/installer-10-ip-10-0-194-125.eu-central-1.compute.internal node/ip-10-0-194-125.eu-central-1.compute.internal uid/c0534573-f2a6-4cda-8938-2d232a2aa26e reason/Created 
May 25 15:22:32.320 I ns/openshift-kube-apiserver pod/installer-10-ip-10-0-194-125.eu-central-1.compute.internal node/ip-10-0-194-125.eu-central-1.compute.internal uid/c0534573-f2a6-4cda-8938-2d232a2aa26e reason/Scheduled node/ip-10-0-194-125.eu-central-1.compute.internal
May 25 15:22:32.320 W ns/openshift-kube-apiserver pod/installer-10-ip-10-0-194-125.eu-central-1.compute.internal node/ip-10-0-194-125.eu-central-1.compute.internal uid/c0534573-f2a6-4cda-8938-2d232a2aa26e container/installer reason/NotReady 
May 25 15:22:32.320 I ns/openshift-kube-controller-manager pod/installer-7-ip-10-0-136-137.eu-central-1.compute.internal node/ip-10-0-136-137.eu-central-1.compute.internal uid/a3268639-1053-4a54-adda-9ebf1b2ea980 reason/Created 
May 25 15:22:32.320 I ns/openshift-kube-controller-manager pod/installer-7-ip-10-0-136-137.eu-central-1.compute.internal node/ip-10-0-136-137.eu-central-1.compute.internal uid/a3268639-1053-4a54-adda-9ebf1b2ea980 reason/Scheduled node/ip-10-0-136-137.eu-central-1.compute.internal
May 25 15:22:32.320 W ns/openshift-kube-controller-manager pod/installer-7-ip-10-0-136-137.eu-central-1.compute.internal node/ip-10-0-136-137.eu-central-1.compute.internal uid/a3268639-1053-4a54-adda-9ebf1b2ea980 container/installer reason/NotReady 
May 25 15:22:32.320 I ns/openshift-machine-config-operator pod/machine-config-daemon-s7vv7 node/ip-10-0-186-221.eu-central-1.compute.internal uid/d4378f05-caa1-4938-ae15-5d6246582432 reason/Created 
May 25 15:22:32.320 - 2s    I ns/openshift-machine-config-operator pod/machine-config-daemon-s7vv7 uid/d4378f05-caa1-4938-ae15-5d6246582432 constructed/true reason/Scheduled node/ip-10-0-186-221.eu-central-1.compute.internal
May 25 15:22:32.320 I ns/openshift-machine-config-operator pod/machine-config-daemon-s7vv7 node/ip-10-0-186-221.eu-central-1.compute.internal uid/d4378f05-caa1-4938-ae15-5d6246582432 reason/Scheduled node/ip-10-0-186-221.eu-central-1.compute.internal
May 25 15:22:32.320 - 2s    I ns/openshift-machine-config-operator pod/machine-config-daemon-s7vv7 uid/d4378f05-caa1-4938-ae15-5d6246582432 container/machine-config-daemon constructed/true reason/ContainerStart cause/: 
May 25 15:22:32.320 - 2s    I ns/openshift-machine-config-operator pod/machine-config-daemon-s7vv7 uid/d4378f05-caa1-4938-ae15-5d6246582432 container/oauth-proxy constructed/true reason/ContainerStart cause/: 
May 25 15:22:32.320 I ns/openshift-machine-config-operator pod/machine-config-daemon-s7vv7 node/ip-10-0-186-221.eu-central-1.compute.internal uid/d4378f05-caa1-4938-ae15-5d6246582432 container/machine-config-daemon reason/ContainerStart cause/: 
May 25 15:22:32.320 I ns/openshift-machine-config-operator pod/machine-config-daemon-s7vv7 node/ip-10-0-186-221.eu-central-1.compute.internal uid/d4378f05-caa1-4938-ae15-5d6246582432 container/oauth-proxy reason/ContainerStart cause/: 
May 25 15:22:32.320 - 0ms   I ns/openshift-machine-config-operator pod/machine-config-daemon-s7vv7 uid/d4378f05-caa1-4938-ae15-5d6246582432 container/machine-config-daemon constructed/true reason/NotReady missed real "NotReady"
May 25 15:22:32.320 - 0ms   I ns/openshift-machine-config-operator pod/machine-config-daemon-s7vv7 uid/d4378f05-caa1-4938-ae15-5d6246582432 container/oauth-proxy constructed/true reason/NotReady missed real "NotReady"
May 25 15:22:32.320 - 2s    I ns/openshift-machine-config-operator pod/machine-config-daemon-s7vv7 uid/d4378f05-caa1-4938-ae15-5d6246582432 container/oauth-proxy constructed/true reason/Ready 
May 25 15:22:32.320 - 2s    I ns/openshift-machine-config-operator pod/machine-config-daemon-s7vv7 uid/d4378f05-caa1-4938-ae15-5d6246582432 container/machine-config-daemon constructed/true reason/Ready 
May 25 15:22:32.320 I ns/openshift-machine-config-operator pod/machine-config-daemon-s7vv7 node/ip-10-0-186-221.eu-central-1.compute.internal uid/d4378f05-caa1-4938-ae15-5d6246582432 container/machine-config-daemon reason/Ready 
May 25 15:22:32.320 I ns/openshift-machine-config-operator pod/machine-config-daemon-s7vv7 node/ip-10-0-186-221.eu-central-1.compute.internal uid/d4378f05-caa1-4938-ae15-5d6246582432 container/oauth-proxy reason/Ready 
May 25 15:22:32.320 I ns/openshift-kube-controller-manager pod/kube-controller-manager-ip-10-0-194-125.eu-central-1.compute.internal node/ip-10-0-194-125.eu-central-1.compute.internal uid/e5db8b5c-0c9a-4e68-8d41-d790aa48cc53 reason/Created 
May 25 15:22:32.320 - 2s    I ns/openshift-kube-controller-manager pod/kube-controller-manager-ip-10-0-194-125.eu-central-1.compute.internal uid/e5db8b5c-0c9a-4e68-8d41-d790aa48cc53 constructed/true reason/Scheduled node/ip-10-0-194-125.eu-central-1.compute.internal
May 25 15:22:32.320 I ns/openshift-kube-controller-manager pod/kube-controller-manager-ip-10-0-194-125.eu-central-1.compute.internal node/ip-10-0-194-125.eu-central-1.compute.internal uid/e5db8b5c-0c9a-4e68-8d41-d790aa48cc53 reason/Scheduled node/ip-10-0-194-125.eu-central-1.compute.internal
May 25 15:22:32.320 - 2s    I ns/openshift-kube-controller-manager pod/kube-controller-manager-ip-10-0-194-125.eu-central-1.compute.internal uid/e5db8b5c-0c9a-4e68-8d41-d790aa48cc53 container/kube-controller-manager-recovery-controller constructed/true reason/ContainerStart cause/: 
May 25 15:22:32.320 - 2s    I ns/openshift-kube-controller-manager pod/kube-controller-manager-ip-10-0-194-125.eu-central-1.compute.internal uid/e5db8b5c-0c9a-4e68-8d41-d790aa48cc53 container/kube-controller-manager constructed/true reason/ContainerStart cause/: 
May 25 15:22:32.320 - 2s    I ns/openshift-kube-controller-manager pod/kube-controller-manager-ip-10-0-194-125.eu-central-1.compute.internal uid/e5db8b5c-0c9a-4e68-8d41-d790aa48cc53 container/cluster-policy-controller constructed/true reason/ContainerStart cause/: 
May 25 15:22:32.320 - 2s    I ns/openshift-kube-controller-manager pod/kube-controller-manager-ip-10-0-194-125.eu-central-1.compute.internal uid/e5db8b5c-0c9a-4e68-8d41-d790aa48cc53 container/kube-controller-manager-cert-syncer constructed/true reason/ContainerStart cause/: 
May 25 15:22:32.320 I ns/openshift-kube-controller-manager pod/kube-controller-manager-ip-10-0-194-125.eu-central-1.compute.internal node/ip-10-0-194-125.eu-central-1.compute.internal uid/e5db8b5c-0c9a-4e68-8d41-d790aa48cc53 container/cluster-policy-controller reason/ContainerStart cause/: 
May 25 15:22:32.320 I ns/openshift-kube-controller-manager pod/kube-controller-manager-ip-10-0-194-125.eu-central-1.compute.internal node/ip-10-0-194-125.eu-central-1.compute.internal uid/e5db8b5c-0c9a-4e68-8d41-d790aa48cc53 container/kube-controller-manager-recovery-controller reason/ContainerStart cause/: 
May 25 15:22:32.320 I ns/openshift-kube-controller-manager pod/kube-controller-manager-ip-10-0-194-125.eu-central-1.compute.internal node/ip-10-0-194-125.eu-central-1.compute.internal uid/e5db8b5c-0c9a-4e68-8d41-d790aa48cc53 container/kube-controller-manager-cert-syncer reason/ContainerStart cause/: 
May 25 15:22:32.320 I ns/openshift-kube-controller-manager pod/kube-controller-manager-ip-10-0-194-125.eu-central-1.compute.internal node/ip-10-0-194-125.eu-central-1.compute.internal uid/e5db8b5c-0c9a-4e68-8d41-d790aa48cc53 container/kube-controller-manager reason/ContainerStart cause/: 
May 25 15:22:32.320 - 0ms   I ns/openshift-kube-controller-manager pod/kube-controller-manager-ip-10-0-194-125.eu-central-1.compute.internal uid/e5db8b5c-0c9a-4e68-8d41-d790aa48cc53 container/cluster-policy-controller constructed/true reason/NotReady missed real "NotReady"
May 25 15:22:32.320 - 0ms   I ns/openshift-kube-controller-manager pod/kube-controller-manager-ip-10-0-194-125.eu-central-1.compute.internal uid/e5db8b5c-0c9a-4e68-8d41-d790aa48cc53 container/kube-controller-manager constructed/true reason/NotReady missed real "NotReady"
May 25 15:22:32.320 - 0ms   I ns/openshift-kube-controller-manager pod/kube-controller-manager-ip-10-0-194-125.eu-central-1.compute.internal uid/e5db8b5c-0c9a-4e68-8d41-d790aa48cc53 container/kube-controller-manager-recovery-controller constructed/true reason/NotReady missed real "NotReady"
May 25 15:22:32.320 - 0ms   I ns/openshift-kube-controller-manager pod/kube-controller-manager-ip-10-0-194-125.eu-central-1.compute.internal uid/e5db8b5c-0c9a-4e68-8d41-d790aa48cc53 container/kube-controller-manager-cert-syncer constructed/true reason/NotReady missed real "NotReady"
May 25 15:22:32.320 - 2s    I ns/openshift-kube-controller-manager pod/kube-controller-manager-ip-10-0-194-125.eu-central-1.compute.internal uid/e5db8b5c-0c9a-4e68-8d41-d790aa48cc53 container/kube-controller-manager-cert-syncer constructed/true reason/Ready 
May 25 15:22:32.320 - 2s    I ns/openshift-kube-controller-manager pod/kube-controller-manager-ip-10-0-194-125.eu-central-1.compute.internal uid/e5db8b5c-0c9a-4e68-8d41-d790aa48cc53 container/kube-controller-manager constructed/true reason/Ready 
May 25 15:22:32.320 - 2s    I ns/openshift-kube-controller-manager pod/kube-controller-manager-ip-10-0-194-125.eu-central-1.compute.internal uid/e5db8b5c-0c9a-4e68-8d41-d790aa48cc53 container/cluster-policy-controller constructed/true reason/Ready 
May 25 15:22:32.320 - 2s    I ns/openshift-kube-controller-manager pod/kube-controller-manager-ip-10-0-194-125.eu-central-1.compute.internal uid/e5db8b5c-0c9a-4e68-8d41-d790aa48cc53 container/kube-controller-manager-recovery-controller constructed/true reason/Ready 
May 25 15:22:32.320 I ns/openshift-kube-controller-manager pod/kube-controller-manager-ip-10-0-194-125.eu-central-1.compute.internal node/ip-10-0-194-125.eu-central-1.compute.internal uid/e5db8b5c-0c9a-4e68-8d41-d790aa48cc53 container/kube-controller-manager reason/Ready 
May 25 15:22:32.320 I ns/openshift-kube-controller-manager pod/kube-controller-manager-ip-10-0-194-125.eu-central-1.compute.internal node/ip-10-0-194-125.eu-central-1.compute.internal uid/e5db8b5c-0c9a-4e68-8d41-d790aa48cc53 container/kube-controller-manager-cert-syncer reason/Ready 
May 25 15:22:32.320 I ns/openshift-kube-controller-manager pod/kube-controller-manager-ip-10-0-194-125.eu-central-1.compute.internal node/ip-10-0-194-125.eu-central-1.compute.internal uid/e5db8b5c-0c9a-4e68-8d41-d790aa48cc53 container/cluster-policy-controller reason/Ready 
May 25 15:22:32.320 I ns/openshift-kube-controller-manager pod/kube-controller-manager-ip-10-0-194-125.eu-central-1.compute.internal node/ip-10-0-194-125.eu-central-1.compute.internal uid/e5db8b5c-0c9a-4e68-8d41-d790aa48cc53 container/kube-controller-manager-recovery-controller reason/Ready 
May 25 15:22:32.320 I ns/openshift-monitoring pod/prometheus-k8s-1 node/ip-10-0-207-138.eu-central-1.compute.internal uid/0b1cdf63-2be1-4539-a16b-f3534af25728 reason/Created 
May 25 15:22:32.320 - 2s    I ns/openshift-monitoring pod/prometheus-k8s-1 uid/0b1cdf63-2be1-4539-a16b-f3534af25728 constructed/true reason/Scheduled node/ip-10-0-207-138.eu-central-1.compute.internal
May 25 15:22:32.320 I ns/openshift-monitoring pod/prometheus-k8s-1 node/ip-10-0-207-138.eu-central-1.compute.internal uid/0b1cdf63-2be1-4539-a16b-f3534af25728 reason/Scheduled node/ip-10-0-207-138.eu-central-1.compute.internal
May 25 15:22:32.320 - 2s    I ns/openshift-monitoring pod/prometheus-k8s-1 uid/0b1cdf63-2be1-4539-a16b-f3534af25728 container/kube-rbac-proxy constructed/true reason/ContainerStart cause/: 
May 25 15:22:32.320 - 2s    I ns/openshift-monitoring pod/prometheus-k8s-1 uid/0b1cdf63-2be1-4539-a16b-f3534af25728 container/prometheus constructed/true reason/ContainerStart cause/: 
May 25 15:22:32.320 - 2s    I ns/openshift-monitoring pod/prometheus-k8s-1 uid/0b1cdf63-2be1-4539-a16b-f3534af25728 container/prometheus-proxy constructed/true reason/ContainerStart cause/: 
May 25 15:22:32.320 - 2s    I ns/openshift-monitoring pod/prometheus-k8s-1 uid/0b1cdf63-2be1-4539-a16b-f3534af25728 container/kube-rbac-proxy-thanos constructed/true reason/ContainerStart cause/: 
May 25 15:22:32.320 - 2s    I ns/openshift-monitoring pod/prometheus-k8s-1 uid/0b1cdf63-2be1-4539-a16b-f3534af25728 container/thanos-sidecar constructed/true reason/ContainerStart cause/: 
May 25 15:22:32.320 - 2s    I ns/openshift-monitoring pod/prometheus-k8s-1 uid/0b1cdf63-2be1-4539-a16b-f3534af25728 container/config-reloader constructed/true reason/ContainerStart cause/: 
May 25 15:22:32.320 I ns/openshift-monitoring pod/prometheus-k8s-1 node/ip-10-0-207-138.eu-central-1.compute.internal uid/0b1cdf63-2be1-4539-a16b-f3534af25728 container/prometheus reason/ContainerStart cause/: 
May 25 15:22:32.320 I ns/openshift-monitoring pod/prometheus-k8s-1 node/ip-10-0-207-138.eu-central-1.compute.internal uid/0b1cdf63-2be1-4539-a16b-f3534af25728 container/config-reloader reason/ContainerStart cause/: 
May 25 15:22:32.320 I ns/openshift-monitoring pod/prometheus-k8s-1 node/ip-10-0-207-138.eu-central-1.compute.internal uid/0b1cdf63-2be1-4539-a16b-f3534af25728 container/thanos-sidecar reason/ContainerStart cause/: 
May 25 15:22:32.320 I ns/openshift-monitoring pod/prometheus-k8s-1 node/ip-10-0-207-138.eu-central-1.compute.internal uid/0b1cdf63-2be1-4539-a16b-f3534af25728 container/prometheus-proxy reason/ContainerStart cause/: 
May 25 15:22:32.320 I ns/openshift-monitoring pod/prometheus-k8s-1 node/ip-10-0-207-138.eu-central-1.compute.internal uid/0b1cdf63-2be1-4539-a16b-f3534af25728 container/kube-rbac-proxy-thanos reason/ContainerStart cause/: 
May 25 15:22:32.320 I ns/openshift-monitoring pod/prometheus-k8s-1 node/ip-10-0-207-138.eu-central-1.compute.internal uid/0b1cdf63-2be1-4539-a16b-f3534af25728 container/kube-rbac-proxy reason/ContainerStart cause/: 
May 25 15:22:32.320 - 0ms   I ns/openshift-monitoring pod/prometheus-k8s-1 uid/0b1cdf63-2be1-4539-a16b-f3534af25728 container/kube-rbac-proxy constructed/true reason/NotReady missed real "NotReady"
May 25 15:22:32.320 - 0ms   I ns/openshift-monitoring pod/prometheus-k8s-1 uid/0b1cdf63-2be1-4539-a16b-f3534af25728 container/kube-rbac-proxy-thanos constructed/true reason/NotReady missed real "NotReady"
May 25 15:22:32.320 - 0ms   I ns/openshift-monitoring pod/prometheus-k8s-1 uid/0b1cdf63-2be1-4539-a16b-f3534af25728 container/config-reloader constructed/true reason/NotReady missed real "NotReady"
May 25 15:22:32.320 - 0ms   I ns/openshift-monitoring pod/prometheus-k8s-1 uid/0b1cdf63-2be1-4539-a16b-f3534af25728 container/prometheus constructed/true reason/NotReady missed real "NotReady"
May 25 15:22:32.320 - 0ms   I ns/openshift-monitoring pod/prometheus-k8s-1 uid/0b1cdf63-2be1-4539-a16b-f3534af25728 container/prometheus-proxy constructed/true reason/NotReady missed real "NotReady"
May 25 15:22:32.320 - 0ms   I ns/openshift-monitoring pod/prometheus-k8s-1 uid/0b1cdf63-2be1-4539-a16b-f3534af25728 container/thanos-sidecar constructed/true reason/NotReady missed real "NotReady"
May 25 15:22:32.320 - 2s    I ns/openshift-monitoring pod/prometheus-k8s-1 uid/0b1cdf63-2be1-4539-a16b-f3534af25728 container/kube-rbac-proxy constructed/true reason/Ready 
May 25 15:22:32.320 - 2s    I ns/openshift-monitoring pod/prometheus-k8s-1 uid/0b1cdf63-2be1-4539-a16b-f3534af25728 container/prometheus constructed/true reason/Ready 
May 25 15:22:32.320 - 2s    I ns/openshift-monitoring pod/prometheus-k8s-1 uid/0b1cdf63-2be1-4539-a16b-f3534af25728 container/prometheus-proxy constructed/true reason/Ready 
May 25 15:22:32.320 - 2s    I ns/openshift-monitoring pod/prometheus-k8s-1 uid/0b1cdf63-2be1-4539-a16b-f3534af25728 container/kube-rbac-proxy-thanos constructed/true reason/Ready 
May 25 15:22:32.320 - 2s    I ns/openshift-monitoring pod/prometheus-k8s-1 uid/0b1cdf63-2be1-4539-a16b-f3534af25728 container/thanos-sidecar constructed/true reason/Ready 
May 25 15:22:32.320 - 2s    I ns/openshift-monitoring pod/prometheus-k8s-1 uid/0b1cdf63-2be1-4539-a16b-f3534af25728 container/config-reloader constructed/true reason/Ready 
May 25 15:22:32.320 I ns/openshift-monitoring pod/prometheus-k8s-1 node/ip-10-0-207-138.eu-central-1.compute.internal uid/0b1cdf63-2be1-4539-a16b-f3534af25728 container/init-config-reloader reason/Ready 
May 25 15:22:32.320 I ns/openshift-monitoring pod/prometheus-k8s-1 node/ip-10-0-207-138.eu-central-1.compute.internal uid/0b1cdf63-2be1-4539-a16b-f3534af25728 container/thanos-sidecar reason/Ready 
May 25 15:22:32.320 I ns/openshift-monitoring pod/prometheus-k8s-1 node/ip-10-0-207-138.eu-central-1.compute.internal uid/0b1cdf63-2be1-4539-a16b-f3534af25728 container/prometheus reason/Ready 
May 25 15:22:32.320 I ns/openshift-monitoring pod/prometheus-k8s-1 node/ip-10-0-207-138.eu-central-1.compute.internal uid/0b1cdf63-2be1-4539-a16b-f3534af25728 container/kube-rbac-proxy reason/Ready 
May 25 15:22:32.320 I ns/openshift-monitoring pod/prometheus-k8s-1 node/ip-10-0-207-138.eu-central-1.compute.internal uid/0b1cdf63-2be1-4539-a16b-f3534af25728 container/prometheus-proxy reason/Ready 
May 25 15:22:32.320 I ns/openshift-monitoring pod/prometheus-k8s-1 node/ip-10-0-207-138.eu-central-1.compute.internal uid/0b1cdf63-2be1-4539-a16b-f3534af25728 container/config-reloader reason/Ready 
May 25 15:22:32.320 I ns/openshift-monitoring pod/prometheus-k8s-1 node/ip-10-0-207-138.eu-central-1.compute.internal uid/0b1cdf63-2be1-4539-a16b-f3534af25728 container/kube-rbac-proxy-thanos reason/Ready 
May 25 15:22:32.320 I ns/openshift-sdn pod/sdn-z5cmh node/ip-10-0-136-137.eu-central-1.compute.internal uid/c7a4eda9-773a-4d7b-a6ef-0479ebf99e60 reason/Created 
May 25 15:22:32.320 - 2s    I ns/openshift-sdn pod/sdn-z5cmh uid/c7a4eda9-773a-4d7b-a6ef-0479ebf99e60 constructed/true reason/Scheduled node/ip-10-0-136-137.eu-central-1.compute.internal
May 25 15:22:32.320 I ns/openshift-sdn pod/sdn-z5cmh node/ip-10-0-136-137.eu-central-1.compute.internal uid/c7a4eda9-773a-4d7b-a6ef-0479ebf99e60 reason/Scheduled node/ip-10-0-136-137.eu-central-1.compute.internal
May 25 15:22:32.320 - 2s    I ns/openshift-sdn pod/sdn-z5cmh uid/c7a4eda9-773a-4d7b-a6ef-0479ebf99e60 container/sdn constructed/true reason/ContainerStart cause/: 
May 25 15:22:32.320 - 2s    I ns/openshift-sdn pod/sdn-z5cmh uid/c7a4eda9-773a-4d7b-a6ef-0479ebf99e60 container/kube-rbac-proxy constructed/true reason/ContainerStart cause/: 
May 25 15:22:32.320 I ns/openshift-sdn pod/sdn-z5cmh node/ip-10-0-136-137.eu-central-1.compute.internal uid/c7a4eda9-773a-4d7b-a6ef-0479ebf99e60 container/sdn reason/ContainerStart cause/: 
May 25 15:22:32.320 I ns/openshift-sdn pod/sdn-z5cmh node/ip-10-0-136-137.eu-central-1.compute.internal uid/c7a4eda9-773a-4d7b-a6ef-0479ebf99e60 container/kube-rbac-proxy reason/ContainerStart cause/: 
May 25 15:22:32.320 - 0ms   I ns/openshift-sdn pod/sdn-z5cmh uid/c7a4eda9-773a-4d7b-a6ef-0479ebf99e60 container/kube-rbac-proxy constructed/true reason/NotReady missed real "NotReady"
May 25 15:22:32.320 - 0ms   I ns/openshift-sdn pod/sdn-z5cmh uid/c7a4eda9-773a-4d7b-a6ef-0479ebf99e60 container/sdn constructed/true reason/NotReady missed real "NotReady"
May 25 15:22:32.320 - 2s    I ns/openshift-sdn pod/sdn-z5cmh uid/c7a4eda9-773a-4d7b-a6ef-0479ebf99e60 container/sdn constructed/true reason/Ready 
May 25 15:22:32.320 - 2s    I ns/openshift-sdn pod/sdn-z5cmh uid/c7a4eda9-773a-4d7b-a6ef-0479ebf99e60 container/kube-rbac-proxy constructed/true reason/Ready 
May 25 15:22:32.320 I ns/openshift-sdn pod/sdn-z5cmh node/ip-10-0-136-137.eu-central-1.compute.internal uid/c7a4eda9-773a-4d7b-a6ef-0479ebf99e60 container/kube-rbac-proxy reason/Ready 
May 25 15:22:32.320 I ns/openshift-sdn pod/sdn-z5cmh node/ip-10-0-136-137.eu-central-1.compute.internal uid/c7a4eda9-773a-4d7b-a6ef-0479ebf99e60 container/sdn reason/Ready 
May 25 15:22:32.320 I ns/openshift-controller-manager pod/controller-manager-d8frv node/ip-10-0-194-125.eu-central-1.compute.internal uid/b3edc648-179c-4f47-bd97-718c4ed9749e reason/Created 
May 25 15:22:32.320 - 2s    I ns/openshift-controller-manager pod/controller-manager-d8frv uid/b3edc648-179c-4f47-bd97-718c4ed9749e constructed/true reason/Scheduled node/ip-10-0-194-125.eu-central-1.compute.internal
May 25 15:22:32.320 I ns/openshift-controller-manager pod/controller-manager-d8frv node/ip-10-0-194-125.eu-central-1.compute.internal uid/b3edc648-179c-4f47-bd97-718c4ed9749e reason/Scheduled node/ip-10-0-194-125.eu-central-1.compute.internal
May 25 15:22:32.320 - 2s    I ns/openshift-controller-manager pod/controller-manager-d8frv uid/b3edc648-179c-4f47-bd97-718c4ed9749e container/controller-manager constructed/true reason/ContainerStart cause/: 
May 25 15:22:32.320 I ns/openshift-controller-manager pod/controller-manager-d8frv node/ip-10-0-194-125.eu-central-1.compute.internal uid/b3edc648-179c-4f47-bd97-718c4ed9749e container/controller-manager reason/ContainerStart cause/: 
May 25 15:22:32.320 - 0ms   I ns/openshift-controller-manager pod/controller-manager-d8frv uid/b3edc648-179c-4f47-bd97-718c4ed9749e container/controller-manager constructed/true reason/NotReady missed real "NotReady"
May 25 15:22:32.320 - 2s    I ns/openshift-controller-manager pod/controller-manager-d8frv uid/b3edc648-179c-4f47-bd97-718c4ed9749e container/controller-manager constructed/true reason/Ready 
May 25 15:22:32.320 I ns/openshift-controller-manager pod/controller-manager-d8frv node/ip-10-0-194-125.eu-central-1.compute.internal uid/b3edc648-179c-4f47-bd97-718c4ed9749e container/controller-manager reason/Ready 
May 25 15:22:32.320 I ns/openshift-dns pod/node-resolver-nrr2n node/ip-10-0-174-32.eu-central-1.compute.internal uid/2cbc837e-41da-4da7-b835-bce7f6ec043c reason/Created 
May 25 15:22:32.320 - 2s    I ns/openshift-dns pod/node-resolver-nrr2n uid/2cbc837e-41da-4da7-b835-bce7f6ec043c constructed/true reason/Scheduled node/ip-10-0-174-32.eu-central-1.compute.internal
May 25 15:22:32.320 I ns/openshift-dns pod/node-resolver-nrr2n node/ip-10-0-174-32.eu-central-1.compute.internal uid/2cbc837e-41da-4da7-b835-bce7f6ec043c reason/Scheduled node/ip-10-0-174-32.eu-central-1.compute.internal
May 25 15:22:32.320 - 2s    I ns/openshift-dns pod/node-resolver-nrr2n uid/2cbc837e-41da-4da7-b835-bce7f6ec043c container/dns-node-resolver constructed/true reason/ContainerStart cause/: 
May 25 15:22:32.320 I ns/openshift-dns pod/node-resolver-nrr2n node/ip-10-0-174-32.eu-central-1.compute.internal uid/2cbc837e-41da-4da7-b835-bce7f6ec043c container/dns-node-resolver reason/ContainerStart cause/: 
May 25 15:22:32.320 - 0ms   I ns/openshift-dns pod/node-resolver-nrr2n uid/2cbc837e-41da-4da7-b835-bce7f6ec043c container/dns-node-resolver constructed/true reason/NotReady missed real "NotReady"
May 25 15:22:32.320 - 2s    I ns/openshift-dns pod/node-resolver-nrr2n uid/2cbc837e-41da-4da7-b835-bce7f6ec043c container/dns-node-resolver constructed/true reason/Ready 
May 25 15:22:32.320 I ns/openshift-dns pod/node-resolver-nrr2n node/ip-10-0-174-32.eu-central-1.compute.internal uid/2cbc837e-41da-4da7-b835-bce7f6ec043c container/dns-node-resolver reason/Ready 
May 25 15:22:32.321 I ns/openshift-machine-api pod/cluster-baremetal-operator-95767655-8flhf node/ip-10-0-174-32.eu-central-1.compute.internal uid/dee4dc6e-935c-4a28-b150-b1f0a93570ce reason/Created 
May 25 15:22:32.321 - 2s    I ns/openshift-machine-api pod/cluster-baremetal-operator-95767655-8flhf uid/dee4dc6e-935c-4a28-b150-b1f0a93570ce constructed/true reason/Scheduled node/ip-10-0-174-32.eu-central-1.compute.internal
May 25 15:22:32.321 I ns/openshift-machine-api pod/cluster-baremetal-operator-95767655-8flhf node/ip-10-0-174-32.eu-central-1.compute.internal uid/dee4dc6e-935c-4a28-b150-b1f0a93570ce reason/Scheduled node/ip-10-0-174-32.eu-central-1.compute.internal
May 25 15:22:32.321 - 2s    I ns/openshift-machine-api pod/cluster-baremetal-operator-95767655-8flhf uid/dee4dc6e-935c-4a28-b150-b1f0a93570ce container/cluster-baremetal-operator constructed/true reason/ContainerStart cause/: 
May 25 15:22:32.321 - 2s    I ns/openshift-machine-api pod/cluster-baremetal-operator-95767655-8flhf uid/dee4dc6e-935c-4a28-b150-b1f0a93570ce container/kube-rbac-proxy constructed/true reason/ContainerStart cause/: 
May 25 15:22:32.321 I ns/openshift-machine-api pod/cluster-baremetal-operator-95767655-8flhf node/ip-10-0-174-32.eu-central-1.compute.internal uid/dee4dc6e-935c-4a28-b150-b1f0a93570ce container/cluster-baremetal-operator reason/ContainerStart cause/: 
May 25 15:22:32.321 I ns/openshift-machine-api pod/cluster-baremetal-operator-95767655-8flhf node/ip-10-0-174-32.eu-central-1.compute.internal uid/dee4dc6e-935c-4a28-b150-b1f0a93570ce container/kube-rbac-proxy reason/ContainerStart cause/: 
May 25 15:22:32.321 - 0ms   I ns/openshift-machine-api pod/cluster-baremetal-operator-95767655-8flhf uid/dee4dc6e-935c-4a28-b150-b1f0a93570ce container/kube-rbac-proxy constructed/true reason/NotReady missed real "NotReady"
May 25 15:22:32.321 - 0ms   I ns/openshift-machine-api pod/cluster-baremetal-operator-95767655-8flhf uid/dee4dc6e-935c-4a28-b150-b1f0a93570ce container/cluster-baremetal-operator constructed/true reason/NotReady missed real "NotReady"
May 25 15:22:32.321 - 2s    I ns/openshift-machine-api pod/cluster-baremetal-operator-95767655-8flhf uid/dee4dc6e-935c-4a28-b150-b1f0a93570ce container/cluster-baremetal-operator constructed/true reason/Ready 
May 25 15:22:32.321 - 2s    I ns/openshift-machine-api pod/cluster-baremetal-operator-95767655-8flhf uid/dee4dc6e-935c-4a28-b150-b1f0a93570ce container/kube-rbac-proxy constructed/true reason/Ready 
May 25 15:22:32.321 I ns/openshift-machine-api pod/cluster-baremetal-operator-95767655-8flhf node/ip-10-0-174-32.eu-central-1.compute.internal uid/dee4dc6e-935c-4a28-b150-b1f0a93570ce container/kube-rbac-proxy reason/Ready 
May 25 15:22:32.321 I ns/openshift-machine-api pod/cluster-baremetal-operator-95767655-8flhf node/ip-10-0-174-32.eu-central-1.compute.internal uid/dee4dc6e-935c-4a28-b150-b1f0a93570ce container/cluster-baremetal-operator reason/Ready 
May 25 15:22:32.321 I ns/openshift-dns pod/node-resolver-678fb node/ip-10-0-207-138.eu-central-1.compute.internal uid/0c1c40d3-9728-4632-8f19-757e5b2a862f reason/Created 
May 25 15:22:32.321 - 2s    I ns/openshift-dns pod/node-resolver-678fb uid/0c1c40d3-9728-4632-8f19-757e5b2a862f constructed/true reason/Scheduled node/ip-10-0-207-138.eu-central-1.compute.internal
May 25 15:22:32.321 I ns/openshift-dns pod/node-resolver-678fb node/ip-10-0-207-138.eu-central-1.compute.internal uid/0c1c40d3-9728-4632-8f19-757e5b2a862f reason/Scheduled node/ip-10-0-207-138.eu-central-1.compute.internal
May 25 15:22:32.321 - 2s    I ns/openshift-dns pod/node-resolver-678fb uid/0c1c40d3-9728-4632-8f19-757e5b2a862f container/dns-node-resolver constructed/true reason/ContainerStart cause/: 
May 25 15:22:32.321 I ns/openshift-dns pod/node-resolver-678fb node/ip-10-0-207-138.eu-central-1.compute.internal uid/0c1c40d3-9728-4632-8f19-757e5b2a862f container/dns-node-resolver reason/ContainerStart cause/: 
May 25 15:22:32.321 - 0ms   I ns/openshift-dns pod/node-resolver-678fb uid/0c1c40d3-9728-4632-8f19-757e5b2a862f container/dns-node-resolver constructed/true reason/NotReady missed real "NotReady"
May 25 15:22:32.321 - 2s    I ns/openshift-dns pod/node-resolver-678fb uid/0c1c40d3-9728-4632-8f19-757e5b2a862f container/dns-node-resolver constructed/true reason/Ready 
May 25 15:22:32.321 I ns/openshift-dns pod/node-resolver-678fb node/ip-10-0-207-138.eu-central-1.compute.internal uid/0c1c40d3-9728-4632-8f19-757e5b2a862f container/dns-node-resolver reason/Ready 
May 25 15:22:32.321 I ns/openshift-etcd pod/revision-pruner-6-ip-10-0-136-137.eu-central-1.compute.internal node/ip-10-0-136-137.eu-central-1.compute.internal uid/7f602498-c6bf-40ef-afea-4a761083ae9a reason/Created 
May 25 15:22:32.321 I ns/openshift-etcd pod/revision-pruner-6-ip-10-0-136-137.eu-central-1.compute.internal node/ip-10-0-136-137.eu-central-1.compute.internal uid/7f602498-c6bf-40ef-afea-4a761083ae9a reason/Scheduled node/ip-10-0-136-137.eu-central-1.compute.internal
May 25 15:22:32.321 W ns/openshift-etcd pod/revision-pruner-6-ip-10-0-136-137.eu-central-1.compute.internal node/ip-10-0-136-137.eu-central-1.compute.internal uid/7f602498-c6bf-40ef-afea-4a761083ae9a container/pruner reason/NotReady 
May 25 15:22:32.321 I ns/openshift-ingress-operator pod/ingress-operator-d95cc7455-bmbs6 node/ip-10-0-174-32.eu-central-1.compute.internal uid/b2fdf9eb-d1ed-49cd-ac6f-586d366bcef3 reason/Created 
May 25 15:22:32.321 - 2s    I ns/openshift-ingress-operator pod/ingress-operator-d95cc7455-bmbs6 uid/b2fdf9eb-d1ed-49cd-ac6f-586d366bcef3 constructed/true reason/Scheduled node/ip-10-0-174-32.eu-central-1.compute.internal
May 25 15:22:32.321 I ns/openshift-ingress-operator pod/ingress-operator-d95cc7455-bmbs6 node/ip-10-0-174-32.eu-central-1.compute.internal uid/b2fdf9eb-d1ed-49cd-ac6f-586d366bcef3 reason/Scheduled node/ip-10-0-174-32.eu-central-1.compute.internal
May 25 15:22:32.321 - 2s    I ns/openshift-ingress-operator pod/ingress-operator-d95cc7455-bmbs6 uid/b2fdf9eb-d1ed-49cd-ac6f-586d366bcef3 container/ingress-operator constructed/true reason/ContainerStart cause/: 
May 25 15:22:32.321 - 2s    I ns/openshift-ingress-operator pod/ingress-operator-d95cc7455-bmbs6 uid/b2fdf9eb-d1ed-49cd-ac6f-586d366bcef3 container/kube-rbac-proxy constructed/true reason/ContainerStart cause/: 
May 25 15:22:32.321 I ns/openshift-ingress-operator pod/ingress-operator-d95cc7455-bmbs6 node/ip-10-0-174-32.eu-central-1.compute.internal uid/b2fdf9eb-d1ed-49cd-ac6f-586d366bcef3 container/ingress-operator reason/ContainerStart cause/: 
May 25 15:22:32.321 I ns/openshift-ingress-operator pod/ingress-operator-d95cc7455-bmbs6 node/ip-10-0-174-32.eu-central-1.compute.internal uid/b2fdf9eb-d1ed-49cd-ac6f-586d366bcef3 container/kube-rbac-proxy reason/ContainerStart cause/: 
May 25 15:22:32.321 - 0ms   I ns/openshift-ingress-operator pod/ingress-operator-d95cc7455-bmbs6 uid/b2fdf9eb-d1ed-49cd-ac6f-586d366bcef3 container/kube-rbac-proxy constructed/true reason/NotReady missed real "NotReady"
May 25 15:22:32.321 - 0ms   I ns/openshift-ingress-operator pod/ingress-operator-d95cc7455-bmbs6 uid/b2fdf9eb-d1ed-49cd-ac6f-586d366bcef3 container/ingress-operator constructed/true reason/NotReady missed real "NotReady"
May 25 15:22:32.321 - 2s    I ns/openshift-ingress-operator pod/ingress-operator-d95cc7455-bmbs6 uid/b2fdf9eb-d1ed-49cd-ac6f-586d366bcef3 container/ingress-operator constructed/true reason/Ready 
May 25 15:22:32.321 - 2s    I ns/openshift-ingress-operator pod/ingress-operator-d95cc7455-bmbs6 uid/b2fdf9eb-d1ed-49cd-ac6f-586d366bcef3 container/kube-rbac-proxy constructed/true reason/Ready 
May 25 15:22:32.321 I ns/openshift-ingress-operator pod/ingress-operator-d95cc7455-bmbs6 node/ip-10-0-174-32.eu-central-1.compute.internal uid/b2fdf9eb-d1ed-49cd-ac6f-586d366bcef3 container/ingress-operator reason/Ready 
May 25 15:22:32.321 I ns/openshift-ingress-operator pod/ingress-operator-d95cc7455-bmbs6 node/ip-10-0-174-32.eu-central-1.compute.internal uid/b2fdf9eb-d1ed-49cd-ac6f-586d366bcef3 container/kube-rbac-proxy reason/Ready 
May 25 15:22:32.321 I ns/openshift-kube-apiserver pod/revision-pruner-10-ip-10-0-174-32.eu-central-1.compute.internal node/ip-10-0-174-32.eu-central-1.compute.internal uid/5248548d-c881-4d4c-a5fe-6f492f389291 reason/Created 
May 25 15:22:32.321 I ns/openshift-kube-apiserver pod/revision-pruner-10-ip-10-0-174-32.eu-central-1.compute.internal node/ip-10-0-174-32.eu-central-1.compute.internal uid/5248548d-c881-4d4c-a5fe-6f492f389291 reason/Scheduled node/ip-10-0-174-32.eu-central-1.compute.internal
May 25 15:22:32.321 W ns/openshift-kube-apiserver pod/revision-pruner-10-ip-10-0-174-32.eu-central-1.compute.internal node/ip-10-0-174-32.eu-central-1.compute.internal uid/5248548d-c881-4d4c-a5fe-6f492f389291 container/pruner reason/NotReady 
May 25 15:22:32.321 I ns/openshift-kube-scheduler pod/openshift-kube-scheduler-ip-10-0-194-125.eu-central-1.compute.internal node/ip-10-0-194-125.eu-central-1.compute.internal uid/58f3c220-edf6-4d6a-bc93-b4bcda5585b0 reason/Created 
May 25 15:22:32.321 - 2s    I ns/openshift-kube-scheduler pod/openshift-kube-scheduler-ip-10-0-194-125.eu-central-1.compute.internal uid/58f3c220-edf6-4d6a-bc93-b4bcda5585b0 constructed/true reason/Scheduled node/ip-10-0-194-125.eu-central-1.compute.internal
May 25 15:22:32.321 I ns/openshift-kube-scheduler pod/openshift-kube-scheduler-ip-10-0-194-125.eu-central-1.compute.internal node/ip-10-0-194-125.eu-central-1.compute.internal uid/58f3c220-edf6-4d6a-bc93-b4bcda5585b0 reason/Scheduled node/ip-10-0-194-125.eu-central-1.compute.internal
May 25 15:22:32.321 - 2s    I ns/openshift-kube-scheduler pod/openshift-kube-scheduler-ip-10-0-194-125.eu-central-1.compute.internal uid/58f3c220-edf6-4d6a-bc93-b4bcda5585b0 container/kube-scheduler-recovery-controller constructed/true reason/ContainerStart cause/: 
May 25 15:22:32.321 - 2s    I ns/openshift-kube-scheduler pod/openshift-kube-scheduler-ip-10-0-194-125.eu-central-1.compute.internal uid/58f3c220-edf6-4d6a-bc93-b4bcda5585b0 container/kube-scheduler constructed/true reason/ContainerStart cause/: 
May 25 15:22:32.321 - 2s    I ns/openshift-kube-scheduler pod/openshift-kube-scheduler-ip-10-0-194-125.eu-central-1.compute.internal uid/58f3c220-edf6-4d6a-bc93-b4bcda5585b0 container/kube-scheduler-cert-syncer constructed/true reason/ContainerStart cause/: 
May 25 15:22:32.321 I ns/openshift-kube-scheduler pod/openshift-kube-scheduler-ip-10-0-194-125.eu-central-1.compute.internal node/ip-10-0-194-125.eu-central-1.compute.internal uid/58f3c220-edf6-4d6a-bc93-b4bcda5585b0 container/kube-scheduler-recovery-controller reason/ContainerStart cause/: 
May 25 15:22:32.321 I ns/openshift-kube-scheduler pod/openshift-kube-scheduler-ip-10-0-194-125.eu-central-1.compute.internal node/ip-10-0-194-125.eu-central-1.compute.internal uid/58f3c220-edf6-4d6a-bc93-b4bcda5585b0 container/kube-scheduler reason/ContainerStart cause/: 
May 25 15:22:32.321 I ns/openshift-kube-scheduler pod/openshift-kube-scheduler-ip-10-0-194-125.eu-central-1.compute.internal node/ip-10-0-194-125.eu-central-1.compute.internal uid/58f3c220-edf6-4d6a-bc93-b4bcda5585b0 container/kube-scheduler-cert-syncer reason/ContainerStart cause/: 
May 25 15:22:32.321 - 0ms   I ns/openshift-kube-scheduler pod/openshift-kube-scheduler-ip-10-0-194-125.eu-central-1.compute.internal uid/58f3c220-edf6-4d6a-bc93-b4bcda5585b0 container/kube-scheduler-recovery-controller constructed/true reason/NotReady missed real "NotReady"
May 25 15:22:32.321 - 0ms   I ns/openshift-kube-scheduler pod/openshift-kube-scheduler-ip-10-0-194-125.eu-central-1.compute.internal uid/58f3c220-edf6-4d6a-bc93-b4bcda5585b0 container/kube-scheduler-cert-syncer constructed/true reason/NotReady missed real "NotReady"
May 25 15:22:32.321 - 0ms   I ns/openshift-kube-scheduler pod/openshift-kube-scheduler-ip-10-0-194-125.eu-central-1.compute.internal uid/58f3c220-edf6-4d6a-bc93-b4bcda5585b0 container/kube-scheduler constructed/true reason/NotReady missed real "NotReady"
May 25 15:22:32.321 - 2s    I ns/openshift-kube-scheduler pod/openshift-kube-scheduler-ip-10-0-194-125.eu-central-1.compute.internal uid/58f3c220-edf6-4d6a-bc93-b4bcda5585b0 container/kube-scheduler-cert-syncer constructed/true reason/Ready 
May 25 15:22:32.321 - 2s    I ns/openshift-kube-scheduler pod/openshift-kube-scheduler-ip-10-0-194-125.eu-central-1.compute.internal uid/58f3c220-edf6-4d6a-bc93-b4bcda5585b0 container/kube-scheduler constructed/true reason/Ready 
May 25 15:22:32.321 - 2s    I ns/openshift-kube-scheduler pod/openshift-kube-scheduler-ip-10-0-194-125.eu-central-1.compute.internal uid/58f3c220-edf6-4d6a-bc93-b4bcda5585b0 container/kube-scheduler-recovery-controller constructed/true reason/Ready 
May 25 15:22:32.321 I ns/openshift-kube-scheduler pod/openshift-kube-scheduler-ip-10-0-194-125.eu-central-1.compute.internal node/ip-10-0-194-125.eu-central-1.compute.internal uid/58f3c220-edf6-4d6a-bc93-b4bcda5585b0 container/kube-scheduler-recovery-controller reason/Ready 
May 25 15:22:32.321 I ns/openshift-kube-scheduler pod/openshift-kube-scheduler-ip-10-0-194-125.eu-central-1.compute.internal node/ip-10-0-194-125.eu-central-1.compute.internal uid/58f3c220-edf6-4d6a-bc93-b4bcda5585b0 container/kube-scheduler reason/Ready 
May 25 15:22:32.321 I ns/openshift-kube-scheduler pod/openshift-kube-scheduler-ip-10-0-194-125.eu-central-1.compute.internal node/ip-10-0-194-125.eu-central-1.compute.internal uid/58f3c220-edf6-4d6a-bc93-b4bcda5585b0 container/wait-for-host-port reason/Ready 
May 25 15:22:32.321 I ns/openshift-kube-scheduler pod/openshift-kube-scheduler-ip-10-0-194-125.eu-central-1.compute.internal node/ip-10-0-194-125.eu-central-1.compute.internal uid/58f3c220-edf6-4d6a-bc93-b4bcda5585b0 container/kube-scheduler-cert-syncer reason/Ready 
May 25 15:22:32.321 I ns/openshift-multus pod/network-metrics-daemon-2cghf node/ip-10-0-194-125.eu-central-1.compute.internal uid/5357f948-b25f-446d-bd50-170f4dd33187 reason/Created 
May 25 15:22:32.321 - 2s    I ns/openshift-multus pod/network-metrics-daemon-2cghf uid/5357f948-b25f-446d-bd50-170f4dd33187 constructed/true reason/Scheduled node/ip-10-0-194-125.eu-central-1.compute.internal
May 25 15:22:32.321 I ns/openshift-multus pod/network-metrics-daemon-2cghf node/ip-10-0-194-125.eu-central-1.compute.internal uid/5357f948-b25f-446d-bd50-170f4dd33187 reason/Scheduled node/ip-10-0-194-125.eu-central-1.compute.internal
May 25 15:22:32.321 - 2s    I ns/openshift-multus pod/network-metrics-daemon-2cghf uid/5357f948-b25f-446d-bd50-170f4dd33187 container/network-metrics-daemon constructed/true reason/ContainerStart cause/: 
May 25 15:22:32.321 - 2s    I ns/openshift-multus pod/network-metrics-daemon-2cghf uid/5357f948-b25f-446d-bd50-170f4dd33187 container/kube-rbac-proxy constructed/true reason/ContainerStart cause/: 
May 25 15:22:32.321 I ns/openshift-multus pod/network-metrics-daemon-2cghf node/ip-10-0-194-125.eu-central-1.compute.internal uid/5357f948-b25f-446d-bd50-170f4dd33187 container/kube-rbac-proxy reason/ContainerStart cause/: 
May 25 15:22:32.321 I ns/openshift-multus pod/network-metrics-daemon-2cghf node/ip-10-0-194-125.eu-central-1.compute.internal uid/5357f948-b25f-446d-bd50-170f4dd33187 container/network-metrics-daemon reason/ContainerStart cause/: 
May 25 15:22:32.321 - 0ms   I ns/openshift-multus pod/network-metrics-daemon-2cghf uid/5357f948-b25f-446d-bd50-170f4dd33187 container/network-metrics-daemon constructed/true reason/NotReady missed real "NotReady"
May 25 15:22:32.321 - 0ms   I ns/openshift-multus pod/network-metrics-daemon-2cghf uid/5357f948-b25f-446d-bd50-170f4dd33187 container/kube-rbac-proxy constructed/true reason/NotReady missed real "NotReady"
May 25 15:22:32.321 - 2s    I ns/openshift-multus pod/network-metrics-daemon-2cghf uid/5357f948-b25f-446d-bd50-170f4dd33187 container/network-metrics-daemon constructed/true reason/Ready 
May 25 15:22:32.321 - 2s    I ns/openshift-multus pod/network-metrics-daemon-2cghf uid/5357f948-b25f-446d-bd50-170f4dd33187 container/kube-rbac-proxy constructed/true reason/Ready 
May 25 15:22:32.321 I ns/openshift-multus pod/network-metrics-daemon-2cghf node/ip-10-0-194-125.eu-central-1.compute.internal uid/5357f948-b25f-446d-bd50-170f4dd33187 container/kube-rbac-proxy reason/Ready 
May 25 15:22:32.321 I ns/openshift-multus pod/network-metrics-daemon-2cghf node/ip-10-0-194-125.eu-central-1.compute.internal uid/5357f948-b25f-446d-bd50-170f4dd33187 container/network-metrics-daemon reason/Ready 
May 25 15:22:32.321 I ns/openshift-oauth-apiserver pod/apiserver-55cd9c6c66-2mkth node/ip-10-0-174-32.eu-central-1.compute.internal uid/529da17c-9f2a-483f-abcb-31b598ba40e3 reason/Created 
May 25 15:22:32.321 - 2s    I ns/openshift-oauth-apiserver pod/apiserver-55cd9c6c66-2mkth uid/529da17c-9f2a-483f-abcb-31b598ba40e3 constructed/true reason/Scheduled node/ip-10-0-174-32.eu-central-1.compute.internal
May 25 15:22:32.321 I ns/openshift-oauth-apiserver pod/apiserver-55cd9c6c66-2mkth node/ip-10-0-174-32.eu-central-1.compute.internal uid/529da17c-9f2a-483f-abcb-31b598ba40e3 reason/Scheduled node/ip-10-0-174-32.eu-central-1.compute.internal
May 25 15:22:32.321 - 2s    I ns/openshift-oauth-apiserver pod/apiserver-55cd9c6c66-2mkth uid/529da17c-9f2a-483f-abcb-31b598ba40e3 container/oauth-apiserver constructed/true reason/ContainerStart cause/: 
May 25 15:22:32.321 I ns/openshift-oauth-apiserver pod/apiserver-55cd9c6c66-2mkth node/ip-10-0-174-32.eu-central-1.compute.internal uid/529da17c-9f2a-483f-abcb-31b598ba40e3 container/oauth-apiserver reason/ContainerStart cause/: 
May 25 15:22:32.321 - 0ms   I ns/openshift-oauth-apiserver pod/apiserver-55cd9c6c66-2mkth uid/529da17c-9f2a-483f-abcb-31b598ba40e3 container/oauth-apiserver constructed/true reason/NotReady missed real "NotReady"
May 25 15:22:32.321 - 2s    I ns/openshift-oauth-apiserver pod/apiserver-55cd9c6c66-2mkth uid/529da17c-9f2a-483f-abcb-31b598ba40e3 container/oauth-apiserver constructed/true reason/Ready 
May 25 15:22:32.321 I ns/openshift-oauth-apiserver pod/apiserver-55cd9c6c66-2mkth node/ip-10-0-174-32.eu-central-1.compute.internal uid/529da17c-9f2a-483f-abcb-31b598ba40e3 container/fix-audit-permissions reason/Ready 
May 25 15:22:32.321 I ns/openshift-oauth-apiserver pod/apiserver-55cd9c6c66-2mkth node/ip-10-0-174-32.eu-central-1.compute.internal uid/529da17c-9f2a-483f-abcb-31b598ba40e3 container/oauth-apiserver reason/Ready 
May 25 15:22:32.321 I ns/openshift-marketplace pod/redhat-marketplace-snf5c node/ip-10-0-194-125.eu-central-1.compute.internal uid/30eb076e-11ad-441e-befe-ade9506a6d4e reason/Created 
May 25 15:22:32.321 - 2s    I ns/openshift-marketplace pod/redhat-marketplace-snf5c uid/30eb076e-11ad-441e-befe-ade9506a6d4e constructed/true reason/Scheduled node/ip-10-0-194-125.eu-central-1.compute.internal
May 25 15:22:32.321 I ns/openshift-marketplace pod/redhat-marketplace-snf5c node/ip-10-0-194-125.eu-central-1.compute.internal uid/30eb076e-11ad-441e-befe-ade9506a6d4e reason/Scheduled node/ip-10-0-194-125.eu-central-1.compute.internal
May 25 15:22:32.321 - 2s    I ns/openshift-marketplace pod/redhat-marketplace-snf5c uid/30eb076e-11ad-441e-befe-ade9506a6d4e container/registry-server constructed/true reason/ContainerStart cause/: 
May 25 15:22:32.321 I ns/openshift-marketplace pod/redhat-marketplace-snf5c node/ip-10-0-194-125.eu-central-1.compute.internal uid/30eb076e-11ad-441e-befe-ade9506a6d4e container/registry-server reason/ContainerStart cause/: 
May 25 15:22:32.321 - 0ms   I ns/openshift-marketplace pod/redhat-marketplace-snf5c uid/30eb076e-11ad-441e-befe-ade9506a6d4e container/registry-server constructed/true reason/NotReady missed real "NotReady"
May 25 15:22:32.321 - 2s    I ns/openshift-marketplace pod/redhat-marketplace-snf5c uid/30eb076e-11ad-441e-befe-ade9506a6d4e container/registry-server constructed/true reason/Ready 
May 25 15:22:32.321 I ns/openshift-marketplace pod/redhat-marketplace-snf5c node/ip-10-0-194-125.eu-central-1.compute.internal uid/30eb076e-11ad-441e-befe-ade9506a6d4e container/registry-server reason/Ready 
May 25 15:22:32.321 I ns/openshift-sdn pod/sdn-hpp8s node/ip-10-0-131-226.eu-central-1.compute.internal uid/b4b48372-1269-4a9e-bcc5-a06b21deb066 reason/Created 
May 25 15:22:32.321 - 2s    I ns/openshift-sdn pod/sdn-hpp8s uid/b4b48372-1269-4a9e-bcc5-a06b21deb066 constructed/true reason/Scheduled node/ip-10-0-131-226.eu-central-1.compute.internal
May 25 15:22:32.321 I ns/openshift-sdn pod/sdn-hpp8s node/ip-10-0-131-226.eu-central-1.compute.internal uid/b4b48372-1269-4a9e-bcc5-a06b21deb066 reason/Scheduled node/ip-10-0-131-226.eu-central-1.compute.internal
May 25 15:22:32.321 - 2s    I ns/openshift-sdn pod/sdn-hpp8s uid/b4b48372-1269-4a9e-bcc5-a06b21deb066 container/sdn constructed/true reason/ContainerStart cause/: 
May 25 15:22:32.321 - 2s    I ns/openshift-sdn pod/sdn-hpp8s uid/b4b48372-1269-4a9e-bcc5-a06b21deb066 container/kube-rbac-proxy constructed/true reason/ContainerStart cause/: 
May 25 15:22:32.321 I ns/openshift-sdn pod/sdn-hpp8s node/ip-10-0-131-226.eu-central-1.compute.internal uid/b4b48372-1269-4a9e-bcc5-a06b21deb066 container/kube-rbac-proxy reason/ContainerStart cause/: 
May 25 15:22:32.321 I ns/openshift-sdn pod/sdn-hpp8s node/ip-10-0-131-226.eu-central-1.compute.internal uid/b4b48372-1269-4a9e-bcc5-a06b21deb066 container/sdn reason/ContainerStart cause/: 
May 25 15:22:32.321 - 0ms   I ns/openshift-sdn pod/sdn-hpp8s uid/b4b48372-1269-4a9e-bcc5-a06b21deb066 container/sdn constructed/true reason/NotReady missed real "NotReady"
May 25 15:22:32.321 - 0ms   I ns/openshift-sdn pod/sdn-hpp8s uid/b4b48372-1269-4a9e-bcc5-a06b21deb066 container/kube-rbac-proxy constructed/true reason/NotReady missed real "NotReady"
May 25 15:22:32.321 - 2s    I ns/openshift-sdn pod/sdn-hpp8s uid/b4b48372-1269-4a9e-bcc5-a06b21deb066 container/kube-rbac-proxy constructed/true reason/Ready 
May 25 15:22:32.321 - 2s    I ns/openshift-sdn pod/sdn-hpp8s uid/b4b48372-1269-4a9e-bcc5-a06b21deb066 container/sdn constructed/true reason/Ready 
May 25 15:22:32.321 I ns/openshift-sdn pod/sdn-hpp8s node/ip-10-0-131-226.eu-central-1.compute.internal uid/b4b48372-1269-4a9e-bcc5-a06b21deb066 container/kube-rbac-proxy reason/Ready 
May 25 15:22:32.321 I ns/openshift-sdn pod/sdn-hpp8s node/ip-10-0-131-226.eu-central-1.compute.internal uid/b4b48372-1269-4a9e-bcc5-a06b21deb066 container/sdn reason/Ready 
May 25 15:22:32.321 I ns/openshift-ingress-canary pod/ingress-canary-4tkkv node/ip-10-0-186-221.eu-central-1.compute.internal uid/15ec49bc-2687-4907-974b-4284d7aa98ba reason/Created 
May 25 15:22:32.321 - 2s    I ns/openshift-ingress-canary pod/ingress-canary-4tkkv uid/15ec49bc-2687-4907-974b-4284d7aa98ba constructed/true reason/Scheduled node/ip-10-0-186-221.eu-central-1.compute.internal
May 25 15:22:32.321 I ns/openshift-ingress-canary pod/ingress-canary-4tkkv node/ip-10-0-186-221.eu-central-1.compute.internal uid/15ec49bc-2687-4907-974b-4284d7aa98ba reason/Scheduled node/ip-10-0-186-221.eu-central-1.compute.internal
May 25 15:22:32.321 - 2s    I ns/openshift-ingress-canary pod/ingress-canary-4tkkv uid/15ec49bc-2687-4907-974b-4284d7aa98ba container/serve-healthcheck-canary constructed/true reason/ContainerStart cause/: 
May 25 15:22:32.321 I ns/openshift-ingress-canary pod/ingress-canary-4tkkv node/ip-10-0-186-221.eu-central-1.compute.internal uid/15ec49bc-2687-4907-974b-4284d7aa98ba container/serve-healthcheck-canary reason/ContainerStart cause/: 
May 25 15:22:32.321 - 0ms   I ns/openshift-ingress-canary pod/ingress-canary-4tkkv uid/15ec49bc-2687-4907-974b-4284d7aa98ba container/serve-healthcheck-canary constructed/true reason/NotReady missed real "NotReady"
May 25 15:22:32.321 - 2s    I ns/openshift-ingress-canary pod/ingress-canary-4tkkv uid/15ec49bc-2687-4907-974b-4284d7aa98ba container/serve-healthcheck-canary constructed/true reason/Ready 
May 25 15:22:32.321 I ns/openshift-ingress-canary pod/ingress-canary-4tkkv node/ip-10-0-186-221.eu-central-1.compute.internal uid/15ec49bc-2687-4907-974b-4284d7aa98ba container/serve-healthcheck-canary reason/Ready 
May 25 15:22:32.321 I ns/openshift-monitoring pod/node-exporter-7kpmh node/ip-10-0-186-221.eu-central-1.compute.internal uid/228bc0a4-1a3e-40b3-968f-cd7d392c6b16 reason/Created 
May 25 15:22:32.321 - 2s    I ns/openshift-monitoring pod/node-exporter-7kpmh uid/228bc0a4-1a3e-40b3-968f-cd7d392c6b16 constructed/true reason/Scheduled node/ip-10-0-186-221.eu-central-1.compute.internal
May 25 15:22:32.321 I ns/openshift-monitoring pod/node-exporter-7kpmh node/ip-10-0-186-221.eu-central-1.compute.internal uid/228bc0a4-1a3e-40b3-968f-cd7d392c6b16 reason/Scheduled node/ip-10-0-186-221.eu-central-1.compute.internal
May 25 15:22:32.321 - 2s    I ns/openshift-monitoring pod/node-exporter-7kpmh uid/228bc0a4-1a3e-40b3-968f-cd7d392c6b16 container/node-exporter constructed/true reason/ContainerStart cause/: 
May 25 15:22:32.321 - 2s    I ns/openshift-monitoring pod/node-exporter-7kpmh uid/228bc0a4-1a3e-40b3-968f-cd7d392c6b16 container/kube-rbac-proxy constructed/true reason/ContainerStart cause/: 
May 25 15:22:32.321 I ns/openshift-monitoring pod/node-exporter-7kpmh node/ip-10-0-186-221.eu-central-1.compute.internal uid/228bc0a4-1a3e-40b3-968f-cd7d392c6b16 container/kube-rbac-proxy reason/ContainerStart cause/: 
May 25 15:22:32.321 I ns/openshift-monitoring pod/node-exporter-7kpmh node/ip-10-0-186-221.eu-central-1.compute.internal uid/228bc0a4-1a3e-40b3-968f-cd7d392c6b16 container/node-exporter reason/ContainerStart cause/: 
May 25 15:22:32.321 - 0ms   I ns/openshift-monitoring pod/node-exporter-7kpmh uid/228bc0a4-1a3e-40b3-968f-cd7d392c6b16 container/kube-rbac-proxy constructed/true reason/NotReady missed real "NotReady"
May 25 15:22:32.321 - 0ms   I ns/openshift-monitoring pod/node-exporter-7kpmh uid/228bc0a4-1a3e-40b3-968f-cd7d392c6b16 container/node-exporter constructed/true reason/NotReady missed real "NotReady"
May 25 15:22:32.321 - 2s    I ns/openshift-monitoring pod/node-exporter-7kpmh uid/228bc0a4-1a3e-40b3-968f-cd7d392c6b16 container/kube-rbac-proxy constructed/true reason/Ready 
May 25 15:22:32.321 - 2s    I ns/openshift-monitoring pod/node-exporter-7kpmh uid/228bc0a4-1a3e-40b3-968f-cd7d392c6b16 container/node-exporter constructed/true reason/Ready 
May 25 15:22:32.321 I ns/openshift-monitoring pod/node-exporter-7kpmh node/ip-10-0-186-221.eu-central-1.compute.internal uid/228bc0a4-1a3e-40b3-968f-cd7d392c6b16 container/node-exporter reason/Ready 
May 25 15:22:32.321 I ns/openshift-monitoring pod/node-exporter-7kpmh node/ip-10-0-186-221.eu-central-1.compute.internal uid/228bc0a4-1a3e-40b3-968f-cd7d392c6b16 container/init-textfile reason/Ready 
May 25 15:22:32.321 I ns/openshift-monitoring pod/node-exporter-7kpmh node/ip-10-0-186-221.eu-central-1.compute.internal uid/228bc0a4-1a3e-40b3-968f-cd7d392c6b16 container/kube-rbac-proxy reason/Ready 
May 25 15:22:32.321 I ns/openshift-monitoring pod/openshift-state-metrics-5d6b54c8c9-5gdhx node/ip-10-0-186-221.eu-central-1.compute.internal uid/6fb5f689-017d-462b-8398-ace27122a646 reason/Created 
May 25 15:22:32.321 - 2s    I ns/openshift-monitoring pod/openshift-state-metrics-5d6b54c8c9-5gdhx uid/6fb5f689-017d-462b-8398-ace27122a646 constructed/true reason/Scheduled node/ip-10-0-186-221.eu-central-1.compute.internal
May 25 15:22:32.321 I ns/openshift-monitoring pod/openshift-state-metrics-5d6b54c8c9-5gdhx node/ip-10-0-186-221.eu-central-1.compute.internal uid/6fb5f689-017d-462b-8398-ace27122a646 reason/Scheduled node/ip-10-0-186-221.eu-central-1.compute.internal
May 25 15:22:32.321 - 2s    I ns/openshift-monitoring pod/openshift-state-metrics-5d6b54c8c9-5gdhx uid/6fb5f689-017d-462b-8398-ace27122a646 container/kube-rbac-proxy-main constructed/true reason/ContainerStart cause/: 
May 25 15:22:32.321 - 2s    I ns/openshift-monitoring pod/openshift-state-metrics-5d6b54c8c9-5gdhx uid/6fb5f689-017d-462b-8398-ace27122a646 container/openshift-state-metrics constructed/true reason/ContainerStart cause/: 
May 25 15:22:32.321 - 2s    I ns/openshift-monitoring pod/openshift-state-metrics-5d6b54c8c9-5gdhx uid/6fb5f689-017d-462b-8398-ace27122a646 container/kube-rbac-proxy-self constructed/true reason/ContainerStart cause/: 
May 25 15:22:32.321 I ns/openshift-monitoring pod/openshift-state-metrics-5d6b54c8c9-5gdhx node/ip-10-0-186-221.eu-central-1.compute.internal uid/6fb5f689-017d-462b-8398-ace27122a646 container/kube-rbac-proxy-self reason/ContainerStart cause/: 
May 25 15:22:32.321 I ns/openshift-monitoring pod/openshift-state-metrics-5d6b54c8c9-5gdhx node/ip-10-0-186-221.eu-central-1.compute.internal uid/6fb5f689-017d-462b-8398-ace27122a646 container/kube-rbac-proxy-main reason/ContainerStart cause/: 
May 25 15:22:32.321 I ns/openshift-monitoring pod/openshift-state-metrics-5d6b54c8c9-5gdhx node/ip-10-0-186-221.eu-central-1.compute.internal uid/6fb5f689-017d-462b-8398-ace27122a646 container/openshift-state-metrics reason/ContainerStart cause/: 
May 25 15:22:32.321 - 0ms   I ns/openshift-monitoring pod/openshift-state-metrics-5d6b54c8c9-5gdhx uid/6fb5f689-017d-462b-8398-ace27122a646 container/kube-rbac-proxy-self constructed/true reason/NotReady missed real "NotReady"
May 25 15:22:32.321 - 0ms   I ns/openshift-monitoring pod/openshift-state-metrics-5d6b54c8c9-5gdhx uid/6fb5f689-017d-462b-8398-ace27122a646 container/openshift-state-metrics constructed/true reason/NotReady missed real "NotReady"
May 25 15:22:32.321 - 0ms   I ns/openshift-monitoring pod/openshift-state-metrics-5d6b54c8c9-5gdhx uid/6fb5f689-017d-462b-8398-ace27122a646 container/kube-rbac-proxy-main constructed/true reason/NotReady missed real "NotReady"
May 25 15:22:32.321 - 2s    I ns/openshift-monitoring pod/openshift-state-metrics-5d6b54c8c9-5gdhx uid/6fb5f689-017d-462b-8398-ace27122a646 container/kube-rbac-proxy-main constructed/true reason/Ready 
May 25 15:22:32.321 - 2s    I ns/openshift-monitoring pod/openshift-state-metrics-5d6b54c8c9-5gdhx uid/6fb5f689-017d-462b-8398-ace27122a646 container/openshift-state-metrics constructed/true reason/Ready 
May 25 15:22:32.321 - 2s    I ns/openshift-monitoring pod/openshift-state-metrics-5d6b54c8c9-5gdhx uid/6fb5f689-017d-462b-8398-ace27122a646 container/kube-rbac-proxy-self constructed/true reason/Ready 
May 25 15:22:32.321 I ns/openshift-monitoring pod/openshift-state-metrics-5d6b54c8c9-5gdhx node/ip-10-0-186-221.eu-central-1.compute.internal uid/6fb5f689-017d-462b-8398-ace27122a646 container/kube-rbac-proxy-self reason/Ready 
May 25 15:22:32.321 I ns/openshift-monitoring pod/openshift-state-metrics-5d6b54c8c9-5gdhx node/ip-10-0-186-221.eu-central-1.compute.internal uid/6fb5f689-017d-462b-8398-ace27122a646 container/openshift-state-metrics reason/Ready 
May 25 15:22:32.321 I ns/openshift-monitoring pod/openshift-state-metrics-5d6b54c8c9-5gdhx node/ip-10-0-186-221.eu-central-1.compute.internal uid/6fb5f689-017d-462b-8398-ace27122a646 container/kube-rbac-proxy-main reason/Ready 
May 25 15:22:32.321 I ns/openshift-sdn pod/sdn-hngtd node/ip-10-0-174-32.eu-central-1.compute.internal uid/ca5947dd-80e1-4019-a8e1-cf3ad1d4af25 reason/Created 
May 25 15:22:32.321 - 2s    I ns/openshift-sdn pod/sdn-hngtd uid/ca5947dd-80e1-4019-a8e1-cf3ad1d4af25 constructed/true reason/Scheduled node/ip-10-0-174-32.eu-central-1.compute.internal
May 25 15:22:32.321 I ns/openshift-sdn pod/sdn-hngtd node/ip-10-0-174-32.eu-central-1.compute.internal uid/ca5947dd-80e1-4019-a8e1-cf3ad1d4af25 reason/Scheduled node/ip-10-0-174-32.eu-central-1.compute.internal
May 25 15:22:32.321 - 2s    I ns/openshift-sdn pod/sdn-hngtd uid/ca5947dd-80e1-4019-a8e1-cf3ad1d4af25 container/sdn constructed/true reason/ContainerStart cause/: 
May 25 15:22:32.321 - 2s    I ns/openshift-sdn pod/sdn-hngtd uid/ca5947dd-80e1-4019-a8e1-cf3ad1d4af25 container/kube-rbac-proxy constructed/true reason/ContainerStart cause/: 
May 25 15:22:32.321 I ns/openshift-sdn pod/sdn-hngtd node/ip-10-0-174-32.eu-central-1.compute.internal uid/ca5947dd-80e1-4019-a8e1-cf3ad1d4af25 container/kube-rbac-proxy reason/ContainerStart cause/: 
May 25 15:22:32.321 I ns/openshift-sdn pod/sdn-hngtd node/ip-10-0-174-32.eu-central-1.compute.internal uid/ca5947dd-80e1-4019-a8e1-cf3ad1d4af25 container/sdn reason/ContainerStart cause/: 
May 25 15:22:32.321 - 0ms   I ns/openshift-sdn pod/sdn-hngtd uid/ca5947dd-80e1-4019-a8e1-cf3ad1d4af25 container/sdn constructed/true reason/NotReady missed real "NotReady"
May 25 15:22:32.321 - 0ms   I ns/openshift-sdn pod/sdn-hngtd uid/ca5947dd-80e1-4019-a8e1-cf3ad1d4af25 container/kube-rbac-proxy constructed/true reason/NotReady missed real "NotReady"
May 25 15:22:32.321 - 2s    I ns/openshift-sdn pod/sdn-hngtd uid/ca5947dd-80e1-4019-a8e1-cf3ad1d4af25 container/sdn constructed/true reason/Ready 
May 25 15:22:32.321 - 2s    I ns/openshift-sdn pod/sdn-hngtd uid/ca5947dd-80e1-4019-a8e1-cf3ad1d4af25 container/kube-rbac-proxy constructed/true reason/Ready 
May 25 15:22:32.321 I ns/openshift-sdn pod/sdn-hngtd node/ip-10-0-174-32.eu-central-1.compute.internal uid/ca5947dd-80e1-4019-a8e1-cf3ad1d4af25 container/sdn reason/Ready 
May 25 15:22:32.321 I ns/openshift-sdn pod/sdn-hngtd node/ip-10-0-174-32.eu-central-1.compute.internal uid/ca5947dd-80e1-4019-a8e1-cf3ad1d4af25 container/kube-rbac-proxy reason/Ready 
May 25 15:22:32.321 I ns/openshift-dns pod/dns-default-hjrsb node/ip-10-0-207-138.eu-central-1.compute.internal uid/26578a68-d4ba-4aea-a431-fb3efd93f43b reason/Created 
May 25 15:22:32.321 - 2s    I ns/openshift-dns pod/dns-default-hjrsb uid/26578a68-d4ba-4aea-a431-fb3efd93f43b constructed/true reason/Scheduled node/ip-10-0-207-138.eu-central-1.compute.internal
May 25 15:22:32.321 I ns/openshift-dns pod/dns-default-hjrsb node/ip-10-0-207-138.eu-central-1.compute.internal uid/26578a68-d4ba-4aea-a431-fb3efd93f43b reason/Scheduled node/ip-10-0-207-138.eu-central-1.compute.internal
May 25 15:22:32.321 - 2s    I ns/openshift-dns pod/dns-default-hjrsb uid/26578a68-d4ba-4aea-a431-fb3efd93f43b container/kube-rbac-proxy constructed/true reason/ContainerStart cause/: 
May 25 15:22:32.321 - 2s    I ns/openshift-dns pod/dns-default-hjrsb uid/26578a68-d4ba-4aea-a431-fb3efd93f43b container/dns constructed/true reason/ContainerStart cause/: 
May 25 15:22:32.321 I ns/openshift-dns pod/dns-default-hjrsb node/ip-10-0-207-138.eu-central-1.compute.internal uid/26578a68-d4ba-4aea-a431-fb3efd93f43b container/kube-rbac-proxy reason/ContainerStart cause/: 
May 25 15:22:32.321 I ns/openshift-dns pod/dns-default-hjrsb node/ip-10-0-207-138.eu-central-1.compute.internal uid/26578a68-d4ba-4aea-a431-fb3efd93f43b container/dns reason/ContainerStart cause/: 
May 25 15:22:32.321 - 0ms   I ns/openshift-dns pod/dns-default-hjrsb uid/26578a68-d4ba-4aea-a431-fb3efd93f43b container/dns constructed/true reason/NotReady missed real "NotReady"
May 25 15:22:32.321 - 0ms   I ns/openshift-dns pod/dns-default-hjrsb uid/26578a68-d4ba-4aea-a431-fb3efd93f43b container/kube-rbac-proxy constructed/true reason/NotReady missed real "NotReady"
May 25 15:22:32.321 - 2s    I ns/openshift-dns pod/dns-default-hjrsb uid/26578a68-d4ba-4aea-a431-fb3efd93f43b container/kube-rbac-proxy constructed/true reason/Ready 
May 25 15:22:32.321 - 2s    I ns/openshift-dns pod/dns-default-hjrsb uid/26578a68-d4ba-4aea-a431-fb3efd93f43b container/dns constructed/true reason/Ready 
May 25 15:22:32.321 I ns/openshift-dns pod/dns-default-hjrsb node/ip-10-0-207-138.eu-central-1.compute.internal uid/26578a68-d4ba-4aea-a431-fb3efd93f43b container/dns reason/Ready 
May 25 15:22:32.321 I ns/openshift-dns pod/dns-default-hjrsb node/ip-10-0-207-138.eu-central-1.compute.internal uid/26578a68-d4ba-4aea-a431-fb3efd93f43b container/kube-rbac-proxy reason/Ready 
May 25 15:22:32.321 I ns/openshift-etcd pod/etcd-guard-ip-10-0-174-32.eu-central-1.compute.internal node/ip-10-0-174-32.eu-central-1.compute.internal uid/7c902997-a27d-477f-95ac-2e2fae1ac0ec reason/Created 
May 25 15:22:32.321 - 2s    I ns/openshift-etcd pod/etcd-guard-ip-10-0-174-32.eu-central-1.compute.internal uid/7c902997-a27d-477f-95ac-2e2fae1ac0ec constructed/true reason/Scheduled node/ip-10-0-174-32.eu-central-1.compute.internal
May 25 15:22:32.321 I ns/openshift-etcd pod/etcd-guard-ip-10-0-174-32.eu-central-1.compute.internal node/ip-10-0-174-32.eu-central-1.compute.internal uid/7c902997-a27d-477f-95ac-2e2fae1ac0ec reason/Scheduled node/ip-10-0-174-32.eu-central-1.compute.internal
May 25 15:22:32.321 - 2s    I ns/openshift-etcd pod/etcd-guard-ip-10-0-174-32.eu-central-1.compute.internal uid/7c902997-a27d-477f-95ac-2e2fae1ac0ec container/guard constructed/true reason/ContainerStart cause/: 
May 25 15:22:32.321 I ns/openshift-etcd pod/etcd-guard-ip-10-0-174-32.eu-central-1.compute.internal node/ip-10-0-174-32.eu-central-1.compute.internal uid/7c902997-a27d-477f-95ac-2e2fae1ac0ec container/guard reason/ContainerStart cause/: 
May 25 15:22:32.321 - 0ms   I ns/openshift-etcd pod/etcd-guard-ip-10-0-174-32.eu-central-1.compute.internal uid/7c902997-a27d-477f-95ac-2e2fae1ac0ec container/guard constructed/true reason/NotReady missed real "NotReady"
May 25 15:22:32.321 - 2s    I ns/openshift-etcd pod/etcd-guard-ip-10-0-174-32.eu-central-1.compute.internal uid/7c902997-a27d-477f-95ac-2e2fae1ac0ec container/guard constructed/true reason/Ready 
May 25 15:22:32.321 I ns/openshift-etcd pod/etcd-guard-ip-10-0-174-32.eu-central-1.compute.internal node/ip-10-0-174-32.eu-central-1.compute.internal uid/7c902997-a27d-477f-95ac-2e2fae1ac0ec container/guard reason/Ready 
May 25 15:22:32.321 I ns/openshift-image-registry pod/image-registry-858f6d8c78-x7bcn node/ip-10-0-186-221.eu-central-1.compute.internal uid/2836a807-214c-4fa9-9ef9-b70fcbbe3d18 reason/Created 
May 25 15:22:32.321 - 2s    I ns/openshift-image-registry pod/image-registry-858f6d8c78-x7bcn uid/2836a807-214c-4fa9-9ef9-b70fcbbe3d18 constructed/true reason/Scheduled node/ip-10-0-186-221.eu-central-1.compute.internal
May 25 15:22:32.321 I ns/openshift-image-registry pod/image-registry-858f6d8c78-x7bcn node/ip-10-0-186-221.eu-central-1.compute.internal uid/2836a807-214c-4fa9-9ef9-b70fcbbe3d18 reason/Scheduled node/ip-10-0-186-221.eu-central-1.compute.internal
May 25 15:22:32.321 - 2s    I ns/openshift-image-registry pod/image-registry-858f6d8c78-x7bcn uid/2836a807-214c-4fa9-9ef9-b70fcbbe3d18 container/registry constructed/true reason/ContainerStart cause/: 
May 25 15:22:32.321 I ns/openshift-image-registry pod/image-registry-858f6d8c78-x7bcn node/ip-10-0-186-221.eu-central-1.compute.internal uid/2836a807-214c-4fa9-9ef9-b70fcbbe3d18 container/registry reason/ContainerStart cause/: 
May 25 15:22:32.321 - 0ms   I ns/openshift-image-registry pod/image-registry-858f6d8c78-x7bcn uid/2836a807-214c-4fa9-9ef9-b70fcbbe3d18 container/registry constructed/true reason/NotReady missed real "NotReady"
May 25 15:22:32.321 - 2s    I ns/openshift-image-registry pod/image-registry-858f6d8c78-x7bcn uid/2836a807-214c-4fa9-9ef9-b70fcbbe3d18 container/registry constructed/true reason/Ready 
May 25 15:22:32.321 I ns/openshift-image-registry pod/image-registry-858f6d8c78-x7bcn node/ip-10-0-186-221.eu-central-1.compute.internal uid/2836a807-214c-4fa9-9ef9-b70fcbbe3d18 container/registry reason/Ready 
May 25 15:22:32.321 I ns/openshift-kube-apiserver pod/revision-pruner-13-ip-10-0-174-32.eu-central-1.compute.internal node/ip-10-0-174-32.eu-central-1.compute.internal uid/fbb69262-603b-438b-a61b-081c83312632 reason/Created 
May 25 15:22:32.321 I ns/openshift-kube-apiserver pod/revision-pruner-13-ip-10-0-174-32.eu-central-1.compute.internal node/ip-10-0-174-32.eu-central-1.compute.internal uid/fbb69262-603b-438b-a61b-081c83312632 reason/Scheduled node/ip-10-0-174-32.eu-central-1.compute.internal
May 25 15:22:32.321 W ns/openshift-kube-apiserver pod/revision-pruner-13-ip-10-0-174-32.eu-central-1.compute.internal node/ip-10-0-174-32.eu-central-1.compute.internal uid/fbb69262-603b-438b-a61b-081c83312632 container/pruner reason/NotReady 
May 25 15:22:32.321 I ns/openshift-kube-scheduler pod/openshift-kube-scheduler-ip-10-0-174-32.eu-central-1.compute.internal node/ip-10-0-174-32.eu-central-1.compute.internal uid/51a4f2db-327c-4603-a24a-f537359f42a7 reason/Created 
May 25 15:22:32.321 - 2s    I ns/openshift-kube-scheduler pod/openshift-kube-scheduler-ip-10-0-174-32.eu-central-1.compute.internal uid/51a4f2db-327c-4603-a24a-f537359f42a7 constructed/true reason/Scheduled node/ip-10-0-174-32.eu-central-1.compute.internal
May 25 15:22:32.321 I ns/openshift-kube-scheduler pod/openshift-kube-scheduler-ip-10-0-174-32.eu-central-1.compute.internal node/ip-10-0-174-32.eu-central-1.compute.internal uid/51a4f2db-327c-4603-a24a-f537359f42a7 reason/Scheduled node/ip-10-0-174-32.eu-central-1.compute.internal
May 25 15:22:32.321 - 2s    I ns/openshift-kube-scheduler pod/openshift-kube-scheduler-ip-10-0-174-32.eu-central-1.compute.internal uid/51a4f2db-327c-4603-a24a-f537359f42a7 container/kube-scheduler-cert-syncer constructed/true reason/ContainerStart cause/: 
May 25 15:22:32.321 - 2s    I ns/openshift-kube-scheduler pod/openshift-kube-scheduler-ip-10-0-174-32.eu-central-1.compute.internal uid/51a4f2db-327c-4603-a24a-f537359f42a7 container/kube-scheduler constructed/true reason/ContainerStart cause/: 
May 25 15:22:32.321 - 2s    I ns/openshift-kube-scheduler pod/openshift-kube-scheduler-ip-10-0-174-32.eu-central-1.compute.internal uid/51a4f2db-327c-4603-a24a-f537359f42a7 container/kube-scheduler-recovery-controller constructed/true reason/ContainerStart cause/: 
May 25 15:22:32.321 I ns/openshift-kube-scheduler pod/openshift-kube-scheduler-ip-10-0-174-32.eu-central-1.compute.internal node/ip-10-0-174-32.eu-central-1.compute.internal uid/51a4f2db-327c-4603-a24a-f537359f42a7 container/kube-scheduler reason/ContainerStart cause/: 
May 25 15:22:32.321 I ns/openshift-kube-scheduler pod/openshift-kube-scheduler-ip-10-0-174-32.eu-central-1.compute.internal node/ip-10-0-174-32.eu-central-1.compute.internal uid/51a4f2db-327c-4603-a24a-f537359f42a7 container/kube-scheduler-recovery-controller reason/ContainerStart cause/: 
May 25 15:22:32.321 I ns/openshift-kube-scheduler pod/openshift-kube-scheduler-ip-10-0-174-32.eu-central-1.compute.internal node/ip-10-0-174-32.eu-central-1.compute.internal uid/51a4f2db-327c-4603-a24a-f537359f42a7 container/kube-scheduler-cert-syncer reason/ContainerStart cause/: 
May 25 15:22:32.321 - 0ms   I ns/openshift-kube-scheduler pod/openshift-kube-scheduler-ip-10-0-174-32.eu-central-1.compute.internal uid/51a4f2db-327c-4603-a24a-f537359f42a7 container/kube-scheduler-recovery-controller constructed/true reason/NotReady missed real "NotReady"
May 25 15:22:32.321 - 0ms   I ns/openshift-kube-scheduler pod/openshift-kube-scheduler-ip-10-0-174-32.eu-central-1.compute.internal uid/51a4f2db-327c-4603-a24a-f537359f42a7 container/kube-scheduler constructed/true reason/NotReady missed real "NotReady"
May 25 15:22:32.321 - 0ms   I ns/openshift-kube-scheduler pod/openshift-kube-scheduler-ip-10-0-174-32.eu-central-1.compute.internal uid/51a4f2db-327c-4603-a24a-f537359f42a7 container/kube-scheduler-cert-syncer constructed/true reason/NotReady missed real "NotReady"
May 25 15:22:32.321 - 2s    I ns/openshift-kube-scheduler pod/openshift-kube-scheduler-ip-10-0-174-32.eu-central-1.compute.internal uid/51a4f2db-327c-4603-a24a-f537359f42a7 container/kube-scheduler-cert-syncer constructed/true reason/Ready 
May 25 15:22:32.321 - 2s    I ns/openshift-kube-scheduler pod/openshift-kube-scheduler-ip-10-0-174-32.eu-central-1.compute.internal uid/51a4f2db-327c-4603-a24a-f537359f42a7 container/kube-scheduler constructed/true reason/Ready 
May 25 15:22:32.321 - 2s    I ns/openshift-kube-scheduler pod/openshift-kube-scheduler-ip-10-0-174-32.eu-central-1.compute.internal uid/51a4f2db-327c-4603-a24a-f537359f42a7 container/kube-scheduler-recovery-controller constructed/true reason/Ready 
May 25 15:22:32.321 I ns/openshift-kube-scheduler pod/openshift-kube-scheduler-ip-10-0-174-32.eu-central-1.compute.internal node/ip-10-0-174-32.eu-central-1.compute.internal uid/51a4f2db-327c-4603-a24a-f537359f42a7 container/kube-scheduler-cert-syncer reason/Ready 
May 25 15:22:32.321 I ns/openshift-kube-scheduler pod/openshift-kube-scheduler-ip-10-0-174-32.eu-central-1.compute.internal node/ip-10-0-174-32.eu-central-1.compute.internal uid/51a4f2db-327c-4603-a24a-f537359f42a7 container/kube-scheduler-recovery-controller reason/Ready 
May 25 15:22:32.321 I ns/openshift-kube-scheduler pod/openshift-kube-scheduler-ip-10-0-174-32.eu-central-1.compute.internal node/ip-10-0-174-32.eu-central-1.compute.internal uid/51a4f2db-327c-4603-a24a-f537359f42a7 container/wait-for-host-port reason/Ready 
May 25 15:22:32.321 I ns/openshift-kube-scheduler pod/openshift-kube-scheduler-ip-10-0-174-32.eu-central-1.compute.internal node/ip-10-0-174-32.eu-central-1.compute.internal uid/51a4f2db-327c-4603-a24a-f537359f42a7 container/kube-scheduler reason/Ready 
May 25 15:22:32.321 I ns/openshift-monitoring pod/kube-state-metrics-5bc9567c98-ndmdd node/ip-10-0-186-221.eu-central-1.compute.internal uid/862cf6ce-de3c-4425-b5cf-c1d1978be7ac reason/Created 
May 25 15:22:32.321 - 2s    I ns/openshift-monitoring pod/kube-state-metrics-5bc9567c98-ndmdd uid/862cf6ce-de3c-4425-b5cf-c1d1978be7ac constructed/true reason/Scheduled node/ip-10-0-186-221.eu-central-1.compute.internal
May 25 15:22:32.321 I ns/openshift-monitoring pod/kube-state-metrics-5bc9567c98-ndmdd node/ip-10-0-186-221.eu-central-1.compute.internal uid/862cf6ce-de3c-4425-b5cf-c1d1978be7ac reason/Scheduled node/ip-10-0-186-221.eu-central-1.compute.internal
May 25 15:22:32.321 - 2s    I ns/openshift-monitoring pod/kube-state-metrics-5bc9567c98-ndmdd uid/862cf6ce-de3c-4425-b5cf-c1d1978be7ac container/kube-rbac-proxy-main constructed/true reason/ContainerStart cause/: 
May 25 15:22:32.321 - 2s    I ns/openshift-monitoring pod/kube-state-metrics-5bc9567c98-ndmdd uid/862cf6ce-de3c-4425-b5cf-c1d1978be7ac container/kube-state-metrics constructed/true reason/ContainerStart cause/: 
May 25 15:22:32.321 - 2s    I ns/openshift-monitoring pod/kube-state-metrics-5bc9567c98-ndmdd uid/862cf6ce-de3c-4425-b5cf-c1d1978be7ac container/kube-rbac-proxy-self constructed/true reason/ContainerStart cause/: 
May 25 15:22:32.321 I ns/openshift-monitoring pod/kube-state-metrics-5bc9567c98-ndmdd node/ip-10-0-186-221.eu-central-1.compute.internal uid/862cf6ce-de3c-4425-b5cf-c1d1978be7ac container/kube-state-metrics reason/ContainerStart cause/: 
May 25 15:22:32.321 I ns/openshift-monitoring pod/kube-state-metrics-5bc9567c98-ndmdd node/ip-10-0-186-221.eu-central-1.compute.internal uid/862cf6ce-de3c-4425-b5cf-c1d1978be7ac container/kube-rbac-proxy-self reason/ContainerStart cause/: 
May 25 15:22:32.321 I ns/openshift-monitoring pod/kube-state-metrics-5bc9567c98-ndmdd node/ip-10-0-186-221.eu-central-1.compute.internal uid/862cf6ce-de3c-4425-b5cf-c1d1978be7ac container/kube-rbac-proxy-main reason/ContainerStart cause/: 
May 25 15:22:32.321 - 0ms   I ns/openshift-monitoring pod/kube-state-metrics-5bc9567c98-ndmdd uid/862cf6ce-de3c-4425-b5cf-c1d1978be7ac container/kube-rbac-proxy-self constructed/true reason/NotReady missed real "NotReady"
May 25 15:22:32.321 - 0ms   I ns/openshift-monitoring pod/kube-state-metrics-5bc9567c98-ndmdd uid/862cf6ce-de3c-4425-b5cf-c1d1978be7ac container/kube-rbac-proxy-main constructed/true reason/NotReady missed real "NotReady"
May 25 15:22:32.321 - 0ms   I ns/openshift-monitoring pod/kube-state-metrics-5bc9567c98-ndmdd uid/862cf6ce-de3c-4425-b5cf-c1d1978be7ac container/kube-state-metrics constructed/true reason/NotReady missed real "NotReady"
May 25 15:22:32.321 - 2s    I ns/openshift-monitoring pod/kube-state-metrics-5bc9567c98-ndmdd uid/862cf6ce-de3c-4425-b5cf-c1d1978be7ac container/kube-rbac-proxy-self constructed/true reason/Ready 
May 25 15:22:32.321 - 2s    I ns/openshift-monitoring pod/kube-state-metrics-5bc9567c98-ndmdd uid/862cf6ce-de3c-4425-b5cf-c1d1978be7ac container/kube-state-metrics constructed/true reason/Ready 
May 25 15:22:32.321 - 2s    I ns/openshift-monitoring pod/kube-state-metrics-5bc9567c98-ndmdd uid/862cf6ce-de3c-4425-b5cf-c1d1978be7ac container/kube-rbac-proxy-main constructed/true reason/Ready 
May 25 15:22:32.321 I ns/openshift-monitoring pod/kube-state-metrics-5bc9567c98-ndmdd node/ip-10-0-186-221.eu-central-1.compute.internal uid/862cf6ce-de3c-4425-b5cf-c1d1978be7ac container/kube-state-metrics reason/Ready 
May 25 15:22:32.321 I ns/openshift-monitoring pod/kube-state-metrics-5bc9567c98-ndmdd node/ip-10-0-186-221.eu-central-1.compute.internal uid/862cf6ce-de3c-4425-b5cf-c1d1978be7ac container/kube-rbac-proxy-main reason/Ready 
May 25 15:22:32.321 I ns/openshift-monitoring pod/kube-state-metrics-5bc9567c98-ndmdd node/ip-10-0-186-221.eu-central-1.compute.internal uid/862cf6ce-de3c-4425-b5cf-c1d1978be7ac container/kube-rbac-proxy-self reason/Ready 
May 25 15:22:32.321 I ns/openshift-kube-apiserver pod/installer-13-ip-10-0-194-125.eu-central-1.compute.internal node/ip-10-0-194-125.eu-central-1.compute.internal uid/7ce4f040-aa66-4d43-944c-a7053176a6a7 reason/Created 
May 25 15:22:32.321 I ns/openshift-kube-apiserver pod/installer-13-ip-10-0-194-125.eu-central-1.compute.internal node/ip-10-0-194-125.eu-central-1.compute.internal uid/7ce4f040-aa66-4d43-944c-a7053176a6a7 reason/Scheduled node/ip-10-0-194-125.eu-central-1.compute.internal
May 25 15:22:32.321 W ns/openshift-kube-apiserver pod/installer-13-ip-10-0-194-125.eu-central-1.compute.internal node/ip-10-0-194-125.eu-central-1.compute.internal uid/7ce4f040-aa66-4d43-944c-a7053176a6a7 container/installer reason/NotReady 
May 25 15:22:32.321 I ns/openshift-kube-scheduler pod/installer-6-ip-10-0-194-125.eu-central-1.compute.internal node/ip-10-0-194-125.eu-central-1.compute.internal uid/eb0524d0-ee7b-4dc1-906d-4a328d7deb97 reason/Created 
May 25 15:22:32.321 I ns/openshift-kube-scheduler pod/installer-6-ip-10-0-194-125.eu-central-1.compute.internal node/ip-10-0-194-125.eu-central-1.compute.internal uid/eb0524d0-ee7b-4dc1-906d-4a328d7deb97 reason/Scheduled node/ip-10-0-194-125.eu-central-1.compute.internal
May 25 15:22:32.321 W ns/openshift-kube-scheduler pod/installer-6-ip-10-0-194-125.eu-central-1.compute.internal node/ip-10-0-194-125.eu-central-1.compute.internal uid/eb0524d0-ee7b-4dc1-906d-4a328d7deb97 container/installer reason/NotReady 
May 25 15:22:32.321 I ns/openshift-multus pod/multus-additional-cni-plugins-t74qg node/ip-10-0-174-32.eu-central-1.compute.internal uid/4d48f8b4-46e0-4891-954b-0735ae482d21 reason/Created 
May 25 15:22:32.321 - 2s    I ns/openshift-multus pod/multus-additional-cni-plugins-t74qg uid/4d48f8b4-46e0-4891-954b-0735ae482d21 constructed/true reason/Scheduled node/ip-10-0-174-32.eu-central-1.compute.internal
May 25 15:22:32.321 I ns/openshift-multus pod/multus-additional-cni-plugins-t74qg node/ip-10-0-174-32.eu-central-1.compute.internal uid/4d48f8b4-46e0-4891-954b-0735ae482d21 reason/Scheduled node/ip-10-0-174-32.eu-central-1.compute.internal
May 25 15:22:32.321 - 2s    I ns/openshift-multus pod/multus-additional-cni-plugins-t74qg uid/4d48f8b4-46e0-4891-954b-0735ae482d21 container/kube-multus-additional-cni-plugins constructed/true reason/ContainerStart cause/: 
May 25 15:22:32.321 I ns/openshift-multus pod/multus-additional-cni-plugins-t74qg node/ip-10-0-174-32.eu-central-1.compute.internal uid/4d48f8b4-46e0-4891-954b-0735ae482d21 container/kube-multus-additional-cni-plugins reason/ContainerStart cause/: 
May 25 15:22:32.321 - 0ms   I ns/openshift-multus pod/multus-additional-cni-plugins-t74qg uid/4d48f8b4-46e0-4891-954b-0735ae482d21 container/kube-multus-additional-cni-plugins constructed/true reason/NotReady missed real "NotReady"
May 25 15:22:32.321 - 2s    I ns/openshift-multus pod/multus-additional-cni-plugins-t74qg uid/4d48f8b4-46e0-4891-954b-0735ae482d21 container/kube-multus-additional-cni-plugins constructed/true reason/Ready 
May 25 15:22:32.321 I ns/openshift-multus pod/multus-additional-cni-plugins-t74qg node/ip-10-0-174-32.eu-central-1.compute.internal uid/4d48f8b4-46e0-4891-954b-0735ae482d21 container/kube-multus-additional-cni-plugins reason/Ready 
May 25 15:22:32.321 I ns/openshift-multus pod/multus-additional-cni-plugins-t74qg node/ip-10-0-174-32.eu-central-1.compute.internal uid/4d48f8b4-46e0-4891-954b-0735ae482d21 container/egress-router-binary-copy reason/Ready 
May 25 15:22:32.321 I ns/openshift-multus pod/multus-additional-cni-plugins-t74qg node/ip-10-0-174-32.eu-central-1.compute.internal uid/4d48f8b4-46e0-4891-954b-0735ae482d21 container/whereabouts-cni reason/Ready 
May 25 15:22:32.321 I ns/openshift-multus pod/multus-additional-cni-plugins-t74qg node/ip-10-0-174-32.eu-central-1.compute.internal uid/4d48f8b4-46e0-4891-954b-0735ae482d21 container/routeoverride-cni reason/Ready 
May 25 15:22:32.321 I ns/openshift-multus pod/multus-additional-cni-plugins-t74qg node/ip-10-0-174-32.eu-central-1.compute.internal uid/4d48f8b4-46e0-4891-954b-0735ae482d21 container/whereabouts-cni-bincopy reason/Ready 
May 25 15:22:32.321 I ns/openshift-multus pod/multus-additional-cni-plugins-t74qg node/ip-10-0-174-32.eu-central-1.compute.internal uid/4d48f8b4-46e0-4891-954b-0735ae482d21 container/bond-cni-plugin reason/Ready 
May 25 15:22:32.321 I ns/openshift-multus pod/multus-additional-cni-plugins-t74qg node/ip-10-0-174-32.eu-central-1.compute.internal uid/4d48f8b4-46e0-4891-954b-0735ae482d21 container/cni-plugins reason/Ready 
May 25 15:22:32.321 I ns/openshift-cluster-csi-drivers pod/aws-ebs-csi-driver-node-xvtj5 node/ip-10-0-186-221.eu-central-1.compute.internal uid/b46a639e-f490-40d8-8a23-563b94f1eda6 reason/Created 
May 25 15:22:32.321 - 2s    I ns/openshift-cluster-csi-drivers pod/aws-ebs-csi-driver-node-xvtj5 uid/b46a639e-f490-40d8-8a23-563b94f1eda6 constructed/true reason/Scheduled node/ip-10-0-186-221.eu-central-1.compute.internal
May 25 15:22:32.321 I ns/openshift-cluster-csi-drivers pod/aws-ebs-csi-driver-node-xvtj5 node/ip-10-0-186-221.eu-central-1.compute.internal uid/b46a639e-f490-40d8-8a23-563b94f1eda6 reason/Scheduled node/ip-10-0-186-221.eu-central-1.compute.internal
May 25 15:22:32.321 - 2s    I ns/openshift-cluster-csi-drivers pod/aws-ebs-csi-driver-node-xvtj5 uid/b46a639e-f490-40d8-8a23-563b94f1eda6 container/csi-driver constructed/true reason/ContainerStart cause/: 
May 25 15:22:32.321 - 2s    I ns/openshift-cluster-csi-drivers pod/aws-ebs-csi-driver-node-xvtj5 uid/b46a639e-f490-40d8-8a23-563b94f1eda6 container/csi-node-driver-registrar constructed/true reason/ContainerStart cause/: 
May 25 15:22:32.321 - 2s    I ns/openshift-cluster-csi-drivers pod/aws-ebs-csi-driver-node-xvtj5 uid/b46a639e-f490-40d8-8a23-563b94f1eda6 container/csi-liveness-probe constructed/true reason/ContainerStart cause/: 
May 25 15:22:32.321 I ns/openshift-cluster-csi-drivers pod/aws-ebs-csi-driver-node-xvtj5 node/ip-10-0-186-221.eu-central-1.compute.internal uid/b46a639e-f490-40d8-8a23-563b94f1eda6 container/csi-liveness-probe reason/ContainerStart cause/: 
May 25 15:22:32.321 I ns/openshift-cluster-csi-drivers pod/aws-ebs-csi-driver-node-xvtj5 node/ip-10-0-186-221.eu-central-1.compute.internal uid/b46a639e-f490-40d8-8a23-563b94f1eda6 container/csi-node-driver-registrar reason/ContainerStart cause/: 
May 25 15:22:32.321 I ns/openshift-cluster-csi-drivers pod/aws-ebs-csi-driver-node-xvtj5 node/ip-10-0-186-221.eu-central-1.compute.internal uid/b46a639e-f490-40d8-8a23-563b94f1eda6 container/csi-driver reason/ContainerStart cause/: 
May 25 15:22:32.321 - 0ms   I ns/openshift-cluster-csi-drivers pod/aws-ebs-csi-driver-node-xvtj5 uid/b46a639e-f490-40d8-8a23-563b94f1eda6 container/csi-driver constructed/true reason/NotReady missed real "NotReady"
May 25 15:22:32.321 - 0ms   I ns/openshift-cluster-csi-drivers pod/aws-ebs-csi-driver-node-xvtj5 uid/b46a639e-f490-40d8-8a23-563b94f1eda6 container/csi-liveness-probe constructed/true reason/NotReady missed real "NotReady"
May 25 15:22:32.321 - 0ms   I ns/openshift-cluster-csi-drivers pod/aws-ebs-csi-driver-node-xvtj5 uid/b46a639e-f490-40d8-8a23-563b94f1eda6 container/csi-node-driver-registrar constructed/true reason/NotReady missed real "NotReady"
May 25 15:22:32.321 - 2s    I ns/openshift-cluster-csi-drivers pod/aws-ebs-csi-driver-node-xvtj5 uid/b46a639e-f490-40d8-8a23-563b94f1eda6 container/csi-liveness-probe constructed/true reason/Ready 
May 25 15:22:32.321 - 2s    I ns/openshift-cluster-csi-drivers pod/aws-ebs-csi-driver-node-xvtj5 uid/b46a639e-f490-40d8-8a23-563b94f1eda6 container/csi-node-driver-registrar constructed/true reason/Ready 
May 25 15:22:32.321 - 2s    I ns/openshift-cluster-csi-drivers pod/aws-ebs-csi-driver-node-xvtj5 uid/b46a639e-f490-40d8-8a23-563b94f1eda6 container/csi-driver constructed/true reason/Ready 
May 25 15:22:32.321 I ns/openshift-cluster-csi-drivers pod/aws-ebs-csi-driver-node-xvtj5 node/ip-10-0-186-221.eu-central-1.compute.internal uid/b46a639e-f490-40d8-8a23-563b94f1eda6 container/csi-driver reason/Ready 
May 25 15:22:32.321 I ns/openshift-cluster-csi-drivers pod/aws-ebs-csi-driver-node-xvtj5 node/ip-10-0-186-221.eu-central-1.compute.internal uid/b46a639e-f490-40d8-8a23-563b94f1eda6 container/csi-liveness-probe reason/Ready 
May 25 15:22:32.321 I ns/openshift-cluster-csi-drivers pod/aws-ebs-csi-driver-node-xvtj5 node/ip-10-0-186-221.eu-central-1.compute.internal uid/b46a639e-f490-40d8-8a23-563b94f1eda6 container/csi-node-driver-registrar reason/Ready 
May 25 15:22:32.321 I ns/openshift-etcd pod/etcd-guard-ip-10-0-194-125.eu-central-1.compute.internal node/ip-10-0-194-125.eu-central-1.compute.internal uid/ffb3ee53-924b-4c0f-b7d4-69a119994faf reason/Created 
May 25 15:22:32.321 - 2s    I ns/openshift-etcd pod/etcd-guard-ip-10-0-194-125.eu-central-1.compute.internal uid/ffb3ee53-924b-4c0f-b7d4-69a119994faf constructed/true reason/Scheduled node/ip-10-0-194-125.eu-central-1.compute.internal
May 25 15:22:32.321 I ns/openshift-etcd pod/etcd-guard-ip-10-0-194-125.eu-central-1.compute.internal node/ip-10-0-194-125.eu-central-1.compute.internal uid/ffb3ee53-924b-4c0f-b7d4-69a119994faf reason/Scheduled node/ip-10-0-194-125.eu-central-1.compute.internal
May 25 15:22:32.321 - 2s    I ns/openshift-etcd pod/etcd-guard-ip-10-0-194-125.eu-central-1.compute.internal uid/ffb3ee53-924b-4c0f-b7d4-69a119994faf container/guard constructed/true reason/ContainerStart cause/: 
May 25 15:22:32.321 I ns/openshift-etcd pod/etcd-guard-ip-10-0-194-125.eu-central-1.compute.internal node/ip-10-0-194-125.eu-central-1.compute.internal uid/ffb3ee53-924b-4c0f-b7d4-69a119994faf container/guard reason/ContainerStart cause/: 
May 25 15:22:32.321 - 0ms   I ns/openshift-etcd pod/etcd-guard-ip-10-0-194-125.eu-central-1.compute.internal uid/ffb3ee53-924b-4c0f-b7d4-69a119994faf container/guard constructed/true reason/NotReady missed real "NotReady"
May 25 15:22:32.321 - 2s    I ns/openshift-etcd pod/etcd-guard-ip-10-0-194-125.eu-central-1.compute.internal uid/ffb3ee53-924b-4c0f-b7d4-69a119994faf container/guard constructed/true reason/Ready 
May 25 15:22:32.321 I ns/openshift-etcd pod/etcd-guard-ip-10-0-194-125.eu-central-1.compute.internal node/ip-10-0-194-125.eu-central-1.compute.internal uid/ffb3ee53-924b-4c0f-b7d4-69a119994faf container/guard reason/Ready 
May 25 15:22:32.321 I ns/openshift-authentication pod/oauth-openshift-67bbb54f68-fmq6b node/ip-10-0-174-32.eu-central-1.compute.internal uid/568621a4-45e6-436f-8427-a7bb95b6350b reason/Created 
May 25 15:22:32.321 - 2s    I ns/openshift-authentication pod/oauth-openshift-67bbb54f68-fmq6b uid/568621a4-45e6-436f-8427-a7bb95b6350b constructed/true reason/Scheduled node/ip-10-0-174-32.eu-central-1.compute.internal
May 25 15:22:32.321 I ns/openshift-authentication pod/oauth-openshift-67bbb54f68-fmq6b node/ip-10-0-174-32.eu-central-1.compute.internal uid/568621a4-45e6-436f-8427-a7bb95b6350b reason/Scheduled node/ip-10-0-174-32.eu-central-1.compute.internal
May 25 15:22:32.321 - 2s    I ns/openshift-authentication pod/oauth-openshift-67bbb54f68-fmq6b uid/568621a4-45e6-436f-8427-a7bb95b6350b container/oauth-openshift constructed/true reason/ContainerStart cause/: 
May 25 15:22:32.321 I ns/openshift-authentication pod/oauth-openshift-67bbb54f68-fmq6b node/ip-10-0-174-32.eu-central-1.compute.internal uid/568621a4-45e6-436f-8427-a7bb95b6350b container/oauth-openshift reason/ContainerStart cause/: 
May 25 15:22:32.321 - 0ms   I ns/openshift-authentication pod/oauth-openshift-67bbb54f68-fmq6b uid/568621a4-45e6-436f-8427-a7bb95b6350b container/oauth-openshift constructed/true reason/NotReady missed real "NotReady"
May 25 15:22:32.321 - 2s    I ns/openshift-authentication pod/oauth-openshift-67bbb54f68-fmq6b uid/568621a4-45e6-436f-8427-a7bb95b6350b container/oauth-openshift constructed/true reason/Ready 
May 25 15:22:32.321 I ns/openshift-authentication pod/oauth-openshift-67bbb54f68-fmq6b node/ip-10-0-174-32.eu-central-1.compute.internal uid/568621a4-45e6-436f-8427-a7bb95b6350b container/oauth-openshift reason/Ready 
May 25 15:22:32.321 I ns/openshift-kube-controller-manager pod/revision-pruner-7-ip-10-0-136-137.eu-central-1.compute.internal node/ip-10-0-136-137.eu-central-1.compute.internal uid/63b68a2a-2471-43f7-bf18-75716a5a88c8 reason/Created 
May 25 15:22:32.321 I ns/openshift-kube-controller-manager pod/revision-pruner-7-ip-10-0-136-137.eu-central-1.compute.internal node/ip-10-0-136-137.eu-central-1.compute.internal uid/63b68a2a-2471-43f7-bf18-75716a5a88c8 reason/Scheduled node/ip-10-0-136-137.eu-central-1.compute.internal
May 25 15:22:32.321 W ns/openshift-kube-controller-manager pod/revision-pruner-7-ip-10-0-136-137.eu-central-1.compute.internal node/ip-10-0-136-137.eu-central-1.compute.internal uid/63b68a2a-2471-43f7-bf18-75716a5a88c8 container/pruner reason/NotReady 
May 25 15:22:32.321 I ns/openshift-machine-config-operator pod/machine-config-operator-5d45585dcd-vvws4 node/ip-10-0-174-32.eu-central-1.compute.internal uid/412af165-90c0-434a-8474-db341fab0703 reason/Created 
May 25 15:22:32.321 - 2s    I ns/openshift-machine-config-operator pod/machine-config-operator-5d45585dcd-vvws4 uid/412af165-90c0-434a-8474-db341fab0703 constructed/true reason/Scheduled node/ip-10-0-174-32.eu-central-1.compute.internal
May 25 15:22:32.321 I ns/openshift-machine-config-operator pod/machine-config-operator-5d45585dcd-vvws4 node/ip-10-0-174-32.eu-central-1.compute.internal uid/412af165-90c0-434a-8474-db341fab0703 reason/Scheduled node/ip-10-0-174-32.eu-central-1.compute.internal
May 25 15:22:32.321 - 2s    I ns/openshift-machine-config-operator pod/machine-config-operator-5d45585dcd-vvws4 uid/412af165-90c0-434a-8474-db341fab0703 container/machine-config-operator constructed/true reason/ContainerStart cause/: 
May 25 15:22:32.321 I ns/openshift-machine-config-operator pod/machine-config-operator-5d45585dcd-vvws4 node/ip-10-0-174-32.eu-central-1.compute.internal uid/412af165-90c0-434a-8474-db341fab0703 container/machine-config-operator reason/ContainerStart cause/: 
May 25 15:22:32.321 - 0ms   I ns/openshift-machine-config-operator pod/machine-config-operator-5d45585dcd-vvws4 uid/412af165-90c0-434a-8474-db341fab0703 container/machine-config-operator constructed/true reason/NotReady missed real "NotReady"
May 25 15:22:32.321 - 2s    I ns/openshift-machine-config-operator pod/machine-config-operator-5d45585dcd-vvws4 uid/412af165-90c0-434a-8474-db341fab0703 container/machine-config-operator constructed/true reason/Ready 
May 25 15:22:32.321 I ns/openshift-machine-config-operator pod/machine-config-operator-5d45585dcd-vvws4 node/ip-10-0-174-32.eu-central-1.compute.internal uid/412af165-90c0-434a-8474-db341fab0703 container/machine-config-operator reason/Ready 
May 25 15:22:32.321 I ns/openshift-monitoring pod/node-exporter-rklxg node/ip-10-0-136-137.eu-central-1.compute.internal uid/6b1c6f78-882a-45ff-8e0b-3638f9a0cbb5 reason/Created 
May 25 15:22:32.321 - 2s    I ns/openshift-monitoring pod/node-exporter-rklxg uid/6b1c6f78-882a-45ff-8e0b-3638f9a0cbb5 constructed/true reason/Scheduled node/ip-10-0-136-137.eu-central-1.compute.internal
May 25 15:22:32.321 I ns/openshift-monitoring pod/node-exporter-rklxg node/ip-10-0-136-137.eu-central-1.compute.internal uid/6b1c6f78-882a-45ff-8e0b-3638f9a0cbb5 reason/Scheduled node/ip-10-0-136-137.eu-central-1.compute.internal
May 25 15:22:32.321 - 2s    I ns/openshift-monitoring pod/node-exporter-rklxg uid/6b1c6f78-882a-45ff-8e0b-3638f9a0cbb5 container/kube-rbac-proxy constructed/true reason/ContainerStart cause/: 
May 25 15:22:32.321 - 2s    I ns/openshift-monitoring pod/node-exporter-rklxg uid/6b1c6f78-882a-45ff-8e0b-3638f9a0cbb5 container/node-exporter constructed/true reason/ContainerStart cause/: 
May 25 15:22:32.321 I ns/openshift-monitoring pod/node-exporter-rklxg node/ip-10-0-136-137.eu-central-1.compute.internal uid/6b1c6f78-882a-45ff-8e0b-3638f9a0cbb5 container/kube-rbac-proxy reason/ContainerStart cause/: 
May 25 15:22:32.321 I ns/openshift-monitoring pod/node-exporter-rklxg node/ip-10-0-136-137.eu-central-1.compute.internal uid/6b1c6f78-882a-45ff-8e0b-3638f9a0cbb5 container/node-exporter reason/ContainerStart cause/: 
May 25 15:22:32.321 - 0ms   I ns/openshift-monitoring pod/node-exporter-rklxg uid/6b1c6f78-882a-45ff-8e0b-3638f9a0cbb5 container/node-exporter constructed/true reason/NotReady missed real "NotReady"
May 25 15:22:32.321 - 0ms   I ns/openshift-monitoring pod/node-exporter-rklxg uid/6b1c6f78-882a-45ff-8e0b-3638f9a0cbb5 container/kube-rbac-proxy constructed/true reason/NotReady missed real "NotReady"
May 25 15:22:32.321 - 2s    I ns/openshift-monitoring pod/node-exporter-rklxg uid/6b1c6f78-882a-45ff-8e0b-3638f9a0cbb5 container/node-exporter constructed/true reason/Ready 
May 25 15:22:32.321 - 2s    I ns/openshift-monitoring pod/node-exporter-rklxg uid/6b1c6f78-882a-45ff-8e0b-3638f9a0cbb5 container/kube-rbac-proxy constructed/true reason/Ready 
May 25 15:22:32.321 I ns/openshift-monitoring pod/node-exporter-rklxg node/ip-10-0-136-137.eu-central-1.compute.internal uid/6b1c6f78-882a-45ff-8e0b-3638f9a0cbb5 container/kube-rbac-proxy reason/Ready 
May 25 15:22:32.321 I ns/openshift-monitoring pod/node-exporter-rklxg node/ip-10-0-136-137.eu-central-1.compute.internal uid/6b1c6f78-882a-45ff-8e0b-3638f9a0cbb5 container/node-exporter reason/Ready 
May 25 15:22:32.321 I ns/openshift-monitoring pod/node-exporter-rklxg node/ip-10-0-136-137.eu-central-1.compute.internal uid/6b1c6f78-882a-45ff-8e0b-3638f9a0cbb5 container/init-textfile reason/Ready 
May 25 17:22:33.000 I ns/openshift-kube-controller-manager pod/kube-controller-manager-ip-10-0-136-137.eu-central-1.compute.internal reason/CreatedSCCRanges created SCC ranges for e2e-test-request-headers-np7qr namespace (2 times)
May 25 15:22:34.903 E e2e-test/"[Serial] [sig-auth][Feature:OAuthServer] [RequestHeaders] [IdP] test RequestHeaders IdP [Suite:openshift/conformance/serial]" finishedStatus/Failed

Flaky invariants:

[sig-arch] Monitor cluster while tests execute

Failing tests:

[Serial] [sig-auth][Feature:OAuthServer] [RequestHeaders] [IdP] test RequestHeaders IdP [Suite:openshift/conformance/serial]

